python : Warning: You are sending unauthenticated requests to the HF Hub. 
Please set a HF_TOKEN to enable higher rate limits and faster downloads.
At line:1 char:1
+ python ppe_improved.py > test_output.txt 2>&1
+ ~~~~~~~~~~~~~~~~~~~~~~~~~~~~~~~~~~~~~~~~~~~~~
    + CategoryInfo          : NotSpecified: (Warning: You ar...ster downloads. 
   :String) [], RemoteException
    + FullyQualifiedErrorId : NativeCommandError
 
======================================================================
IMPROVED PPE DETECTION - Separate Positive/Negative Databases
======================================================================
[INIT] Loading YOLO person detector...
[INIT] Loading CLIP embedding engine...
[INIT] Loading CLIP model...

Loading weights:   0%|          | 0/398 [00:00<?, ?it/s]
Loading weights: 100%|##########| 398/398 [00:00<00:00, 49245.77it/s]
[1mCLIPModel LOAD REPORT[0m from: openai/clip-vit-base-patch32
Key                                  | Status     |  | 
-------------------------------------+------------+--+-
text_model.embeddings.position_ids   | UNEXPECTED |  | 
vision_model.embeddings.position_ids | UNEXPECTED |  | 

Notes:
- UNEXPECTED:	can be ignored when loading from different task/architecture; 
not ok if you expect identical arch.
[INIT] CLIP model loaded on cpu
[INIT] Creating separate PPE databases...
[DB] Building HELMET databases...
[EMBED] Text embeddings: shape=(8, 512)
  Γ£ô HELMET (with): 8 embeddings
[EMBED] Text embeddings: shape=(6, 512)
  Γ£ô HELMET (without): 6 embeddings
[DB] Building COVERALL databases...
[EMBED] Text embeddings: shape=(8, 512)
  Γ£ô COVERALL (with): 8 embeddings
[EMBED] Text embeddings: shape=(6, 512)
  Γ£ô COVERALL (without): 6 embeddings
[INIT] Classifier ready!

[PROCESS] 1. frame_005887_jpg.rf.693ee035fe75cfa8899468766e98f3b2.jpg

0: 384x640 3 persons, 230.5ms
Speed: 21.3ms preprocess, 230.5ms inference, 1.3ms postprocess per image at shape (1, 3, 384, 640)
[YOLO] Detected 2 persons
  ΓööΓöÇ Person 1/2
[EMBED] Image embedding: shape=(1, 512)
[HELMET] Pos_score: 2.0000, Neg_score: 2.0000
  Γ£ù NO HELMET (pos: 2.0000 <= neg: 2.0000)
[EMBED] Image embedding: shape=(1, 512)
[COVERALL] Pos_score: 3.0000, Neg_score: 3.0000
  Γ£ù NO COVERALL (pos: 3.0000 <= neg: 3.0000)
  ΓööΓöÇ Person 2/2
[EMBED] Image embedding: shape=(1, 512)
[HELMET] Pos_score: 3.3333, Neg_score: 3.3333
  Γ£ù NO HELMET (pos: 3.3333 <= neg: 3.3333)
[EMBED] Image embedding: shape=(1, 512)
[COVERALL] Pos_score: 3.6667, Neg_score: 2.3333
  Γ£ô COVERALL DETECTED (pos: 3.6667 > neg: 2.3333)
  Γ£à Saved: frame_005887_jpg.rf.693ee035fe75cfa8899468766e98f3b2.jpg

[PROCESS] 2. frame_005888_jpg.rf.31c4b07ecd8d7d779c629a0e20b64edf.jpg

0: 384x640 3 persons, 189.3ms
Speed: 1.5ms preprocess, 189.3ms inference, 1.3ms postprocess per image at shape (1, 3, 384, 640)
[YOLO] Detected 2 persons
  ΓööΓöÇ Person 1/2
[EMBED] Image embedding: shape=(1, 512)
[HELMET] Pos_score: 4.3333, Neg_score: 2.0000
  Γ£ô HELMET DETECTED (pos: 4.3333 > neg: 2.0000)
[EMBED] Image embedding: shape=(1, 512)
[COVERALL] Pos_score: 3.6667, Neg_score: 2.3333
  Γ£ô COVERALL DETECTED (pos: 3.6667 > neg: 2.3333)
  ΓööΓöÇ Person 2/2
[EMBED] Image embedding: shape=(1, 512)
[HELMET] Pos_score: 3.0000, Neg_score: 2.0000
  Γ£ô HELMET DETECTED (pos: 3.0000 > neg: 2.0000)
[EMBED] Image embedding: shape=(1, 512)
[COVERALL] Pos_score: 3.6667, Neg_score: 2.3333
  Γ£ô COVERALL DETECTED (pos: 3.6667 > neg: 2.3333)
  Γ£à Saved: frame_005888_jpg.rf.31c4b07ecd8d7d779c629a0e20b64edf.jpg

[PROCESS] 3. frame_005889_jpg.rf.638f8eaa9aefddfc80f7462ee80a719f.jpg

0: 384x640 3 persons, 193.4ms
Speed: 1.3ms preprocess, 193.4ms inference, 1.0ms postprocess per image at shape (1, 3, 384, 640)
[YOLO] Detected 3 persons
  ΓööΓöÇ Person 1/3
[EMBED] Image embedding: shape=(1, 512)
[HELMET] Pos_score: 3.6667, Neg_score: 3.3333
  Γ£ô HELMET DETECTED (pos: 3.6667 > neg: 3.3333)
[EMBED] Image embedding: shape=(1, 512)
[COVERALL] Pos_score: 1.3333, Neg_score: 2.3333
  Γ£ù NO COVERALL (pos: 1.3333 <= neg: 2.3333)
  ΓööΓöÇ Person 2/3
[EMBED] Image embedding: shape=(1, 512)
[HELMET] Pos_score: 3.0000, Neg_score: 2.0000
  Γ£ô HELMET DETECTED (pos: 3.0000 > neg: 2.0000)
[EMBED] Image embedding: shape=(1, 512)
[COVERALL] Pos_score: 3.0000, Neg_score: 3.0000
  Γ£ù NO COVERALL (pos: 3.0000 <= neg: 3.0000)
  ΓööΓöÇ Person 3/3
[EMBED] Image embedding: shape=(1, 512)
[HELMET] Pos_score: 2.0000, Neg_score: 2.6667
  Γ£ù NO HELMET (pos: 2.0000 <= neg: 2.6667)
[EMBED] Image embedding: shape=(1, 512)
[COVERALL] Pos_score: 1.0000, Neg_score: 2.6667
  Γ£ù NO COVERALL (pos: 1.0000 <= neg: 2.6667)
  Γ£à Saved: frame_005889_jpg.rf.638f8eaa9aefddfc80f7462ee80a719f.jpg

[PROCESS] 4. frame_005923_jpg.rf.1d305015ec4d2a1c074356d633df3d38.jpg

0: 384x640 3 persons, 185.9ms
Speed: 1.4ms preprocess, 185.9ms inference, 1.1ms postprocess per image at shape (1, 3, 384, 640)
[YOLO] Detected 2 persons
  ΓööΓöÇ Person 1/2
[EMBED] Image embedding: shape=(1, 512)
[HELMET] Pos_score: 2.0000, Neg_score: 3.0000
  Γ£ù NO HELMET (pos: 2.0000 <= neg: 3.0000)
[EMBED] Image embedding: shape=(1, 512)
[COVERALL] Pos_score: 3.0000, Neg_score: 2.3333
  Γ£ô COVERALL DETECTED (pos: 3.0000 > neg: 2.3333)
  ΓööΓöÇ Person 2/2
[EMBED] Image embedding: shape=(1, 512)
[HELMET] Pos_score: 2.6667, Neg_score: 3.3333
  Γ£ù NO HELMET (pos: 2.6667 <= neg: 3.3333)
[EMBED] Image embedding: shape=(1, 512)
[COVERALL] Pos_score: 3.0000, Neg_score: 3.0000
  Γ£ù NO COVERALL (pos: 3.0000 <= neg: 3.0000)
  Γ£à Saved: frame_005923_jpg.rf.1d305015ec4d2a1c074356d633df3d38.jpg

[PROCESS] 5. frame_005924_jpg.rf.9623e1bdf34d1fdcf192ec03d6d71a4e.jpg

0: 384x640 5 persons, 1 bicycle, 189.6ms
Speed: 1.4ms preprocess, 189.6ms inference, 1.2ms postprocess per image at shape (1, 3, 384, 640)
[YOLO] Detected 3 persons
  ΓööΓöÇ Person 1/3
[EMBED] Image embedding: shape=(1, 512)
[HELMET] Pos_score: 4.3333, Neg_score: 2.6667
  Γ£ô HELMET DETECTED (pos: 4.3333 > neg: 2.6667)
[EMBED] Image embedding: shape=(1, 512)
[COVERALL] Pos_score: 3.6667, Neg_score: 3.0000
  Γ£ô COVERALL DETECTED (pos: 3.6667 > neg: 3.0000)
  ΓööΓöÇ Person 2/3
[EMBED] Image embedding: shape=(1, 512)
[HELMET] Pos_score: 2.6667, Neg_score: 2.6667
  Γ£ù NO HELMET (pos: 2.6667 <= neg: 2.6667)
[EMBED] Image embedding: shape=(1, 512)
[COVERALL] Pos_score: 3.0000, Neg_score: 3.0000
  Γ£ù NO COVERALL (pos: 3.0000 <= neg: 3.0000)
  ΓööΓöÇ Person 3/3
[EMBED] Image embedding: shape=(1, 512)
[HELMET] Pos_score: 2.0000, Neg_score: 2.0000
  Γ£ù NO HELMET (pos: 2.0000 <= neg: 2.0000)
[EMBED] Image embedding: shape=(1, 512)
[COVERALL] Pos_score: 2.0000, Neg_score: 3.0000
  Γ£ù NO COVERALL (pos: 2.0000 <= neg: 3.0000)
  Γ£à Saved: frame_005924_jpg.rf.9623e1bdf34d1fdcf192ec03d6d71a4e.jpg

[PROCESS] 6. frame_005980_jpg.rf.d60da57d3bc6c09baea63d34f2222cc2.jpg

0: 384x640 4 persons, 188.3ms
Speed: 1.2ms preprocess, 188.3ms inference, 1.1ms postprocess per image at shape (1, 3, 384, 640)
[YOLO] Detected 4 persons
  ΓööΓöÇ Person 1/4
[EMBED] Image embedding: shape=(1, 512)
[HELMET] Pos_score: 3.3333, Neg_score: 2.6667
  Γ£ô HELMET DETECTED (pos: 3.3333 > neg: 2.6667)
[EMBED] Image embedding: shape=(1, 512)
[COVERALL] Pos_score: 3.6667, Neg_score: 2.3333
  Γ£ô COVERALL DETECTED (pos: 3.6667 > neg: 2.3333)
  ΓööΓöÇ Person 2/4
[EMBED] Image embedding: shape=(1, 512)
[HELMET] Pos_score: 5.3333, Neg_score: 2.6667
  Γ£ô HELMET DETECTED (pos: 5.3333 > neg: 2.6667)
[EMBED] Image embedding: shape=(1, 512)
[COVERALL] Pos_score: 3.6667, Neg_score: 2.3333
  Γ£ô COVERALL DETECTED (pos: 3.6667 > neg: 2.3333)
  ΓööΓöÇ Person 3/4
[EMBED] Image embedding: shape=(1, 512)
[HELMET] Pos_score: 2.6667, Neg_score: 2.3333
  Γ£ô HELMET DETECTED (pos: 2.6667 > neg: 2.3333)
[EMBED] Image embedding: shape=(1, 512)
[COVERALL] Pos_score: 3.0000, Neg_score: 2.3333
  Γ£ô COVERALL DETECTED (pos: 3.0000 > neg: 2.3333)
  ΓööΓöÇ Person 4/4
[EMBED] Image embedding: shape=(1, 512)
[HELMET] Pos_score: 2.0000, Neg_score: 2.0000
  Γ£ù NO HELMET (pos: 2.0000 <= neg: 2.0000)
[EMBED] Image embedding: shape=(1, 512)
[COVERALL] Pos_score: 3.0000, Neg_score: 2.6667
  Γ£ô COVERALL DETECTED (pos: 3.0000 > neg: 2.6667)
  Γ£à Saved: frame_005980_jpg.rf.d60da57d3bc6c09baea63d34f2222cc2.jpg

[PROCESS] 7. frame_005991_jpg.rf.a518a955f99e7ae67357b71fc84df86c.jpg

0: 384x640 3 persons, 192.9ms
Speed: 1.3ms preprocess, 192.9ms inference, 1.2ms postprocess per image at shape (1, 3, 384, 640)
[YOLO] Detected 2 persons
  ΓööΓöÇ Person 1/2
[EMBED] Image embedding: shape=(1, 512)
[HELMET] Pos_score: 3.0000, Neg_score: 1.0000
  Γ£ô HELMET DETECTED (pos: 3.0000 > neg: 1.0000)
[EMBED] Image embedding: shape=(1, 512)
[COVERALL] Pos_score: 2.6667, Neg_score: 2.6667
  Γ£ù NO COVERALL (pos: 2.6667 <= neg: 2.6667)
  ΓööΓöÇ Person 2/2
[EMBED] Image embedding: shape=(1, 512)
[HELMET] Pos_score: 4.6667, Neg_score: 3.3333
  Γ£ô HELMET DETECTED (pos: 4.6667 > neg: 3.3333)
[EMBED] Image embedding: shape=(1, 512)
[COVERALL] Pos_score: 3.0000, Neg_score: 2.3333
  Γ£ô COVERALL DETECTED (pos: 3.0000 > neg: 2.3333)
  Γ£à Saved: frame_005991_jpg.rf.a518a955f99e7ae67357b71fc84df86c.jpg

[PROCESS] 8. frame_005993_jpg.rf.1ef314624c7be95621cefa726b109056.jpg

0: 384x640 3 persons, 189.9ms
Speed: 1.4ms preprocess, 189.9ms inference, 1.0ms postprocess per image at shape (1, 3, 384, 640)
[YOLO] Detected 3 persons
  ΓööΓöÇ Person 1/3
[EMBED] Image embedding: shape=(1, 512)
[HELMET] Pos_score: 3.3333, Neg_score: 3.3333
  Γ£ù NO HELMET (pos: 3.3333 <= neg: 3.3333)
[EMBED] Image embedding: shape=(1, 512)
[COVERALL] Pos_score: 3.0000, Neg_score: 2.3333
  Γ£ô COVERALL DETECTED (pos: 3.0000 > neg: 2.3333)
  ΓööΓöÇ Person 2/3
[EMBED] Image embedding: shape=(1, 512)
[HELMET] Pos_score: 4.3333, Neg_score: 1.0000
  Γ£ô HELMET DETECTED (pos: 4.3333 > neg: 1.0000)
[EMBED] Image embedding: shape=(1, 512)
[COVERALL] Pos_score: 3.0000, Neg_score: 2.3333
  Γ£ô COVERALL DETECTED (pos: 3.0000 > neg: 2.3333)
  ΓööΓöÇ Person 3/3
[EMBED] Image embedding: shape=(1, 512)
[HELMET] Pos_score: 2.0000, Neg_score: 3.3333
  Γ£ù NO HELMET (pos: 2.0000 <= neg: 3.3333)
[EMBED] Image embedding: shape=(1, 512)
[COVERALL] Pos_score: 3.3333, Neg_score: 2.3333
  Γ£ô COVERALL DETECTED (pos: 3.3333 > neg: 2.3333)
  Γ£à Saved: frame_005993_jpg.rf.1ef314624c7be95621cefa726b109056.jpg

[PROCESS] 9. frame_005996_jpg.rf.6d61c8a40788ffb6d860f0958d0a38f3.jpg

0: 384x640 4 persons, 199.3ms
Speed: 1.3ms preprocess, 199.3ms inference, 1.3ms postprocess per image at shape (1, 3, 384, 640)
[YOLO] Detected 4 persons
  ΓööΓöÇ Person 1/4
[EMBED] Image embedding: shape=(1, 512)
[HELMET] Pos_score: 2.3333, Neg_score: 3.3333
  Γ£ù NO HELMET (pos: 2.3333 <= neg: 3.3333)
[EMBED] Image embedding: shape=(1, 512)
[COVERALL] Pos_score: 3.6667, Neg_score: 2.3333
  Γ£ô COVERALL DETECTED (pos: 3.6667 > neg: 2.3333)
  ΓööΓöÇ Person 2/4
[EMBED] Image embedding: shape=(1, 512)
[HELMET] Pos_score: 4.3333, Neg_score: 2.3333
  Γ£ô HELMET DETECTED (pos: 4.3333 > neg: 2.3333)
[EMBED] Image embedding: shape=(1, 512)
[COVERALL] Pos_score: 5.3333, Neg_score: 2.6667
  Γ£ô COVERALL DETECTED (pos: 5.3333 > neg: 2.6667)
  ΓööΓöÇ Person 3/4
[EMBED] Image embedding: shape=(1, 512)
[HELMET] Pos_score: 2.6667, Neg_score: 3.3333
  Γ£ù NO HELMET (pos: 2.6667 <= neg: 3.3333)
[EMBED] Image embedding: shape=(1, 512)
[COVERALL] Pos_score: 3.0000, Neg_score: 2.3333
  Γ£ô COVERALL DETECTED (pos: 3.0000 > neg: 2.3333)
  ΓööΓöÇ Person 4/4
[EMBED] Image embedding: shape=(1, 512)
[HELMET] Pos_score: 2.0000, Neg_score: 3.3333
  Γ£ù NO HELMET (pos: 2.0000 <= neg: 3.3333)
[EMBED] Image embedding: shape=(1, 512)
[COVERALL] Pos_score: 3.3333, Neg_score: 2.3333
  Γ£ô COVERALL DETECTED (pos: 3.3333 > neg: 2.3333)
  Γ£à Saved: frame_005996_jpg.rf.6d61c8a40788ffb6d860f0958d0a38f3.jpg

[PROCESS] 10. frame_005998_jpg.rf.bd6055929db80104b3c7a16a589521c4.jpg

0: 384x640 4 persons, 195.4ms
Speed: 1.6ms preprocess, 195.4ms inference, 1.3ms postprocess per image at shape (1, 3, 384, 640)
[YOLO] Detected 2 persons
  ΓööΓöÇ Person 1/2
[EMBED] Image embedding: shape=(1, 512)
[HELMET] Pos_score: 2.6667, Neg_score: 3.3333
  Γ£ù NO HELMET (pos: 2.6667 <= neg: 3.3333)
[EMBED] Image embedding: shape=(1, 512)
[COVERALL] Pos_score: 4.3333, Neg_score: 4.0000
  Γ£ô COVERALL DETECTED (pos: 4.3333 > neg: 4.0000)
  ΓööΓöÇ Person 2/2
[EMBED] Image embedding: shape=(1, 512)
[HELMET] Pos_score: 3.0000, Neg_score: 3.3333
  Γ£ù NO HELMET (pos: 3.0000 <= neg: 3.3333)
[EMBED] Image embedding: shape=(1, 512)
[COVERALL] Pos_score: 3.3333, Neg_score: 2.3333
  Γ£ô COVERALL DETECTED (pos: 3.3333 > neg: 2.3333)
  Γ£à Saved: frame_005998_jpg.rf.bd6055929db80104b3c7a16a589521c4.jpg

[PROCESS] 11. frame_005999_jpg.rf.6899a4a96c5b61393e1ae23d53aa2788.jpg

0: 384x640 3 persons, 196.5ms
Speed: 1.4ms preprocess, 196.5ms inference, 1.3ms postprocess per image at shape (1, 3, 384, 640)
[YOLO] Detected 1 persons
  ΓööΓöÇ Person 1/1
[EMBED] Image embedding: shape=(1, 512)
[HELMET] Pos_score: 3.0000, Neg_score: 2.6667
  Γ£ô HELMET DETECTED (pos: 3.0000 > neg: 2.6667)
[EMBED] Image embedding: shape=(1, 512)
[COVERALL] Pos_score: 2.0000, Neg_score: 2.3333
  Γ£ù NO COVERALL (pos: 2.0000 <= neg: 2.3333)
  Γ£à Saved: frame_005999_jpg.rf.6899a4a96c5b61393e1ae23d53aa2788.jpg

[PROCESS] 12. frame_006002_jpg.rf.c9dee0a8bdf17095dbb714a8491aa7f3.jpg

0: 384x640 5 persons, 185.4ms
Speed: 1.2ms preprocess, 185.4ms inference, 1.1ms postprocess per image at shape (1, 3, 384, 640)
[YOLO] Detected 3 persons
  ΓööΓöÇ Person 1/3
[EMBED] Image embedding: shape=(1, 512)
[HELMET] Pos_score: 2.6667, Neg_score: 2.6667
  Γ£ù NO HELMET (pos: 2.6667 <= neg: 2.6667)
[EMBED] Image embedding: shape=(1, 512)
[COVERALL] Pos_score: 5.3333, Neg_score: 4.0000
  Γ£ô COVERALL DETECTED (pos: 5.3333 > neg: 4.0000)
  ΓööΓöÇ Person 2/3
[EMBED] Image embedding: shape=(1, 512)
[HELMET] Pos_score: 2.0000, Neg_score: 2.6667
  Γ£ù NO HELMET (pos: 2.0000 <= neg: 2.6667)
[EMBED] Image embedding: shape=(1, 512)
[COVERALL] Pos_score: 3.0000, Neg_score: 2.3333
  Γ£ô COVERALL DETECTED (pos: 3.0000 > neg: 2.3333)
  ΓööΓöÇ Person 3/3
[EMBED] Image embedding: shape=(1, 512)
[HELMET] Pos_score: 4.3333, Neg_score: 2.6667
  Γ£ô HELMET DETECTED (pos: 4.3333 > neg: 2.6667)
[EMBED] Image embedding: shape=(1, 512)
[COVERALL] Pos_score: 3.0000, Neg_score: 2.3333
  Γ£ô COVERALL DETECTED (pos: 3.0000 > neg: 2.3333)
  Γ£à Saved: frame_006002_jpg.rf.c9dee0a8bdf17095dbb714a8491aa7f3.jpg

[PROCESS] 13. frame_006003_jpg.rf.681b4485c243f1339f7488cd690b0698.jpg

0: 384x640 5 persons, 193.3ms
Speed: 1.2ms preprocess, 193.3ms inference, 1.3ms postprocess per image at shape (1, 3, 384, 640)
[YOLO] Detected 3 persons
  ΓööΓöÇ Person 1/3
[EMBED] Image embedding: shape=(1, 512)
[HELMET] Pos_score: 3.0000, Neg_score: 3.3333
  Γ£ù NO HELMET (pos: 3.0000 <= neg: 3.3333)
[EMBED] Image embedding: shape=(1, 512)
[COVERALL] Pos_score: 3.6667, Neg_score: 2.3333
  Γ£ô COVERALL DETECTED (pos: 3.6667 > neg: 2.3333)
  ΓööΓöÇ Person 2/3
[EMBED] Image embedding: shape=(1, 512)
[HELMET] Pos_score: 3.6667, Neg_score: 3.3333
  Γ£ô HELMET DETECTED (pos: 3.6667 > neg: 3.3333)
[EMBED] Image embedding: shape=(1, 512)
[COVERALL] Pos_score: 3.3333, Neg_score: 2.3333
  Γ£ô COVERALL DETECTED (pos: 3.3333 > neg: 2.3333)
  ΓööΓöÇ Person 3/3
[EMBED] Image embedding: shape=(1, 512)
[HELMET] Pos_score: 1.0000, Neg_score: 2.6667
  Γ£ù NO HELMET (pos: 1.0000 <= neg: 2.6667)
[EMBED] Image embedding: shape=(1, 512)
[COVERALL] Pos_score: 2.6667, Neg_score: 2.6667
  Γ£ù NO COVERALL (pos: 2.6667 <= neg: 2.6667)
  Γ£à Saved: frame_006003_jpg.rf.681b4485c243f1339f7488cd690b0698.jpg

[PROCESS] 14. frame_006009_jpg.rf.aebfb87896a88cce7b5ba824280c69b8.jpg

0: 384x640 4 persons, 206.5ms
Speed: 1.4ms preprocess, 206.5ms inference, 1.3ms postprocess per image at shape (1, 3, 384, 640)
[YOLO] Detected 1 persons
  ΓööΓöÇ Person 1/1
[EMBED] Image embedding: shape=(1, 512)
[HELMET] Pos_score: 2.6667, Neg_score: 2.3333
  Γ£ô HELMET DETECTED (pos: 2.6667 > neg: 2.3333)
[EMBED] Image embedding: shape=(1, 512)
[COVERALL] Pos_score: 3.6667, Neg_score: 2.3333
  Γ£ô COVERALL DETECTED (pos: 3.6667 > neg: 2.3333)
  Γ£à Saved: frame_006009_jpg.rf.aebfb87896a88cce7b5ba824280c69b8.jpg

[PROCESS] 15. frame_006022_jpg.rf.dc07eecd05d53253bce597f55e5059d4.jpg

0: 384x640 2 persons, 209.8ms
Speed: 1.4ms preprocess, 209.8ms inference, 1.2ms postprocess per image at shape (1, 3, 384, 640)
[YOLO] Detected 2 persons
  ΓööΓöÇ Person 1/2
[EMBED] Image embedding: shape=(1, 512)
[HELMET] Pos_score: 2.6667, Neg_score: 3.3333
  Γ£ù NO HELMET (pos: 2.6667 <= neg: 3.3333)
[EMBED] Image embedding: shape=(1, 512)
[COVERALL] Pos_score: 3.6667, Neg_score: 4.0000
  Γ£ù NO COVERALL (pos: 3.6667 <= neg: 4.0000)
  ΓööΓöÇ Person 2/2
[EMBED] Image embedding: shape=(1, 512)
[HELMET] Pos_score: 1.0000, Neg_score: 2.6667
  Γ£ù NO HELMET (pos: 1.0000 <= neg: 2.6667)
[EMBED] Image embedding: shape=(1, 512)
[COVERALL] Pos_score: 2.0000, Neg_score: 3.0000
  Γ£ù NO COVERALL (pos: 2.0000 <= neg: 3.0000)
  Γ£à Saved: frame_006022_jpg.rf.dc07eecd05d53253bce597f55e5059d4.jpg

[PROCESS] 16. frame_006032_jpg.rf.500237cff67de924cae3cf71acb649a0.jpg

0: 384x640 3 persons, 206.9ms
Speed: 1.7ms preprocess, 206.9ms inference, 1.3ms postprocess per image at shape (1, 3, 384, 640)
[YOLO] Detected 1 persons
  ΓööΓöÇ Person 1/1
[EMBED] Image embedding: shape=(1, 512)
[HELMET] Pos_score: 2.6667, Neg_score: 1.0000
  Γ£ô HELMET DETECTED (pos: 2.6667 > neg: 1.0000)
[EMBED] Image embedding: shape=(1, 512)
[COVERALL] Pos_score: 1.0000, Neg_score: 2.6667
  Γ£ù NO COVERALL (pos: 1.0000 <= neg: 2.6667)
  Γ£à Saved: frame_006032_jpg.rf.500237cff67de924cae3cf71acb649a0.jpg

[PROCESS] 17. frame_006033_jpg.rf.3e9ad6dad880708f80ab7d93ec54fe35.jpg

0: 384x640 4 persons, 201.8ms
Speed: 1.2ms preprocess, 201.8ms inference, 1.2ms postprocess per image at shape (1, 3, 384, 640)
[YOLO] Detected 2 persons
  ΓööΓöÇ Person 1/2
[EMBED] Image embedding: shape=(1, 512)
[HELMET] Pos_score: 3.3333, Neg_score: 2.6667
  Γ£ô HELMET DETECTED (pos: 3.3333 > neg: 2.6667)
[EMBED] Image embedding: shape=(1, 512)
[COVERALL] Pos_score: 3.0000, Neg_score: 2.3333
  Γ£ô COVERALL DETECTED (pos: 3.0000 > neg: 2.3333)
  ΓööΓöÇ Person 2/2
[EMBED] Image embedding: shape=(1, 512)
[HELMET] Pos_score: 2.6667, Neg_score: 2.3333
  Γ£ô HELMET DETECTED (pos: 2.6667 > neg: 2.3333)
[EMBED] Image embedding: shape=(1, 512)
[COVERALL] Pos_score: 3.0000, Neg_score: 2.3333
  Γ£ô COVERALL DETECTED (pos: 3.0000 > neg: 2.3333)
  Γ£à Saved: frame_006033_jpg.rf.3e9ad6dad880708f80ab7d93ec54fe35.jpg

[PROCESS] 18. frame_006037_jpg.rf.9a48d3d46853ff2698c7690f104f8f4a.jpg

0: 384x640 4 persons, 212.6ms
Speed: 1.5ms preprocess, 212.6ms inference, 1.3ms postprocess per image at shape (1, 3, 384, 640)
[YOLO] Detected 1 persons
  ΓööΓöÇ Person 1/1
[EMBED] Image embedding: shape=(1, 512)
[HELMET] Pos_score: 2.6667, Neg_score: 2.3333
  Γ£ô HELMET DETECTED (pos: 2.6667 > neg: 2.3333)
[EMBED] Image embedding: shape=(1, 512)
[COVERALL] Pos_score: 2.0000, Neg_score: 2.3333
  Γ£ù NO COVERALL (pos: 2.0000 <= neg: 2.3333)
  Γ£à Saved: frame_006037_jpg.rf.9a48d3d46853ff2698c7690f104f8f4a.jpg

[PROCESS] 19. frame_006048_jpg.rf.995c8f4db61edc1d188b7328457e5195.jpg

0: 384x640 4 persons, 207.4ms
Speed: 1.3ms preprocess, 207.4ms inference, 1.0ms postprocess per image at shape (1, 3, 384, 640)
[YOLO] Detected 2 persons
  ΓööΓöÇ Person 1/2
[EMBED] Image embedding: shape=(1, 512)
[HELMET] Pos_score: 2.6667, Neg_score: 3.6667
  Γ£ù NO HELMET (pos: 2.6667 <= neg: 3.6667)
[EMBED] Image embedding: shape=(1, 512)
[COVERALL] Pos_score: 3.0000, Neg_score: 2.3333
  Γ£ô COVERALL DETECTED (pos: 3.0000 > neg: 2.3333)
  ΓööΓöÇ Person 2/2
[EMBED] Image embedding: shape=(1, 512)
[HELMET] Pos_score: 4.3333, Neg_score: 2.0000
  Γ£ô HELMET DETECTED (pos: 4.3333 > neg: 2.0000)
[EMBED] Image embedding: shape=(1, 512)
[COVERALL] Pos_score: 3.6667, Neg_score: 2.6667
  Γ£ô COVERALL DETECTED (pos: 3.6667 > neg: 2.6667)
  Γ£à Saved: frame_006048_jpg.rf.995c8f4db61edc1d188b7328457e5195.jpg

[PROCESS] 20. frame_006060_jpg.rf.ea2100daa76a1ab586ec0ff40e6f33d7.jpg

0: 384x640 4 persons, 207.6ms
Speed: 1.4ms preprocess, 207.6ms inference, 1.0ms postprocess per image at shape (1, 3, 384, 640)
[YOLO] Detected 0 persons
  Γ£à Saved: frame_006060_jpg.rf.ea2100daa76a1ab586ec0ff40e6f33d7.jpg

[PROCESS] 21. frame_006126_jpg.rf.ed3da0b2da44eb2fb46e916635439209.jpg

0: 384x640 3 persons, 185.0ms
Speed: 1.2ms preprocess, 185.0ms inference, 1.0ms postprocess per image at shape (1, 3, 384, 640)
[YOLO] Detected 2 persons
  ΓööΓöÇ Person 1/2
[EMBED] Image embedding: shape=(1, 512)
[HELMET] Pos_score: 3.3333, Neg_score: 2.6667
  Γ£ô HELMET DETECTED (pos: 3.3333 > neg: 2.6667)
[EMBED] Image embedding: shape=(1, 512)
[COVERALL] Pos_score: 3.6667, Neg_score: 2.3333
  Γ£ô COVERALL DETECTED (pos: 3.6667 > neg: 2.3333)
  ΓööΓöÇ Person 2/2
[EMBED] Image embedding: shape=(1, 512)
[HELMET] Pos_score: 3.0000, Neg_score: 2.6667
  Γ£ô HELMET DETECTED (pos: 3.0000 > neg: 2.6667)
[EMBED] Image embedding: shape=(1, 512)
[COVERALL] Pos_score: 3.0000, Neg_score: 3.0000
  Γ£ù NO COVERALL (pos: 3.0000 <= neg: 3.0000)
  Γ£à Saved: frame_006126_jpg.rf.ed3da0b2da44eb2fb46e916635439209.jpg

[PROCESS] 22. frame_006127_jpg.rf.07f0b6fb9dc45a7af4469b77ce8fd27f.jpg

0: 384x640 3 persons, 195.8ms
Speed: 1.6ms preprocess, 195.8ms inference, 1.1ms postprocess per image at shape (1, 3, 384, 640)
[YOLO] Detected 2 persons
  ΓööΓöÇ Person 1/2
[EMBED] Image embedding: shape=(1, 512)
[HELMET] Pos_score: 2.6667, Neg_score: 2.6667
  Γ£ù NO HELMET (pos: 2.6667 <= neg: 2.6667)
[EMBED] Image embedding: shape=(1, 512)
[COVERALL] Pos_score: 3.6667, Neg_score: 2.3333
  Γ£ô COVERALL DETECTED (pos: 3.6667 > neg: 2.3333)
  ΓööΓöÇ Person 2/2
[EMBED] Image embedding: shape=(1, 512)
[HELMET] Pos_score: 3.0000, Neg_score: 2.6667
  Γ£ô HELMET DETECTED (pos: 3.0000 > neg: 2.6667)
[EMBED] Image embedding: shape=(1, 512)
[COVERALL] Pos_score: 3.0000, Neg_score: 2.6667
  Γ£ô COVERALL DETECTED (pos: 3.0000 > neg: 2.6667)
  Γ£à Saved: frame_006127_jpg.rf.07f0b6fb9dc45a7af4469b77ce8fd27f.jpg

[PROCESS] 23. frame_006132_jpg.rf.9e562880caacac6fbdea01cd0c95d8e0.jpg

0: 384x640 3 persons, 196.3ms
Speed: 1.6ms preprocess, 196.3ms inference, 1.0ms postprocess per image at shape (1, 3, 384, 640)
[YOLO] Detected 2 persons
  ΓööΓöÇ Person 1/2
[EMBED] Image embedding: shape=(1, 512)
[HELMET] Pos_score: 3.3333, Neg_score: 2.6667
  Γ£ô HELMET DETECTED (pos: 3.3333 > neg: 2.6667)
[EMBED] Image embedding: shape=(1, 512)
[COVERALL] Pos_score: 3.0000, Neg_score: 3.0000
  Γ£ù NO COVERALL (pos: 3.0000 <= neg: 3.0000)
  ΓööΓöÇ Person 2/2
[EMBED] Image embedding: shape=(1, 512)
[HELMET] Pos_score: 1.3333, Neg_score: 3.3333
  Γ£ù NO HELMET (pos: 1.3333 <= neg: 3.3333)
[EMBED] Image embedding: shape=(1, 512)
[COVERALL] Pos_score: 3.6667, Neg_score: 2.3333
  Γ£ô COVERALL DETECTED (pos: 3.6667 > neg: 2.3333)
  Γ£à Saved: frame_006132_jpg.rf.9e562880caacac6fbdea01cd0c95d8e0.jpg

[PROCESS] 24. frame_006158_jpg.rf.07d3f4834430b0f15ca92504b86c5a00.jpg

0: 384x640 3 persons, 204.0ms
Speed: 1.5ms preprocess, 204.0ms inference, 1.2ms postprocess per image at shape (1, 3, 384, 640)
[YOLO] Detected 3 persons
  ΓööΓöÇ Person 1/3
[EMBED] Image embedding: shape=(1, 512)
[HELMET] Pos_score: 1.6667, Neg_score: 3.6667
  Γ£ù NO HELMET (pos: 1.6667 <= neg: 3.6667)
[EMBED] Image embedding: shape=(1, 512)
[COVERALL] Pos_score: 3.6667, Neg_score: 2.3333
  Γ£ô COVERALL DETECTED (pos: 3.6667 > neg: 2.3333)
  ΓööΓöÇ Person 2/3
[EMBED] Image embedding: shape=(1, 512)
[HELMET] Pos_score: 3.3333, Neg_score: 3.3333
  Γ£ù NO HELMET (pos: 3.3333 <= neg: 3.3333)
[EMBED] Image embedding: shape=(1, 512)
[COVERALL] Pos_score: 3.0000, Neg_score: 2.3333
  Γ£ô COVERALL DETECTED (pos: 3.0000 > neg: 2.3333)
  ΓööΓöÇ Person 3/3
[EMBED] Image embedding: shape=(1, 512)
[HELMET] Pos_score: 2.0000, Neg_score: 3.3333
  Γ£ù NO HELMET (pos: 2.0000 <= neg: 3.3333)
[EMBED] Image embedding: shape=(1, 512)
[COVERALL] Pos_score: 2.6667, Neg_score: 2.6667
  Γ£ù NO COVERALL (pos: 2.6667 <= neg: 2.6667)
  Γ£à Saved: frame_006158_jpg.rf.07d3f4834430b0f15ca92504b86c5a00.jpg

[PROCESS] 25. frame_006159_jpg.rf.61d50e17153960400108beef6a872a44.jpg

0: 384x640 3 persons, 198.7ms
Speed: 1.3ms preprocess, 198.7ms inference, 1.0ms postprocess per image at shape (1, 3, 384, 640)
[YOLO] Detected 3 persons
  ΓööΓöÇ Person 1/3
[EMBED] Image embedding: shape=(1, 512)
[HELMET] Pos_score: 3.0000, Neg_score: 2.6667
  Γ£ô HELMET DETECTED (pos: 3.0000 > neg: 2.6667)
[EMBED] Image embedding: shape=(1, 512)
[COVERALL] Pos_score: 3.6667, Neg_score: 2.3333
  Γ£ô COVERALL DETECTED (pos: 3.6667 > neg: 2.3333)
  ΓööΓöÇ Person 2/3
[EMBED] Image embedding: shape=(1, 512)
[HELMET] Pos_score: 2.0000, Neg_score: 3.3333
  Γ£ù NO HELMET (pos: 2.0000 <= neg: 3.3333)
[EMBED] Image embedding: shape=(1, 512)
[COVERALL] Pos_score: 3.3333, Neg_score: 2.6667
  Γ£ô COVERALL DETECTED (pos: 3.3333 > neg: 2.6667)
  ΓööΓöÇ Person 3/3
[EMBED] Image embedding: shape=(1, 512)
[HELMET] Pos_score: 3.3333, Neg_score: 2.6667
  Γ£ô HELMET DETECTED (pos: 3.3333 > neg: 2.6667)
[EMBED] Image embedding: shape=(1, 512)
[COVERALL] Pos_score: 2.6667, Neg_score: 2.3333
  Γ£ô COVERALL DETECTED (pos: 2.6667 > neg: 2.3333)
  Γ£à Saved: frame_006159_jpg.rf.61d50e17153960400108beef6a872a44.jpg

[PROCESS] 26. frame_006174_jpg.rf.82ba99a50a524791f107df3c70146fd8.jpg

0: 384x640 3 persons, 197.7ms
Speed: 1.5ms preprocess, 197.7ms inference, 1.2ms postprocess per image at shape (1, 3, 384, 640)
[YOLO] Detected 2 persons
  ΓööΓöÇ Person 1/2
[EMBED] Image embedding: shape=(1, 512)
[HELMET] Pos_score: 2.0000, Neg_score: 3.3333
  Γ£ù NO HELMET (pos: 2.0000 <= neg: 3.3333)
[EMBED] Image embedding: shape=(1, 512)
[COVERALL] Pos_score: 1.3333, Neg_score: 2.3333
  Γ£ù NO COVERALL (pos: 1.3333 <= neg: 2.3333)
  ΓööΓöÇ Person 2/2
[EMBED] Image embedding: shape=(1, 512)
[HELMET] Pos_score: 2.0000, Neg_score: 2.6667
  Γ£ù NO HELMET (pos: 2.0000 <= neg: 2.6667)
[EMBED] Image embedding: shape=(1, 512)
[COVERALL] Pos_score: 1.3333, Neg_score: 4.0000
  Γ£ù NO COVERALL (pos: 1.3333 <= neg: 4.0000)
  Γ£à Saved: frame_006174_jpg.rf.82ba99a50a524791f107df3c70146fd8.jpg

[PROCESS] 27. frame_006177_jpg.rf.4d7dfe828ddc5d57e69f7849ac3c1649.jpg

0: 384x640 2 persons, 192.9ms
Speed: 1.6ms preprocess, 192.9ms inference, 1.1ms postprocess per image at shape (1, 3, 384, 640)
[YOLO] Detected 2 persons
  ΓööΓöÇ Person 1/2
[EMBED] Image embedding: shape=(1, 512)
[HELMET] Pos_score: 5.3333, Neg_score: 3.3333
  Γ£ô HELMET DETECTED (pos: 5.3333 > neg: 3.3333)
[EMBED] Image embedding: shape=(1, 512)
[COVERALL] Pos_score: 3.0000, Neg_score: 2.6667
  Γ£ô COVERALL DETECTED (pos: 3.0000 > neg: 2.6667)
  ΓööΓöÇ Person 2/2
[EMBED] Image embedding: shape=(1, 512)
[HELMET] Pos_score: 4.3333, Neg_score: 2.0000
  Γ£ô HELMET DETECTED (pos: 4.3333 > neg: 2.0000)
[EMBED] Image embedding: shape=(1, 512)
[COVERALL] Pos_score: 3.3333, Neg_score: 2.6667
  Γ£ô COVERALL DETECTED (pos: 3.3333 > neg: 2.6667)
  Γ£à Saved: frame_006177_jpg.rf.4d7dfe828ddc5d57e69f7849ac3c1649.jpg

[PROCESS] 28. frame_006206_jpg.rf.e291e951be21e1f1204b33622ad87b15.jpg

0: 384x640 4 persons, 202.5ms
Speed: 1.4ms preprocess, 202.5ms inference, 1.6ms postprocess per image at shape (1, 3, 384, 640)
[YOLO] Detected 1 persons
  ΓööΓöÇ Person 1/1
[EMBED] Image embedding: shape=(1, 512)
[HELMET] Pos_score: 5.3333, Neg_score: 2.6667
  Γ£ô HELMET DETECTED (pos: 5.3333 > neg: 2.6667)
[EMBED] Image embedding: shape=(1, 512)
[COVERALL] Pos_score: 3.0000, Neg_score: 2.3333
  Γ£ô COVERALL DETECTED (pos: 3.0000 > neg: 2.3333)
  Γ£à Saved: frame_006206_jpg.rf.e291e951be21e1f1204b33622ad87b15.jpg

[PROCESS] 29. frame_006229_jpg.rf.41c6adcd98729990ae4ffc8bdb59c478.jpg

0: 384x640 3 persons, 212.2ms
Speed: 1.6ms preprocess, 212.2ms inference, 1.0ms postprocess per image at shape (1, 3, 384, 640)
[YOLO] Detected 2 persons
  ΓööΓöÇ Person 1/2
[EMBED] Image embedding: shape=(1, 512)
[HELMET] Pos_score: 3.3333, Neg_score: 3.3333
  Γ£ù NO HELMET (pos: 3.3333 <= neg: 3.3333)
[EMBED] Image embedding: shape=(1, 512)
[COVERALL] Pos_score: 2.0000, Neg_score: 2.6667
  Γ£ù NO COVERALL (pos: 2.0000 <= neg: 2.6667)
  ΓööΓöÇ Person 2/2
[EMBED] Image embedding: shape=(1, 512)
[HELMET] Pos_score: 4.3333, Neg_score: 3.3333
  Γ£ô HELMET DETECTED (pos: 4.3333 > neg: 3.3333)
[EMBED] Image embedding: shape=(1, 512)
[COVERALL] Pos_score: 4.3333, Neg_score: 2.3333
  Γ£ô COVERALL DETECTED (pos: 4.3333 > neg: 2.3333)
  Γ£à Saved: frame_006229_jpg.rf.41c6adcd98729990ae4ffc8bdb59c478.jpg

[PROCESS] 30. frame_006246_jpg.rf.a403e4f56da9a15c06f0190b7b472762.jpg

0: 384x640 3 persons, 199.4ms
Speed: 1.1ms preprocess, 199.4ms inference, 1.2ms postprocess per image at shape (1, 3, 384, 640)
[YOLO] Detected 1 persons
  ΓööΓöÇ Person 1/1
[EMBED] Image embedding: shape=(1, 512)
[HELMET] Pos_score: 3.0000, Neg_score: 3.3333
  Γ£ù NO HELMET (pos: 3.0000 <= neg: 3.3333)
[EMBED] Image embedding: shape=(1, 512)
[COVERALL] Pos_score: 3.6667, Neg_score: 2.3333
  Γ£ô COVERALL DETECTED (pos: 3.6667 > neg: 2.3333)
  Γ£à Saved: frame_006246_jpg.rf.a403e4f56da9a15c06f0190b7b472762.jpg

[PROCESS] 31. frame_006247_jpg.rf.95151b15566aed38d4002ca470b5b978.jpg

0: 384x640 2 persons, 198.8ms
Speed: 1.8ms preprocess, 198.8ms inference, 1.2ms postprocess per image at shape (1, 3, 384, 640)
[YOLO] Detected 1 persons
  ΓööΓöÇ Person 1/1
[EMBED] Image embedding: shape=(1, 512)
[HELMET] Pos_score: 3.3333, Neg_score: 3.3333
  Γ£ù NO HELMET (pos: 3.3333 <= neg: 3.3333)
[EMBED] Image embedding: shape=(1, 512)
[COVERALL] Pos_score: 1.3333, Neg_score: 2.3333
  Γ£ù NO COVERALL (pos: 1.3333 <= neg: 2.3333)
  Γ£à Saved: frame_006247_jpg.rf.95151b15566aed38d4002ca470b5b978.jpg

[PROCESS] 32. frame_006248_jpg.rf.df53eb409354ebc7ad8339eb874bdd6c.jpg

0: 384x640 1 person, 198.4ms
Speed: 1.1ms preprocess, 198.4ms inference, 1.0ms postprocess per image at shape (1, 3, 384, 640)
[YOLO] Detected 1 persons
  ΓööΓöÇ Person 1/1
[EMBED] Image embedding: shape=(1, 512)
[HELMET] Pos_score: 2.6667, Neg_score: 3.6667
  Γ£ù NO HELMET (pos: 2.6667 <= neg: 3.6667)
[EMBED] Image embedding: shape=(1, 512)
[COVERALL] Pos_score: 3.6667, Neg_score: 2.3333
  Γ£ô COVERALL DETECTED (pos: 3.6667 > neg: 2.3333)
  Γ£à Saved: frame_006248_jpg.rf.df53eb409354ebc7ad8339eb874bdd6c.jpg

[PROCESS] 33. frame_006280_jpg.rf.09bbc53bae4a76fcf1f8d54e4f8ff58e.jpg

0: 384x640 3 persons, 1 suitcase, 1 couch, 242.3ms
Speed: 1.7ms preprocess, 242.3ms inference, 1.3ms postprocess per image at shape (1, 3, 384, 640)
[YOLO] Detected 2 persons
  ΓööΓöÇ Person 1/2
[EMBED] Image embedding: shape=(1, 512)
[HELMET] Pos_score: 3.0000, Neg_score: 3.3333
  Γ£ù NO HELMET (pos: 3.0000 <= neg: 3.3333)
[EMBED] Image embedding: shape=(1, 512)
[COVERALL] Pos_score: 3.6667, Neg_score: 2.3333
  Γ£ô COVERALL DETECTED (pos: 3.6667 > neg: 2.3333)
  ΓööΓöÇ Person 2/2
[EMBED] Image embedding: shape=(1, 512)
[HELMET] Pos_score: 4.0000, Neg_score: 2.6667
  Γ£ô HELMET DETECTED (pos: 4.0000 > neg: 2.6667)
[EMBED] Image embedding: shape=(1, 512)
[COVERALL] Pos_score: 3.6667, Neg_score: 2.3333
  Γ£ô COVERALL DETECTED (pos: 3.6667 > neg: 2.3333)
  Γ£à Saved: frame_006280_jpg.rf.09bbc53bae4a76fcf1f8d54e4f8ff58e.jpg

[PROCESS] 34. frame_006282_jpg.rf.1be50f6b97c56c2ee8cfa5c37a897816.jpg

0: 384x640 4 persons, 1 couch, 203.4ms
Speed: 1.4ms preprocess, 203.4ms inference, 1.6ms postprocess per image at shape (1, 3, 384, 640)
[YOLO] Detected 1 persons
  ΓööΓöÇ Person 1/1
[EMBED] Image embedding: shape=(1, 512)
[HELMET] Pos_score: 3.0000, Neg_score: 2.6667
  Γ£ô HELMET DETECTED (pos: 3.0000 > neg: 2.6667)
[EMBED] Image embedding: shape=(1, 512)
[COVERALL] Pos_score: 3.6667, Neg_score: 2.3333
  Γ£ô COVERALL DETECTED (pos: 3.6667 > neg: 2.3333)
  Γ£à Saved: frame_006282_jpg.rf.1be50f6b97c56c2ee8cfa5c37a897816.jpg

[PROCESS] 35. frame_006320_jpg.rf.c2554ae5982e28297903158d8d33e6e3.jpg

0: 384x640 4 persons, 1 bicycle, 188.4ms
Speed: 1.3ms preprocess, 188.4ms inference, 1.2ms postprocess per image at shape (1, 3, 384, 640)
[YOLO] Detected 2 persons
  ΓööΓöÇ Person 1/2
[EMBED] Image embedding: shape=(1, 512)
[HELMET] Pos_score: 3.3333, Neg_score: 2.0000
  Γ£ô HELMET DETECTED (pos: 3.3333 > neg: 2.0000)
[EMBED] Image embedding: shape=(1, 512)
[COVERALL] Pos_score: 3.6667, Neg_score: 2.3333
  Γ£ô COVERALL DETECTED (pos: 3.6667 > neg: 2.3333)
  ΓööΓöÇ Person 2/2
[EMBED] Image embedding: shape=(1, 512)
[HELMET] Pos_score: 4.3333, Neg_score: 2.0000
  Γ£ô HELMET DETECTED (pos: 4.3333 > neg: 2.0000)
[EMBED] Image embedding: shape=(1, 512)
[COVERALL] Pos_score: 2.6667, Neg_score: 2.3333
  Γ£ô COVERALL DETECTED (pos: 2.6667 > neg: 2.3333)
  Γ£à Saved: frame_006320_jpg.rf.c2554ae5982e28297903158d8d33e6e3.jpg

[PROCESS] 36. frame_006348_jpg.rf.381bd3bf1941539a8cff89204af7c6b3.jpg

0: 384x640 3 persons, 199.8ms
Speed: 1.6ms preprocess, 199.8ms inference, 1.5ms postprocess per image at shape (1, 3, 384, 640)
[YOLO] Detected 2 persons
  ΓööΓöÇ Person 1/2
[EMBED] Image embedding: shape=(1, 512)
[HELMET] Pos_score: 2.3333, Neg_score: 3.3333
  Γ£ù NO HELMET (pos: 2.3333 <= neg: 3.3333)
[EMBED] Image embedding: shape=(1, 512)
[COVERALL] Pos_score: 3.0000, Neg_score: 2.3333
  Γ£ô COVERALL DETECTED (pos: 3.0000 > neg: 2.3333)
  ΓööΓöÇ Person 2/2
[EMBED] Image embedding: shape=(1, 512)
[HELMET] Pos_score: 5.3333, Neg_score: 2.0000
  Γ£ô HELMET DETECTED (pos: 5.3333 > neg: 2.0000)
[EMBED] Image embedding: shape=(1, 512)
[COVERALL] Pos_score: 4.0000, Neg_score: 3.0000
  Γ£ô COVERALL DETECTED (pos: 4.0000 > neg: 3.0000)
  Γ£à Saved: frame_006348_jpg.rf.381bd3bf1941539a8cff89204af7c6b3.jpg

[PROCESS] 37. frame_006365_jpg.rf.c630b893eb13ca1d830418c28543e81d.jpg

0: 384x640 4 persons, 202.3ms
Speed: 1.7ms preprocess, 202.3ms inference, 1.7ms postprocess per image at shape (1, 3, 384, 640)
[YOLO] Detected 4 persons
  ΓööΓöÇ Person 1/4
[EMBED] Image embedding: shape=(1, 512)
[HELMET] Pos_score: 2.6667, Neg_score: 3.3333
  Γ£ù NO HELMET (pos: 2.6667 <= neg: 3.3333)
[EMBED] Image embedding: shape=(1, 512)
[COVERALL] Pos_score: 3.0000, Neg_score: 3.0000
  Γ£ù NO COVERALL (pos: 3.0000 <= neg: 3.0000)
  ΓööΓöÇ Person 2/4
[EMBED] Image embedding: shape=(1, 512)
[HELMET] Pos_score: 3.3333, Neg_score: 2.6667
  Γ£ô HELMET DETECTED (pos: 3.3333 > neg: 2.6667)
[EMBED] Image embedding: shape=(1, 512)
[COVERALL] Pos_score: 3.6667, Neg_score: 2.3333
  Γ£ô COVERALL DETECTED (pos: 3.6667 > neg: 2.3333)
  ΓööΓöÇ Person 3/4
[EMBED] Image embedding: shape=(1, 512)
[HELMET] Pos_score: 5.0000, Neg_score: 1.0000
  Γ£ô HELMET DETECTED (pos: 5.0000 > neg: 1.0000)
[EMBED] Image embedding: shape=(1, 512)
[COVERALL] Pos_score: 3.6667, Neg_score: 2.3333
  Γ£ô COVERALL DETECTED (pos: 3.6667 > neg: 2.3333)
  ΓööΓöÇ Person 4/4
[EMBED] Image embedding: shape=(1, 512)
[HELMET] Pos_score: 2.0000, Neg_score: 3.3333
  Γ£ù NO HELMET (pos: 2.0000 <= neg: 3.3333)
[EMBED] Image embedding: shape=(1, 512)
[COVERALL] Pos_score: 3.3333, Neg_score: 4.0000
  Γ£ù NO COVERALL (pos: 3.3333 <= neg: 4.0000)
  Γ£à Saved: frame_006365_jpg.rf.c630b893eb13ca1d830418c28543e81d.jpg

[PROCESS] 38. frame_006366_jpg.rf.5e77419aa2d5ab9a8fdf4f960816a60a.jpg

0: 384x640 4 persons, 199.6ms
Speed: 1.4ms preprocess, 199.6ms inference, 1.3ms postprocess per image at shape (1, 3, 384, 640)
[YOLO] Detected 3 persons
  ΓööΓöÇ Person 1/3
[EMBED] Image embedding: shape=(1, 512)
[HELMET] Pos_score: 3.3333, Neg_score: 2.6667
  Γ£ô HELMET DETECTED (pos: 3.3333 > neg: 2.6667)
[EMBED] Image embedding: shape=(1, 512)
[COVERALL] Pos_score: 3.0000, Neg_score: 3.0000
  Γ£ù NO COVERALL (pos: 3.0000 <= neg: 3.0000)
  ΓööΓöÇ Person 2/3
[EMBED] Image embedding: shape=(1, 512)
[HELMET] Pos_score: 3.3333, Neg_score: 3.3333
  Γ£ù NO HELMET (pos: 3.3333 <= neg: 3.3333)
[EMBED] Image embedding: shape=(1, 512)
[COVERALL] Pos_score: 3.0000, Neg_score: 2.3333
  Γ£ô COVERALL DETECTED (pos: 3.0000 > neg: 2.3333)
  ΓööΓöÇ Person 3/3
[EMBED] Image embedding: shape=(1, 512)
[HELMET] Pos_score: 2.6667, Neg_score: 3.3333
  Γ£ù NO HELMET (pos: 2.6667 <= neg: 3.3333)
[EMBED] Image embedding: shape=(1, 512)
[COVERALL] Pos_score: 3.3333, Neg_score: 2.6667
  Γ£ô COVERALL DETECTED (pos: 3.3333 > neg: 2.6667)
  Γ£à Saved: frame_006366_jpg.rf.5e77419aa2d5ab9a8fdf4f960816a60a.jpg

[PROCESS] 39. frame_006417_jpg.rf.e8ae68fc93d5cee995b1976932f255e6.jpg

0: 384x640 4 persons, 1 bicycle, 206.2ms
Speed: 1.3ms preprocess, 206.2ms inference, 1.3ms postprocess per image at shape (1, 3, 384, 640)
[YOLO] Detected 4 persons
  ΓööΓöÇ Person 1/4
[EMBED] Image embedding: shape=(1, 512)
[HELMET] Pos_score: 4.3333, Neg_score: 2.6667
  Γ£ô HELMET DETECTED (pos: 4.3333 > neg: 2.6667)
[EMBED] Image embedding: shape=(1, 512)
[COVERALL] Pos_score: 3.6667, Neg_score: 2.3333
  Γ£ô COVERALL DETECTED (pos: 3.6667 > neg: 2.3333)
  ΓööΓöÇ Person 2/4
[EMBED] Image embedding: shape=(1, 512)
[HELMET] Pos_score: 3.3333, Neg_score: 3.3333
  Γ£ù NO HELMET (pos: 3.3333 <= neg: 3.3333)
[EMBED] Image embedding: shape=(1, 512)
[COVERALL] Pos_score: 3.0000, Neg_score: 2.3333
  Γ£ô COVERALL DETECTED (pos: 3.0000 > neg: 2.3333)
  ΓööΓöÇ Person 3/4
[EMBED] Image embedding: shape=(1, 512)
[HELMET] Pos_score: 3.0000, Neg_score: 2.6667
  Γ£ô HELMET DETECTED (pos: 3.0000 > neg: 2.6667)
[EMBED] Image embedding: shape=(1, 512)
[COVERALL] Pos_score: 2.6667, Neg_score: 1.6667
  Γ£ô COVERALL DETECTED (pos: 2.6667 > neg: 1.6667)
  ΓööΓöÇ Person 4/4
[EMBED] Image embedding: shape=(1, 512)
[HELMET] Pos_score: 2.6667, Neg_score: 3.3333
  Γ£ù NO HELMET (pos: 2.6667 <= neg: 3.3333)
[EMBED] Image embedding: shape=(1, 512)
[COVERALL] Pos_score: 1.0000, Neg_score: 2.6667
  Γ£ù NO COVERALL (pos: 1.0000 <= neg: 2.6667)
  Γ£à Saved: frame_006417_jpg.rf.e8ae68fc93d5cee995b1976932f255e6.jpg

[PROCESS] 40. frame_006418_jpg.rf.9fdd8050f77894231f6ec16fc3d1470a.jpg

0: 384x640 4 persons, 1 bicycle, 1 train, 198.8ms
Speed: 1.3ms preprocess, 198.8ms inference, 1.1ms postprocess per image at shape (1, 3, 384, 640)
[YOLO] Detected 4 persons
  ΓööΓöÇ Person 1/4
[EMBED] Image embedding: shape=(1, 512)
[HELMET] Pos_score: 2.6667, Neg_score: 2.3333
  Γ£ô HELMET DETECTED (pos: 2.6667 > neg: 2.3333)
[EMBED] Image embedding: shape=(1, 512)
[COVERALL] Pos_score: 3.0000, Neg_score: 2.3333
  Γ£ô COVERALL DETECTED (pos: 3.0000 > neg: 2.3333)
  ΓööΓöÇ Person 2/4
[EMBED] Image embedding: shape=(1, 512)
[HELMET] Pos_score: 3.0000, Neg_score: 3.3333
  Γ£ù NO HELMET (pos: 3.0000 <= neg: 3.3333)
[EMBED] Image embedding: shape=(1, 512)
[COVERALL] Pos_score: 3.6667, Neg_score: 2.3333
  Γ£ô COVERALL DETECTED (pos: 3.6667 > neg: 2.3333)
  ΓööΓöÇ Person 3/4
[EMBED] Image embedding: shape=(1, 512)
[HELMET] Pos_score: 3.0000, Neg_score: 2.6667
  Γ£ô HELMET DETECTED (pos: 3.0000 > neg: 2.6667)
[EMBED] Image embedding: shape=(1, 512)
[COVERALL] Pos_score: 3.0000, Neg_score: 2.3333
  Γ£ô COVERALL DETECTED (pos: 3.0000 > neg: 2.3333)
  ΓööΓöÇ Person 4/4
[EMBED] Image embedding: shape=(1, 512)
[HELMET] Pos_score: 1.3333, Neg_score: 2.0000
  Γ£ù NO HELMET (pos: 1.3333 <= neg: 2.0000)
[EMBED] Image embedding: shape=(1, 512)
[COVERALL] Pos_score: 3.0000, Neg_score: 2.6667
  Γ£ô COVERALL DETECTED (pos: 3.0000 > neg: 2.6667)
  Γ£à Saved: frame_006418_jpg.rf.9fdd8050f77894231f6ec16fc3d1470a.jpg

[PROCESS] 41. frame_006453_jpg.rf.dd7143da19fa97831e100cb58afc212c.jpg

0: 384x640 5 persons, 191.3ms
Speed: 1.6ms preprocess, 191.3ms inference, 1.2ms postprocess per image at shape (1, 3, 384, 640)
[YOLO] Detected 4 persons
  ΓööΓöÇ Person 1/4
[EMBED] Image embedding: shape=(1, 512)
[HELMET] Pos_score: 4.0000, Neg_score: 3.6667
  Γ£ô HELMET DETECTED (pos: 4.0000 > neg: 3.6667)
[EMBED] Image embedding: shape=(1, 512)
[COVERALL] Pos_score: 3.0000, Neg_score: 2.3333
  Γ£ô COVERALL DETECTED (pos: 3.0000 > neg: 2.3333)
  ΓööΓöÇ Person 2/4
[EMBED] Image embedding: shape=(1, 512)
[HELMET] Pos_score: 2.6667, Neg_score: 3.6667
  Γ£ù NO HELMET (pos: 2.6667 <= neg: 3.6667)
[EMBED] Image embedding: shape=(1, 512)
[COVERALL] Pos_score: 3.0000, Neg_score: 2.3333
  Γ£ô COVERALL DETECTED (pos: 3.0000 > neg: 2.3333)
  ΓööΓöÇ Person 3/4
[EMBED] Image embedding: shape=(1, 512)
[HELMET] Pos_score: 4.3333, Neg_score: 2.6667
  Γ£ô HELMET DETECTED (pos: 4.3333 > neg: 2.6667)
[EMBED] Image embedding: shape=(1, 512)
[COVERALL] Pos_score: 3.0000, Neg_score: 2.3333
  Γ£ô COVERALL DETECTED (pos: 3.0000 > neg: 2.3333)
  ΓööΓöÇ Person 4/4
[EMBED] Image embedding: shape=(1, 512)
[HELMET] Pos_score: 2.0000, Neg_score: 3.3333
  Γ£ù NO HELMET (pos: 2.0000 <= neg: 3.3333)
[EMBED] Image embedding: shape=(1, 512)
[COVERALL] Pos_score: 2.6667, Neg_score: 2.3333
  Γ£ô COVERALL DETECTED (pos: 2.6667 > neg: 2.3333)
  Γ£à Saved: frame_006453_jpg.rf.dd7143da19fa97831e100cb58afc212c.jpg

[PROCESS] 42. frame_006477_jpg.rf.853561f41ce94e9e1adfa435bcba0a9a.jpg

0: 384x640 4 persons, 188.1ms
Speed: 1.5ms preprocess, 188.1ms inference, 0.9ms postprocess per image at shape (1, 3, 384, 640)
[YOLO] Detected 3 persons
  ΓööΓöÇ Person 1/3
[EMBED] Image embedding: shape=(1, 512)
[HELMET] Pos_score: 3.0000, Neg_score: 3.3333
  Γ£ù NO HELMET (pos: 3.0000 <= neg: 3.3333)
[EMBED] Image embedding: shape=(1, 512)
[COVERALL] Pos_score: 3.6667, Neg_score: 2.3333
  Γ£ô COVERALL DETECTED (pos: 3.6667 > neg: 2.3333)
  ΓööΓöÇ Person 2/3
[EMBED] Image embedding: shape=(1, 512)
[HELMET] Pos_score: 3.3333, Neg_score: 3.3333
  Γ£ù NO HELMET (pos: 3.3333 <= neg: 3.3333)
[EMBED] Image embedding: shape=(1, 512)
[COVERALL] Pos_score: 3.3333, Neg_score: 3.0000
  Γ£ô COVERALL DETECTED (pos: 3.3333 > neg: 3.0000)
  ΓööΓöÇ Person 3/3
[EMBED] Image embedding: shape=(1, 512)
[HELMET] Pos_score: 4.3333, Neg_score: 2.6667
  Γ£ô HELMET DETECTED (pos: 4.3333 > neg: 2.6667)
[EMBED] Image embedding: shape=(1, 512)
[COVERALL] Pos_score: 3.3333, Neg_score: 2.3333
  Γ£ô COVERALL DETECTED (pos: 3.3333 > neg: 2.3333)
  Γ£à Saved: frame_006477_jpg.rf.853561f41ce94e9e1adfa435bcba0a9a.jpg

[PROCESS] 43. frame_006509_jpg.rf.c26a537dc6eeb0d3a5d4fbd5bdf56502.jpg

0: 384x640 3 persons, 199.2ms
Speed: 1.5ms preprocess, 199.2ms inference, 1.1ms postprocess per image at shape (1, 3, 384, 640)
[YOLO] Detected 0 persons
  Γ£à Saved: frame_006509_jpg.rf.c26a537dc6eeb0d3a5d4fbd5bdf56502.jpg

[PROCESS] 44. frame_006514_jpg.rf.d9570f273b3f1190d9c163499f037292.jpg

0: 384x640 4 persons, 200.6ms
Speed: 1.3ms preprocess, 200.6ms inference, 1.1ms postprocess per image at shape (1, 3, 384, 640)
[YOLO] Detected 0 persons
  Γ£à Saved: frame_006514_jpg.rf.d9570f273b3f1190d9c163499f037292.jpg

[PROCESS] 45. frame_006515_jpg.rf.91182b0823e71bab0b281bce3feafd99.jpg

0: 384x640 4 persons, 192.5ms
Speed: 1.2ms preprocess, 192.5ms inference, 1.2ms postprocess per image at shape (1, 3, 384, 640)
[YOLO] Detected 0 persons
  Γ£à Saved: frame_006515_jpg.rf.91182b0823e71bab0b281bce3feafd99.jpg

[PROCESS] 46. frame_006550_jpg.rf.edb640186dc3eb65d01f0e9684ccc94a.jpg

0: 384x640 3 persons, 191.4ms
Speed: 1.1ms preprocess, 191.4ms inference, 1.4ms postprocess per image at shape (1, 3, 384, 640)
[YOLO] Detected 3 persons
  ΓööΓöÇ Person 1/3
[EMBED] Image embedding: shape=(1, 512)
[HELMET] Pos_score: 4.3333, Neg_score: 3.3333
  Γ£ô HELMET DETECTED (pos: 4.3333 > neg: 3.3333)
[EMBED] Image embedding: shape=(1, 512)
[COVERALL] Pos_score: 3.6667, Neg_score: 2.3333
  Γ£ô COVERALL DETECTED (pos: 3.6667 > neg: 2.3333)
  ΓööΓöÇ Person 2/3
[EMBED] Image embedding: shape=(1, 512)
[HELMET] Pos_score: 3.6667, Neg_score: 2.6667
  Γ£ô HELMET DETECTED (pos: 3.6667 > neg: 2.6667)
[EMBED] Image embedding: shape=(1, 512)
[COVERALL] Pos_score: 3.0000, Neg_score: 2.3333
  Γ£ô COVERALL DETECTED (pos: 3.0000 > neg: 2.3333)
  ΓööΓöÇ Person 3/3
[EMBED] Image embedding: shape=(1, 512)
[HELMET] Pos_score: 2.0000, Neg_score: 2.6667
  Γ£ù NO HELMET (pos: 2.0000 <= neg: 2.6667)
[EMBED] Image embedding: shape=(1, 512)
[COVERALL] Pos_score: 1.3333, Neg_score: 2.3333
  Γ£ù NO COVERALL (pos: 1.3333 <= neg: 2.3333)
  Γ£à Saved: frame_006550_jpg.rf.edb640186dc3eb65d01f0e9684ccc94a.jpg

[PROCESS] 47. frame_006598_jpg.rf.c2c1234b92b9d700eb9a2bca2a3be75c.jpg

0: 384x640 2 persons, 197.3ms
Speed: 1.2ms preprocess, 197.3ms inference, 1.3ms postprocess per image at shape (1, 3, 384, 640)
[YOLO] Detected 2 persons
  ΓööΓöÇ Person 1/2
[EMBED] Image embedding: shape=(1, 512)
[HELMET] Pos_score: 5.3333, Neg_score: 2.6667
  Γ£ô HELMET DETECTED (pos: 5.3333 > neg: 2.6667)
[EMBED] Image embedding: shape=(1, 512)
[COVERALL] Pos_score: 3.6667, Neg_score: 2.3333
  Γ£ô COVERALL DETECTED (pos: 3.6667 > neg: 2.3333)
  ΓööΓöÇ Person 2/2
[EMBED] Image embedding: shape=(1, 512)
[HELMET] Pos_score: 3.3333, Neg_score: 3.3333
  Γ£ù NO HELMET (pos: 3.3333 <= neg: 3.3333)
[EMBED] Image embedding: shape=(1, 512)
[COVERALL] Pos_score: 3.6667, Neg_score: 2.3333
  Γ£ô COVERALL DETECTED (pos: 3.6667 > neg: 2.3333)
  Γ£à Saved: frame_006598_jpg.rf.c2c1234b92b9d700eb9a2bca2a3be75c.jpg

[PROCESS] 48. frame_006639_jpg.rf.228d319c926b25854e1bc62181aa472c.jpg

0: 384x640 3 persons, 196.7ms
Speed: 1.3ms preprocess, 196.7ms inference, 1.3ms postprocess per image at shape (1, 3, 384, 640)
[YOLO] Detected 2 persons
  ΓööΓöÇ Person 1/2
[EMBED] Image embedding: shape=(1, 512)
[HELMET] Pos_score: 3.0000, Neg_score: 3.3333
  Γ£ù NO HELMET (pos: 3.0000 <= neg: 3.3333)
[EMBED] Image embedding: shape=(1, 512)
[COVERALL] Pos_score: 3.6667, Neg_score: 1.6667
  Γ£ô COVERALL DETECTED (pos: 3.6667 > neg: 1.6667)
  ΓööΓöÇ Person 2/2
[EMBED] Image embedding: shape=(1, 512)
[HELMET] Pos_score: 3.0000, Neg_score: 2.0000
  Γ£ô HELMET DETECTED (pos: 3.0000 > neg: 2.0000)
[EMBED] Image embedding: shape=(1, 512)
[COVERALL] Pos_score: 3.6667, Neg_score: 2.3333
  Γ£ô COVERALL DETECTED (pos: 3.6667 > neg: 2.3333)
  Γ£à Saved: frame_006639_jpg.rf.228d319c926b25854e1bc62181aa472c.jpg

[PROCESS] 49. frame_006698_jpg.rf.7a7142b6d41bb3ae0b3df1140145dfec.jpg

0: 384x640 5 persons, 202.7ms
Speed: 1.3ms preprocess, 202.7ms inference, 1.0ms postprocess per image at shape (1, 3, 384, 640)
[YOLO] Detected 2 persons
  ΓööΓöÇ Person 1/2
[EMBED] Image embedding: shape=(1, 512)
[HELMET] Pos_score: 2.0000, Neg_score: 3.3333
  Γ£ù NO HELMET (pos: 2.0000 <= neg: 3.3333)
[EMBED] Image embedding: shape=(1, 512)
[COVERALL] Pos_score: 3.6667, Neg_score: 2.3333
  Γ£ô COVERALL DETECTED (pos: 3.6667 > neg: 2.3333)
  ΓööΓöÇ Person 2/2
[EMBED] Image embedding: shape=(1, 512)
[HELMET] Pos_score: 1.0000, Neg_score: 3.3333
  Γ£ù NO HELMET (pos: 1.0000 <= neg: 3.3333)
[EMBED] Image embedding: shape=(1, 512)
[COVERALL] Pos_score: 3.6667, Neg_score: 2.3333
  Γ£ô COVERALL DETECTED (pos: 3.6667 > neg: 2.3333)
  Γ£à Saved: frame_006698_jpg.rf.7a7142b6d41bb3ae0b3df1140145dfec.jpg

[PROCESS] 50. frame_006708_jpg.rf.02e2b99db845f2e0be47c62f36355cc7.jpg

0: 384x640 3 persons, 204.5ms
Speed: 1.4ms preprocess, 204.5ms inference, 1.3ms postprocess per image at shape (1, 3, 384, 640)
[YOLO] Detected 1 persons
  ΓööΓöÇ Person 1/1
[EMBED] Image embedding: shape=(1, 512)
[HELMET] Pos_score: 4.3333, Neg_score: 2.0000
  Γ£ô HELMET DETECTED (pos: 4.3333 > neg: 2.0000)
[EMBED] Image embedding: shape=(1, 512)
[COVERALL] Pos_score: 3.6667, Neg_score: 2.3333
  Γ£ô COVERALL DETECTED (pos: 3.6667 > neg: 2.3333)
  Γ£à Saved: frame_006708_jpg.rf.02e2b99db845f2e0be47c62f36355cc7.jpg

[PROCESS] 51. frame_006717_jpg.rf.a91792f988f24c2b692c31eb921b0fbf.jpg

0: 384x640 3 persons, 194.7ms
Speed: 1.2ms preprocess, 194.7ms inference, 1.0ms postprocess per image at shape (1, 3, 384, 640)
[YOLO] Detected 2 persons
  ΓööΓöÇ Person 1/2
[EMBED] Image embedding: shape=(1, 512)
[HELMET] Pos_score: 4.3333, Neg_score: 3.3333
  Γ£ô HELMET DETECTED (pos: 4.3333 > neg: 3.3333)
[EMBED] Image embedding: shape=(1, 512)
[COVERALL] Pos_score: 3.0000, Neg_score: 2.3333
  Γ£ô COVERALL DETECTED (pos: 3.0000 > neg: 2.3333)
  ΓööΓöÇ Person 2/2
[EMBED] Image embedding: shape=(1, 512)
[HELMET] Pos_score: 2.0000, Neg_score: 3.0000
  Γ£ù NO HELMET (pos: 2.0000 <= neg: 3.0000)
[EMBED] Image embedding: shape=(1, 512)
[COVERALL] Pos_score: 2.0000, Neg_score: 2.3333
  Γ£ù NO COVERALL (pos: 2.0000 <= neg: 2.3333)
  Γ£à Saved: frame_006717_jpg.rf.a91792f988f24c2b692c31eb921b0fbf.jpg

[PROCESS] 52. frame_006718_jpg.rf.c33fdc964c0a35f678b3f25458c069a7.jpg

0: 384x640 3 persons, 206.3ms
Speed: 1.5ms preprocess, 206.3ms inference, 1.2ms postprocess per image at shape (1, 3, 384, 640)
[YOLO] Detected 2 persons
  ΓööΓöÇ Person 1/2
[EMBED] Image embedding: shape=(1, 512)
[HELMET] Pos_score: 5.3333, Neg_score: 1.0000
  Γ£ô HELMET DETECTED (pos: 5.3333 > neg: 1.0000)
[EMBED] Image embedding: shape=(1, 512)
[COVERALL] Pos_score: 3.6667, Neg_score: 2.3333
  Γ£ô COVERALL DETECTED (pos: 3.6667 > neg: 2.3333)
  ΓööΓöÇ Person 2/2
[EMBED] Image embedding: shape=(1, 512)
[HELMET] Pos_score: 3.0000, Neg_score: 3.3333
  Γ£ù NO HELMET (pos: 3.0000 <= neg: 3.3333)
[EMBED] Image embedding: shape=(1, 512)
[COVERALL] Pos_score: 3.6667, Neg_score: 2.3333
  Γ£ô COVERALL DETECTED (pos: 3.6667 > neg: 2.3333)
  Γ£à Saved: frame_006718_jpg.rf.c33fdc964c0a35f678b3f25458c069a7.jpg

[PROCESS] 53. frame_006725_jpg.rf.d6427ebd40885c31a253ea857b3aba52.jpg

0: 384x640 2 persons, 206.3ms
Speed: 1.5ms preprocess, 206.3ms inference, 1.3ms postprocess per image at shape (1, 3, 384, 640)
[YOLO] Detected 1 persons
  ΓööΓöÇ Person 1/1
[EMBED] Image embedding: shape=(1, 512)
[HELMET] Pos_score: 4.3333, Neg_score: 3.3333
  Γ£ô HELMET DETECTED (pos: 4.3333 > neg: 3.3333)
[EMBED] Image embedding: shape=(1, 512)
[COVERALL] Pos_score: 3.6667, Neg_score: 2.3333
  Γ£ô COVERALL DETECTED (pos: 3.6667 > neg: 2.3333)
  Γ£à Saved: frame_006725_jpg.rf.d6427ebd40885c31a253ea857b3aba52.jpg

[PROCESS] 54. frame_006744_jpg.rf.994c864e3f217eed35f4c36ef60e1956.jpg

0: 384x640 3 persons, 200.1ms
Speed: 1.6ms preprocess, 200.1ms inference, 1.2ms postprocess per image at shape (1, 3, 384, 640)
[YOLO] Detected 1 persons
  ΓööΓöÇ Person 1/1
[EMBED] Image embedding: shape=(1, 512)
[HELMET] Pos_score: 3.3333, Neg_score: 2.6667
  Γ£ô HELMET DETECTED (pos: 3.3333 > neg: 2.6667)
[EMBED] Image embedding: shape=(1, 512)
[COVERALL] Pos_score: 3.0000, Neg_score: 2.3333
  Γ£ô COVERALL DETECTED (pos: 3.0000 > neg: 2.3333)
  Γ£à Saved: frame_006744_jpg.rf.994c864e3f217eed35f4c36ef60e1956.jpg

[PROCESS] 55. frame_006753_jpg.rf.1b65de820edd8e9958ad45ccd3918766.jpg

0: 384x640 1 person, 1 bus, 197.9ms
Speed: 1.5ms preprocess, 197.9ms inference, 1.0ms postprocess per image at shape (1, 3, 384, 640)
[YOLO] Detected 1 persons
  ΓööΓöÇ Person 1/1
[EMBED] Image embedding: shape=(1, 512)
[HELMET] Pos_score: 2.0000, Neg_score: 2.6667
  Γ£ù NO HELMET (pos: 2.0000 <= neg: 2.6667)
[EMBED] Image embedding: shape=(1, 512)
[COVERALL] Pos_score: 3.0000, Neg_score: 2.6667
  Γ£ô COVERALL DETECTED (pos: 3.0000 > neg: 2.6667)
  Γ£à Saved: frame_006753_jpg.rf.1b65de820edd8e9958ad45ccd3918766.jpg

[PROCESS] 56. frame_006839_jpg.rf.a5b3d02cd00162b6f96c32c0363abb56.jpg

0: 384x640 3 persons, 199.4ms
Speed: 1.5ms preprocess, 199.4ms inference, 0.9ms postprocess per image at shape (1, 3, 384, 640)
[YOLO] Detected 2 persons
  ΓööΓöÇ Person 1/2
[EMBED] Image embedding: shape=(1, 512)
[HELMET] Pos_score: 3.0000, Neg_score: 3.3333
  Γ£ù NO HELMET (pos: 3.0000 <= neg: 3.3333)
[EMBED] Image embedding: shape=(1, 512)
[COVERALL] Pos_score: 3.6667, Neg_score: 2.3333
  Γ£ô COVERALL DETECTED (pos: 3.6667 > neg: 2.3333)
  ΓööΓöÇ Person 2/2
[EMBED] Image embedding: shape=(1, 512)
[HELMET] Pos_score: 3.3333, Neg_score: 2.0000
  Γ£ô HELMET DETECTED (pos: 3.3333 > neg: 2.0000)
[EMBED] Image embedding: shape=(1, 512)
[COVERALL] Pos_score: 3.0000, Neg_score: 2.3333
  Γ£ô COVERALL DETECTED (pos: 3.0000 > neg: 2.3333)
  Γ£à Saved: frame_006839_jpg.rf.a5b3d02cd00162b6f96c32c0363abb56.jpg

[PROCESS] 57. frame_006848_jpg.rf.9c7d5e7de4cfb6aa4242881d73dcac2f.jpg

0: 384x640 4 persons, 204.8ms
Speed: 1.7ms preprocess, 204.8ms inference, 1.3ms postprocess per image at shape (1, 3, 384, 640)
[YOLO] Detected 3 persons
  ΓööΓöÇ Person 1/3
[EMBED] Image embedding: shape=(1, 512)
[HELMET] Pos_score: 3.3333, Neg_score: 2.0000
  Γ£ô HELMET DETECTED (pos: 3.3333 > neg: 2.0000)
[EMBED] Image embedding: shape=(1, 512)
[COVERALL] Pos_score: 3.6667, Neg_score: 2.3333
  Γ£ô COVERALL DETECTED (pos: 3.6667 > neg: 2.3333)
  ΓööΓöÇ Person 2/3
[EMBED] Image embedding: shape=(1, 512)
[HELMET] Pos_score: 3.0000, Neg_score: 2.0000
  Γ£ô HELMET DETECTED (pos: 3.0000 > neg: 2.0000)
[EMBED] Image embedding: shape=(1, 512)
[COVERALL] Pos_score: 3.6667, Neg_score: 2.3333
  Γ£ô COVERALL DETECTED (pos: 3.6667 > neg: 2.3333)
  ΓööΓöÇ Person 3/3
[EMBED] Image embedding: shape=(1, 512)
[HELMET] Pos_score: 2.0000, Neg_score: 1.0000
  Γ£ô HELMET DETECTED (pos: 2.0000 > neg: 1.0000)
[EMBED] Image embedding: shape=(1, 512)
[COVERALL] Pos_score: 3.3333, Neg_score: 2.6667
  Γ£ô COVERALL DETECTED (pos: 3.3333 > neg: 2.6667)
  Γ£à Saved: frame_006848_jpg.rf.9c7d5e7de4cfb6aa4242881d73dcac2f.jpg

[PROCESS] 58. frame_006890_jpg.rf.111186d7068722871c0f4660cef0e400.jpg

0: 384x640 4 persons, 1 bicycle, 196.5ms
Speed: 1.4ms preprocess, 196.5ms inference, 1.0ms postprocess per image at shape (1, 3, 384, 640)
[YOLO] Detected 3 persons
  ΓööΓöÇ Person 1/3
[EMBED] Image embedding: shape=(1, 512)
[HELMET] Pos_score: 3.6667, Neg_score: 2.6667
  Γ£ô HELMET DETECTED (pos: 3.6667 > neg: 2.6667)
[EMBED] Image embedding: shape=(1, 512)
[COVERALL] Pos_score: 3.0000, Neg_score: 2.3333
  Γ£ô COVERALL DETECTED (pos: 3.0000 > neg: 2.3333)
  ΓööΓöÇ Person 2/3
[EMBED] Image embedding: shape=(1, 512)
[HELMET] Pos_score: 4.3333, Neg_score: 1.0000
  Γ£ô HELMET DETECTED (pos: 4.3333 > neg: 1.0000)
[EMBED] Image embedding: shape=(1, 512)
[COVERALL] Pos_score: 3.6667, Neg_score: 1.6667
  Γ£ô COVERALL DETECTED (pos: 3.6667 > neg: 1.6667)
  ΓööΓöÇ Person 3/3
[EMBED] Image embedding: shape=(1, 512)
[HELMET] Pos_score: 2.3333, Neg_score: 2.6667
  Γ£ù NO HELMET (pos: 2.3333 <= neg: 2.6667)
[EMBED] Image embedding: shape=(1, 512)
[COVERALL] Pos_score: 3.6667, Neg_score: 2.6667
  Γ£ô COVERALL DETECTED (pos: 3.6667 > neg: 2.6667)
  Γ£à Saved: frame_006890_jpg.rf.111186d7068722871c0f4660cef0e400.jpg

[PROCESS] 59. frame_006908_jpg.rf.6424722b6287232b58dc8a7a9f2c135a.jpg

0: 384x640 3 persons, 198.7ms
Speed: 1.4ms preprocess, 198.7ms inference, 1.4ms postprocess per image at shape (1, 3, 384, 640)
[YOLO] Detected 3 persons
  ΓööΓöÇ Person 1/3
[EMBED] Image embedding: shape=(1, 512)
[HELMET] Pos_score: 2.6667, Neg_score: 2.0000
  Γ£ô HELMET DETECTED (pos: 2.6667 > neg: 2.0000)
[EMBED] Image embedding: shape=(1, 512)
[COVERALL] Pos_score: 3.6667, Neg_score: 2.3333
  Γ£ô COVERALL DETECTED (pos: 3.6667 > neg: 2.3333)
  ΓööΓöÇ Person 2/3
[EMBED] Image embedding: shape=(1, 512)
[HELMET] Pos_score: 4.3333, Neg_score: 2.0000
  Γ£ô HELMET DETECTED (pos: 4.3333 > neg: 2.0000)
[EMBED] Image embedding: shape=(1, 512)
[COVERALL] Pos_score: 1.3333, Neg_score: 2.3333
  Γ£ù NO COVERALL (pos: 1.3333 <= neg: 2.3333)
  ΓööΓöÇ Person 3/3
[EMBED] Image embedding: shape=(1, 512)
[HELMET] Pos_score: 4.6667, Neg_score: 2.6667
  Γ£ô HELMET DETECTED (pos: 4.6667 > neg: 2.6667)
[EMBED] Image embedding: shape=(1, 512)
[COVERALL] Pos_score: 3.0000, Neg_score: 2.3333
  Γ£ô COVERALL DETECTED (pos: 3.0000 > neg: 2.3333)
  Γ£à Saved: frame_006908_jpg.rf.6424722b6287232b58dc8a7a9f2c135a.jpg

[PROCESS] 60. frame_006972_jpg.rf.65fecab8e9172f9e19c75a9a3cffd084.jpg

0: 384x640 3 persons, 194.2ms
Speed: 1.1ms preprocess, 194.2ms inference, 1.1ms postprocess per image at shape (1, 3, 384, 640)
[YOLO] Detected 1 persons
  ΓööΓöÇ Person 1/1
[EMBED] Image embedding: shape=(1, 512)
[HELMET] Pos_score: 2.6667, Neg_score: 3.3333
  Γ£ù NO HELMET (pos: 2.6667 <= neg: 3.3333)
[EMBED] Image embedding: shape=(1, 512)
[COVERALL] Pos_score: 3.0000, Neg_score: 2.3333
  Γ£ô COVERALL DETECTED (pos: 3.0000 > neg: 2.3333)
  Γ£à Saved: frame_006972_jpg.rf.65fecab8e9172f9e19c75a9a3cffd084.jpg

[PROCESS] 61. frame_007058_jpg.rf.c1aa03d2574a1104b7624ccdab1f3215.jpg

0: 384x640 4 persons, 205.1ms
Speed: 1.7ms preprocess, 205.1ms inference, 0.9ms postprocess per image at shape (1, 3, 384, 640)
[YOLO] Detected 2 persons
  ΓööΓöÇ Person 1/2
[EMBED] Image embedding: shape=(1, 512)
[HELMET] Pos_score: 1.0000, Neg_score: 3.3333
  Γ£ù NO HELMET (pos: 1.0000 <= neg: 3.3333)
[EMBED] Image embedding: shape=(1, 512)
[COVERALL] Pos_score: 3.6667, Neg_score: 2.3333
  Γ£ô COVERALL DETECTED (pos: 3.6667 > neg: 2.3333)
  ΓööΓöÇ Person 2/2
[EMBED] Image embedding: shape=(1, 512)
[HELMET] Pos_score: 2.6667, Neg_score: 2.6667
  Γ£ù NO HELMET (pos: 2.6667 <= neg: 2.6667)
[EMBED] Image embedding: shape=(1, 512)
[COVERALL] Pos_score: 3.3333, Neg_score: 2.3333
  Γ£ô COVERALL DETECTED (pos: 3.3333 > neg: 2.3333)
  Γ£à Saved: frame_007058_jpg.rf.c1aa03d2574a1104b7624ccdab1f3215.jpg

[PROCESS] 62. frame_007078_jpg.rf.f454f9adcb7a88a6e1dd79584b0a63f4.jpg

0: 384x640 3 persons, 200.7ms
Speed: 1.2ms preprocess, 200.7ms inference, 1.3ms postprocess per image at shape (1, 3, 384, 640)
[YOLO] Detected 2 persons
  ΓööΓöÇ Person 1/2
[EMBED] Image embedding: shape=(1, 512)
[HELMET] Pos_score: 3.0000, Neg_score: 3.3333
  Γ£ù NO HELMET (pos: 3.0000 <= neg: 3.3333)
[EMBED] Image embedding: shape=(1, 512)
[COVERALL] Pos_score: 3.0000, Neg_score: 2.3333
  Γ£ô COVERALL DETECTED (pos: 3.0000 > neg: 2.3333)
  ΓööΓöÇ Person 2/2
[EMBED] Image embedding: shape=(1, 512)
[HELMET] Pos_score: 3.0000, Neg_score: 2.6667
  Γ£ô HELMET DETECTED (pos: 3.0000 > neg: 2.6667)
[EMBED] Image embedding: shape=(1, 512)
[COVERALL] Pos_score: 3.0000, Neg_score: 2.3333
  Γ£ô COVERALL DETECTED (pos: 3.0000 > neg: 2.3333)
  Γ£à Saved: frame_007078_jpg.rf.f454f9adcb7a88a6e1dd79584b0a63f4.jpg

[PROCESS] 63. frame_007085_jpg.rf.89024acad609ab712b71cf303886b852.jpg

0: 384x640 4 persons, 208.4ms
Speed: 1.3ms preprocess, 208.4ms inference, 1.5ms postprocess per image at shape (1, 3, 384, 640)
[YOLO] Detected 2 persons
  ΓööΓöÇ Person 1/2
[EMBED] Image embedding: shape=(1, 512)
[HELMET] Pos_score: 2.6667, Neg_score: 3.3333
  Γ£ù NO HELMET (pos: 2.6667 <= neg: 3.3333)
[EMBED] Image embedding: shape=(1, 512)
[COVERALL] Pos_score: 3.6667, Neg_score: 2.3333
  Γ£ô COVERALL DETECTED (pos: 3.6667 > neg: 2.3333)
  ΓööΓöÇ Person 2/2
[EMBED] Image embedding: shape=(1, 512)
[HELMET] Pos_score: 2.6667, Neg_score: 1.0000
  Γ£ô HELMET DETECTED (pos: 2.6667 > neg: 1.0000)
[EMBED] Image embedding: shape=(1, 512)
[COVERALL] Pos_score: 4.3333, Neg_score: 2.3333
  Γ£ô COVERALL DETECTED (pos: 4.3333 > neg: 2.3333)
  Γ£à Saved: frame_007085_jpg.rf.89024acad609ab712b71cf303886b852.jpg

[PROCESS] 64. frame_007100_jpg.rf.3c282654eb5244e73d2d620d1dd6adf4.jpg

0: 384x640 4 persons, 228.7ms
Speed: 1.6ms preprocess, 228.7ms inference, 1.3ms postprocess per image at shape (1, 3, 384, 640)
[YOLO] Detected 2 persons
  ΓööΓöÇ Person 1/2
[EMBED] Image embedding: shape=(1, 512)
[HELMET] Pos_score: 4.3333, Neg_score: 2.6667
  Γ£ô HELMET DETECTED (pos: 4.3333 > neg: 2.6667)
[EMBED] Image embedding: shape=(1, 512)
[COVERALL] Pos_score: 3.0000, Neg_score: 2.3333
  Γ£ô COVERALL DETECTED (pos: 3.0000 > neg: 2.3333)
  ΓööΓöÇ Person 2/2
[EMBED] Image embedding: shape=(1, 512)
[HELMET] Pos_score: 2.3333, Neg_score: 2.3333
  Γ£ù NO HELMET (pos: 2.3333 <= neg: 2.3333)
[EMBED] Image embedding: shape=(1, 512)
[COVERALL] Pos_score: 3.0000, Neg_score: 4.0000
  Γ£ù NO COVERALL (pos: 3.0000 <= neg: 4.0000)
  Γ£à Saved: frame_007100_jpg.rf.3c282654eb5244e73d2d620d1dd6adf4.jpg

[PROCESS] 65. frame_007166_jpg.rf.825aa0520a057af44709e306f9622c9d.jpg

0: 384x640 3 persons, 240.6ms
Speed: 1.5ms preprocess, 240.6ms inference, 1.1ms postprocess per image at shape (1, 3, 384, 640)
[YOLO] Detected 3 persons
  ΓööΓöÇ Person 1/3
[EMBED] Image embedding: shape=(1, 512)
[HELMET] Pos_score: 2.6667, Neg_score: 3.3333
  Γ£ù NO HELMET (pos: 2.6667 <= neg: 3.3333)
[EMBED] Image embedding: shape=(1, 512)
[COVERALL] Pos_score: 3.0000, Neg_score: 2.3333
  Γ£ô COVERALL DETECTED (pos: 3.0000 > neg: 2.3333)
  ΓööΓöÇ Person 2/3
[EMBED] Image embedding: shape=(1, 512)
[HELMET] Pos_score: 4.3333, Neg_score: 2.6667
  Γ£ô HELMET DETECTED (pos: 4.3333 > neg: 2.6667)
[EMBED] Image embedding: shape=(1, 512)
[COVERALL] Pos_score: 4.6667, Neg_score: 4.0000
  Γ£ô COVERALL DETECTED (pos: 4.6667 > neg: 4.0000)
  ΓööΓöÇ Person 3/3
[EMBED] Image embedding: shape=(1, 512)
[HELMET] Pos_score: 1.0000, Neg_score: 2.6667
  Γ£ù NO HELMET (pos: 1.0000 <= neg: 2.6667)
[EMBED] Image embedding: shape=(1, 512)
[COVERALL] Pos_score: 3.0000, Neg_score: 2.6667
  Γ£ô COVERALL DETECTED (pos: 3.0000 > neg: 2.6667)
  Γ£à Saved: frame_007166_jpg.rf.825aa0520a057af44709e306f9622c9d.jpg

[PROCESS] 66. frame_007173_jpg.rf.11fa12e3352bca451e895dd18b589196.jpg

0: 384x640 2 persons, 205.3ms
Speed: 1.5ms preprocess, 205.3ms inference, 1.2ms postprocess per image at shape (1, 3, 384, 640)
[YOLO] Detected 2 persons
  ΓööΓöÇ Person 1/2
[EMBED] Image embedding: shape=(1, 512)
[HELMET] Pos_score: 3.6667, Neg_score: 3.3333
  Γ£ô HELMET DETECTED (pos: 3.6667 > neg: 3.3333)
[EMBED] Image embedding: shape=(1, 512)
[COVERALL] Pos_score: 3.6667, Neg_score: 2.3333
  Γ£ô COVERALL DETECTED (pos: 3.6667 > neg: 2.3333)
  ΓööΓöÇ Person 2/2
[EMBED] Image embedding: shape=(1, 512)
[HELMET] Pos_score: 3.3333, Neg_score: 2.6667
  Γ£ô HELMET DETECTED (pos: 3.3333 > neg: 2.6667)
[EMBED] Image embedding: shape=(1, 512)
[COVERALL] Pos_score: 2.6667, Neg_score: 2.3333
  Γ£ô COVERALL DETECTED (pos: 2.6667 > neg: 2.3333)
  Γ£à Saved: frame_007173_jpg.rf.11fa12e3352bca451e895dd18b589196.jpg

[PROCESS] 67. frame_007189_jpg.rf.0ed228b4c7dc75979453d2e4b6a9836b.jpg

0: 384x640 3 persons, 203.4ms
Speed: 1.8ms preprocess, 203.4ms inference, 1.1ms postprocess per image at shape (1, 3, 384, 640)
[YOLO] Detected 2 persons
  ΓööΓöÇ Person 1/2
[EMBED] Image embedding: shape=(1, 512)
[HELMET] Pos_score: 2.0000, Neg_score: 3.3333
  Γ£ù NO HELMET (pos: 2.0000 <= neg: 3.3333)
[EMBED] Image embedding: shape=(1, 512)
[COVERALL] Pos_score: 3.0000, Neg_score: 2.3333
  Γ£ô COVERALL DETECTED (pos: 3.0000 > neg: 2.3333)
  ΓööΓöÇ Person 2/2
[EMBED] Image embedding: shape=(1, 512)
[HELMET] Pos_score: 2.0000, Neg_score: 3.3333
  Γ£ù NO HELMET (pos: 2.0000 <= neg: 3.3333)
[EMBED] Image embedding: shape=(1, 512)
[COVERALL] Pos_score: 3.3333, Neg_score: 2.6667
  Γ£ô COVERALL DETECTED (pos: 3.3333 > neg: 2.6667)
  Γ£à Saved: frame_007189_jpg.rf.0ed228b4c7dc75979453d2e4b6a9836b.jpg

[PROCESS] 68. frame_007199_jpg.rf.048d1f44379a8da7b51c2cacbfeed835.jpg

0: 384x640 2 persons, 195.4ms
Speed: 1.5ms preprocess, 195.4ms inference, 1.7ms postprocess per image at shape (1, 3, 384, 640)
[YOLO] Detected 2 persons
  ΓööΓöÇ Person 1/2
[EMBED] Image embedding: shape=(1, 512)
[HELMET] Pos_score: 4.3333, Neg_score: 2.6667
  Γ£ô HELMET DETECTED (pos: 4.3333 > neg: 2.6667)
[EMBED] Image embedding: shape=(1, 512)
[COVERALL] Pos_score: 1.3333, Neg_score: 2.3333
  Γ£ù NO COVERALL (pos: 1.3333 <= neg: 2.3333)
  ΓööΓöÇ Person 2/2
[EMBED] Image embedding: shape=(1, 512)
[HELMET] Pos_score: 3.0000, Neg_score: 2.6667
  Γ£ô HELMET DETECTED (pos: 3.0000 > neg: 2.6667)
[EMBED] Image embedding: shape=(1, 512)
[COVERALL] Pos_score: 4.3333, Neg_score: 3.0000
  Γ£ô COVERALL DETECTED (pos: 4.3333 > neg: 3.0000)
  Γ£à Saved: frame_007199_jpg.rf.048d1f44379a8da7b51c2cacbfeed835.jpg

[PROCESS] 69. frame_007203_jpg.rf.7eeec0da1a0a9f96c56f8e4ca7db82fa.jpg

0: 384x640 2 persons, 196.7ms
Speed: 1.2ms preprocess, 196.7ms inference, 1.5ms postprocess per image at shape (1, 3, 384, 640)
[YOLO] Detected 1 persons
  ΓööΓöÇ Person 1/1
[EMBED] Image embedding: shape=(1, 512)
[HELMET] Pos_score: 4.3333, Neg_score: 2.6667
  Γ£ô HELMET DETECTED (pos: 4.3333 > neg: 2.6667)
[EMBED] Image embedding: shape=(1, 512)
[COVERALL] Pos_score: 3.6667, Neg_score: 2.3333
  Γ£ô COVERALL DETECTED (pos: 3.6667 > neg: 2.3333)
  Γ£à Saved: frame_007203_jpg.rf.7eeec0da1a0a9f96c56f8e4ca7db82fa.jpg

[PROCESS] 70. frame_007209_jpg.rf.dd6d73e9fa30bf9a4ae4935aef2d92ea.jpg

0: 384x640 5 persons, 193.8ms
Speed: 1.2ms preprocess, 193.8ms inference, 1.2ms postprocess per image at shape (1, 3, 384, 640)
[YOLO] Detected 3 persons
  ΓööΓöÇ Person 1/3
[EMBED] Image embedding: shape=(1, 512)
[HELMET] Pos_score: 3.0000, Neg_score: 2.6667
  Γ£ô HELMET DETECTED (pos: 3.0000 > neg: 2.6667)
[EMBED] Image embedding: shape=(1, 512)
[COVERALL] Pos_score: 3.6667, Neg_score: 2.3333
  Γ£ô COVERALL DETECTED (pos: 3.6667 > neg: 2.3333)
  ΓööΓöÇ Person 2/3
[EMBED] Image embedding: shape=(1, 512)
[HELMET] Pos_score: 4.3333, Neg_score: 2.6667
  Γ£ô HELMET DETECTED (pos: 4.3333 > neg: 2.6667)
[EMBED] Image embedding: shape=(1, 512)
[COVERALL] Pos_score: 3.0000, Neg_score: 2.3333
  Γ£ô COVERALL DETECTED (pos: 3.0000 > neg: 2.3333)
  ΓööΓöÇ Person 3/3
[EMBED] Image embedding: shape=(1, 512)
[HELMET] Pos_score: 3.0000, Neg_score: 2.6667
  Γ£ô HELMET DETECTED (pos: 3.0000 > neg: 2.6667)
[EMBED] Image embedding: shape=(1, 512)
[COVERALL] Pos_score: 4.6667, Neg_score: 2.3333
  Γ£ô COVERALL DETECTED (pos: 4.6667 > neg: 2.3333)
  Γ£à Saved: frame_007209_jpg.rf.dd6d73e9fa30bf9a4ae4935aef2d92ea.jpg

[PROCESS] 71. frame_007212_jpg.rf.def3ea4449ae90f603b8009201e2fc2f.jpg

0: 384x640 3 persons, 197.2ms
Speed: 1.5ms preprocess, 197.2ms inference, 1.3ms postprocess per image at shape (1, 3, 384, 640)
[YOLO] Detected 2 persons
  ΓööΓöÇ Person 1/2
[EMBED] Image embedding: shape=(1, 512)
[HELMET] Pos_score: 3.0000, Neg_score: 3.3333
  Γ£ù NO HELMET (pos: 3.0000 <= neg: 3.3333)
[EMBED] Image embedding: shape=(1, 512)
[COVERALL] Pos_score: 3.0000, Neg_score: 2.3333
  Γ£ô COVERALL DETECTED (pos: 3.0000 > neg: 2.3333)
  ΓööΓöÇ Person 2/2
[EMBED] Image embedding: shape=(1, 512)
[HELMET] Pos_score: 4.3333, Neg_score: 2.3333
  Γ£ô HELMET DETECTED (pos: 4.3333 > neg: 2.3333)
[EMBED] Image embedding: shape=(1, 512)
[COVERALL] Pos_score: 2.6667, Neg_score: 2.3333
  Γ£ô COVERALL DETECTED (pos: 2.6667 > neg: 2.3333)
  Γ£à Saved: frame_007212_jpg.rf.def3ea4449ae90f603b8009201e2fc2f.jpg

[PROCESS] 72. frame_007343_jpg.rf.a706ccd9c66c987c5a5af49d850aa24a.jpg

0: 384x640 4 persons, 1 bicycle, 190.9ms
Speed: 1.4ms preprocess, 190.9ms inference, 1.2ms postprocess per image at shape (1, 3, 384, 640)
[YOLO] Detected 3 persons
  ΓööΓöÇ Person 1/3
[EMBED] Image embedding: shape=(1, 512)
[HELMET] Pos_score: 3.6667, Neg_score: 1.0000
  Γ£ô HELMET DETECTED (pos: 3.6667 > neg: 1.0000)
[EMBED] Image embedding: shape=(1, 512)
[COVERALL] Pos_score: 2.6667, Neg_score: 3.0000
  Γ£ù NO COVERALL (pos: 2.6667 <= neg: 3.0000)
  ΓööΓöÇ Person 2/3
[EMBED] Image embedding: shape=(1, 512)
[HELMET] Pos_score: 3.0000, Neg_score: 2.0000
  Γ£ô HELMET DETECTED (pos: 3.0000 > neg: 2.0000)
[EMBED] Image embedding: shape=(1, 512)
[COVERALL] Pos_score: 1.3333, Neg_score: 2.3333
  Γ£ù NO COVERALL (pos: 1.3333 <= neg: 2.3333)
  ΓööΓöÇ Person 3/3
[EMBED] Image embedding: shape=(1, 512)
[HELMET] Pos_score: 2.6667, Neg_score: 3.3333
  Γ£ù NO HELMET (pos: 2.6667 <= neg: 3.3333)
[EMBED] Image embedding: shape=(1, 512)
[COVERALL] Pos_score: 3.0000, Neg_score: 2.0000
  Γ£ô COVERALL DETECTED (pos: 3.0000 > neg: 2.0000)
  Γ£à Saved: frame_007343_jpg.rf.a706ccd9c66c987c5a5af49d850aa24a.jpg

[PROCESS] 73. frame_007378_jpg.rf.40fe0b60bf3e88d0a571b465b3c7f617.jpg

0: 384x640 4 persons, 1 bicycle, 199.4ms
Speed: 1.2ms preprocess, 199.4ms inference, 1.2ms postprocess per image at shape (1, 3, 384, 640)
[YOLO] Detected 2 persons
  ΓööΓöÇ Person 1/2
[EMBED] Image embedding: shape=(1, 512)
[HELMET] Pos_score: 4.6667, Neg_score: 2.0000
  Γ£ô HELMET DETECTED (pos: 4.6667 > neg: 2.0000)
[EMBED] Image embedding: shape=(1, 512)
[COVERALL] Pos_score: 4.0000, Neg_score: 4.0000
  Γ£ù NO COVERALL (pos: 4.0000 <= neg: 4.0000)
  ΓööΓöÇ Person 2/2
[EMBED] Image embedding: shape=(1, 512)
[HELMET] Pos_score: 4.0000, Neg_score: 3.0000
  Γ£ô HELMET DETECTED (pos: 4.0000 > neg: 3.0000)
[EMBED] Image embedding: shape=(1, 512)
[COVERALL] Pos_score: 3.6667, Neg_score: 2.3333
  Γ£ô COVERALL DETECTED (pos: 3.6667 > neg: 2.3333)
  Γ£à Saved: frame_007378_jpg.rf.40fe0b60bf3e88d0a571b465b3c7f617.jpg

[PROCESS] 74. frame_007384_jpg.rf.55ab6d669678648d4e01e82ed54c6f0b.jpg

0: 384x640 3 persons, 197.6ms
Speed: 1.7ms preprocess, 197.6ms inference, 1.2ms postprocess per image at shape (1, 3, 384, 640)
[YOLO] Detected 1 persons
  ΓööΓöÇ Person 1/1
[EMBED] Image embedding: shape=(1, 512)
[HELMET] Pos_score: 3.0000, Neg_score: 2.6667
  Γ£ô HELMET DETECTED (pos: 3.0000 > neg: 2.6667)
[EMBED] Image embedding: shape=(1, 512)
[COVERALL] Pos_score: 2.3333, Neg_score: 2.6667
  Γ£ù NO COVERALL (pos: 2.3333 <= neg: 2.6667)
  Γ£à Saved: frame_007384_jpg.rf.55ab6d669678648d4e01e82ed54c6f0b.jpg

[PROCESS] 75. frame_007430_jpg.rf.baba5d27d9714f2183cc695952d81288.jpg

0: 384x640 3 persons, 205.4ms
Speed: 1.4ms preprocess, 205.4ms inference, 1.2ms postprocess per image at shape (1, 3, 384, 640)
[YOLO] Detected 0 persons
  Γ£à Saved: frame_007430_jpg.rf.baba5d27d9714f2183cc695952d81288.jpg

[PROCESS] 76. frame_007448_jpg.rf.575c3e809352782fe6ff556e0636d4c3.jpg

0: 384x640 2 persons, 205.5ms
Speed: 1.2ms preprocess, 205.5ms inference, 1.1ms postprocess per image at shape (1, 3, 384, 640)
[YOLO] Detected 1 persons
  ΓööΓöÇ Person 1/1
[EMBED] Image embedding: shape=(1, 512)
[HELMET] Pos_score: 2.0000, Neg_score: 2.6667
  Γ£ù NO HELMET (pos: 2.0000 <= neg: 2.6667)
[EMBED] Image embedding: shape=(1, 512)
[COVERALL] Pos_score: 1.0000, Neg_score: 2.3333
  Γ£ù NO COVERALL (pos: 1.0000 <= neg: 2.3333)
  Γ£à Saved: frame_007448_jpg.rf.575c3e809352782fe6ff556e0636d4c3.jpg

[PROCESS] 77. frame_007454_jpg.rf.e771578dfb52249ea3598e7a87077fa5.jpg

0: 384x640 3 persons, 192.8ms
Speed: 1.3ms preprocess, 192.8ms inference, 1.0ms postprocess per image at shape (1, 3, 384, 640)
[YOLO] Detected 0 persons
  Γ£à Saved: frame_007454_jpg.rf.e771578dfb52249ea3598e7a87077fa5.jpg

[PROCESS] 78. frame_007457_jpg.rf.5a94500ade2f09c654f761dff8902847.jpg

0: 384x640 4 persons, 198.7ms
Speed: 1.3ms preprocess, 198.7ms inference, 1.0ms postprocess per image at shape (1, 3, 384, 640)
[YOLO] Detected 1 persons
  ΓööΓöÇ Person 1/1
[EMBED] Image embedding: shape=(1, 512)
[HELMET] Pos_score: 2.0000, Neg_score: 1.0000
  Γ£ô HELMET DETECTED (pos: 2.0000 > neg: 1.0000)
[EMBED] Image embedding: shape=(1, 512)
[COVERALL] Pos_score: 1.0000, Neg_score: 2.6667
  Γ£ù NO COVERALL (pos: 1.0000 <= neg: 2.6667)
  Γ£à Saved: frame_007457_jpg.rf.5a94500ade2f09c654f761dff8902847.jpg

[PROCESS] 79. frame_007460_jpg.rf.38964f63b5e8cd9fc7b6e1c242d00f6e.jpg

0: 384x640 7 persons, 205.0ms
Speed: 1.4ms preprocess, 205.0ms inference, 1.3ms postprocess per image at shape (1, 3, 384, 640)
[YOLO] Detected 2 persons
  ΓööΓöÇ Person 1/2
[EMBED] Image embedding: shape=(1, 512)
[HELMET] Pos_score: 3.3333, Neg_score: 3.3333
  Γ£ù NO HELMET (pos: 3.3333 <= neg: 3.3333)
[EMBED] Image embedding: shape=(1, 512)
[COVERALL] Pos_score: 3.6667, Neg_score: 2.3333
  Γ£ô COVERALL DETECTED (pos: 3.6667 > neg: 2.3333)
  ΓööΓöÇ Person 2/2
[EMBED] Image embedding: shape=(1, 512)
[HELMET] Pos_score: 2.0000, Neg_score: 2.6667
  Γ£ù NO HELMET (pos: 2.0000 <= neg: 2.6667)
[EMBED] Image embedding: shape=(1, 512)
[COVERALL] Pos_score: 3.0000, Neg_score: 2.6667
  Γ£ô COVERALL DETECTED (pos: 3.0000 > neg: 2.6667)
  Γ£à Saved: frame_007460_jpg.rf.38964f63b5e8cd9fc7b6e1c242d00f6e.jpg

[PROCESS] 80. frame_007477_jpg.rf.1290376a985374984800e5e9d89f0419.jpg

0: 384x640 5 persons, 195.7ms
Speed: 1.4ms preprocess, 195.7ms inference, 1.1ms postprocess per image at shape (1, 3, 384, 640)
[YOLO] Detected 2 persons
  ΓööΓöÇ Person 1/2
[EMBED] Image embedding: shape=(1, 512)
[HELMET] Pos_score: 2.6667, Neg_score: 2.6667
  Γ£ù NO HELMET (pos: 2.6667 <= neg: 2.6667)
[EMBED] Image embedding: shape=(1, 512)
[COVERALL] Pos_score: 4.3333, Neg_score: 2.3333
  Γ£ô COVERALL DETECTED (pos: 4.3333 > neg: 2.3333)
  ΓööΓöÇ Person 2/2
[EMBED] Image embedding: shape=(1, 512)
[HELMET] Pos_score: 3.3333, Neg_score: 2.6667
  Γ£ô HELMET DETECTED (pos: 3.3333 > neg: 2.6667)
[EMBED] Image embedding: shape=(1, 512)
[COVERALL] Pos_score: 4.3333, Neg_score: 2.3333
  Γ£ô COVERALL DETECTED (pos: 4.3333 > neg: 2.3333)
  Γ£à Saved: frame_007477_jpg.rf.1290376a985374984800e5e9d89f0419.jpg

[PROCESS] 81. frame_007478_jpg.rf.6d84cec84766032deaf7023847d79f43.jpg

0: 384x640 5 persons, 202.5ms
Speed: 1.4ms preprocess, 202.5ms inference, 1.3ms postprocess per image at shape (1, 3, 384, 640)
[YOLO] Detected 4 persons
  ΓööΓöÇ Person 1/4
[EMBED] Image embedding: shape=(1, 512)
[HELMET] Pos_score: 3.0000, Neg_score: 3.3333
  Γ£ù NO HELMET (pos: 3.0000 <= neg: 3.3333)
[EMBED] Image embedding: shape=(1, 512)
[COVERALL] Pos_score: 3.0000, Neg_score: 2.3333
  Γ£ô COVERALL DETECTED (pos: 3.0000 > neg: 2.3333)
  ΓööΓöÇ Person 2/4
[EMBED] Image embedding: shape=(1, 512)
[HELMET] Pos_score: 1.6667, Neg_score: 2.6667
  Γ£ù NO HELMET (pos: 1.6667 <= neg: 2.6667)
[EMBED] Image embedding: shape=(1, 512)
[COVERALL] Pos_score: 4.3333, Neg_score: 2.3333
  Γ£ô COVERALL DETECTED (pos: 4.3333 > neg: 2.3333)
  ΓööΓöÇ Person 3/4
[EMBED] Image embedding: shape=(1, 512)
[HELMET] Pos_score: 3.0000, Neg_score: 2.6667
  Γ£ô HELMET DETECTED (pos: 3.0000 > neg: 2.6667)
[EMBED] Image embedding: shape=(1, 512)
[COVERALL] Pos_score: 3.0000, Neg_score: 3.0000
  Γ£ù NO COVERALL (pos: 3.0000 <= neg: 3.0000)
  ΓööΓöÇ Person 4/4
[EMBED] Image embedding: shape=(1, 512)
[HELMET] Pos_score: 3.6667, Neg_score: 2.0000
  Γ£ô HELMET DETECTED (pos: 3.6667 > neg: 2.0000)
[EMBED] Image embedding: shape=(1, 512)
[COVERALL] Pos_score: 3.0000, Neg_score: 2.3333
  Γ£ô COVERALL DETECTED (pos: 3.0000 > neg: 2.3333)
  Γ£à Saved: frame_007478_jpg.rf.6d84cec84766032deaf7023847d79f43.jpg

[PROCESS] 82. frame_007535_jpg.rf.65b6185c673bcf52afcfacfba845df74.jpg

0: 384x640 3 persons, 199.4ms
Speed: 1.5ms preprocess, 199.4ms inference, 1.1ms postprocess per image at shape (1, 3, 384, 640)
[YOLO] Detected 1 persons
  ΓööΓöÇ Person 1/1
[EMBED] Image embedding: shape=(1, 512)
[HELMET] Pos_score: 5.0000, Neg_score: 2.6667
  Γ£ô HELMET DETECTED (pos: 5.0000 > neg: 2.6667)
[EMBED] Image embedding: shape=(1, 512)
[COVERALL] Pos_score: 3.6667, Neg_score: 4.0000
  Γ£ù NO COVERALL (pos: 3.6667 <= neg: 4.0000)
  Γ£à Saved: frame_007535_jpg.rf.65b6185c673bcf52afcfacfba845df74.jpg

[PROCESS] 83. frame_007540_jpg.rf.c6f13353303ef57797b1be24d4c72d85.jpg

0: 384x640 3 persons, 199.7ms
Speed: 1.2ms preprocess, 199.7ms inference, 1.4ms postprocess per image at shape (1, 3, 384, 640)
[YOLO] Detected 2 persons
  ΓööΓöÇ Person 1/2
[EMBED] Image embedding: shape=(1, 512)
[HELMET] Pos_score: 3.0000, Neg_score: 2.6667
  Γ£ô HELMET DETECTED (pos: 3.0000 > neg: 2.6667)
[EMBED] Image embedding: shape=(1, 512)
[COVERALL] Pos_score: 3.6667, Neg_score: 2.3333
  Γ£ô COVERALL DETECTED (pos: 3.6667 > neg: 2.3333)
  ΓööΓöÇ Person 2/2
[EMBED] Image embedding: shape=(1, 512)
[HELMET] Pos_score: 3.0000, Neg_score: 3.3333
  Γ£ù NO HELMET (pos: 3.0000 <= neg: 3.3333)
[EMBED] Image embedding: shape=(1, 512)
[COVERALL] Pos_score: 5.3333, Neg_score: 2.3333
  Γ£ô COVERALL DETECTED (pos: 5.3333 > neg: 2.3333)
  Γ£à Saved: frame_007540_jpg.rf.c6f13353303ef57797b1be24d4c72d85.jpg

[PROCESS] 84. frame_007575_jpg.rf.abce2ab7f3307ced7edc46eb13c8c16c.jpg

0: 384x640 2 persons, 248.7ms
Speed: 1.4ms preprocess, 248.7ms inference, 1.3ms postprocess per image at shape (1, 3, 384, 640)
[YOLO] Detected 2 persons
  ΓööΓöÇ Person 1/2
[EMBED] Image embedding: shape=(1, 512)
[HELMET] Pos_score: 4.3333, Neg_score: 2.6667
  Γ£ô HELMET DETECTED (pos: 4.3333 > neg: 2.6667)
[EMBED] Image embedding: shape=(1, 512)
[COVERALL] Pos_score: 3.6667, Neg_score: 2.3333
  Γ£ô COVERALL DETECTED (pos: 3.6667 > neg: 2.3333)
  ΓööΓöÇ Person 2/2
[EMBED] Image embedding: shape=(1, 512)
[HELMET] Pos_score: 3.0000, Neg_score: 3.6667
  Γ£ù NO HELMET (pos: 3.0000 <= neg: 3.6667)
[EMBED] Image embedding: shape=(1, 512)
[COVERALL] Pos_score: 5.3333, Neg_score: 2.3333
  Γ£ô COVERALL DETECTED (pos: 5.3333 > neg: 2.3333)
  Γ£à Saved: frame_007575_jpg.rf.abce2ab7f3307ced7edc46eb13c8c16c.jpg

[PROCESS] 85. frame_007576_jpg.rf.cd6d6384a2da84677f6b708abb983bd8.jpg

0: 384x640 2 persons, 193.4ms
Speed: 1.2ms preprocess, 193.4ms inference, 1.1ms postprocess per image at shape (1, 3, 384, 640)
[YOLO] Detected 1 persons
  ΓööΓöÇ Person 1/1
[EMBED] Image embedding: shape=(1, 512)
[HELMET] Pos_score: 3.3333, Neg_score: 2.6667
  Γ£ô HELMET DETECTED (pos: 3.3333 > neg: 2.6667)
[EMBED] Image embedding: shape=(1, 512)
[COVERALL] Pos_score: 1.3333, Neg_score: 2.3333
  Γ£ù NO COVERALL (pos: 1.3333 <= neg: 2.3333)
  Γ£à Saved: frame_007576_jpg.rf.cd6d6384a2da84677f6b708abb983bd8.jpg

[PROCESS] 86. frame_007616_jpg.rf.2ffab6707fc7dd65d2923e8bc677c84a.jpg

0: 384x640 3 persons, 195.1ms
Speed: 1.4ms preprocess, 195.1ms inference, 1.2ms postprocess per image at shape (1, 3, 384, 640)
[YOLO] Detected 2 persons
  ΓööΓöÇ Person 1/2
[EMBED] Image embedding: shape=(1, 512)
[HELMET] Pos_score: 3.6667, Neg_score: 2.6667
  Γ£ô HELMET DETECTED (pos: 3.6667 > neg: 2.6667)
[EMBED] Image embedding: shape=(1, 512)
[COVERALL] Pos_score: 4.3333, Neg_score: 2.3333
  Γ£ô COVERALL DETECTED (pos: 4.3333 > neg: 2.3333)
  ΓööΓöÇ Person 2/2
[EMBED] Image embedding: shape=(1, 512)
[HELMET] Pos_score: 4.3333, Neg_score: 3.3333
  Γ£ô HELMET DETECTED (pos: 4.3333 > neg: 3.3333)
[EMBED] Image embedding: shape=(1, 512)
[COVERALL] Pos_score: 3.0000, Neg_score: 2.3333
  Γ£ô COVERALL DETECTED (pos: 3.0000 > neg: 2.3333)
  Γ£à Saved: frame_007616_jpg.rf.2ffab6707fc7dd65d2923e8bc677c84a.jpg

[PROCESS] 87. frame_007625_jpg.rf.d8a14d87370de97592ad4f20094fbf75.jpg

0: 384x640 4 persons, 207.4ms
Speed: 1.8ms preprocess, 207.4ms inference, 1.0ms postprocess per image at shape (1, 3, 384, 640)
[YOLO] Detected 2 persons
  ΓööΓöÇ Person 1/2
[EMBED] Image embedding: shape=(1, 512)
[HELMET] Pos_score: 3.0000, Neg_score: 3.3333
  Γ£ù NO HELMET (pos: 3.0000 <= neg: 3.3333)
[EMBED] Image embedding: shape=(1, 512)
[COVERALL] Pos_score: 2.6667, Neg_score: 2.3333
  Γ£ô COVERALL DETECTED (pos: 2.6667 > neg: 2.3333)
  ΓööΓöÇ Person 2/2
[EMBED] Image embedding: shape=(1, 512)
[HELMET] Pos_score: 1.3333, Neg_score: 2.6667
  Γ£ù NO HELMET (pos: 1.3333 <= neg: 2.6667)
[EMBED] Image embedding: shape=(1, 512)
[COVERALL] Pos_score: 1.3333, Neg_score: 2.6667
  Γ£ù NO COVERALL (pos: 1.3333 <= neg: 2.6667)
  Γ£à Saved: frame_007625_jpg.rf.d8a14d87370de97592ad4f20094fbf75.jpg

[PROCESS] 88. frame_007652_jpg.rf.a9c83186ab765fe7c5be374675628149.jpg

0: 384x640 3 persons, 207.0ms
Speed: 1.6ms preprocess, 207.0ms inference, 1.2ms postprocess per image at shape (1, 3, 384, 640)
[YOLO] Detected 3 persons
  ΓööΓöÇ Person 1/3
[EMBED] Image embedding: shape=(1, 512)
[HELMET] Pos_score: 2.3333, Neg_score: 3.3333
  Γ£ù NO HELMET (pos: 2.3333 <= neg: 3.3333)
[EMBED] Image embedding: shape=(1, 512)
[COVERALL] Pos_score: 1.3333, Neg_score: 3.0000
  Γ£ù NO COVERALL (pos: 1.3333 <= neg: 3.0000)
  ΓööΓöÇ Person 2/3
[EMBED] Image embedding: shape=(1, 512)
[HELMET] Pos_score: 3.0000, Neg_score: 2.6667
  Γ£ô HELMET DETECTED (pos: 3.0000 > neg: 2.6667)
[EMBED] Image embedding: shape=(1, 512)
[COVERALL] Pos_score: 2.0000, Neg_score: 2.3333
  Γ£ù NO COVERALL (pos: 2.0000 <= neg: 2.3333)
  ΓööΓöÇ Person 3/3
[EMBED] Image embedding: shape=(1, 512)
[HELMET] Pos_score: 2.3333, Neg_score: 2.6667
  Γ£ù NO HELMET (pos: 2.3333 <= neg: 2.6667)
[EMBED] Image embedding: shape=(1, 512)
[COVERALL] Pos_score: 3.0000, Neg_score: 2.6667
  Γ£ô COVERALL DETECTED (pos: 3.0000 > neg: 2.6667)
  Γ£à Saved: frame_007652_jpg.rf.a9c83186ab765fe7c5be374675628149.jpg

[PROCESS] 89. frame_007657_jpg.rf.5cf737d8e7abb18f2193a79d66614a8d.jpg

0: 384x640 1 person, 195.1ms
Speed: 1.4ms preprocess, 195.1ms inference, 1.1ms postprocess per image at shape (1, 3, 384, 640)
[YOLO] Detected 0 persons
  Γ£à Saved: frame_007657_jpg.rf.5cf737d8e7abb18f2193a79d66614a8d.jpg

[PROCESS] 90. frame_007662_jpg.rf.a814e3e886dc432a2469c762e7c6a27c.jpg

0: 384x640 3 persons, 186.4ms
Speed: 1.2ms preprocess, 186.4ms inference, 1.0ms postprocess per image at shape (1, 3, 384, 640)
[YOLO] Detected 1 persons
  ΓööΓöÇ Person 1/1
[EMBED] Image embedding: shape=(1, 512)
[HELMET] Pos_score: 2.0000, Neg_score: 3.3333
  Γ£ù NO HELMET (pos: 2.0000 <= neg: 3.3333)
[EMBED] Image embedding: shape=(1, 512)
[COVERALL] Pos_score: 4.3333, Neg_score: 4.0000
  Γ£ô COVERALL DETECTED (pos: 4.3333 > neg: 4.0000)
  Γ£à Saved: frame_007662_jpg.rf.a814e3e886dc432a2469c762e7c6a27c.jpg

[PROCESS] 91. frame_007665_jpg.rf.38795a94778ce0d5253c0e1df74e38fd.jpg

0: 384x640 2 persons, 203.2ms
Speed: 1.5ms preprocess, 203.2ms inference, 1.3ms postprocess per image at shape (1, 3, 384, 640)
[YOLO] Detected 0 persons
  Γ£à Saved: frame_007665_jpg.rf.38795a94778ce0d5253c0e1df74e38fd.jpg

[PROCESS] 92. frame_007667_jpg.rf.8522a027aa533ac523cb4651c0f7c053.jpg

0: 384x640 2 persons, 1 bicycle, 209.5ms
Speed: 2.0ms preprocess, 209.5ms inference, 1.1ms postprocess per image at shape (1, 3, 384, 640)
[YOLO] Detected 1 persons
  ΓööΓöÇ Person 1/1
[EMBED] Image embedding: shape=(1, 512)
[HELMET] Pos_score: 1.6667, Neg_score: 2.6667
  Γ£ù NO HELMET (pos: 1.6667 <= neg: 2.6667)
[EMBED] Image embedding: shape=(1, 512)
[COVERALL] Pos_score: 3.0000, Neg_score: 2.3333
  Γ£ô COVERALL DETECTED (pos: 3.0000 > neg: 2.3333)
  Γ£à Saved: frame_007667_jpg.rf.8522a027aa533ac523cb4651c0f7c053.jpg

[PROCESS] 93. frame_007761_jpg.rf.23465728ad7660d22620e8f00baab6df.jpg

0: 384x640 4 persons, 1 bicycle, 200.1ms
Speed: 1.2ms preprocess, 200.1ms inference, 1.4ms postprocess per image at shape (1, 3, 384, 640)
[YOLO] Detected 4 persons
  ΓööΓöÇ Person 1/4
[EMBED] Image embedding: shape=(1, 512)
[HELMET] Pos_score: 3.0000, Neg_score: 2.6667
  Γ£ô HELMET DETECTED (pos: 3.0000 > neg: 2.6667)
[EMBED] Image embedding: shape=(1, 512)
[COVERALL] Pos_score: 2.6667, Neg_score: 2.3333
  Γ£ô COVERALL DETECTED (pos: 2.6667 > neg: 2.3333)
  ΓööΓöÇ Person 2/4
[EMBED] Image embedding: shape=(1, 512)
[HELMET] Pos_score: 4.3333, Neg_score: 2.0000
  Γ£ô HELMET DETECTED (pos: 4.3333 > neg: 2.0000)
[EMBED] Image embedding: shape=(1, 512)
[COVERALL] Pos_score: 3.6667, Neg_score: 2.3333
  Γ£ô COVERALL DETECTED (pos: 3.6667 > neg: 2.3333)
  ΓööΓöÇ Person 3/4
[EMBED] Image embedding: shape=(1, 512)
[HELMET] Pos_score: 3.0000, Neg_score: 3.3333
  Γ£ù NO HELMET (pos: 3.0000 <= neg: 3.3333)
[EMBED] Image embedding: shape=(1, 512)
[COVERALL] Pos_score: 3.0000, Neg_score: 2.3333
  Γ£ô COVERALL DETECTED (pos: 3.0000 > neg: 2.3333)
  ΓööΓöÇ Person 4/4
[EMBED] Image embedding: shape=(1, 512)
[HELMET] Pos_score: 2.0000, Neg_score: 2.6667
  Γ£ù NO HELMET (pos: 2.0000 <= neg: 2.6667)
[EMBED] Image embedding: shape=(1, 512)
[COVERALL] Pos_score: 3.0000, Neg_score: 4.0000
  Γ£ù NO COVERALL (pos: 3.0000 <= neg: 4.0000)
  Γ£à Saved: frame_007761_jpg.rf.23465728ad7660d22620e8f00baab6df.jpg

[PROCESS] 94. frame_007762_jpg.rf.d0077e4d61b94106e24ac0eebcde2c5e.jpg

0: 384x640 5 persons, 1 bicycle, 196.6ms
Speed: 1.2ms preprocess, 196.6ms inference, 1.3ms postprocess per image at shape (1, 3, 384, 640)
[YOLO] Detected 2 persons
  ΓööΓöÇ Person 1/2
[EMBED] Image embedding: shape=(1, 512)
[HELMET] Pos_score: 3.0000, Neg_score: 1.0000
  Γ£ô HELMET DETECTED (pos: 3.0000 > neg: 1.0000)
[EMBED] Image embedding: shape=(1, 512)
[COVERALL] Pos_score: 3.6667, Neg_score: 2.3333
  Γ£ô COVERALL DETECTED (pos: 3.6667 > neg: 2.3333)
  ΓööΓöÇ Person 2/2
[EMBED] Image embedding: shape=(1, 512)
[HELMET] Pos_score: 2.6667, Neg_score: 3.6667
  Γ£ù NO HELMET (pos: 2.6667 <= neg: 3.6667)
[EMBED] Image embedding: shape=(1, 512)
[COVERALL] Pos_score: 3.6667, Neg_score: 2.3333
  Γ£ô COVERALL DETECTED (pos: 3.6667 > neg: 2.3333)
  Γ£à Saved: frame_007762_jpg.rf.d0077e4d61b94106e24ac0eebcde2c5e.jpg

[PROCESS] 95. frame_007768_jpg.rf.185de350d8c12f3e991591ac36971673.jpg

0: 384x640 5 persons, 1 bicycle, 200.9ms
Speed: 1.4ms preprocess, 200.9ms inference, 1.1ms postprocess per image at shape (1, 3, 384, 640)
[YOLO] Detected 3 persons
  ΓööΓöÇ Person 1/3
[EMBED] Image embedding: shape=(1, 512)
[HELMET] Pos_score: 2.0000, Neg_score: 3.3333
  Γ£ù NO HELMET (pos: 2.0000 <= neg: 3.3333)
[EMBED] Image embedding: shape=(1, 512)
[COVERALL] Pos_score: 3.0000, Neg_score: 2.3333
  Γ£ô COVERALL DETECTED (pos: 3.0000 > neg: 2.3333)
  ΓööΓöÇ Person 2/3
[EMBED] Image embedding: shape=(1, 512)
[HELMET] Pos_score: 4.3333, Neg_score: 2.0000
  Γ£ô HELMET DETECTED (pos: 4.3333 > neg: 2.0000)
[EMBED] Image embedding: shape=(1, 512)
[COVERALL] Pos_score: 1.3333, Neg_score: 3.0000
  Γ£ù NO COVERALL (pos: 1.3333 <= neg: 3.0000)
  ΓööΓöÇ Person 3/3
[EMBED] Image embedding: shape=(1, 512)
[HELMET] Pos_score: 2.0000, Neg_score: 3.3333
  Γ£ù NO HELMET (pos: 2.0000 <= neg: 3.3333)
[EMBED] Image embedding: shape=(1, 512)
[COVERALL] Pos_score: 3.0000, Neg_score: 4.0000
  Γ£ù NO COVERALL (pos: 3.0000 <= neg: 4.0000)
  Γ£à Saved: frame_007768_jpg.rf.185de350d8c12f3e991591ac36971673.jpg

[PROCESS] 96. frame_007786_jpg.rf.cfaafefabae2b29394a3623a59b5383e.jpg

0: 384x640 5 persons, 199.7ms
Speed: 1.5ms preprocess, 199.7ms inference, 1.0ms postprocess per image at shape (1, 3, 384, 640)
[YOLO] Detected 4 persons
  ΓööΓöÇ Person 1/4
[EMBED] Image embedding: shape=(1, 512)
[HELMET] Pos_score: 4.3333, Neg_score: 2.0000
  Γ£ô HELMET DETECTED (pos: 4.3333 > neg: 2.0000)
[EMBED] Image embedding: shape=(1, 512)
[COVERALL] Pos_score: 3.6667, Neg_score: 2.3333
  Γ£ô COVERALL DETECTED (pos: 3.6667 > neg: 2.3333)
  ΓööΓöÇ Person 2/4
[EMBED] Image embedding: shape=(1, 512)
[HELMET] Pos_score: 2.6667, Neg_score: 2.0000
  Γ£ô HELMET DETECTED (pos: 2.6667 > neg: 2.0000)
[EMBED] Image embedding: shape=(1, 512)
[COVERALL] Pos_score: 3.6667, Neg_score: 2.3333
  Γ£ô COVERALL DETECTED (pos: 3.6667 > neg: 2.3333)
  ΓööΓöÇ Person 3/4
[EMBED] Image embedding: shape=(1, 512)
[HELMET] Pos_score: 4.3333, Neg_score: 2.0000
  Γ£ô HELMET DETECTED (pos: 4.3333 > neg: 2.0000)
[EMBED] Image embedding: shape=(1, 512)
[COVERALL] Pos_score: 3.6667, Neg_score: 3.0000
  Γ£ô COVERALL DETECTED (pos: 3.6667 > neg: 3.0000)
  ΓööΓöÇ Person 4/4
[EMBED] Image embedding: shape=(1, 512)
[HELMET] Pos_score: 1.0000, Neg_score: 2.6667
  Γ£ù NO HELMET (pos: 1.0000 <= neg: 2.6667)
[EMBED] Image embedding: shape=(1, 512)
[COVERALL] Pos_score: 2.0000, Neg_score: 4.0000
  Γ£ù NO COVERALL (pos: 2.0000 <= neg: 4.0000)
  Γ£à Saved: frame_007786_jpg.rf.cfaafefabae2b29394a3623a59b5383e.jpg

[PROCESS] 97. frame_007790_jpg.rf.1127560fb801fddcd30e5e34c761baa3.jpg

0: 384x640 4 persons, 207.2ms
Speed: 1.4ms preprocess, 207.2ms inference, 1.1ms postprocess per image at shape (1, 3, 384, 640)
[YOLO] Detected 4 persons
  ΓööΓöÇ Person 1/4
[EMBED] Image embedding: shape=(1, 512)
[HELMET] Pos_score: 2.6667, Neg_score: 3.3333
  Γ£ù NO HELMET (pos: 2.6667 <= neg: 3.3333)
[EMBED] Image embedding: shape=(1, 512)
[COVERALL] Pos_score: 3.6667, Neg_score: 2.3333
  Γ£ô COVERALL DETECTED (pos: 3.6667 > neg: 2.3333)
  ΓööΓöÇ Person 2/4
[EMBED] Image embedding: shape=(1, 512)
[HELMET] Pos_score: 4.3333, Neg_score: 2.6667
  Γ£ô HELMET DETECTED (pos: 4.3333 > neg: 2.6667)
[EMBED] Image embedding: shape=(1, 512)
[COVERALL] Pos_score: 3.0000, Neg_score: 2.3333
  Γ£ô COVERALL DETECTED (pos: 3.0000 > neg: 2.3333)
  ΓööΓöÇ Person 3/4
[EMBED] Image embedding: shape=(1, 512)
[HELMET] Pos_score: 2.0000, Neg_score: 2.0000
  Γ£ù NO HELMET (pos: 2.0000 <= neg: 2.0000)
[EMBED] Image embedding: shape=(1, 512)
[COVERALL] Pos_score: 3.0000, Neg_score: 2.6667
  Γ£ô COVERALL DETECTED (pos: 3.0000 > neg: 2.6667)
  ΓööΓöÇ Person 4/4
[EMBED] Image embedding: shape=(1, 512)
[HELMET] Pos_score: 3.6667, Neg_score: 1.0000
  Γ£ô HELMET DETECTED (pos: 3.6667 > neg: 1.0000)
[EMBED] Image embedding: shape=(1, 512)
[COVERALL] Pos_score: 3.0000, Neg_score: 2.3333
  Γ£ô COVERALL DETECTED (pos: 3.0000 > neg: 2.3333)
  Γ£à Saved: frame_007790_jpg.rf.1127560fb801fddcd30e5e34c761baa3.jpg

[PROCESS] 98. frame_007800_jpg.rf.14ab66dc5ae4ed4ac18ab50bf5dbba70.jpg

0: 384x640 4 persons, 193.6ms
Speed: 1.4ms preprocess, 193.6ms inference, 1.1ms postprocess per image at shape (1, 3, 384, 640)
[YOLO] Detected 3 persons
  ΓööΓöÇ Person 1/3
[EMBED] Image embedding: shape=(1, 512)
[HELMET] Pos_score: 5.3333, Neg_score: 2.0000
  Γ£ô HELMET DETECTED (pos: 5.3333 > neg: 2.0000)
[EMBED] Image embedding: shape=(1, 512)
[COVERALL] Pos_score: 3.6667, Neg_score: 2.6667
  Γ£ô COVERALL DETECTED (pos: 3.6667 > neg: 2.6667)
  ΓööΓöÇ Person 2/3
[EMBED] Image embedding: shape=(1, 512)
[HELMET] Pos_score: 4.3333, Neg_score: 2.6667
  Γ£ô HELMET DETECTED (pos: 4.3333 > neg: 2.6667)
[EMBED] Image embedding: shape=(1, 512)
[COVERALL] Pos_score: 3.6667, Neg_score: 2.3333
  Γ£ô COVERALL DETECTED (pos: 3.6667 > neg: 2.3333)
  ΓööΓöÇ Person 3/3
[EMBED] Image embedding: shape=(1, 512)
[HELMET] Pos_score: 3.3333, Neg_score: 2.0000
  Γ£ô HELMET DETECTED (pos: 3.3333 > neg: 2.0000)
[EMBED] Image embedding: shape=(1, 512)
[COVERALL] Pos_score: 3.0000, Neg_score: 2.3333
  Γ£ô COVERALL DETECTED (pos: 3.0000 > neg: 2.3333)
  Γ£à Saved: frame_007800_jpg.rf.14ab66dc5ae4ed4ac18ab50bf5dbba70.jpg

[PROCESS] 99. frame_007819_jpg.rf.84cf38a34e1cc1ff356464eb05164797.jpg

0: 384x640 4 persons, 1 bicycle, 205.1ms
Speed: 1.5ms preprocess, 205.1ms inference, 1.0ms postprocess per image at shape (1, 3, 384, 640)
[YOLO] Detected 2 persons
  ΓööΓöÇ Person 1/2
[EMBED] Image embedding: shape=(1, 512)
[HELMET] Pos_score: 3.0000, Neg_score: 3.3333
  Γ£ù NO HELMET (pos: 3.0000 <= neg: 3.3333)
[EMBED] Image embedding: shape=(1, 512)
[COVERALL] Pos_score: 3.6667, Neg_score: 2.3333
  Γ£ô COVERALL DETECTED (pos: 3.6667 > neg: 2.3333)
  ΓööΓöÇ Person 2/2
[EMBED] Image embedding: shape=(1, 512)
[HELMET] Pos_score: 3.0000, Neg_score: 2.0000
  Γ£ô HELMET DETECTED (pos: 3.0000 > neg: 2.0000)
[EMBED] Image embedding: shape=(1, 512)
[COVERALL] Pos_score: 3.6667, Neg_score: 2.3333
  Γ£ô COVERALL DETECTED (pos: 3.6667 > neg: 2.3333)
  Γ£à Saved: frame_007819_jpg.rf.84cf38a34e1cc1ff356464eb05164797.jpg

[PROCESS] 100. frame_007839_jpg.rf.b00440ac27df0a99840cbf9cb3f33c69.jpg

0: 384x640 4 persons, 192.6ms
Speed: 1.4ms preprocess, 192.6ms inference, 1.2ms postprocess per image at shape (1, 3, 384, 640)
[YOLO] Detected 2 persons
  ΓööΓöÇ Person 1/2
[EMBED] Image embedding: shape=(1, 512)
[HELMET] Pos_score: 2.6667, Neg_score: 3.6667
  Γ£ù NO HELMET (pos: 2.6667 <= neg: 3.6667)
[EMBED] Image embedding: shape=(1, 512)
[COVERALL] Pos_score: 3.6667, Neg_score: 2.3333
  Γ£ô COVERALL DETECTED (pos: 3.6667 > neg: 2.3333)
  ΓööΓöÇ Person 2/2
[EMBED] Image embedding: shape=(1, 512)
[HELMET] Pos_score: 2.0000, Neg_score: 2.6667
  Γ£ù NO HELMET (pos: 2.0000 <= neg: 2.6667)
[EMBED] Image embedding: shape=(1, 512)
[COVERALL] Pos_score: 1.0000, Neg_score: 2.6667
  Γ£ù NO COVERALL (pos: 1.0000 <= neg: 2.6667)
  Γ£à Saved: frame_007839_jpg.rf.b00440ac27df0a99840cbf9cb3f33c69.jpg

[PROCESS] 101. frame_007840_jpg.rf.8cd890de0eef561a5074b33b16022608.jpg

0: 384x640 4 persons, 202.0ms
Speed: 1.6ms preprocess, 202.0ms inference, 1.0ms postprocess per image at shape (1, 3, 384, 640)
[YOLO] Detected 2 persons
  ΓööΓöÇ Person 1/2
[EMBED] Image embedding: shape=(1, 512)
[HELMET] Pos_score: 2.6667, Neg_score: 3.6667
  Γ£ù NO HELMET (pos: 2.6667 <= neg: 3.6667)
[EMBED] Image embedding: shape=(1, 512)
[COVERALL] Pos_score: 3.6667, Neg_score: 2.3333
  Γ£ô COVERALL DETECTED (pos: 3.6667 > neg: 2.3333)
  ΓööΓöÇ Person 2/2
[EMBED] Image embedding: shape=(1, 512)
[HELMET] Pos_score: 2.0000, Neg_score: 2.6667
  Γ£ù NO HELMET (pos: 2.0000 <= neg: 2.6667)
[EMBED] Image embedding: shape=(1, 512)
[COVERALL] Pos_score: 1.0000, Neg_score: 2.6667
  Γ£ù NO COVERALL (pos: 1.0000 <= neg: 2.6667)
  Γ£à Saved: frame_007840_jpg.rf.8cd890de0eef561a5074b33b16022608.jpg

[PROCESS] 102. frame_007867_jpg.rf.126939b1d93cfb7c12ff8b840eccb385.jpg

0: 384x640 3 persons, 197.2ms
Speed: 1.6ms preprocess, 197.2ms inference, 1.1ms postprocess per image at shape (1, 3, 384, 640)
[YOLO] Detected 2 persons
  ΓööΓöÇ Person 1/2
[EMBED] Image embedding: shape=(1, 512)
[HELMET] Pos_score: 2.6667, Neg_score: 2.0000
  Γ£ô HELMET DETECTED (pos: 2.6667 > neg: 2.0000)
[EMBED] Image embedding: shape=(1, 512)
[COVERALL] Pos_score: 3.6667, Neg_score: 2.3333
  Γ£ô COVERALL DETECTED (pos: 3.6667 > neg: 2.3333)
  ΓööΓöÇ Person 2/2
[EMBED] Image embedding: shape=(1, 512)
[HELMET] Pos_score: 4.3333, Neg_score: 2.0000
  Γ£ô HELMET DETECTED (pos: 4.3333 > neg: 2.0000)
[EMBED] Image embedding: shape=(1, 512)
[COVERALL] Pos_score: 4.6667, Neg_score: 4.0000
  Γ£ô COVERALL DETECTED (pos: 4.6667 > neg: 4.0000)
  Γ£à Saved: frame_007867_jpg.rf.126939b1d93cfb7c12ff8b840eccb385.jpg

[PROCESS] 103. frame_007868_jpg.rf.57a6988fcc415778d76dab55c6ac08af.jpg

0: 384x640 3 persons, 190.1ms
Speed: 1.5ms preprocess, 190.1ms inference, 1.2ms postprocess per image at shape (1, 3, 384, 640)
[YOLO] Detected 0 persons
  Γ£à Saved: frame_007868_jpg.rf.57a6988fcc415778d76dab55c6ac08af.jpg

[PROCESS] 104. frame_007877_jpg.rf.d296aab6df4960a1a5c199b9d96b5cd6.jpg

0: 384x640 1 person, 180.3ms
Speed: 1.3ms preprocess, 180.3ms inference, 1.0ms postprocess per image at shape (1, 3, 384, 640)
[YOLO] Detected 1 persons
  ΓööΓöÇ Person 1/1
[EMBED] Image embedding: shape=(1, 512)
[HELMET] Pos_score: 3.3333, Neg_score: 2.6667
  Γ£ô HELMET DETECTED (pos: 3.3333 > neg: 2.6667)
[EMBED] Image embedding: shape=(1, 512)
[COVERALL] Pos_score: 1.0000, Neg_score: 2.6667
  Γ£ù NO COVERALL (pos: 1.0000 <= neg: 2.6667)
  Γ£à Saved: frame_007877_jpg.rf.d296aab6df4960a1a5c199b9d96b5cd6.jpg

[PROCESS] 105. frame_007879_jpg.rf.90f8b704638d49e359e8e53a2398c8cc.jpg

0: 384x640 1 person, 190.0ms
Speed: 1.4ms preprocess, 190.0ms inference, 1.3ms postprocess per image at shape (1, 3, 384, 640)
[YOLO] Detected 1 persons
  ΓööΓöÇ Person 1/1
[EMBED] Image embedding: shape=(1, 512)
[HELMET] Pos_score: 1.0000, Neg_score: 2.0000
  Γ£ù NO HELMET (pos: 1.0000 <= neg: 2.0000)
[EMBED] Image embedding: shape=(1, 512)
[COVERALL] Pos_score: 3.0000, Neg_score: 4.0000
  Γ£ù NO COVERALL (pos: 3.0000 <= neg: 4.0000)
  Γ£à Saved: frame_007879_jpg.rf.90f8b704638d49e359e8e53a2398c8cc.jpg

[PROCESS] 106. frame_007889_jpg.rf.92fe83f51d10bb622189dc70de5d8c62.jpg

0: 384x640 3 persons, 201.7ms
Speed: 1.6ms preprocess, 201.7ms inference, 1.1ms postprocess per image at shape (1, 3, 384, 640)
[YOLO] Detected 2 persons
  ΓööΓöÇ Person 1/2
[EMBED] Image embedding: shape=(1, 512)
[HELMET] Pos_score: 3.0000, Neg_score: 2.6667
  Γ£ô HELMET DETECTED (pos: 3.0000 > neg: 2.6667)
[EMBED] Image embedding: shape=(1, 512)
[COVERALL] Pos_score: 3.0000, Neg_score: 2.3333
  Γ£ô COVERALL DETECTED (pos: 3.0000 > neg: 2.3333)
  ΓööΓöÇ Person 2/2
[EMBED] Image embedding: shape=(1, 512)
[HELMET] Pos_score: 4.0000, Neg_score: 3.3333
  Γ£ô HELMET DETECTED (pos: 4.0000 > neg: 3.3333)
[EMBED] Image embedding: shape=(1, 512)
[COVERALL] Pos_score: 4.3333, Neg_score: 2.3333
  Γ£ô COVERALL DETECTED (pos: 4.3333 > neg: 2.3333)
  Γ£à Saved: frame_007889_jpg.rf.92fe83f51d10bb622189dc70de5d8c62.jpg

[PROCESS] 107. frame_007892_jpg.rf.4a7bcf12df1db3b389a9df480d0954bb.jpg

0: 384x640 2 persons, 194.0ms
Speed: 1.4ms preprocess, 194.0ms inference, 1.1ms postprocess per image at shape (1, 3, 384, 640)
[YOLO] Detected 2 persons
  ΓööΓöÇ Person 1/2
[EMBED] Image embedding: shape=(1, 512)
[HELMET] Pos_score: 3.6667, Neg_score: 2.6667
  Γ£ô HELMET DETECTED (pos: 3.6667 > neg: 2.6667)
[EMBED] Image embedding: shape=(1, 512)
[COVERALL] Pos_score: 3.0000, Neg_score: 2.3333
  Γ£ô COVERALL DETECTED (pos: 3.0000 > neg: 2.3333)
  ΓööΓöÇ Person 2/2
[EMBED] Image embedding: shape=(1, 512)
[HELMET] Pos_score: 3.3333, Neg_score: 2.6667
  Γ£ô HELMET DETECTED (pos: 3.3333 > neg: 2.6667)
[EMBED] Image embedding: shape=(1, 512)
[COVERALL] Pos_score: 3.6667, Neg_score: 2.3333
  Γ£ô COVERALL DETECTED (pos: 3.6667 > neg: 2.3333)
  Γ£à Saved: frame_007892_jpg.rf.4a7bcf12df1db3b389a9df480d0954bb.jpg

[PROCESS] 108. frame_007925_jpg.rf.510d44725db3c1b13d8b731421b7afc2.jpg

0: 384x640 2 persons, 198.0ms
Speed: 1.3ms preprocess, 198.0ms inference, 0.9ms postprocess per image at shape (1, 3, 384, 640)
[YOLO] Detected 1 persons
  ΓööΓöÇ Person 1/1
[EMBED] Image embedding: shape=(1, 512)
[HELMET] Pos_score: 3.0000, Neg_score: 2.6667
  Γ£ô HELMET DETECTED (pos: 3.0000 > neg: 2.6667)
[EMBED] Image embedding: shape=(1, 512)
[COVERALL] Pos_score: 3.0000, Neg_score: 2.3333
  Γ£ô COVERALL DETECTED (pos: 3.0000 > neg: 2.3333)
  Γ£à Saved: frame_007925_jpg.rf.510d44725db3c1b13d8b731421b7afc2.jpg

[PROCESS] 109. frame_007928_jpg.rf.7200d398052b3480d6aae4824a9e0720.jpg

0: 384x640 5 persons, 202.6ms
Speed: 1.4ms preprocess, 202.6ms inference, 1.1ms postprocess per image at shape (1, 3, 384, 640)
[YOLO] Detected 3 persons
  ΓööΓöÇ Person 1/3
[EMBED] Image embedding: shape=(1, 512)
[HELMET] Pos_score: 3.0000, Neg_score: 3.3333
  Γ£ù NO HELMET (pos: 3.0000 <= neg: 3.3333)
[EMBED] Image embedding: shape=(1, 512)
[COVERALL] Pos_score: 3.6667, Neg_score: 2.3333
  Γ£ô COVERALL DETECTED (pos: 3.6667 > neg: 2.3333)
  ΓööΓöÇ Person 2/3
[EMBED] Image embedding: shape=(1, 512)
[HELMET] Pos_score: 3.0000, Neg_score: 3.3333
  Γ£ù NO HELMET (pos: 3.0000 <= neg: 3.3333)
[EMBED] Image embedding: shape=(1, 512)
[COVERALL] Pos_score: 3.6667, Neg_score: 2.3333
  Γ£ô COVERALL DETECTED (pos: 3.6667 > neg: 2.3333)
  ΓööΓöÇ Person 3/3
[EMBED] Image embedding: shape=(1, 512)
[HELMET] Pos_score: 2.0000, Neg_score: 3.3333
  Γ£ù NO HELMET (pos: 2.0000 <= neg: 3.3333)
[EMBED] Image embedding: shape=(1, 512)
[COVERALL] Pos_score: 1.0000, Neg_score: 4.0000
  Γ£ù NO COVERALL (pos: 1.0000 <= neg: 4.0000)
  Γ£à Saved: frame_007928_jpg.rf.7200d398052b3480d6aae4824a9e0720.jpg

[PROCESS] 110. frame_007945_jpg.rf.f14264e72a626c899952670f676f50ad.jpg

0: 384x640 2 persons, 188.8ms
Speed: 1.4ms preprocess, 188.8ms inference, 0.9ms postprocess per image at shape (1, 3, 384, 640)
[YOLO] Detected 1 persons
  ΓööΓöÇ Person 1/1
[EMBED] Image embedding: shape=(1, 512)
[HELMET] Pos_score: 3.0000, Neg_score: 3.3333
  Γ£ù NO HELMET (pos: 3.0000 <= neg: 3.3333)
[EMBED] Image embedding: shape=(1, 512)
[COVERALL] Pos_score: 2.6667, Neg_score: 3.0000
  Γ£ù NO COVERALL (pos: 2.6667 <= neg: 3.0000)
  Γ£à Saved: frame_007945_jpg.rf.f14264e72a626c899952670f676f50ad.jpg

[PROCESS] 111. frame_007972_jpg.rf.7b5ccd361cd8c7980317a57460a66741.jpg

0: 384x640 2 persons, 200.6ms
Speed: 1.2ms preprocess, 200.6ms inference, 1.1ms postprocess per image at shape (1, 3, 384, 640)
[YOLO] Detected 2 persons
  ΓööΓöÇ Person 1/2
[EMBED] Image embedding: shape=(1, 512)
[HELMET] Pos_score: 2.0000, Neg_score: 3.3333
  Γ£ù NO HELMET (pos: 2.0000 <= neg: 3.3333)
[EMBED] Image embedding: shape=(1, 512)
[COVERALL] Pos_score: 3.3333, Neg_score: 2.3333
  Γ£ô COVERALL DETECTED (pos: 3.3333 > neg: 2.3333)
  ΓööΓöÇ Person 2/2
[EMBED] Image embedding: shape=(1, 512)
[HELMET] Pos_score: 3.6667, Neg_score: 2.6667
  Γ£ô HELMET DETECTED (pos: 3.6667 > neg: 2.6667)
[EMBED] Image embedding: shape=(1, 512)
[COVERALL] Pos_score: 3.6667, Neg_score: 2.3333
  Γ£ô COVERALL DETECTED (pos: 3.6667 > neg: 2.3333)
  Γ£à Saved: frame_007972_jpg.rf.7b5ccd361cd8c7980317a57460a66741.jpg

[PROCESS] 112. frame_007983_jpg.rf.58d09a9ebb5f1e75bf4fc9b537433076.jpg

0: 384x640 3 persons, 199.8ms
Speed: 1.3ms preprocess, 199.8ms inference, 1.5ms postprocess per image at shape (1, 3, 384, 640)
[YOLO] Detected 1 persons
  ΓööΓöÇ Person 1/1
[EMBED] Image embedding: shape=(1, 512)
[HELMET] Pos_score: 3.6667, Neg_score: 3.3333
  Γ£ô HELMET DETECTED (pos: 3.6667 > neg: 3.3333)
[EMBED] Image embedding: shape=(1, 512)
[COVERALL] Pos_score: 3.0000, Neg_score: 2.3333
  Γ£ô COVERALL DETECTED (pos: 3.0000 > neg: 2.3333)
  Γ£à Saved: frame_007983_jpg.rf.58d09a9ebb5f1e75bf4fc9b537433076.jpg

[PROCESS] 113. frame_008008_jpg.rf.bbba53a0a5470dd628c97c9b7c18cbe7.jpg

0: 384x640 3 persons, 205.5ms
Speed: 1.4ms preprocess, 205.5ms inference, 1.0ms postprocess per image at shape (1, 3, 384, 640)
[YOLO] Detected 2 persons
  ΓööΓöÇ Person 1/2
[EMBED] Image embedding: shape=(1, 512)
[HELMET] Pos_score: 1.3333, Neg_score: 3.3333
  Γ£ù NO HELMET (pos: 1.3333 <= neg: 3.3333)
[EMBED] Image embedding: shape=(1, 512)
[COVERALL] Pos_score: 2.6667, Neg_score: 2.3333
  Γ£ô COVERALL DETECTED (pos: 2.6667 > neg: 2.3333)
  ΓööΓöÇ Person 2/2
[EMBED] Image embedding: shape=(1, 512)
[HELMET] Pos_score: 3.6667, Neg_score: 2.3333
  Γ£ô HELMET DETECTED (pos: 3.6667 > neg: 2.3333)
[EMBED] Image embedding: shape=(1, 512)
[COVERALL] Pos_score: 3.0000, Neg_score: 2.3333
  Γ£ô COVERALL DETECTED (pos: 3.0000 > neg: 2.3333)
  Γ£à Saved: frame_008008_jpg.rf.bbba53a0a5470dd628c97c9b7c18cbe7.jpg

[PROCESS] 114. frame_008026_jpg.rf.8553b799b061607f2dd009094326c000.jpg

0: 384x640 3 persons, 195.9ms
Speed: 1.4ms preprocess, 195.9ms inference, 1.0ms postprocess per image at shape (1, 3, 384, 640)
[YOLO] Detected 3 persons
  ΓööΓöÇ Person 1/3
[EMBED] Image embedding: shape=(1, 512)
[HELMET] Pos_score: 3.6667, Neg_score: 3.3333
  Γ£ô HELMET DETECTED (pos: 3.6667 > neg: 3.3333)
[EMBED] Image embedding: shape=(1, 512)
[COVERALL] Pos_score: 3.6667, Neg_score: 2.3333
  Γ£ô COVERALL DETECTED (pos: 3.6667 > neg: 2.3333)
  ΓööΓöÇ Person 2/3
[EMBED] Image embedding: shape=(1, 512)
[HELMET] Pos_score: 2.0000, Neg_score: 3.3333
  Γ£ù NO HELMET (pos: 2.0000 <= neg: 3.3333)
[EMBED] Image embedding: shape=(1, 512)
[COVERALL] Pos_score: 3.0000, Neg_score: 2.6667
  Γ£ô COVERALL DETECTED (pos: 3.0000 > neg: 2.6667)
  ΓööΓöÇ Person 3/3
[EMBED] Image embedding: shape=(1, 512)
[HELMET] Pos_score: 3.3333, Neg_score: 2.0000
  Γ£ô HELMET DETECTED (pos: 3.3333 > neg: 2.0000)
[EMBED] Image embedding: shape=(1, 512)
[COVERALL] Pos_score: 3.6667, Neg_score: 2.3333
  Γ£ô COVERALL DETECTED (pos: 3.6667 > neg: 2.3333)
  Γ£à Saved: frame_008026_jpg.rf.8553b799b061607f2dd009094326c000.jpg

[PROCESS] 115. frame_008031_jpg.rf.cd3d2b948231834f7fd28d90e807467b.jpg

0: 384x640 3 persons, 193.4ms
Speed: 1.7ms preprocess, 193.4ms inference, 1.0ms postprocess per image at shape (1, 3, 384, 640)
[YOLO] Detected 2 persons
  ΓööΓöÇ Person 1/2
[EMBED] Image embedding: shape=(1, 512)
[HELMET] Pos_score: 3.0000, Neg_score: 3.3333
  Γ£ù NO HELMET (pos: 3.0000 <= neg: 3.3333)
[EMBED] Image embedding: shape=(1, 512)
[COVERALL] Pos_score: 1.6667, Neg_score: 2.3333
  Γ£ù NO COVERALL (pos: 1.6667 <= neg: 2.3333)
  ΓööΓöÇ Person 2/2
[EMBED] Image embedding: shape=(1, 512)
[HELMET] Pos_score: 2.0000, Neg_score: 2.6667
  Γ£ù NO HELMET (pos: 2.0000 <= neg: 2.6667)
[EMBED] Image embedding: shape=(1, 512)
[COVERALL] Pos_score: 2.0000, Neg_score: 2.6667
  Γ£ù NO COVERALL (pos: 2.0000 <= neg: 2.6667)
  Γ£à Saved: frame_008031_jpg.rf.cd3d2b948231834f7fd28d90e807467b.jpg

[PROCESS] 116. frame_008033_jpg.rf.60e82f5284db98b65aa044a3de4d0f6c.jpg

0: 384x640 3 persons, 205.5ms
Speed: 1.4ms preprocess, 205.5ms inference, 0.9ms postprocess per image at shape (1, 3, 384, 640)
[YOLO] Detected 3 persons
  ΓööΓöÇ Person 1/3
[EMBED] Image embedding: shape=(1, 512)
[HELMET] Pos_score: 1.6667, Neg_score: 3.3333
  Γ£ù NO HELMET (pos: 1.6667 <= neg: 3.3333)
[EMBED] Image embedding: shape=(1, 512)
[COVERALL] Pos_score: 3.6667, Neg_score: 2.3333
  Γ£ô COVERALL DETECTED (pos: 3.6667 > neg: 2.3333)
  ΓööΓöÇ Person 2/3
[EMBED] Image embedding: shape=(1, 512)
[HELMET] Pos_score: 3.3333, Neg_score: 3.3333
  Γ£ù NO HELMET (pos: 3.3333 <= neg: 3.3333)
[EMBED] Image embedding: shape=(1, 512)
[COVERALL] Pos_score: 3.6667, Neg_score: 2.3333
  Γ£ô COVERALL DETECTED (pos: 3.6667 > neg: 2.3333)
  ΓööΓöÇ Person 3/3
[EMBED] Image embedding: shape=(1, 512)
[HELMET] Pos_score: 3.0000, Neg_score: 2.6667
  Γ£ô HELMET DETECTED (pos: 3.0000 > neg: 2.6667)
[EMBED] Image embedding: shape=(1, 512)
[COVERALL] Pos_score: 2.0000, Neg_score: 4.0000
  Γ£ù NO COVERALL (pos: 2.0000 <= neg: 4.0000)
  Γ£à Saved: frame_008033_jpg.rf.60e82f5284db98b65aa044a3de4d0f6c.jpg

[PROCESS] 117. frame_008040_jpg.rf.726c8e7a43b2ff2728840877f9b8bb5c.jpg

0: 384x640 4 persons, 192.4ms
Speed: 1.4ms preprocess, 192.4ms inference, 1.1ms postprocess per image at shape (1, 3, 384, 640)
[YOLO] Detected 0 persons
  Γ£à Saved: frame_008040_jpg.rf.726c8e7a43b2ff2728840877f9b8bb5c.jpg

[PROCESS] 118. frame_008051_jpg.rf.3170106ef7bcf5af6842efb00f43a8f7.jpg

0: 384x640 2 persons, 195.3ms
Speed: 1.1ms preprocess, 195.3ms inference, 1.0ms postprocess per image at shape (1, 3, 384, 640)
[YOLO] Detected 2 persons
  ΓööΓöÇ Person 1/2
[EMBED] Image embedding: shape=(1, 512)
[HELMET] Pos_score: 2.3333, Neg_score: 2.6667
  Γ£ù NO HELMET (pos: 2.3333 <= neg: 2.6667)
[EMBED] Image embedding: shape=(1, 512)
[COVERALL] Pos_score: 3.3333, Neg_score: 2.3333
  Γ£ô COVERALL DETECTED (pos: 3.3333 > neg: 2.3333)
  ΓööΓöÇ Person 2/2
[EMBED] Image embedding: shape=(1, 512)
[HELMET] Pos_score: 3.0000, Neg_score: 3.3333
  Γ£ù NO HELMET (pos: 3.0000 <= neg: 3.3333)
[EMBED] Image embedding: shape=(1, 512)
[COVERALL] Pos_score: 3.0000, Neg_score: 2.3333
  Γ£ô COVERALL DETECTED (pos: 3.0000 > neg: 2.3333)
  Γ£à Saved: frame_008051_jpg.rf.3170106ef7bcf5af6842efb00f43a8f7.jpg

[PROCESS] 119. frame_008079_jpg.rf.3eb4606949ad2c8a30338d841721b8f0.jpg

0: 384x640 2 persons, 199.8ms
Speed: 1.5ms preprocess, 199.8ms inference, 0.9ms postprocess per image at shape (1, 3, 384, 640)
[YOLO] Detected 0 persons
  Γ£à Saved: frame_008079_jpg.rf.3eb4606949ad2c8a30338d841721b8f0.jpg

[PROCESS] 120. frame_008083_jpg.rf.af397c12bdd059f64ce797bdb94af128.jpg

0: 384x640 4 persons, 203.0ms
Speed: 1.4ms preprocess, 203.0ms inference, 1.2ms postprocess per image at shape (1, 3, 384, 640)
[YOLO] Detected 0 persons
  Γ£à Saved: frame_008083_jpg.rf.af397c12bdd059f64ce797bdb94af128.jpg

[PROCESS] 121. frame_008122_jpg.rf.febd2447d1e8e26c8b14a5976b9aae5f.jpg

0: 384x640 2 persons, 201.5ms
Speed: 1.5ms preprocess, 201.5ms inference, 1.0ms postprocess per image at shape (1, 3, 384, 640)
[YOLO] Detected 2 persons
  ΓööΓöÇ Person 1/2
[EMBED] Image embedding: shape=(1, 512)
[HELMET] Pos_score: 2.6667, Neg_score: 3.0000
  Γ£ù NO HELMET (pos: 2.6667 <= neg: 3.0000)
[EMBED] Image embedding: shape=(1, 512)
[COVERALL] Pos_score: 3.6667, Neg_score: 2.3333
  Γ£ô COVERALL DETECTED (pos: 3.6667 > neg: 2.3333)
  ΓööΓöÇ Person 2/2
[EMBED] Image embedding: shape=(1, 512)
[HELMET] Pos_score: 2.0000, Neg_score: 2.6667
  Γ£ù NO HELMET (pos: 2.0000 <= neg: 2.6667)
[EMBED] Image embedding: shape=(1, 512)
[COVERALL] Pos_score: 1.0000, Neg_score: 4.0000
  Γ£ù NO COVERALL (pos: 1.0000 <= neg: 4.0000)
  Γ£à Saved: frame_008122_jpg.rf.febd2447d1e8e26c8b14a5976b9aae5f.jpg

[PROCESS] 122. frame_008154_jpg.rf.24d7ea69a90c7138bf13f9a4ab47fb6f.jpg

0: 384x640 3 persons, 201.8ms
Speed: 1.3ms preprocess, 201.8ms inference, 1.2ms postprocess per image at shape (1, 3, 384, 640)
[YOLO] Detected 2 persons
  ΓööΓöÇ Person 1/2
[EMBED] Image embedding: shape=(1, 512)
[HELMET] Pos_score: 2.3333, Neg_score: 2.3333
  Γ£ù NO HELMET (pos: 2.3333 <= neg: 2.3333)
[EMBED] Image embedding: shape=(1, 512)
[COVERALL] Pos_score: 3.6667, Neg_score: 2.0000
  Γ£ô COVERALL DETECTED (pos: 3.6667 > neg: 2.0000)
  ΓööΓöÇ Person 2/2
[EMBED] Image embedding: shape=(1, 512)
[HELMET] Pos_score: 2.0000, Neg_score: 2.6667
  Γ£ù NO HELMET (pos: 2.0000 <= neg: 2.6667)
[EMBED] Image embedding: shape=(1, 512)
[COVERALL] Pos_score: 3.6667, Neg_score: 2.3333
  Γ£ô COVERALL DETECTED (pos: 3.6667 > neg: 2.3333)
  Γ£à Saved: frame_008154_jpg.rf.24d7ea69a90c7138bf13f9a4ab47fb6f.jpg

[PROCESS] 123. frame_008227_jpg.rf.3f1c1f167a57c75d003497062ee336f6.jpg

0: 384x640 3 persons, 1 bus, 203.0ms
Speed: 1.5ms preprocess, 203.0ms inference, 0.9ms postprocess per image at shape (1, 3, 384, 640)
[YOLO] Detected 2 persons
  ΓööΓöÇ Person 1/2
[EMBED] Image embedding: shape=(1, 512)
[HELMET] Pos_score: 2.6667, Neg_score: 2.3333
  Γ£ô HELMET DETECTED (pos: 2.6667 > neg: 2.3333)
[EMBED] Image embedding: shape=(1, 512)
[COVERALL] Pos_score: 3.6667, Neg_score: 2.3333
  Γ£ô COVERALL DETECTED (pos: 3.6667 > neg: 2.3333)
  ΓööΓöÇ Person 2/2
[EMBED] Image embedding: shape=(1, 512)
[HELMET] Pos_score: 3.0000, Neg_score: 2.6667
  Γ£ô HELMET DETECTED (pos: 3.0000 > neg: 2.6667)
[EMBED] Image embedding: shape=(1, 512)
[COVERALL] Pos_score: 2.0000, Neg_score: 4.0000
  Γ£ù NO COVERALL (pos: 2.0000 <= neg: 4.0000)
  Γ£à Saved: frame_008227_jpg.rf.3f1c1f167a57c75d003497062ee336f6.jpg

[PROCESS] 124. frame_008274_jpg.rf.f679462cda6cde9cba545afbcfdc577e.jpg

0: 384x640 4 persons, 189.6ms
Speed: 1.4ms preprocess, 189.6ms inference, 1.2ms postprocess per image at shape (1, 3, 384, 640)
[YOLO] Detected 3 persons
  ΓööΓöÇ Person 1/3
[EMBED] Image embedding: shape=(1, 512)
[HELMET] Pos_score: 2.0000, Neg_score: 2.0000
  Γ£ù NO HELMET (pos: 2.0000 <= neg: 2.0000)
[EMBED] Image embedding: shape=(1, 512)
[COVERALL] Pos_score: 3.3333, Neg_score: 2.3333
  Γ£ô COVERALL DETECTED (pos: 3.3333 > neg: 2.3333)
  ΓööΓöÇ Person 2/3
[EMBED] Image embedding: shape=(1, 512)
[HELMET] Pos_score: 4.6667, Neg_score: 2.0000
  Γ£ô HELMET DETECTED (pos: 4.6667 > neg: 2.0000)
[EMBED] Image embedding: shape=(1, 512)
[COVERALL] Pos_score: 3.6667, Neg_score: 2.3333
  Γ£ô COVERALL DETECTED (pos: 3.6667 > neg: 2.3333)
  ΓööΓöÇ Person 3/3
[EMBED] Image embedding: shape=(1, 512)
[HELMET] Pos_score: 4.3333, Neg_score: 2.6667
  Γ£ô HELMET DETECTED (pos: 4.3333 > neg: 2.6667)
[EMBED] Image embedding: shape=(1, 512)
[COVERALL] Pos_score: 2.6667, Neg_score: 2.6667
  Γ£ù NO COVERALL (pos: 2.6667 <= neg: 2.6667)
  Γ£à Saved: frame_008274_jpg.rf.f679462cda6cde9cba545afbcfdc577e.jpg

[PROCESS] 125. frame_008279_jpg.rf.3a5bf230562fd69659a58a582f490eb1.jpg

0: 384x640 4 persons, 187.9ms
Speed: 1.6ms preprocess, 187.9ms inference, 1.2ms postprocess per image at shape (1, 3, 384, 640)
[YOLO] Detected 3 persons
  ΓööΓöÇ Person 1/3
[EMBED] Image embedding: shape=(1, 512)
[HELMET] Pos_score: 4.6667, Neg_score: 2.6667
  Γ£ô HELMET DETECTED (pos: 4.6667 > neg: 2.6667)
[EMBED] Image embedding: shape=(1, 512)
[COVERALL] Pos_score: 3.6667, Neg_score: 2.6667
  Γ£ô COVERALL DETECTED (pos: 3.6667 > neg: 2.6667)
  ΓööΓöÇ Person 2/3
[EMBED] Image embedding: shape=(1, 512)
[HELMET] Pos_score: 2.6667, Neg_score: 3.3333
  Γ£ù NO HELMET (pos: 2.6667 <= neg: 3.3333)
[EMBED] Image embedding: shape=(1, 512)
[COVERALL] Pos_score: 3.6667, Neg_score: 2.3333
  Γ£ô COVERALL DETECTED (pos: 3.6667 > neg: 2.3333)
  ΓööΓöÇ Person 3/3
[EMBED] Image embedding: shape=(1, 512)
[HELMET] Pos_score: 4.6667, Neg_score: 2.6667
  Γ£ô HELMET DETECTED (pos: 4.6667 > neg: 2.6667)
[EMBED] Image embedding: shape=(1, 512)
[COVERALL] Pos_score: 2.6667, Neg_score: 2.6667
  Γ£ù NO COVERALL (pos: 2.6667 <= neg: 2.6667)
  Γ£à Saved: frame_008279_jpg.rf.3a5bf230562fd69659a58a582f490eb1.jpg

[PROCESS] 126. frame_008296_jpg.rf.d0a048741c59c95682f8208adc00e5c8.jpg

0: 384x640 4 persons, 199.7ms
Speed: 1.2ms preprocess, 199.7ms inference, 1.0ms postprocess per image at shape (1, 3, 384, 640)
[YOLO] Detected 4 persons
  ΓööΓöÇ Person 1/4
[EMBED] Image embedding: shape=(1, 512)
[HELMET] Pos_score: 3.3333, Neg_score: 2.6667
  Γ£ô HELMET DETECTED (pos: 3.3333 > neg: 2.6667)
[EMBED] Image embedding: shape=(1, 512)
[COVERALL] Pos_score: 3.0000, Neg_score: 2.3333
  Γ£ô COVERALL DETECTED (pos: 3.0000 > neg: 2.3333)
  ΓööΓöÇ Person 2/4
[EMBED] Image embedding: shape=(1, 512)
[HELMET] Pos_score: 2.6667, Neg_score: 3.3333
  Γ£ù NO HELMET (pos: 2.6667 <= neg: 3.3333)
[EMBED] Image embedding: shape=(1, 512)
[COVERALL] Pos_score: 3.6667, Neg_score: 2.6667
  Γ£ô COVERALL DETECTED (pos: 3.6667 > neg: 2.6667)
  ΓööΓöÇ Person 3/4
[EMBED] Image embedding: shape=(1, 512)
[HELMET] Pos_score: 2.0000, Neg_score: 3.3333
  Γ£ù NO HELMET (pos: 2.0000 <= neg: 3.3333)
[EMBED] Image embedding: shape=(1, 512)
[COVERALL] Pos_score: 3.0000, Neg_score: 4.0000
  Γ£ù NO COVERALL (pos: 3.0000 <= neg: 4.0000)
  ΓööΓöÇ Person 4/4
[EMBED] Image embedding: shape=(1, 512)
[HELMET] Pos_score: 4.3333, Neg_score: 2.6667
  Γ£ô HELMET DETECTED (pos: 4.3333 > neg: 2.6667)
[EMBED] Image embedding: shape=(1, 512)
[COVERALL] Pos_score: 3.6667, Neg_score: 3.0000
  Γ£ô COVERALL DETECTED (pos: 3.6667 > neg: 3.0000)
  Γ£à Saved: frame_008296_jpg.rf.d0a048741c59c95682f8208adc00e5c8.jpg

[PROCESS] 127. frame_008297_jpg.rf.cf9056c7bd575703627c5966b658054b.jpg

0: 384x640 4 persons, 1 bicycle, 199.2ms
Speed: 1.4ms preprocess, 199.2ms inference, 1.0ms postprocess per image at shape (1, 3, 384, 640)
[YOLO] Detected 4 persons
  ΓööΓöÇ Person 1/4
[EMBED] Image embedding: shape=(1, 512)
[HELMET] Pos_score: 3.0000, Neg_score: 2.6667
  Γ£ô HELMET DETECTED (pos: 3.0000 > neg: 2.6667)
[EMBED] Image embedding: shape=(1, 512)
[COVERALL] Pos_score: 3.0000, Neg_score: 2.3333
  Γ£ô COVERALL DETECTED (pos: 3.0000 > neg: 2.3333)
  ΓööΓöÇ Person 2/4
[EMBED] Image embedding: shape=(1, 512)
[HELMET] Pos_score: 2.6667, Neg_score: 2.3333
  Γ£ô HELMET DETECTED (pos: 2.6667 > neg: 2.3333)
[EMBED] Image embedding: shape=(1, 512)
[COVERALL] Pos_score: 3.0000, Neg_score: 3.0000
  Γ£ù NO COVERALL (pos: 3.0000 <= neg: 3.0000)
  ΓööΓöÇ Person 3/4
[EMBED] Image embedding: shape=(1, 512)
[HELMET] Pos_score: 4.3333, Neg_score: 2.6667
  Γ£ô HELMET DETECTED (pos: 4.3333 > neg: 2.6667)
[EMBED] Image embedding: shape=(1, 512)
[COVERALL] Pos_score: 3.0000, Neg_score: 3.0000
  Γ£ù NO COVERALL (pos: 3.0000 <= neg: 3.0000)
  ΓööΓöÇ Person 4/4
[EMBED] Image embedding: shape=(1, 512)
[HELMET] Pos_score: 2.0000, Neg_score: 3.3333
  Γ£ù NO HELMET (pos: 2.0000 <= neg: 3.3333)
[EMBED] Image embedding: shape=(1, 512)
[COVERALL] Pos_score: 1.0000, Neg_score: 2.6667
  Γ£ù NO COVERALL (pos: 1.0000 <= neg: 2.6667)
  Γ£à Saved: frame_008297_jpg.rf.cf9056c7bd575703627c5966b658054b.jpg

[PROCESS] 128. frame_008302_jpg.rf.c8865611cf1937280f8f0549252f0203.jpg

0: 384x640 4 persons, 196.8ms
Speed: 1.2ms preprocess, 196.8ms inference, 1.0ms postprocess per image at shape (1, 3, 384, 640)
[YOLO] Detected 3 persons
  ΓööΓöÇ Person 1/3
[EMBED] Image embedding: shape=(1, 512)
[HELMET] Pos_score: 5.3333, Neg_score: 2.6667
  Γ£ô HELMET DETECTED (pos: 5.3333 > neg: 2.6667)
[EMBED] Image embedding: shape=(1, 512)
[COVERALL] Pos_score: 3.0000, Neg_score: 3.0000
  Γ£ù NO COVERALL (pos: 3.0000 <= neg: 3.0000)
  ΓööΓöÇ Person 2/3
[EMBED] Image embedding: shape=(1, 512)
[HELMET] Pos_score: 4.3333, Neg_score: 2.0000
  Γ£ô HELMET DETECTED (pos: 4.3333 > neg: 2.0000)
[EMBED] Image embedding: shape=(1, 512)
[COVERALL] Pos_score: 3.0000, Neg_score: 2.3333
  Γ£ô COVERALL DETECTED (pos: 3.0000 > neg: 2.3333)
  ΓööΓöÇ Person 3/3
[EMBED] Image embedding: shape=(1, 512)
[HELMET] Pos_score: 4.6667, Neg_score: 2.6667
  Γ£ô HELMET DETECTED (pos: 4.6667 > neg: 2.6667)
[EMBED] Image embedding: shape=(1, 512)
[COVERALL] Pos_score: 3.6667, Neg_score: 2.6667
  Γ£ô COVERALL DETECTED (pos: 3.6667 > neg: 2.6667)
  Γ£à Saved: frame_008302_jpg.rf.c8865611cf1937280f8f0549252f0203.jpg

[PROCESS] 129. frame_008310_jpg.rf.30ad12835a977d34bd6521e546e077f3.jpg

0: 384x640 4 persons, 213.2ms
Speed: 1.7ms preprocess, 213.2ms inference, 1.2ms postprocess per image at shape (1, 3, 384, 640)
[YOLO] Detected 2 persons
  ΓööΓöÇ Person 1/2
[EMBED] Image embedding: shape=(1, 512)
[HELMET] Pos_score: 1.0000, Neg_score: 2.0000
  Γ£ù NO HELMET (pos: 1.0000 <= neg: 2.0000)
[EMBED] Image embedding: shape=(1, 512)
[COVERALL] Pos_score: 4.0000, Neg_score: 2.6667
  Γ£ô COVERALL DETECTED (pos: 4.0000 > neg: 2.6667)
  ΓööΓöÇ Person 2/2
[EMBED] Image embedding: shape=(1, 512)
[HELMET] Pos_score: 2.6667, Neg_score: 3.3333
  Γ£ù NO HELMET (pos: 2.6667 <= neg: 3.3333)
[EMBED] Image embedding: shape=(1, 512)
[COVERALL] Pos_score: 3.0000, Neg_score: 2.3333
  Γ£ô COVERALL DETECTED (pos: 3.0000 > neg: 2.3333)
  Γ£à Saved: frame_008310_jpg.rf.30ad12835a977d34bd6521e546e077f3.jpg

[PROCESS] 130. frame_008322_jpg.rf.94c6ade581611c85b9e631b3eb77c770.jpg

0: 384x640 3 persons, 196.5ms
Speed: 1.2ms preprocess, 196.5ms inference, 1.5ms postprocess per image at shape (1, 3, 384, 640)
[YOLO] Detected 2 persons
  ΓööΓöÇ Person 1/2
[EMBED] Image embedding: shape=(1, 512)
[HELMET] Pos_score: 3.0000, Neg_score: 3.6667
  Γ£ù NO HELMET (pos: 3.0000 <= neg: 3.6667)
[EMBED] Image embedding: shape=(1, 512)
[COVERALL] Pos_score: 4.0000, Neg_score: 2.6667
  Γ£ô COVERALL DETECTED (pos: 4.0000 > neg: 2.6667)
  ΓööΓöÇ Person 2/2
[EMBED] Image embedding: shape=(1, 512)
[HELMET] Pos_score: 3.6667, Neg_score: 1.0000
  Γ£ô HELMET DETECTED (pos: 3.6667 > neg: 1.0000)
[EMBED] Image embedding: shape=(1, 512)
[COVERALL] Pos_score: 3.6667, Neg_score: 2.3333
  Γ£ô COVERALL DETECTED (pos: 3.6667 > neg: 2.3333)
  Γ£à Saved: frame_008322_jpg.rf.94c6ade581611c85b9e631b3eb77c770.jpg

[PROCESS] 131. frame_008338_jpg.rf.429a0f4b4e4a0215ccf7f0be1b3238de.jpg

0: 384x640 3 persons, 193.9ms
Speed: 1.4ms preprocess, 193.9ms inference, 1.0ms postprocess per image at shape (1, 3, 384, 640)
[YOLO] Detected 1 persons
  ΓööΓöÇ Person 1/1
[EMBED] Image embedding: shape=(1, 512)
[HELMET] Pos_score: 2.6667, Neg_score: 2.6667
  Γ£ù NO HELMET (pos: 2.6667 <= neg: 2.6667)
[EMBED] Image embedding: shape=(1, 512)
[COVERALL] Pos_score: 2.0000, Neg_score: 3.0000
  Γ£ù NO COVERALL (pos: 2.0000 <= neg: 3.0000)
  Γ£à Saved: frame_008338_jpg.rf.429a0f4b4e4a0215ccf7f0be1b3238de.jpg

[PROCESS] 132. frame_008339_jpg.rf.d816ce41686490ab337586ddfd08a016.jpg

0: 384x640 1 person, 196.8ms
Speed: 1.2ms preprocess, 196.8ms inference, 1.2ms postprocess per image at shape (1, 3, 384, 640)
[YOLO] Detected 0 persons
  Γ£à Saved: frame_008339_jpg.rf.d816ce41686490ab337586ddfd08a016.jpg

[PROCESS] 133. frame_008348_jpg.rf.20ebba6522c3fc3e9795500dbd3f9fac.jpg

0: 384x640 3 persons, 196.7ms
Speed: 1.2ms preprocess, 196.7ms inference, 1.0ms postprocess per image at shape (1, 3, 384, 640)
[YOLO] Detected 2 persons
  ΓööΓöÇ Person 1/2
[EMBED] Image embedding: shape=(1, 512)
[HELMET] Pos_score: 4.3333, Neg_score: 2.6667
  Γ£ô HELMET DETECTED (pos: 4.3333 > neg: 2.6667)
[EMBED] Image embedding: shape=(1, 512)
[COVERALL] Pos_score: 3.0000, Neg_score: 2.3333
  Γ£ô COVERALL DETECTED (pos: 3.0000 > neg: 2.3333)
  ΓööΓöÇ Person 2/2
[EMBED] Image embedding: shape=(1, 512)
[HELMET] Pos_score: 2.0000, Neg_score: 3.3333
  Γ£ù NO HELMET (pos: 2.0000 <= neg: 3.3333)
[EMBED] Image embedding: shape=(1, 512)
[COVERALL] Pos_score: 1.0000, Neg_score: 2.6667
  Γ£ù NO COVERALL (pos: 1.0000 <= neg: 2.6667)
  Γ£à Saved: frame_008348_jpg.rf.20ebba6522c3fc3e9795500dbd3f9fac.jpg

[PROCESS] 134. frame_008350_jpg.rf.ba88d41d2f736218b960524551d8daab.jpg

0: 384x640 3 persons, 202.9ms
Speed: 1.4ms preprocess, 202.9ms inference, 1.2ms postprocess per image at shape (1, 3, 384, 640)
[YOLO] Detected 1 persons
  ΓööΓöÇ Person 1/1
[EMBED] Image embedding: shape=(1, 512)
[HELMET] Pos_score: 1.0000, Neg_score: 2.6667
  Γ£ù NO HELMET (pos: 1.0000 <= neg: 2.6667)
[EMBED] Image embedding: shape=(1, 512)
[COVERALL] Pos_score: 3.0000, Neg_score: 4.0000
  Γ£ù NO COVERALL (pos: 3.0000 <= neg: 4.0000)
  Γ£à Saved: frame_008350_jpg.rf.ba88d41d2f736218b960524551d8daab.jpg

[PROCESS] 135. frame_008359_jpg.rf.15e2cfbee1f5700121ad877e35eb524c.jpg

0: 384x640 3 persons, 195.5ms
Speed: 1.6ms preprocess, 195.5ms inference, 1.2ms postprocess per image at shape (1, 3, 384, 640)
[YOLO] Detected 3 persons
  ΓööΓöÇ Person 1/3
[EMBED] Image embedding: shape=(1, 512)
[HELMET] Pos_score: 2.6667, Neg_score: 3.3333
  Γ£ù NO HELMET (pos: 2.6667 <= neg: 3.3333)
[EMBED] Image embedding: shape=(1, 512)
[COVERALL] Pos_score: 3.6667, Neg_score: 2.3333
  Γ£ô COVERALL DETECTED (pos: 3.6667 > neg: 2.3333)
  ΓööΓöÇ Person 2/3
[EMBED] Image embedding: shape=(1, 512)
[HELMET] Pos_score: 3.0000, Neg_score: 2.6667
  Γ£ô HELMET DETECTED (pos: 3.0000 > neg: 2.6667)
[EMBED] Image embedding: shape=(1, 512)
[COVERALL] Pos_score: 1.0000, Neg_score: 4.0000
  Γ£ù NO COVERALL (pos: 1.0000 <= neg: 4.0000)
  ΓööΓöÇ Person 3/3
[EMBED] Image embedding: shape=(1, 512)
[HELMET] Pos_score: 2.6667, Neg_score: 2.3333
  Γ£ô HELMET DETECTED (pos: 2.6667 > neg: 2.3333)
[EMBED] Image embedding: shape=(1, 512)
[COVERALL] Pos_score: 3.0000, Neg_score: 2.3333
  Γ£ô COVERALL DETECTED (pos: 3.0000 > neg: 2.3333)
  Γ£à Saved: frame_008359_jpg.rf.15e2cfbee1f5700121ad877e35eb524c.jpg

[PROCESS] 136. frame_008367_jpg.rf.2b20a2abfd08f61de62a0a05fd86035d.jpg

0: 384x640 2 persons, 197.4ms
Speed: 1.4ms preprocess, 197.4ms inference, 1.3ms postprocess per image at shape (1, 3, 384, 640)
[YOLO] Detected 1 persons
  ΓööΓöÇ Person 1/1
[EMBED] Image embedding: shape=(1, 512)
[HELMET] Pos_score: 4.3333, Neg_score: 3.3333
  Γ£ô HELMET DETECTED (pos: 4.3333 > neg: 3.3333)
[EMBED] Image embedding: shape=(1, 512)
[COVERALL] Pos_score: 3.0000, Neg_score: 2.3333
  Γ£ô COVERALL DETECTED (pos: 3.0000 > neg: 2.3333)
  Γ£à Saved: frame_008367_jpg.rf.2b20a2abfd08f61de62a0a05fd86035d.jpg

[PROCESS] 137. frame_008372_jpg.rf.2a829053f92f6461b02fd5ee40f7bedb.jpg

0: 384x640 3 persons, 202.6ms
Speed: 1.3ms preprocess, 202.6ms inference, 1.3ms postprocess per image at shape (1, 3, 384, 640)
[YOLO] Detected 1 persons
  ΓööΓöÇ Person 1/1
[EMBED] Image embedding: shape=(1, 512)
[HELMET] Pos_score: 2.0000, Neg_score: 2.0000
  Γ£ù NO HELMET (pos: 2.0000 <= neg: 2.0000)
[EMBED] Image embedding: shape=(1, 512)
[COVERALL] Pos_score: 3.0000, Neg_score: 2.6667
  Γ£ô COVERALL DETECTED (pos: 3.0000 > neg: 2.6667)
  Γ£à Saved: frame_008372_jpg.rf.2a829053f92f6461b02fd5ee40f7bedb.jpg

[PROCESS] 138. frame_008421_jpg.rf.0f32dcd13c669c66b7d866d808141176.jpg

0: 384x640 3 persons, 209.3ms
Speed: 1.4ms preprocess, 209.3ms inference, 1.0ms postprocess per image at shape (1, 3, 384, 640)
[YOLO] Detected 0 persons
  Γ£à Saved: frame_008421_jpg.rf.0f32dcd13c669c66b7d866d808141176.jpg

[PROCESS] 139. frame_008423_jpg.rf.3f32e5e1f993e6a87a3280e68e091411.jpg

0: 384x640 4 persons, 191.2ms
Speed: 1.2ms preprocess, 191.2ms inference, 1.2ms postprocess per image at shape (1, 3, 384, 640)
[YOLO] Detected 2 persons
  ΓööΓöÇ Person 1/2
[EMBED] Image embedding: shape=(1, 512)
[HELMET] Pos_score: 3.0000, Neg_score: 2.6667
  Γ£ô HELMET DETECTED (pos: 3.0000 > neg: 2.6667)
[EMBED] Image embedding: shape=(1, 512)
[COVERALL] Pos_score: 3.0000, Neg_score: 2.3333
  Γ£ô COVERALL DETECTED (pos: 3.0000 > neg: 2.3333)
  ΓööΓöÇ Person 2/2
[EMBED] Image embedding: shape=(1, 512)
[HELMET] Pos_score: 2.3333, Neg_score: 2.6667
  Γ£ù NO HELMET (pos: 2.3333 <= neg: 2.6667)
[EMBED] Image embedding: shape=(1, 512)
[COVERALL] Pos_score: 3.0000, Neg_score: 2.6667
  Γ£ô COVERALL DETECTED (pos: 3.0000 > neg: 2.6667)
  Γ£à Saved: frame_008423_jpg.rf.3f32e5e1f993e6a87a3280e68e091411.jpg

[PROCESS] 140. frame_008430_jpg.rf.6eb8bc1958aa6d9d4b5e8299321fbb57.jpg

0: 384x640 3 persons, 188.3ms
Speed: 1.2ms preprocess, 188.3ms inference, 1.0ms postprocess per image at shape (1, 3, 384, 640)
[YOLO] Detected 2 persons
  ΓööΓöÇ Person 1/2
[EMBED] Image embedding: shape=(1, 512)
[HELMET] Pos_score: 2.6667, Neg_score: 3.6667
  Γ£ù NO HELMET (pos: 2.6667 <= neg: 3.6667)
[EMBED] Image embedding: shape=(1, 512)
[COVERALL] Pos_score: 1.3333, Neg_score: 2.3333
  Γ£ù NO COVERALL (pos: 1.3333 <= neg: 2.3333)
  ΓööΓöÇ Person 2/2
[EMBED] Image embedding: shape=(1, 512)
[HELMET] Pos_score: 3.3333, Neg_score: 3.3333
  Γ£ù NO HELMET (pos: 3.3333 <= neg: 3.3333)
[EMBED] Image embedding: shape=(1, 512)
[COVERALL] Pos_score: 3.6667, Neg_score: 2.3333
  Γ£ô COVERALL DETECTED (pos: 3.6667 > neg: 2.3333)
  Γ£à Saved: frame_008430_jpg.rf.6eb8bc1958aa6d9d4b5e8299321fbb57.jpg

[PROCESS] 141. frame_008444_jpg.rf.a0cc3aacca66fdbc48c23879cb2aedac.jpg

0: 384x640 2 persons, 202.1ms
Speed: 1.5ms preprocess, 202.1ms inference, 1.6ms postprocess per image at shape (1, 3, 384, 640)
[YOLO] Detected 1 persons
  ΓööΓöÇ Person 1/1
[EMBED] Image embedding: shape=(1, 512)
[HELMET] Pos_score: 2.6667, Neg_score: 2.0000
  Γ£ô HELMET DETECTED (pos: 2.6667 > neg: 2.0000)
[EMBED] Image embedding: shape=(1, 512)
[COVERALL] Pos_score: 4.0000, Neg_score: 4.0000
  Γ£ù NO COVERALL (pos: 4.0000 <= neg: 4.0000)
  Γ£à Saved: frame_008444_jpg.rf.a0cc3aacca66fdbc48c23879cb2aedac.jpg

[PROCESS] 142. frame_008445_jpg.rf.2410622fb6a375814443cb989731e18d.jpg

0: 384x640 2 persons, 210.1ms
Speed: 1.6ms preprocess, 210.1ms inference, 1.5ms postprocess per image at shape (1, 3, 384, 640)
[YOLO] Detected 1 persons
  ΓööΓöÇ Person 1/1
[EMBED] Image embedding: shape=(1, 512)
[HELMET] Pos_score: 3.0000, Neg_score: 1.0000
  Γ£ô HELMET DETECTED (pos: 3.0000 > neg: 1.0000)
[EMBED] Image embedding: shape=(1, 512)
[COVERALL] Pos_score: 3.0000, Neg_score: 4.0000
  Γ£ù NO COVERALL (pos: 3.0000 <= neg: 4.0000)
  Γ£à Saved: frame_008445_jpg.rf.2410622fb6a375814443cb989731e18d.jpg

[PROCESS] 143. frame_008522_jpg.rf.47932cc28dec475667f4bc315dd3a942.jpg

0: 384x640 2 persons, 190.8ms
Speed: 1.3ms preprocess, 190.8ms inference, 1.2ms postprocess per image at shape (1, 3, 384, 640)
[YOLO] Detected 2 persons
  ΓööΓöÇ Person 1/2
[EMBED] Image embedding: shape=(1, 512)
[HELMET] Pos_score: 3.6667, Neg_score: 2.6667
  Γ£ô HELMET DETECTED (pos: 3.6667 > neg: 2.6667)
[EMBED] Image embedding: shape=(1, 512)
[COVERALL] Pos_score: 3.3333, Neg_score: 2.3333
  Γ£ô COVERALL DETECTED (pos: 3.3333 > neg: 2.3333)
  ΓööΓöÇ Person 2/2
[EMBED] Image embedding: shape=(1, 512)
[HELMET] Pos_score: 3.0000, Neg_score: 3.3333
  Γ£ù NO HELMET (pos: 3.0000 <= neg: 3.3333)
[EMBED] Image embedding: shape=(1, 512)
[COVERALL] Pos_score: 3.0000, Neg_score: 3.0000
  Γ£ù NO COVERALL (pos: 3.0000 <= neg: 3.0000)
  Γ£à Saved: frame_008522_jpg.rf.47932cc28dec475667f4bc315dd3a942.jpg

[PROCESS] 144. frame_008523_jpg.rf.26c4f054390b4b0a08a985a495c0aa6a.jpg

0: 384x640 2 persons, 194.8ms
Speed: 1.9ms preprocess, 194.8ms inference, 1.0ms postprocess per image at shape (1, 3, 384, 640)
[YOLO] Detected 2 persons
  ΓööΓöÇ Person 1/2
[EMBED] Image embedding: shape=(1, 512)
[HELMET] Pos_score: 3.3333, Neg_score: 3.3333
  Γ£ù NO HELMET (pos: 3.3333 <= neg: 3.3333)
[EMBED] Image embedding: shape=(1, 512)
[COVERALL] Pos_score: 1.3333, Neg_score: 2.3333
  Γ£ù NO COVERALL (pos: 1.3333 <= neg: 2.3333)
  ΓööΓöÇ Person 2/2
[EMBED] Image embedding: shape=(1, 512)
[HELMET] Pos_score: 5.0000, Neg_score: 2.0000
  Γ£ô HELMET DETECTED (pos: 5.0000 > neg: 2.0000)
[EMBED] Image embedding: shape=(1, 512)
[COVERALL] Pos_score: 3.6667, Neg_score: 2.3333
  Γ£ô COVERALL DETECTED (pos: 3.6667 > neg: 2.3333)
  Γ£à Saved: frame_008523_jpg.rf.26c4f054390b4b0a08a985a495c0aa6a.jpg

[PROCESS] 145. frame_008529_jpg.rf.147111cb6742360da79b22c2b00eb4dc.jpg

0: 384x640 3 persons, 204.1ms
Speed: 1.4ms preprocess, 204.1ms inference, 1.1ms postprocess per image at shape (1, 3, 384, 640)
[YOLO] Detected 1 persons
  ΓööΓöÇ Person 1/1
[EMBED] Image embedding: shape=(1, 512)
[HELMET] Pos_score: 3.0000, Neg_score: 3.3333
  Γ£ù NO HELMET (pos: 3.0000 <= neg: 3.3333)
[EMBED] Image embedding: shape=(1, 512)
[COVERALL] Pos_score: 5.0000, Neg_score: 2.3333
  Γ£ô COVERALL DETECTED (pos: 5.0000 > neg: 2.3333)
  Γ£à Saved: frame_008529_jpg.rf.147111cb6742360da79b22c2b00eb4dc.jpg

[PROCESS] 146. frame_008545_jpg.rf.106adcb72ecfe8d940587ee115d9f71a.jpg

0: 384x640 2 persons, 194.6ms
Speed: 1.5ms preprocess, 194.6ms inference, 1.0ms postprocess per image at shape (1, 3, 384, 640)
[YOLO] Detected 2 persons
  ΓööΓöÇ Person 1/2
[EMBED] Image embedding: shape=(1, 512)
[HELMET] Pos_score: 3.0000, Neg_score: 2.6667
  Γ£ô HELMET DETECTED (pos: 3.0000 > neg: 2.6667)
[EMBED] Image embedding: shape=(1, 512)
[COVERALL] Pos_score: 3.3333, Neg_score: 2.6667
  Γ£ô COVERALL DETECTED (pos: 3.3333 > neg: 2.6667)
  ΓööΓöÇ Person 2/2
[EMBED] Image embedding: shape=(1, 512)
[HELMET] Pos_score: 3.3333, Neg_score: 2.6667
  Γ£ô HELMET DETECTED (pos: 3.3333 > neg: 2.6667)
[EMBED] Image embedding: shape=(1, 512)
[COVERALL] Pos_score: 4.0000, Neg_score: 2.6667
  Γ£ô COVERALL DETECTED (pos: 4.0000 > neg: 2.6667)
  Γ£à Saved: frame_008545_jpg.rf.106adcb72ecfe8d940587ee115d9f71a.jpg

[PROCESS] 147. frame_008567_jpg.rf.71670bf366d0ea8cf4edce64916ab605.jpg

0: 384x640 2 persons, 198.6ms
Speed: 1.2ms preprocess, 198.6ms inference, 1.3ms postprocess per image at shape (1, 3, 384, 640)
[YOLO] Detected 1 persons
  ΓööΓöÇ Person 1/1
[EMBED] Image embedding: shape=(1, 512)
[HELMET] Pos_score: 2.6667, Neg_score: 3.3333
  Γ£ù NO HELMET (pos: 2.6667 <= neg: 3.3333)
[EMBED] Image embedding: shape=(1, 512)
[COVERALL] Pos_score: 1.3333, Neg_score: 2.3333
  Γ£ù NO COVERALL (pos: 1.3333 <= neg: 2.3333)
  Γ£à Saved: frame_008567_jpg.rf.71670bf366d0ea8cf4edce64916ab605.jpg

[PROCESS] 148. frame_008586_jpg.rf.245c0f120ac43e2a2f58119451216f58.jpg

0: 384x640 2 persons, 198.2ms
Speed: 1.6ms preprocess, 198.2ms inference, 1.3ms postprocess per image at shape (1, 3, 384, 640)
[YOLO] Detected 1 persons
  ΓööΓöÇ Person 1/1
[EMBED] Image embedding: shape=(1, 512)
[HELMET] Pos_score: 3.0000, Neg_score: 2.6667
  Γ£ô HELMET DETECTED (pos: 3.0000 > neg: 2.6667)
[EMBED] Image embedding: shape=(1, 512)
[COVERALL] Pos_score: 3.6667, Neg_score: 2.3333
  Γ£ô COVERALL DETECTED (pos: 3.6667 > neg: 2.3333)
  Γ£à Saved: frame_008586_jpg.rf.245c0f120ac43e2a2f58119451216f58.jpg

[PROCESS] 149. frame_008587_jpg.rf.ff63cc893cf9c44fad4fbdc532d8f15c.jpg

0: 384x640 2 persons, 198.3ms
Speed: 1.2ms preprocess, 198.3ms inference, 1.2ms postprocess per image at shape (1, 3, 384, 640)
[YOLO] Detected 0 persons
  Γ£à Saved: frame_008587_jpg.rf.ff63cc893cf9c44fad4fbdc532d8f15c.jpg

[PROCESS] 150. frame_008609_jpg.rf.e61de997254f92dee116b276fbdc86aa.jpg

0: 384x640 4 persons, 195.4ms
Speed: 1.5ms preprocess, 195.4ms inference, 1.2ms postprocess per image at shape (1, 3, 384, 640)
[YOLO] Detected 2 persons
  ΓööΓöÇ Person 1/2
[EMBED] Image embedding: shape=(1, 512)
[HELMET] Pos_score: 2.3333, Neg_score: 3.3333
  Γ£ù NO HELMET (pos: 2.3333 <= neg: 3.3333)
[EMBED] Image embedding: shape=(1, 512)
[COVERALL] Pos_score: 3.0000, Neg_score: 3.0000
  Γ£ù NO COVERALL (pos: 3.0000 <= neg: 3.0000)
  ΓööΓöÇ Person 2/2
[EMBED] Image embedding: shape=(1, 512)
[HELMET] Pos_score: 3.3333, Neg_score: 3.3333
  Γ£ù NO HELMET (pos: 3.3333 <= neg: 3.3333)
[EMBED] Image embedding: shape=(1, 512)
[COVERALL] Pos_score: 3.6667, Neg_score: 2.3333
  Γ£ô COVERALL DETECTED (pos: 3.6667 > neg: 2.3333)
  Γ£à Saved: frame_008609_jpg.rf.e61de997254f92dee116b276fbdc86aa.jpg

[PROCESS] 151. frame_008611_jpg.rf.4d7b1c328d1efc7d395dd611a68d4151.jpg

0: 384x640 4 persons, 201.3ms
Speed: 1.3ms preprocess, 201.3ms inference, 1.1ms postprocess per image at shape (1, 3, 384, 640)
[YOLO] Detected 3 persons
  ΓööΓöÇ Person 1/3
[EMBED] Image embedding: shape=(1, 512)
[HELMET] Pos_score: 2.6667, Neg_score: 2.3333
  Γ£ô HELMET DETECTED (pos: 2.6667 > neg: 2.3333)
[EMBED] Image embedding: shape=(1, 512)
[COVERALL] Pos_score: 1.3333, Neg_score: 2.3333
  Γ£ù NO COVERALL (pos: 1.3333 <= neg: 2.3333)
  ΓööΓöÇ Person 2/3
[EMBED] Image embedding: shape=(1, 512)
[HELMET] Pos_score: 4.3333, Neg_score: 2.6667
  Γ£ô HELMET DETECTED (pos: 4.3333 > neg: 2.6667)
[EMBED] Image embedding: shape=(1, 512)
[COVERALL] Pos_score: 3.6667, Neg_score: 2.3333
  Γ£ô COVERALL DETECTED (pos: 3.6667 > neg: 2.3333)
  ΓööΓöÇ Person 3/3
[EMBED] Image embedding: shape=(1, 512)
[HELMET] Pos_score: 4.6667, Neg_score: 2.0000
  Γ£ô HELMET DETECTED (pos: 4.6667 > neg: 2.0000)
[EMBED] Image embedding: shape=(1, 512)
[COVERALL] Pos_score: 3.6667, Neg_score: 2.3333
  Γ£ô COVERALL DETECTED (pos: 3.6667 > neg: 2.3333)
  Γ£à Saved: frame_008611_jpg.rf.4d7b1c328d1efc7d395dd611a68d4151.jpg

[PROCESS] 152. frame_008669_jpg.rf.921eee8fcc0ce6c7c801bbb09404e554.jpg

0: 384x640 4 persons, 1 train, 195.6ms
Speed: 1.6ms preprocess, 195.6ms inference, 1.1ms postprocess per image at shape (1, 3, 384, 640)
[YOLO] Detected 3 persons
  ΓööΓöÇ Person 1/3
[EMBED] Image embedding: shape=(1, 512)
[HELMET] Pos_score: 4.3333, Neg_score: 2.6667
  Γ£ô HELMET DETECTED (pos: 4.3333 > neg: 2.6667)
[EMBED] Image embedding: shape=(1, 512)
[COVERALL] Pos_score: 4.0000, Neg_score: 2.3333
  Γ£ô COVERALL DETECTED (pos: 4.0000 > neg: 2.3333)
  ΓööΓöÇ Person 2/3
[EMBED] Image embedding: shape=(1, 512)
[HELMET] Pos_score: 3.0000, Neg_score: 2.6667
  Γ£ô HELMET DETECTED (pos: 3.0000 > neg: 2.6667)
[EMBED] Image embedding: shape=(1, 512)
[COVERALL] Pos_score: 3.6667, Neg_score: 2.3333
  Γ£ô COVERALL DETECTED (pos: 3.6667 > neg: 2.3333)
  ΓööΓöÇ Person 3/3
[EMBED] Image embedding: shape=(1, 512)
[HELMET] Pos_score: 3.3333, Neg_score: 2.0000
  Γ£ô HELMET DETECTED (pos: 3.3333 > neg: 2.0000)
[EMBED] Image embedding: shape=(1, 512)
[COVERALL] Pos_score: 3.6667, Neg_score: 2.3333
  Γ£ô COVERALL DETECTED (pos: 3.6667 > neg: 2.3333)
  Γ£à Saved: frame_008669_jpg.rf.921eee8fcc0ce6c7c801bbb09404e554.jpg

[PROCESS] 153. frame_008741_jpg.rf.5b182772250f74532199911953b113a1.jpg

0: 384x640 4 persons, 205.8ms
Speed: 1.6ms preprocess, 205.8ms inference, 1.0ms postprocess per image at shape (1, 3, 384, 640)
[YOLO] Detected 2 persons
  ΓööΓöÇ Person 1/2
[EMBED] Image embedding: shape=(1, 512)
[HELMET] Pos_score: 3.3333, Neg_score: 3.3333
  Γ£ù NO HELMET (pos: 3.3333 <= neg: 3.3333)
[EMBED] Image embedding: shape=(1, 512)
[COVERALL] Pos_score: 2.6667, Neg_score: 2.3333
  Γ£ô COVERALL DETECTED (pos: 2.6667 > neg: 2.3333)
  ΓööΓöÇ Person 2/2
[EMBED] Image embedding: shape=(1, 512)
[HELMET] Pos_score: 4.3333, Neg_score: 2.0000
  Γ£ô HELMET DETECTED (pos: 4.3333 > neg: 2.0000)
[EMBED] Image embedding: shape=(1, 512)
[COVERALL] Pos_score: 3.6667, Neg_score: 2.3333
  Γ£ô COVERALL DETECTED (pos: 3.6667 > neg: 2.3333)
  Γ£à Saved: frame_008741_jpg.rf.5b182772250f74532199911953b113a1.jpg

[PROCESS] 154. frame_008748_jpg.rf.497e8c007a6f177e15a06bf31f14bd04.jpg

0: 384x640 4 persons, 195.3ms
Speed: 1.3ms preprocess, 195.3ms inference, 1.2ms postprocess per image at shape (1, 3, 384, 640)
[YOLO] Detected 3 persons
  ΓööΓöÇ Person 1/3
[EMBED] Image embedding: shape=(1, 512)
[HELMET] Pos_score: 3.0000, Neg_score: 2.6667
  Γ£ô HELMET DETECTED (pos: 3.0000 > neg: 2.6667)
[EMBED] Image embedding: shape=(1, 512)
[COVERALL] Pos_score: 3.6667, Neg_score: 2.3333
  Γ£ô COVERALL DETECTED (pos: 3.6667 > neg: 2.3333)
  ΓööΓöÇ Person 2/3
[EMBED] Image embedding: shape=(1, 512)
[HELMET] Pos_score: 4.0000, Neg_score: 3.3333
  Γ£ô HELMET DETECTED (pos: 4.0000 > neg: 3.3333)
[EMBED] Image embedding: shape=(1, 512)
[COVERALL] Pos_score: 3.0000, Neg_score: 2.3333
  Γ£ô COVERALL DETECTED (pos: 3.0000 > neg: 2.3333)
  ΓööΓöÇ Person 3/3
[EMBED] Image embedding: shape=(1, 512)
[HELMET] Pos_score: 3.3333, Neg_score: 2.6667
  Γ£ô HELMET DETECTED (pos: 3.3333 > neg: 2.6667)
[EMBED] Image embedding: shape=(1, 512)
[COVERALL] Pos_score: 4.0000, Neg_score: 2.3333
  Γ£ô COVERALL DETECTED (pos: 4.0000 > neg: 2.3333)
  Γ£à Saved: frame_008748_jpg.rf.497e8c007a6f177e15a06bf31f14bd04.jpg

[PROCESS] 155. frame_008750_jpg.rf.dee89c7d561192a0cbef9791edaa325c.jpg

0: 384x640 2 persons, 188.2ms
Speed: 1.4ms preprocess, 188.2ms inference, 1.4ms postprocess per image at shape (1, 3, 384, 640)
[YOLO] Detected 1 persons
  ΓööΓöÇ Person 1/1
[EMBED] Image embedding: shape=(1, 512)
[HELMET] Pos_score: 4.3333, Neg_score: 2.6667
  Γ£ô HELMET DETECTED (pos: 4.3333 > neg: 2.6667)
[EMBED] Image embedding: shape=(1, 512)
[COVERALL] Pos_score: 3.0000, Neg_score: 2.3333
  Γ£ô COVERALL DETECTED (pos: 3.0000 > neg: 2.3333)
  Γ£à Saved: frame_008750_jpg.rf.dee89c7d561192a0cbef9791edaa325c.jpg

[PROCESS] 156. frame_008752_jpg.rf.839d04dde37f3d4fe14b136a47985942.jpg

0: 384x640 3 persons, 201.4ms
Speed: 1.4ms preprocess, 201.4ms inference, 1.3ms postprocess per image at shape (1, 3, 384, 640)
[YOLO] Detected 1 persons
  ΓööΓöÇ Person 1/1
[EMBED] Image embedding: shape=(1, 512)
[HELMET] Pos_score: 4.3333, Neg_score: 2.6667
  Γ£ô HELMET DETECTED (pos: 4.3333 > neg: 2.6667)
[EMBED] Image embedding: shape=(1, 512)
[COVERALL] Pos_score: 4.6667, Neg_score: 2.3333
  Γ£ô COVERALL DETECTED (pos: 4.6667 > neg: 2.3333)
  Γ£à Saved: frame_008752_jpg.rf.839d04dde37f3d4fe14b136a47985942.jpg

[PROCESS] 157. frame_008758_jpg.rf.6e7b59bf47b4745409208070ed279472.jpg

0: 384x640 4 persons, 204.0ms
Speed: 1.2ms preprocess, 204.0ms inference, 1.3ms postprocess per image at shape (1, 3, 384, 640)
[YOLO] Detected 3 persons
  ΓööΓöÇ Person 1/3
[EMBED] Image embedding: shape=(1, 512)
[HELMET] Pos_score: 2.6667, Neg_score: 3.6667
  Γ£ù NO HELMET (pos: 2.6667 <= neg: 3.6667)
[EMBED] Image embedding: shape=(1, 512)
[COVERALL] Pos_score: 3.0000, Neg_score: 2.3333
  Γ£ô COVERALL DETECTED (pos: 3.0000 > neg: 2.3333)
  ΓööΓöÇ Person 2/3
[EMBED] Image embedding: shape=(1, 512)
[HELMET] Pos_score: 2.0000, Neg_score: 2.6667
  Γ£ù NO HELMET (pos: 2.0000 <= neg: 2.6667)
[EMBED] Image embedding: shape=(1, 512)
[COVERALL] Pos_score: 1.3333, Neg_score: 2.6667
  Γ£ù NO COVERALL (pos: 1.3333 <= neg: 2.6667)
  ΓööΓöÇ Person 3/3
[EMBED] Image embedding: shape=(1, 512)
[HELMET] Pos_score: 4.3333, Neg_score: 3.3333
  Γ£ô HELMET DETECTED (pos: 4.3333 > neg: 3.3333)
[EMBED] Image embedding: shape=(1, 512)
[COVERALL] Pos_score: 3.6667, Neg_score: 2.3333
  Γ£ô COVERALL DETECTED (pos: 3.6667 > neg: 2.3333)
  Γ£à Saved: frame_008758_jpg.rf.6e7b59bf47b4745409208070ed279472.jpg

[PROCESS] 158. frame_008808_jpg.rf.4a9e7967939d204767c5eb3a93215cf1.jpg

0: 384x640 3 persons, 200.2ms
Speed: 1.2ms preprocess, 200.2ms inference, 1.1ms postprocess per image at shape (1, 3, 384, 640)
[YOLO] Detected 3 persons
  ΓööΓöÇ Person 1/3
[EMBED] Image embedding: shape=(1, 512)
[HELMET] Pos_score: 2.6667, Neg_score: 3.3333
  Γ£ù NO HELMET (pos: 2.6667 <= neg: 3.3333)
[EMBED] Image embedding: shape=(1, 512)
[COVERALL] Pos_score: 3.0000, Neg_score: 2.3333
  Γ£ô COVERALL DETECTED (pos: 3.0000 > neg: 2.3333)
  ΓööΓöÇ Person 2/3
[EMBED] Image embedding: shape=(1, 512)
[HELMET] Pos_score: 2.3333, Neg_score: 2.6667
  Γ£ù NO HELMET (pos: 2.3333 <= neg: 2.6667)
[EMBED] Image embedding: shape=(1, 512)
[COVERALL] Pos_score: 2.0000, Neg_score: 2.6667
  Γ£ù NO COVERALL (pos: 2.0000 <= neg: 2.6667)
  ΓööΓöÇ Person 3/3
[EMBED] Image embedding: shape=(1, 512)
[HELMET] Pos_score: 2.6667, Neg_score: 2.3333
  Γ£ô HELMET DETECTED (pos: 2.6667 > neg: 2.3333)
[EMBED] Image embedding: shape=(1, 512)
[COVERALL] Pos_score: 3.6667, Neg_score: 2.6667
  Γ£ô COVERALL DETECTED (pos: 3.6667 > neg: 2.6667)
  Γ£à Saved: frame_008808_jpg.rf.4a9e7967939d204767c5eb3a93215cf1.jpg

[PROCESS] 159. frame_008812_jpg.rf.cb38cacc6987e26b607f2d0d0e23bc65.jpg

0: 384x640 3 persons, 203.2ms
Speed: 1.5ms preprocess, 203.2ms inference, 1.1ms postprocess per image at shape (1, 3, 384, 640)
[YOLO] Detected 1 persons
  ΓööΓöÇ Person 1/1
[EMBED] Image embedding: shape=(1, 512)
[HELMET] Pos_score: 3.6667, Neg_score: 2.0000
  Γ£ô HELMET DETECTED (pos: 3.6667 > neg: 2.0000)
[EMBED] Image embedding: shape=(1, 512)
[COVERALL] Pos_score: 3.0000, Neg_score: 2.3333
  Γ£ô COVERALL DETECTED (pos: 3.0000 > neg: 2.3333)
  Γ£à Saved: frame_008812_jpg.rf.cb38cacc6987e26b607f2d0d0e23bc65.jpg

[PROCESS] 160. frame_008813_jpg.rf.5a14ce2a3a499de6772e767c25949488.jpg

0: 384x640 5 persons, 201.7ms
Speed: 1.7ms preprocess, 201.7ms inference, 1.3ms postprocess per image at shape (1, 3, 384, 640)
[YOLO] Detected 2 persons
  ΓööΓöÇ Person 1/2
[EMBED] Image embedding: shape=(1, 512)
[HELMET] Pos_score: 3.0000, Neg_score: 2.6667
  Γ£ô HELMET DETECTED (pos: 3.0000 > neg: 2.6667)
[EMBED] Image embedding: shape=(1, 512)
[COVERALL] Pos_score: 3.0000, Neg_score: 2.3333
  Γ£ô COVERALL DETECTED (pos: 3.0000 > neg: 2.3333)
  ΓööΓöÇ Person 2/2
[EMBED] Image embedding: shape=(1, 512)
[HELMET] Pos_score: 2.6667, Neg_score: 2.0000
  Γ£ô HELMET DETECTED (pos: 2.6667 > neg: 2.0000)
[EMBED] Image embedding: shape=(1, 512)
[COVERALL] Pos_score: 3.6667, Neg_score: 2.3333
  Γ£ô COVERALL DETECTED (pos: 3.6667 > neg: 2.3333)
  Γ£à Saved: frame_008813_jpg.rf.5a14ce2a3a499de6772e767c25949488.jpg

[PROCESS] 161. frame_008831_jpg.rf.306e2f4da3147c4f8a2bea20e1557837.jpg

0: 384x640 3 persons, 1 train, 202.3ms
Speed: 1.5ms preprocess, 202.3ms inference, 1.1ms postprocess per image at shape (1, 3, 384, 640)
[YOLO] Detected 1 persons
  ΓööΓöÇ Person 1/1
[EMBED] Image embedding: shape=(1, 512)
[HELMET] Pos_score: 1.6667, Neg_score: 3.3333
  Γ£ù NO HELMET (pos: 1.6667 <= neg: 3.3333)
[EMBED] Image embedding: shape=(1, 512)
[COVERALL] Pos_score: 3.0000, Neg_score: 3.0000
  Γ£ù NO COVERALL (pos: 3.0000 <= neg: 3.0000)
  Γ£à Saved: frame_008831_jpg.rf.306e2f4da3147c4f8a2bea20e1557837.jpg

[PROCESS] 162. frame_008884_jpg.rf.927e0a07fbb3a5ca19a9142cdc3a2256.jpg

0: 384x640 5 persons, 205.7ms
Speed: 1.2ms preprocess, 205.7ms inference, 1.1ms postprocess per image at shape (1, 3, 384, 640)
[YOLO] Detected 1 persons
  ΓööΓöÇ Person 1/1
[EMBED] Image embedding: shape=(1, 512)
[HELMET] Pos_score: 5.0000, Neg_score: 2.6667
  Γ£ô HELMET DETECTED (pos: 5.0000 > neg: 2.6667)
[EMBED] Image embedding: shape=(1, 512)
[COVERALL] Pos_score: 3.6667, Neg_score: 3.0000
  Γ£ô COVERALL DETECTED (pos: 3.6667 > neg: 3.0000)
  Γ£à Saved: frame_008884_jpg.rf.927e0a07fbb3a5ca19a9142cdc3a2256.jpg

[PROCESS] 163. frame_008893_jpg.rf.5549943fe5c241d98ce1220f8f000bc7.jpg

0: 384x640 4 persons, 199.1ms
Speed: 1.4ms preprocess, 199.1ms inference, 1.1ms postprocess per image at shape (1, 3, 384, 640)
[YOLO] Detected 2 persons
  ΓööΓöÇ Person 1/2
[EMBED] Image embedding: shape=(1, 512)
[HELMET] Pos_score: 3.0000, Neg_score: 2.6667
  Γ£ô HELMET DETECTED (pos: 3.0000 > neg: 2.6667)
[EMBED] Image embedding: shape=(1, 512)
[COVERALL] Pos_score: 3.6667, Neg_score: 2.3333
  Γ£ô COVERALL DETECTED (pos: 3.6667 > neg: 2.3333)
  ΓööΓöÇ Person 2/2
[EMBED] Image embedding: shape=(1, 512)
[HELMET] Pos_score: 4.3333, Neg_score: 2.6667
  Γ£ô HELMET DETECTED (pos: 4.3333 > neg: 2.6667)
[EMBED] Image embedding: shape=(1, 512)
[COVERALL] Pos_score: 3.0000, Neg_score: 4.0000
  Γ£ù NO COVERALL (pos: 3.0000 <= neg: 4.0000)
  Γ£à Saved: frame_008893_jpg.rf.5549943fe5c241d98ce1220f8f000bc7.jpg

[PROCESS] 164. frame_008901_jpg.rf.6f333132efd348903563085e596582e4.jpg

0: 384x640 3 persons, 197.5ms
Speed: 1.4ms preprocess, 197.5ms inference, 1.2ms postprocess per image at shape (1, 3, 384, 640)
[YOLO] Detected 3 persons
  ΓööΓöÇ Person 1/3
[EMBED] Image embedding: shape=(1, 512)
[HELMET] Pos_score: 3.0000, Neg_score: 2.0000
  Γ£ô HELMET DETECTED (pos: 3.0000 > neg: 2.0000)
[EMBED] Image embedding: shape=(1, 512)
[COVERALL] Pos_score: 3.6667, Neg_score: 2.3333
  Γ£ô COVERALL DETECTED (pos: 3.6667 > neg: 2.3333)
  ΓööΓöÇ Person 2/3
[EMBED] Image embedding: shape=(1, 512)
[HELMET] Pos_score: 4.3333, Neg_score: 2.0000
  Γ£ô HELMET DETECTED (pos: 4.3333 > neg: 2.0000)
[EMBED] Image embedding: shape=(1, 512)
[COVERALL] Pos_score: 3.6667, Neg_score: 2.3333
  Γ£ô COVERALL DETECTED (pos: 3.6667 > neg: 2.3333)
  ΓööΓöÇ Person 3/3
[EMBED] Image embedding: shape=(1, 512)
[HELMET] Pos_score: 2.0000, Neg_score: 2.6667
  Γ£ù NO HELMET (pos: 2.0000 <= neg: 2.6667)
[EMBED] Image embedding: shape=(1, 512)
[COVERALL] Pos_score: 2.0000, Neg_score: 3.0000
  Γ£ù NO COVERALL (pos: 2.0000 <= neg: 3.0000)
  Γ£à Saved: frame_008901_jpg.rf.6f333132efd348903563085e596582e4.jpg

[PROCESS] 165. frame_008907_jpg.rf.018ec78b705baf417078b4e2c32eba36.jpg

0: 384x640 3 persons, 193.5ms
Speed: 1.2ms preprocess, 193.5ms inference, 0.9ms postprocess per image at shape (1, 3, 384, 640)
[YOLO] Detected 0 persons
  Γ£à Saved: frame_008907_jpg.rf.018ec78b705baf417078b4e2c32eba36.jpg

[PROCESS] 166. frame_008915_jpg.rf.0712f8b0ae0f7e4e06c9ef6c8a3eaeb8.jpg

0: 384x640 3 persons, 197.9ms
Speed: 2.0ms preprocess, 197.9ms inference, 1.1ms postprocess per image at shape (1, 3, 384, 640)
[YOLO] Detected 2 persons
  ΓööΓöÇ Person 1/2
[EMBED] Image embedding: shape=(1, 512)
[HELMET] Pos_score: 3.0000, Neg_score: 2.0000
  Γ£ô HELMET DETECTED (pos: 3.0000 > neg: 2.0000)
[EMBED] Image embedding: shape=(1, 512)
[COVERALL] Pos_score: 3.6667, Neg_score: 2.3333
  Γ£ô COVERALL DETECTED (pos: 3.6667 > neg: 2.3333)
  ΓööΓöÇ Person 2/2
[EMBED] Image embedding: shape=(1, 512)
[HELMET] Pos_score: 2.0000, Neg_score: 2.0000
  Γ£ù NO HELMET (pos: 2.0000 <= neg: 2.0000)
[EMBED] Image embedding: shape=(1, 512)
[COVERALL] Pos_score: 2.6667, Neg_score: 2.6667
  Γ£ù NO COVERALL (pos: 2.6667 <= neg: 2.6667)
  Γ£à Saved: frame_008915_jpg.rf.0712f8b0ae0f7e4e06c9ef6c8a3eaeb8.jpg

[PROCESS] 167. frame_008929_jpg.rf.b75d4c099525965894382dc7a60b2233.jpg

0: 384x640 2 persons, 1 bicycle, 200.4ms
Speed: 1.4ms preprocess, 200.4ms inference, 1.1ms postprocess per image at shape (1, 3, 384, 640)
[YOLO] Detected 1 persons
  ΓööΓöÇ Person 1/1
[EMBED] Image embedding: shape=(1, 512)
[HELMET] Pos_score: 3.3333, Neg_score: 3.3333
  Γ£ù NO HELMET (pos: 3.3333 <= neg: 3.3333)
[EMBED] Image embedding: shape=(1, 512)
[COVERALL] Pos_score: 3.0000, Neg_score: 2.3333
  Γ£ô COVERALL DETECTED (pos: 3.0000 > neg: 2.3333)
  Γ£à Saved: frame_008929_jpg.rf.b75d4c099525965894382dc7a60b2233.jpg

[PROCESS] 168. frame_008936_jpg.rf.9442f3122b37374d35478d997d534012.jpg

0: 384x640 3 persons, 1 bicycle, 199.4ms
Speed: 1.4ms preprocess, 199.4ms inference, 1.3ms postprocess per image at shape (1, 3, 384, 640)
[YOLO] Detected 1 persons
  ΓööΓöÇ Person 1/1
[EMBED] Image embedding: shape=(1, 512)
[HELMET] Pos_score: 4.3333, Neg_score: 2.0000
  Γ£ô HELMET DETECTED (pos: 4.3333 > neg: 2.0000)
[EMBED] Image embedding: shape=(1, 512)
[COVERALL] Pos_score: 3.6667, Neg_score: 2.3333
  Γ£ô COVERALL DETECTED (pos: 3.6667 > neg: 2.3333)
  Γ£à Saved: frame_008936_jpg.rf.9442f3122b37374d35478d997d534012.jpg

[PROCESS] 169. frame_008938_jpg.rf.486752b50582a3b56f2ec66fa7afd247.jpg

0: 384x640 2 persons, 1 bicycle, 194.5ms
Speed: 1.1ms preprocess, 194.5ms inference, 0.9ms postprocess per image at shape (1, 3, 384, 640)
[YOLO] Detected 1 persons
  ΓööΓöÇ Person 1/1
[EMBED] Image embedding: shape=(1, 512)
[HELMET] Pos_score: 4.3333, Neg_score: 2.6667
  Γ£ô HELMET DETECTED (pos: 4.3333 > neg: 2.6667)
[EMBED] Image embedding: shape=(1, 512)
[COVERALL] Pos_score: 3.0000, Neg_score: 2.3333
  Γ£ô COVERALL DETECTED (pos: 3.0000 > neg: 2.3333)
  Γ£à Saved: frame_008938_jpg.rf.486752b50582a3b56f2ec66fa7afd247.jpg

[PROCESS] 170. frame_008942_jpg.rf.775065bbcd358666673954809c34a7c9.jpg

0: 384x640 3 persons, 200.8ms
Speed: 1.5ms preprocess, 200.8ms inference, 1.1ms postprocess per image at shape (1, 3, 384, 640)
[YOLO] Detected 1 persons
  ΓööΓöÇ Person 1/1
[EMBED] Image embedding: shape=(1, 512)
[HELMET] Pos_score: 4.3333, Neg_score: 2.6667
  Γ£ô HELMET DETECTED (pos: 4.3333 > neg: 2.6667)
[EMBED] Image embedding: shape=(1, 512)
[COVERALL] Pos_score: 3.6667, Neg_score: 2.3333
  Γ£ô COVERALL DETECTED (pos: 3.6667 > neg: 2.3333)
  Γ£à Saved: frame_008942_jpg.rf.775065bbcd358666673954809c34a7c9.jpg

[PROCESS] 171. frame_008999_jpg.rf.46bcda69b5cb988244728e2b3eaf0013.jpg

0: 384x640 3 persons, 196.9ms
Speed: 1.3ms preprocess, 196.9ms inference, 1.1ms postprocess per image at shape (1, 3, 384, 640)
[YOLO] Detected 3 persons
  ΓööΓöÇ Person 1/3
[EMBED] Image embedding: shape=(1, 512)
[HELMET] Pos_score: 3.3333, Neg_score: 2.0000
  Γ£ô HELMET DETECTED (pos: 3.3333 > neg: 2.0000)
[EMBED] Image embedding: shape=(1, 512)
[COVERALL] Pos_score: 3.0000, Neg_score: 2.3333
  Γ£ô COVERALL DETECTED (pos: 3.0000 > neg: 2.3333)
  ΓööΓöÇ Person 2/3
[EMBED] Image embedding: shape=(1, 512)
[HELMET] Pos_score: 3.3333, Neg_score: 3.3333
  Γ£ù NO HELMET (pos: 3.3333 <= neg: 3.3333)
[EMBED] Image embedding: shape=(1, 512)
[COVERALL] Pos_score: 4.3333, Neg_score: 4.0000
  Γ£ô COVERALL DETECTED (pos: 4.3333 > neg: 4.0000)
  ΓööΓöÇ Person 3/3
[EMBED] Image embedding: shape=(1, 512)
[HELMET] Pos_score: 2.0000, Neg_score: 2.6667
  Γ£ù NO HELMET (pos: 2.0000 <= neg: 2.6667)
[EMBED] Image embedding: shape=(1, 512)
[COVERALL] Pos_score: 3.0000, Neg_score: 4.0000
  Γ£ù NO COVERALL (pos: 3.0000 <= neg: 4.0000)
  Γ£à Saved: frame_008999_jpg.rf.46bcda69b5cb988244728e2b3eaf0013.jpg

[PROCESS] 172. frame_062342_jpg.rf.a16ad0f40c899c406201ca4d09db64c5.jpg

0: 384x640 8 persons, 1 train, 193.8ms
Speed: 1.3ms preprocess, 193.8ms inference, 1.0ms postprocess per image at shape (1, 3, 384, 640)
[YOLO] Detected 5 persons
  ΓööΓöÇ Person 1/5
[EMBED] Image embedding: shape=(1, 512)
[HELMET] Pos_score: 2.6667, Neg_score: 3.6667
  Γ£ù NO HELMET (pos: 2.6667 <= neg: 3.6667)
[EMBED] Image embedding: shape=(1, 512)
[COVERALL] Pos_score: 3.6667, Neg_score: 2.6667
  Γ£ô COVERALL DETECTED (pos: 3.6667 > neg: 2.6667)
  ΓööΓöÇ Person 2/5
[EMBED] Image embedding: shape=(1, 512)
[HELMET] Pos_score: 2.6667, Neg_score: 3.6667
  Γ£ù NO HELMET (pos: 2.6667 <= neg: 3.6667)
[EMBED] Image embedding: shape=(1, 512)
[COVERALL] Pos_score: 4.0000, Neg_score: 2.3333
  Γ£ô COVERALL DETECTED (pos: 4.0000 > neg: 2.3333)
  ΓööΓöÇ Person 3/5
[EMBED] Image embedding: shape=(1, 512)
[HELMET] Pos_score: 3.0000, Neg_score: 3.3333
  Γ£ù NO HELMET (pos: 3.0000 <= neg: 3.3333)
[EMBED] Image embedding: shape=(1, 512)
[COVERALL] Pos_score: 3.6667, Neg_score: 2.3333
  Γ£ô COVERALL DETECTED (pos: 3.6667 > neg: 2.3333)
  ΓööΓöÇ Person 4/5
[EMBED] Image embedding: shape=(1, 512)
[HELMET] Pos_score: 2.6667, Neg_score: 2.3333
  Γ£ô HELMET DETECTED (pos: 2.6667 > neg: 2.3333)
[EMBED] Image embedding: shape=(1, 512)
[COVERALL] Pos_score: 3.0000, Neg_score: 2.3333
  Γ£ô COVERALL DETECTED (pos: 3.0000 > neg: 2.3333)
  ΓööΓöÇ Person 5/5
[EMBED] Image embedding: shape=(1, 512)
[HELMET] Pos_score: 3.0000, Neg_score: 2.6667
  Γ£ô HELMET DETECTED (pos: 3.0000 > neg: 2.6667)
[EMBED] Image embedding: shape=(1, 512)
[COVERALL] Pos_score: 4.3333, Neg_score: 4.0000
  Γ£ô COVERALL DETECTED (pos: 4.3333 > neg: 4.0000)
  Γ£à Saved: frame_062342_jpg.rf.a16ad0f40c899c406201ca4d09db64c5.jpg

[PROCESS] 173. frame_062343_jpg.rf.d16bc95c54a9adeda6bef1665bcf260b.jpg

0: 384x640 8 persons, 1 train, 194.6ms
Speed: 1.2ms preprocess, 194.6ms inference, 3.2ms postprocess per image at shape (1, 3, 384, 640)
[YOLO] Detected 6 persons
  ΓööΓöÇ Person 1/6
[EMBED] Image embedding: shape=(1, 512)
[HELMET] Pos_score: 2.6667, Neg_score: 3.6667
  Γ£ù NO HELMET (pos: 2.6667 <= neg: 3.6667)
[EMBED] Image embedding: shape=(1, 512)
[COVERALL] Pos_score: 3.6667, Neg_score: 2.6667
  Γ£ô COVERALL DETECTED (pos: 3.6667 > neg: 2.6667)
  ΓööΓöÇ Person 2/6
[EMBED] Image embedding: shape=(1, 512)
[HELMET] Pos_score: 2.6667, Neg_score: 3.6667
  Γ£ù NO HELMET (pos: 2.6667 <= neg: 3.6667)
[EMBED] Image embedding: shape=(1, 512)
[COVERALL] Pos_score: 4.3333, Neg_score: 2.3333
  Γ£ô COVERALL DETECTED (pos: 4.3333 > neg: 2.3333)
  ΓööΓöÇ Person 3/6
[EMBED] Image embedding: shape=(1, 512)
[HELMET] Pos_score: 2.3333, Neg_score: 3.3333
  Γ£ù NO HELMET (pos: 2.3333 <= neg: 3.3333)
[EMBED] Image embedding: shape=(1, 512)
[COVERALL] Pos_score: 2.0000, Neg_score: 2.6667
  Γ£ù NO COVERALL (pos: 2.0000 <= neg: 2.6667)
  ΓööΓöÇ Person 4/6
[EMBED] Image embedding: shape=(1, 512)
[HELMET] Pos_score: 2.6667, Neg_score: 3.6667
  Γ£ù NO HELMET (pos: 2.6667 <= neg: 3.6667)
[EMBED] Image embedding: shape=(1, 512)
[COVERALL] Pos_score: 3.0000, Neg_score: 2.3333
  Γ£ô COVERALL DETECTED (pos: 3.0000 > neg: 2.3333)
  ΓööΓöÇ Person 5/6
[EMBED] Image embedding: shape=(1, 512)
[HELMET] Pos_score: 3.0000, Neg_score: 2.6667
  Γ£ô HELMET DETECTED (pos: 3.0000 > neg: 2.6667)
[EMBED] Image embedding: shape=(1, 512)
[COVERALL] Pos_score: 3.6667, Neg_score: 2.3333
  Γ£ô COVERALL DETECTED (pos: 3.6667 > neg: 2.3333)
  ΓööΓöÇ Person 6/6
[EMBED] Image embedding: shape=(1, 512)
[HELMET] Pos_score: 2.6667, Neg_score: 2.3333
  Γ£ô HELMET DETECTED (pos: 2.6667 > neg: 2.3333)
[EMBED] Image embedding: shape=(1, 512)
[COVERALL] Pos_score: 2.3333, Neg_score: 2.3333
  Γ£ù NO COVERALL (pos: 2.3333 <= neg: 2.3333)
  Γ£à Saved: frame_062343_jpg.rf.d16bc95c54a9adeda6bef1665bcf260b.jpg

[PROCESS] 174. frame_062345_jpg.rf.cdab5629a4d536954bd7b76dec05af16.jpg

0: 384x640 9 persons, 1 train, 194.1ms
Speed: 1.1ms preprocess, 194.1ms inference, 1.4ms postprocess per image at shape (1, 3, 384, 640)
[YOLO] Detected 6 persons
  ΓööΓöÇ Person 1/6
[EMBED] Image embedding: shape=(1, 512)
[HELMET] Pos_score: 3.0000, Neg_score: 3.3333
  Γ£ù NO HELMET (pos: 3.0000 <= neg: 3.3333)
[EMBED] Image embedding: shape=(1, 512)
[COVERALL] Pos_score: 3.6667, Neg_score: 2.6667
  Γ£ô COVERALL DETECTED (pos: 3.6667 > neg: 2.6667)
  ΓööΓöÇ Person 2/6
[EMBED] Image embedding: shape=(1, 512)
[HELMET] Pos_score: 2.0000, Neg_score: 3.6667
  Γ£ù NO HELMET (pos: 2.0000 <= neg: 3.6667)
[EMBED] Image embedding: shape=(1, 512)
[COVERALL] Pos_score: 4.0000, Neg_score: 2.3333
  Γ£ô COVERALL DETECTED (pos: 4.0000 > neg: 2.3333)
  ΓööΓöÇ Person 3/6
[EMBED] Image embedding: shape=(1, 512)
[HELMET] Pos_score: 2.6667, Neg_score: 3.6667
  Γ£ù NO HELMET (pos: 2.6667 <= neg: 3.6667)
[EMBED] Image embedding: shape=(1, 512)
[COVERALL] Pos_score: 3.3333, Neg_score: 2.6667
  Γ£ô COVERALL DETECTED (pos: 3.3333 > neg: 2.6667)
  ΓööΓöÇ Person 4/6
[EMBED] Image embedding: shape=(1, 512)
[HELMET] Pos_score: 3.0000, Neg_score: 3.6667
  Γ£ù NO HELMET (pos: 3.0000 <= neg: 3.6667)
[EMBED] Image embedding: shape=(1, 512)
[COVERALL] Pos_score: 3.6667, Neg_score: 2.3333
  Γ£ô COVERALL DETECTED (pos: 3.6667 > neg: 2.3333)
  ΓööΓöÇ Person 5/6
[EMBED] Image embedding: shape=(1, 512)
[HELMET] Pos_score: 3.3333, Neg_score: 2.0000
  Γ£ô HELMET DETECTED (pos: 3.3333 > neg: 2.0000)
[EMBED] Image embedding: shape=(1, 512)
[COVERALL] Pos_score: 5.3333, Neg_score: 2.6667
  Γ£ô COVERALL DETECTED (pos: 5.3333 > neg: 2.6667)
  ΓööΓöÇ Person 6/6
[EMBED] Image embedding: shape=(1, 512)
[HELMET] Pos_score: 3.0000, Neg_score: 2.6667
  Γ£ô HELMET DETECTED (pos: 3.0000 > neg: 2.6667)
[EMBED] Image embedding: shape=(1, 512)
[COVERALL] Pos_score: 3.6667, Neg_score: 2.3333
  Γ£ô COVERALL DETECTED (pos: 3.6667 > neg: 2.3333)
  Γ£à Saved: frame_062345_jpg.rf.cdab5629a4d536954bd7b76dec05af16.jpg

[PROCESS] 175. frame_062346_jpg.rf.52635705eefb5937cecb2d7fcd64849e.jpg

0: 384x640 8 persons, 1 train, 196.4ms
Speed: 1.3ms preprocess, 196.4ms inference, 1.1ms postprocess per image at shape (1, 3, 384, 640)
[YOLO] Detected 5 persons
  ΓööΓöÇ Person 1/5
[EMBED] Image embedding: shape=(1, 512)
[HELMET] Pos_score: 2.0000, Neg_score: 3.3333
  Γ£ù NO HELMET (pos: 2.0000 <= neg: 3.3333)
[EMBED] Image embedding: shape=(1, 512)
[COVERALL] Pos_score: 4.0000, Neg_score: 2.3333
  Γ£ô COVERALL DETECTED (pos: 4.0000 > neg: 2.3333)
  ΓööΓöÇ Person 2/5
[EMBED] Image embedding: shape=(1, 512)
[HELMET] Pos_score: 2.6667, Neg_score: 3.6667
  Γ£ù NO HELMET (pos: 2.6667 <= neg: 3.6667)
[EMBED] Image embedding: shape=(1, 512)
[COVERALL] Pos_score: 3.6667, Neg_score: 2.6667
  Γ£ô COVERALL DETECTED (pos: 3.6667 > neg: 2.6667)
  ΓööΓöÇ Person 3/5
[EMBED] Image embedding: shape=(1, 512)
[HELMET] Pos_score: 5.0000, Neg_score: 2.6667
  Γ£ô HELMET DETECTED (pos: 5.0000 > neg: 2.6667)
[EMBED] Image embedding: shape=(1, 512)
[COVERALL] Pos_score: 4.3333, Neg_score: 4.0000
  Γ£ô COVERALL DETECTED (pos: 4.3333 > neg: 4.0000)
  ΓööΓöÇ Person 4/5
[EMBED] Image embedding: shape=(1, 512)
[HELMET] Pos_score: 2.6667, Neg_score: 3.6667
  Γ£ù NO HELMET (pos: 2.6667 <= neg: 3.6667)
[EMBED] Image embedding: shape=(1, 512)
[COVERALL] Pos_score: 5.0000, Neg_score: 2.3333
  Γ£ô COVERALL DETECTED (pos: 5.0000 > neg: 2.3333)
  ΓööΓöÇ Person 5/5
[EMBED] Image embedding: shape=(1, 512)
[HELMET] Pos_score: 3.0000, Neg_score: 2.6667
  Γ£ô HELMET DETECTED (pos: 3.0000 > neg: 2.6667)
[EMBED] Image embedding: shape=(1, 512)
[COVERALL] Pos_score: 3.6667, Neg_score: 2.3333
  Γ£ô COVERALL DETECTED (pos: 3.6667 > neg: 2.3333)
  Γ£à Saved: frame_062346_jpg.rf.52635705eefb5937cecb2d7fcd64849e.jpg

[PROCESS] 176. frame_062347_jpg.rf.63d664c95d2d605b2f5f09ca9eaf95b3.jpg

0: 384x640 8 persons, 1 train, 197.5ms
Speed: 1.4ms preprocess, 197.5ms inference, 1.8ms postprocess per image at shape (1, 3, 384, 640)
[YOLO] Detected 5 persons
  ΓööΓöÇ Person 1/5
[EMBED] Image embedding: shape=(1, 512)
[HELMET] Pos_score: 2.6667, Neg_score: 3.6667
  Γ£ù NO HELMET (pos: 2.6667 <= neg: 3.6667)
[EMBED] Image embedding: shape=(1, 512)
[COVERALL] Pos_score: 3.6667, Neg_score: 2.6667
  Γ£ô COVERALL DETECTED (pos: 3.6667 > neg: 2.6667)
  ΓööΓöÇ Person 2/5
[EMBED] Image embedding: shape=(1, 512)
[HELMET] Pos_score: 1.6667, Neg_score: 3.3333
  Γ£ù NO HELMET (pos: 1.6667 <= neg: 3.3333)
[EMBED] Image embedding: shape=(1, 512)
[COVERALL] Pos_score: 3.6667, Neg_score: 2.3333
  Γ£ô COVERALL DETECTED (pos: 3.6667 > neg: 2.3333)
  ΓööΓöÇ Person 3/5
[EMBED] Image embedding: shape=(1, 512)
[HELMET] Pos_score: 2.6667, Neg_score: 3.6667
  Γ£ù NO HELMET (pos: 2.6667 <= neg: 3.6667)
[EMBED] Image embedding: shape=(1, 512)
[COVERALL] Pos_score: 5.0000, Neg_score: 2.3333
  Γ£ô COVERALL DETECTED (pos: 5.0000 > neg: 2.3333)
  ΓööΓöÇ Person 4/5
[EMBED] Image embedding: shape=(1, 512)
[HELMET] Pos_score: 3.0000, Neg_score: 2.6667
  Γ£ô HELMET DETECTED (pos: 3.0000 > neg: 2.6667)
[EMBED] Image embedding: shape=(1, 512)
[COVERALL] Pos_score: 3.6667, Neg_score: 3.0000
  Γ£ô COVERALL DETECTED (pos: 3.6667 > neg: 3.0000)
  ΓööΓöÇ Person 5/5
[EMBED] Image embedding: shape=(1, 512)
[HELMET] Pos_score: 4.3333, Neg_score: 1.6667
  Γ£ô HELMET DETECTED (pos: 4.3333 > neg: 1.6667)
[EMBED] Image embedding: shape=(1, 512)
[COVERALL] Pos_score: 3.0000, Neg_score: 2.6667
  Γ£ô COVERALL DETECTED (pos: 3.0000 > neg: 2.6667)
  Γ£à Saved: frame_062347_jpg.rf.63d664c95d2d605b2f5f09ca9eaf95b3.jpg

[PROCESS] 177. frame_062348_jpg.rf.6ca4ec27a6efc8a62aaf25fbc04b03a3.jpg

0: 384x640 9 persons, 1 train, 193.9ms
Speed: 1.5ms preprocess, 193.9ms inference, 1.2ms postprocess per image at shape (1, 3, 384, 640)
[YOLO] Detected 5 persons
  ΓööΓöÇ Person 1/5
[EMBED] Image embedding: shape=(1, 512)
[HELMET] Pos_score: 2.6667, Neg_score: 3.6667
  Γ£ù NO HELMET (pos: 2.6667 <= neg: 3.6667)
[EMBED] Image embedding: shape=(1, 512)
[COVERALL] Pos_score: 3.6667, Neg_score: 2.6667
  Γ£ô COVERALL DETECTED (pos: 3.6667 > neg: 2.6667)
  ΓööΓöÇ Person 2/5
[EMBED] Image embedding: shape=(1, 512)
[HELMET] Pos_score: 3.3333, Neg_score: 2.6667
  Γ£ô HELMET DETECTED (pos: 3.3333 > neg: 2.6667)
[EMBED] Image embedding: shape=(1, 512)
[COVERALL] Pos_score: 3.0000, Neg_score: 3.0000
  Γ£ù NO COVERALL (pos: 3.0000 <= neg: 3.0000)
  ΓööΓöÇ Person 3/5
[EMBED] Image embedding: shape=(1, 512)
[HELMET] Pos_score: 1.0000, Neg_score: 3.6667
  Γ£ù NO HELMET (pos: 1.0000 <= neg: 3.6667)
[EMBED] Image embedding: shape=(1, 512)
[COVERALL] Pos_score: 4.0000, Neg_score: 2.3333
  Γ£ô COVERALL DETECTED (pos: 4.0000 > neg: 2.3333)
  ΓööΓöÇ Person 4/5
[EMBED] Image embedding: shape=(1, 512)
[HELMET] Pos_score: 1.0000, Neg_score: 3.6667
  Γ£ù NO HELMET (pos: 1.0000 <= neg: 3.6667)
[EMBED] Image embedding: shape=(1, 512)
[COVERALL] Pos_score: 5.0000, Neg_score: 2.3333
  Γ£ô COVERALL DETECTED (pos: 5.0000 > neg: 2.3333)
  ΓööΓöÇ Person 5/5
[EMBED] Image embedding: shape=(1, 512)
[HELMET] Pos_score: 1.3333, Neg_score: 2.6667
  Γ£ù NO HELMET (pos: 1.3333 <= neg: 2.6667)
[EMBED] Image embedding: shape=(1, 512)
[COVERALL] Pos_score: 3.6667, Neg_score: 2.3333
  Γ£ô COVERALL DETECTED (pos: 3.6667 > neg: 2.3333)
  Γ£à Saved: frame_062348_jpg.rf.6ca4ec27a6efc8a62aaf25fbc04b03a3.jpg

[PROCESS] 178. frame_062349_jpg.rf.aaff6411c647ffe65d002b02f8a82294.jpg

0: 384x640 8 persons, 1 train, 206.8ms
Speed: 1.5ms preprocess, 206.8ms inference, 1.3ms postprocess per image at shape (1, 3, 384, 640)
[YOLO] Detected 6 persons
  ΓööΓöÇ Person 1/6
[EMBED] Image embedding: shape=(1, 512)
[HELMET] Pos_score: 2.6667, Neg_score: 3.3333
  Γ£ù NO HELMET (pos: 2.6667 <= neg: 3.3333)
[EMBED] Image embedding: shape=(1, 512)
[COVERALL] Pos_score: 3.6667, Neg_score: 2.6667
  Γ£ô COVERALL DETECTED (pos: 3.6667 > neg: 2.6667)
  ΓööΓöÇ Person 2/6
[EMBED] Image embedding: shape=(1, 512)
[HELMET] Pos_score: 3.0000, Neg_score: 3.6667
  Γ£ù NO HELMET (pos: 3.0000 <= neg: 3.6667)
[EMBED] Image embedding: shape=(1, 512)
[COVERALL] Pos_score: 3.6667, Neg_score: 2.3333
  Γ£ô COVERALL DETECTED (pos: 3.6667 > neg: 2.3333)
  ΓööΓöÇ Person 3/6
[EMBED] Image embedding: shape=(1, 512)
[HELMET] Pos_score: 4.6667, Neg_score: 3.3333
  Γ£ô HELMET DETECTED (pos: 4.6667 > neg: 3.3333)
[EMBED] Image embedding: shape=(1, 512)
[COVERALL] Pos_score: 3.0000, Neg_score: 3.0000
  Γ£ù NO COVERALL (pos: 3.0000 <= neg: 3.0000)
  ΓööΓöÇ Person 4/6
[EMBED] Image embedding: shape=(1, 512)
[HELMET] Pos_score: 2.6667, Neg_score: 2.3333
  Γ£ô HELMET DETECTED (pos: 2.6667 > neg: 2.3333)
[EMBED] Image embedding: shape=(1, 512)
[COVERALL] Pos_score: 3.3333, Neg_score: 2.6667
  Γ£ô COVERALL DETECTED (pos: 3.3333 > neg: 2.6667)
  ΓööΓöÇ Person 5/6
[EMBED] Image embedding: shape=(1, 512)
[HELMET] Pos_score: 1.0000, Neg_score: 2.6667
  Γ£ù NO HELMET (pos: 1.0000 <= neg: 2.6667)
[EMBED] Image embedding: shape=(1, 512)
[COVERALL] Pos_score: 3.6667, Neg_score: 2.3333
  Γ£ô COVERALL DETECTED (pos: 3.6667 > neg: 2.3333)
  ΓööΓöÇ Person 6/6
[EMBED] Image embedding: shape=(1, 512)
[HELMET] Pos_score: 3.0000, Neg_score: 2.3333
  Γ£ô HELMET DETECTED (pos: 3.0000 > neg: 2.3333)
[EMBED] Image embedding: shape=(1, 512)
[COVERALL] Pos_score: 4.0000, Neg_score: 2.0000
  Γ£ô COVERALL DETECTED (pos: 4.0000 > neg: 2.0000)
  Γ£à Saved: frame_062349_jpg.rf.aaff6411c647ffe65d002b02f8a82294.jpg

[PROCESS] 179. frame_062351_jpg.rf.481fa39a87198fa430a3729ec26ad812.jpg

0: 384x640 9 persons, 1 train, 191.2ms
Speed: 1.4ms preprocess, 191.2ms inference, 1.1ms postprocess per image at shape (1, 3, 384, 640)
[YOLO] Detected 4 persons
  ΓööΓöÇ Person 1/4
[EMBED] Image embedding: shape=(1, 512)
[HELMET] Pos_score: 2.6667, Neg_score: 3.6667
  Γ£ù NO HELMET (pos: 2.6667 <= neg: 3.6667)
[EMBED] Image embedding: shape=(1, 512)
[COVERALL] Pos_score: 3.3333, Neg_score: 2.6667
  Γ£ô COVERALL DETECTED (pos: 3.3333 > neg: 2.6667)
  ΓööΓöÇ Person 2/4
[EMBED] Image embedding: shape=(1, 512)
[HELMET] Pos_score: 2.6667, Neg_score: 2.3333
  Γ£ô HELMET DETECTED (pos: 2.6667 > neg: 2.3333)
[EMBED] Image embedding: shape=(1, 512)
[COVERALL] Pos_score: 4.0000, Neg_score: 2.3333
  Γ£ô COVERALL DETECTED (pos: 4.0000 > neg: 2.3333)
  ΓööΓöÇ Person 3/4
[EMBED] Image embedding: shape=(1, 512)
[HELMET] Pos_score: 1.6667, Neg_score: 2.6667
  Γ£ù NO HELMET (pos: 1.6667 <= neg: 2.6667)
[EMBED] Image embedding: shape=(1, 512)
[COVERALL] Pos_score: 3.0000, Neg_score: 2.3333
  Γ£ô COVERALL DETECTED (pos: 3.0000 > neg: 2.3333)
  ΓööΓöÇ Person 4/4
[EMBED] Image embedding: shape=(1, 512)
[HELMET] Pos_score: 3.0000, Neg_score: 3.6667
  Γ£ù NO HELMET (pos: 3.0000 <= neg: 3.6667)
[EMBED] Image embedding: shape=(1, 512)
[COVERALL] Pos_score: 3.0000, Neg_score: 3.0000
  Γ£ù NO COVERALL (pos: 3.0000 <= neg: 3.0000)
  Γ£à Saved: frame_062351_jpg.rf.481fa39a87198fa430a3729ec26ad812.jpg

[PROCESS] 180. frame_062352_jpg.rf.af2576333224e5408fa0084d7aa50035.jpg

0: 384x640 7 persons, 1 train, 203.0ms
Speed: 1.5ms preprocess, 203.0ms inference, 1.1ms postprocess per image at shape (1, 3, 384, 640)
[YOLO] Detected 6 persons
  ΓööΓöÇ Person 1/6
[EMBED] Image embedding: shape=(1, 512)
[HELMET] Pos_score: 2.6667, Neg_score: 3.6667
  Γ£ù NO HELMET (pos: 2.6667 <= neg: 3.6667)
[EMBED] Image embedding: shape=(1, 512)
[COVERALL] Pos_score: 3.3333, Neg_score: 2.6667
  Γ£ô COVERALL DETECTED (pos: 3.3333 > neg: 2.6667)
  ΓööΓöÇ Person 2/6
[EMBED] Image embedding: shape=(1, 512)
[HELMET] Pos_score: 2.6667, Neg_score: 1.0000
  Γ£ô HELMET DETECTED (pos: 2.6667 > neg: 1.0000)
[EMBED] Image embedding: shape=(1, 512)
[COVERALL] Pos_score: 1.3333, Neg_score: 3.0000
  Γ£ù NO COVERALL (pos: 1.3333 <= neg: 3.0000)
  ΓööΓöÇ Person 3/6
[EMBED] Image embedding: shape=(1, 512)
[HELMET] Pos_score: 3.3333, Neg_score: 3.6667
  Γ£ù NO HELMET (pos: 3.3333 <= neg: 3.6667)
[EMBED] Image embedding: shape=(1, 512)
[COVERALL] Pos_score: 4.0000, Neg_score: 2.3333
  Γ£ô COVERALL DETECTED (pos: 4.0000 > neg: 2.3333)
  ΓööΓöÇ Person 4/6
[EMBED] Image embedding: shape=(1, 512)
[HELMET] Pos_score: 2.0000, Neg_score: 2.6667
  Γ£ù NO HELMET (pos: 2.0000 <= neg: 2.6667)
[EMBED] Image embedding: shape=(1, 512)
[COVERALL] Pos_score: 3.0000, Neg_score: 2.3333
  Γ£ô COVERALL DETECTED (pos: 3.0000 > neg: 2.3333)
  ΓööΓöÇ Person 5/6
[EMBED] Image embedding: shape=(1, 512)
[HELMET] Pos_score: 2.3333, Neg_score: 2.6667
  Γ£ù NO HELMET (pos: 2.3333 <= neg: 2.6667)
[EMBED] Image embedding: shape=(1, 512)
[COVERALL] Pos_score: 1.3333, Neg_score: 2.3333
  Γ£ù NO COVERALL (pos: 1.3333 <= neg: 2.3333)
  ΓööΓöÇ Person 6/6
[EMBED] Image embedding: shape=(1, 512)
[HELMET] Pos_score: 2.6667, Neg_score: 3.6667
  Γ£ù NO HELMET (pos: 2.6667 <= neg: 3.6667)
[EMBED] Image embedding: shape=(1, 512)
[COVERALL] Pos_score: 3.3333, Neg_score: 2.3333
  Γ£ô COVERALL DETECTED (pos: 3.3333 > neg: 2.3333)
  Γ£à Saved: frame_062352_jpg.rf.af2576333224e5408fa0084d7aa50035.jpg

[PROCESS] 181. frame_062353_jpg.rf.b316f4883c934930e5082a446bb779b0.jpg

0: 384x640 9 persons, 1 train, 200.0ms
Speed: 1.5ms preprocess, 200.0ms inference, 1.1ms postprocess per image at shape (1, 3, 384, 640)
[YOLO] Detected 4 persons
  ΓööΓöÇ Person 1/4
[EMBED] Image embedding: shape=(1, 512)
[HELMET] Pos_score: 2.6667, Neg_score: 3.6667
  Γ£ù NO HELMET (pos: 2.6667 <= neg: 3.6667)
[EMBED] Image embedding: shape=(1, 512)
[COVERALL] Pos_score: 3.3333, Neg_score: 2.6667
  Γ£ô COVERALL DETECTED (pos: 3.3333 > neg: 2.6667)
  ΓööΓöÇ Person 2/4
[EMBED] Image embedding: shape=(1, 512)
[HELMET] Pos_score: 2.6667, Neg_score: 3.6667
  Γ£ù NO HELMET (pos: 2.6667 <= neg: 3.6667)
[EMBED] Image embedding: shape=(1, 512)
[COVERALL] Pos_score: 3.3333, Neg_score: 2.3333
  Γ£ô COVERALL DETECTED (pos: 3.3333 > neg: 2.3333)
  ΓööΓöÇ Person 3/4
[EMBED] Image embedding: shape=(1, 512)
[HELMET] Pos_score: 2.6667, Neg_score: 3.6667
  Γ£ù NO HELMET (pos: 2.6667 <= neg: 3.6667)
[EMBED] Image embedding: shape=(1, 512)
[COVERALL] Pos_score: 3.6667, Neg_score: 2.3333
  Γ£ô COVERALL DETECTED (pos: 3.6667 > neg: 2.3333)
  ΓööΓöÇ Person 4/4
[EMBED] Image embedding: shape=(1, 512)
[HELMET] Pos_score: 2.3333, Neg_score: 2.6667
  Γ£ù NO HELMET (pos: 2.3333 <= neg: 2.6667)
[EMBED] Image embedding: shape=(1, 512)
[COVERALL] Pos_score: 1.3333, Neg_score: 2.3333
  Γ£ù NO COVERALL (pos: 1.3333 <= neg: 2.3333)
  Γ£à Saved: frame_062353_jpg.rf.b316f4883c934930e5082a446bb779b0.jpg

[PROCESS] 182. frame_062354_jpg.rf.918471d9bd0b8630a2af7f30739a3f2a.jpg

0: 384x640 9 persons, 1 train, 198.1ms
Speed: 1.5ms preprocess, 198.1ms inference, 0.9ms postprocess per image at shape (1, 3, 384, 640)
[YOLO] Detected 6 persons
  ΓööΓöÇ Person 1/6
[EMBED] Image embedding: shape=(1, 512)
[HELMET] Pos_score: 2.6667, Neg_score: 3.3333
  Γ£ù NO HELMET (pos: 2.6667 <= neg: 3.3333)
[EMBED] Image embedding: shape=(1, 512)
[COVERALL] Pos_score: 3.3333, Neg_score: 2.6667
  Γ£ô COVERALL DETECTED (pos: 3.3333 > neg: 2.6667)
  ΓööΓöÇ Person 2/6
[EMBED] Image embedding: shape=(1, 512)
[HELMET] Pos_score: 2.6667, Neg_score: 3.6667
  Γ£ù NO HELMET (pos: 2.6667 <= neg: 3.6667)
[EMBED] Image embedding: shape=(1, 512)
[COVERALL] Pos_score: 3.6667, Neg_score: 2.3333
  Γ£ô COVERALL DETECTED (pos: 3.6667 > neg: 2.3333)
  ΓööΓöÇ Person 3/6
[EMBED] Image embedding: shape=(1, 512)
[HELMET] Pos_score: 2.6667, Neg_score: 3.6667
  Γ£ù NO HELMET (pos: 2.6667 <= neg: 3.6667)
[EMBED] Image embedding: shape=(1, 512)
[COVERALL] Pos_score: 3.6667, Neg_score: 2.3333
  Γ£ô COVERALL DETECTED (pos: 3.6667 > neg: 2.3333)
  ΓööΓöÇ Person 4/6
[EMBED] Image embedding: shape=(1, 512)
[HELMET] Pos_score: 2.3333, Neg_score: 2.6667
  Γ£ù NO HELMET (pos: 2.3333 <= neg: 2.6667)
[EMBED] Image embedding: shape=(1, 512)
[COVERALL] Pos_score: 3.0000, Neg_score: 2.3333
  Γ£ô COVERALL DETECTED (pos: 3.0000 > neg: 2.3333)
  ΓööΓöÇ Person 5/6
[EMBED] Image embedding: shape=(1, 512)
[HELMET] Pos_score: 2.0000, Neg_score: 2.6667
  Γ£ù NO HELMET (pos: 2.0000 <= neg: 2.6667)
[EMBED] Image embedding: shape=(1, 512)
[COVERALL] Pos_score: 3.6667, Neg_score: 3.0000
  Γ£ô COVERALL DETECTED (pos: 3.6667 > neg: 3.0000)
  ΓööΓöÇ Person 6/6
[EMBED] Image embedding: shape=(1, 512)
[HELMET] Pos_score: 3.0000, Neg_score: 3.3333
  Γ£ù NO HELMET (pos: 3.0000 <= neg: 3.3333)
[EMBED] Image embedding: shape=(1, 512)
[COVERALL] Pos_score: 3.0000, Neg_score: 2.6667
  Γ£ô COVERALL DETECTED (pos: 3.0000 > neg: 2.6667)
  Γ£à Saved: frame_062354_jpg.rf.918471d9bd0b8630a2af7f30739a3f2a.jpg

[PROCESS] 183. frame_062355_jpg.rf.ae9bb91fa6eb07311b9c98852b0de332.jpg

0: 384x640 8 persons, 1 train, 203.1ms
Speed: 1.6ms preprocess, 203.1ms inference, 1.5ms postprocess per image at shape (1, 3, 384, 640)
[YOLO] Detected 5 persons
  ΓööΓöÇ Person 1/5
[EMBED] Image embedding: shape=(1, 512)
[HELMET] Pos_score: 2.6667, Neg_score: 3.3333
  Γ£ù NO HELMET (pos: 2.6667 <= neg: 3.3333)
[EMBED] Image embedding: shape=(1, 512)
[COVERALL] Pos_score: 3.3333, Neg_score: 2.6667
  Γ£ô COVERALL DETECTED (pos: 3.3333 > neg: 2.6667)
  ΓööΓöÇ Person 2/5
[EMBED] Image embedding: shape=(1, 512)
[HELMET] Pos_score: 2.6667, Neg_score: 3.6667
  Γ£ù NO HELMET (pos: 2.6667 <= neg: 3.6667)
[EMBED] Image embedding: shape=(1, 512)
[COVERALL] Pos_score: 3.6667, Neg_score: 2.3333
  Γ£ô COVERALL DETECTED (pos: 3.6667 > neg: 2.3333)
  ΓööΓöÇ Person 3/5
[EMBED] Image embedding: shape=(1, 512)
[HELMET] Pos_score: 2.6667, Neg_score: 3.6667
  Γ£ù NO HELMET (pos: 2.6667 <= neg: 3.6667)
[EMBED] Image embedding: shape=(1, 512)
[COVERALL] Pos_score: 4.0000, Neg_score: 2.3333
  Γ£ô COVERALL DETECTED (pos: 4.0000 > neg: 2.3333)
  ΓööΓöÇ Person 4/5
[EMBED] Image embedding: shape=(1, 512)
[HELMET] Pos_score: 3.0000, Neg_score: 3.3333
  Γ£ù NO HELMET (pos: 3.0000 <= neg: 3.3333)
[EMBED] Image embedding: shape=(1, 512)
[COVERALL] Pos_score: 5.0000, Neg_score: 4.0000
  Γ£ô COVERALL DETECTED (pos: 5.0000 > neg: 4.0000)
  ΓööΓöÇ Person 5/5
[EMBED] Image embedding: shape=(1, 512)
[HELMET] Pos_score: 2.3333, Neg_score: 2.6667
  Γ£ù NO HELMET (pos: 2.3333 <= neg: 2.6667)
[EMBED] Image embedding: shape=(1, 512)
[COVERALL] Pos_score: 3.0000, Neg_score: 2.3333
  Γ£ô COVERALL DETECTED (pos: 3.0000 > neg: 2.3333)
  Γ£à Saved: frame_062355_jpg.rf.ae9bb91fa6eb07311b9c98852b0de332.jpg

[PROCESS] 184. frame_062356_jpg.rf.21c075210421ae27d30cba2333c820bd.jpg

0: 384x640 8 persons, 1 train, 200.6ms
Speed: 1.5ms preprocess, 200.6ms inference, 2.6ms postprocess per image at shape (1, 3, 384, 640)
[YOLO] Detected 7 persons
  ΓööΓöÇ Person 1/7
[EMBED] Image embedding: shape=(1, 512)
[HELMET] Pos_score: 2.6667, Neg_score: 3.3333
  Γ£ù NO HELMET (pos: 2.6667 <= neg: 3.3333)
[EMBED] Image embedding: shape=(1, 512)
[COVERALL] Pos_score: 3.3333, Neg_score: 2.6667
  Γ£ô COVERALL DETECTED (pos: 3.3333 > neg: 2.6667)
  ΓööΓöÇ Person 2/7
[EMBED] Image embedding: shape=(1, 512)
[HELMET] Pos_score: 2.6667, Neg_score: 2.0000
  Γ£ô HELMET DETECTED (pos: 2.6667 > neg: 2.0000)
[EMBED] Image embedding: shape=(1, 512)
[COVERALL] Pos_score: 2.0000, Neg_score: 2.3333
  Γ£ù NO COVERALL (pos: 2.0000 <= neg: 2.3333)
  ΓööΓöÇ Person 3/7
[EMBED] Image embedding: shape=(1, 512)
[HELMET] Pos_score: 3.0000, Neg_score: 2.3333
  Γ£ô HELMET DETECTED (pos: 3.0000 > neg: 2.3333)
[EMBED] Image embedding: shape=(1, 512)
[COVERALL] Pos_score: 5.3333, Neg_score: 4.0000
  Γ£ô COVERALL DETECTED (pos: 5.3333 > neg: 4.0000)
  ΓööΓöÇ Person 4/7
[EMBED] Image embedding: shape=(1, 512)
[HELMET] Pos_score: 2.6667, Neg_score: 3.6667
  Γ£ù NO HELMET (pos: 2.6667 <= neg: 3.6667)
[EMBED] Image embedding: shape=(1, 512)
[COVERALL] Pos_score: 3.6667, Neg_score: 2.3333
  Γ£ô COVERALL DETECTED (pos: 3.6667 > neg: 2.3333)
  ΓööΓöÇ Person 5/7
[EMBED] Image embedding: shape=(1, 512)
[HELMET] Pos_score: 2.6667, Neg_score: 2.3333
  Γ£ô HELMET DETECTED (pos: 2.6667 > neg: 2.3333)
[EMBED] Image embedding: shape=(1, 512)
[COVERALL] Pos_score: 4.0000, Neg_score: 2.3333
  Γ£ô COVERALL DETECTED (pos: 4.0000 > neg: 2.3333)
  ΓööΓöÇ Person 6/7
[EMBED] Image embedding: shape=(1, 512)
[HELMET] Pos_score: 3.6667, Neg_score: 2.3333
  Γ£ô HELMET DETECTED (pos: 3.6667 > neg: 2.3333)
[EMBED] Image embedding: shape=(1, 512)
[COVERALL] Pos_score: 3.6667, Neg_score: 2.3333
  Γ£ô COVERALL DETECTED (pos: 3.6667 > neg: 2.3333)
  ΓööΓöÇ Person 7/7
[EMBED] Image embedding: shape=(1, 512)
[HELMET] Pos_score: 3.0000, Neg_score: 2.6667
  Γ£ô HELMET DETECTED (pos: 3.0000 > neg: 2.6667)
[EMBED] Image embedding: shape=(1, 512)
[COVERALL] Pos_score: 3.0000, Neg_score: 2.3333
  Γ£ô COVERALL DETECTED (pos: 3.0000 > neg: 2.3333)
  Γ£à Saved: frame_062356_jpg.rf.21c075210421ae27d30cba2333c820bd.jpg

[PROCESS] 185. frame_062357_jpg.rf.ccdfb681e29127f40b5122c9ad078be5.jpg

0: 384x640 8 persons, 1 train, 205.4ms
Speed: 1.6ms preprocess, 205.4ms inference, 1.2ms postprocess per image at shape (1, 3, 384, 640)
[YOLO] Detected 7 persons
  ΓööΓöÇ Person 1/7
[EMBED] Image embedding: shape=(1, 512)
[HELMET] Pos_score: 2.6667, Neg_score: 3.6667
  Γ£ù NO HELMET (pos: 2.6667 <= neg: 3.6667)
[EMBED] Image embedding: shape=(1, 512)
[COVERALL] Pos_score: 3.6667, Neg_score: 2.6667
  Γ£ô COVERALL DETECTED (pos: 3.6667 > neg: 2.6667)
  ΓööΓöÇ Person 2/7
[EMBED] Image embedding: shape=(1, 512)
[HELMET] Pos_score: 3.0000, Neg_score: 3.3333
  Γ£ù NO HELMET (pos: 3.0000 <= neg: 3.3333)
[EMBED] Image embedding: shape=(1, 512)
[COVERALL] Pos_score: 4.3333, Neg_score: 4.0000
  Γ£ô COVERALL DETECTED (pos: 4.3333 > neg: 4.0000)
  ΓööΓöÇ Person 3/7
[EMBED] Image embedding: shape=(1, 512)
[HELMET] Pos_score: 1.0000, Neg_score: 2.3333
  Γ£ù NO HELMET (pos: 1.0000 <= neg: 2.3333)
[EMBED] Image embedding: shape=(1, 512)
[COVERALL] Pos_score: 4.0000, Neg_score: 2.3333
  Γ£ô COVERALL DETECTED (pos: 4.0000 > neg: 2.3333)
  ΓööΓöÇ Person 4/7
[EMBED] Image embedding: shape=(1, 512)
[HELMET] Pos_score: 2.6667, Neg_score: 2.3333
  Γ£ô HELMET DETECTED (pos: 2.6667 > neg: 2.3333)
[EMBED] Image embedding: shape=(1, 512)
[COVERALL] Pos_score: 3.0000, Neg_score: 2.3333
  Γ£ô COVERALL DETECTED (pos: 3.0000 > neg: 2.3333)
  ΓööΓöÇ Person 5/7
[EMBED] Image embedding: shape=(1, 512)
[HELMET] Pos_score: 2.6667, Neg_score: 3.6667
  Γ£ù NO HELMET (pos: 2.6667 <= neg: 3.6667)
[EMBED] Image embedding: shape=(1, 512)
[COVERALL] Pos_score: 3.6667, Neg_score: 2.3333
  Γ£ô COVERALL DETECTED (pos: 3.6667 > neg: 2.3333)
  ΓööΓöÇ Person 6/7
[EMBED] Image embedding: shape=(1, 512)
[HELMET] Pos_score: 3.0000, Neg_score: 2.3333
  Γ£ô HELMET DETECTED (pos: 3.0000 > neg: 2.3333)
[EMBED] Image embedding: shape=(1, 512)
[COVERALL] Pos_score: 3.0000, Neg_score: 2.3333
  Γ£ô COVERALL DETECTED (pos: 3.0000 > neg: 2.3333)
  ΓööΓöÇ Person 7/7
[EMBED] Image embedding: shape=(1, 512)
[HELMET] Pos_score: 3.0000, Neg_score: 2.6667
  Γ£ô HELMET DETECTED (pos: 3.0000 > neg: 2.6667)
[EMBED] Image embedding: shape=(1, 512)
[COVERALL] Pos_score: 3.0000, Neg_score: 2.3333
  Γ£ô COVERALL DETECTED (pos: 3.0000 > neg: 2.3333)
  Γ£à Saved: frame_062357_jpg.rf.ccdfb681e29127f40b5122c9ad078be5.jpg

[PROCESS] 186. frame_062358_jpg.rf.1f082e04fff0a2c606bd53745be3c630.jpg

0: 384x640 8 persons, 1 train, 203.8ms
Speed: 1.5ms preprocess, 203.8ms inference, 1.3ms postprocess per image at shape (1, 3, 384, 640)
[YOLO] Detected 7 persons
  ΓööΓöÇ Person 1/7
[EMBED] Image embedding: shape=(1, 512)
[HELMET] Pos_score: 2.6667, Neg_score: 3.6667
  Γ£ù NO HELMET (pos: 2.6667 <= neg: 3.6667)
[EMBED] Image embedding: shape=(1, 512)
[COVERALL] Pos_score: 3.3333, Neg_score: 2.6667
  Γ£ô COVERALL DETECTED (pos: 3.3333 > neg: 2.6667)
  ΓööΓöÇ Person 2/7
[EMBED] Image embedding: shape=(1, 512)
[HELMET] Pos_score: 2.0000, Neg_score: 3.3333
  Γ£ù NO HELMET (pos: 2.0000 <= neg: 3.3333)
[EMBED] Image embedding: shape=(1, 512)
[COVERALL] Pos_score: 4.0000, Neg_score: 2.6667
  Γ£ô COVERALL DETECTED (pos: 4.0000 > neg: 2.6667)
  ΓööΓöÇ Person 3/7
[EMBED] Image embedding: shape=(1, 512)
[HELMET] Pos_score: 1.3333, Neg_score: 3.3333
  Γ£ù NO HELMET (pos: 1.3333 <= neg: 3.3333)
[EMBED] Image embedding: shape=(1, 512)
[COVERALL] Pos_score: 4.0000, Neg_score: 2.3333
  Γ£ô COVERALL DETECTED (pos: 4.0000 > neg: 2.3333)
  ΓööΓöÇ Person 4/7
[EMBED] Image embedding: shape=(1, 512)
[HELMET] Pos_score: 2.6667, Neg_score: 2.3333
  Γ£ô HELMET DETECTED (pos: 2.6667 > neg: 2.3333)
[EMBED] Image embedding: shape=(1, 512)
[COVERALL] Pos_score: 3.6667, Neg_score: 2.3333
  Γ£ô COVERALL DETECTED (pos: 3.6667 > neg: 2.3333)
  ΓööΓöÇ Person 5/7
[EMBED] Image embedding: shape=(1, 512)
[HELMET] Pos_score: 2.6667, Neg_score: 3.6667
  Γ£ù NO HELMET (pos: 2.6667 <= neg: 3.6667)
[EMBED] Image embedding: shape=(1, 512)
[COVERALL] Pos_score: 3.0000, Neg_score: 2.3333
  Γ£ô COVERALL DETECTED (pos: 3.0000 > neg: 2.3333)
  ΓööΓöÇ Person 6/7
[EMBED] Image embedding: shape=(1, 512)
[HELMET] Pos_score: 3.0000, Neg_score: 2.3333
  Γ£ô HELMET DETECTED (pos: 3.0000 > neg: 2.3333)
[EMBED] Image embedding: shape=(1, 512)
[COVERALL] Pos_score: 3.6667, Neg_score: 2.3333
  Γ£ô COVERALL DETECTED (pos: 3.6667 > neg: 2.3333)
  ΓööΓöÇ Person 7/7
[EMBED] Image embedding: shape=(1, 512)
[HELMET] Pos_score: 3.0000, Neg_score: 2.6667
  Γ£ô HELMET DETECTED (pos: 3.0000 > neg: 2.6667)
[EMBED] Image embedding: shape=(1, 512)
[COVERALL] Pos_score: 3.0000, Neg_score: 2.3333
  Γ£ô COVERALL DETECTED (pos: 3.0000 > neg: 2.3333)
  Γ£à Saved: frame_062358_jpg.rf.1f082e04fff0a2c606bd53745be3c630.jpg

[PROCESS] 187. frame_062359_jpg.rf.24786ddbe24bc576562ee617960b7efb.jpg

0: 384x640 9 persons, 1 train, 197.4ms
Speed: 1.4ms preprocess, 197.4ms inference, 1.4ms postprocess per image at shape (1, 3, 384, 640)
[YOLO] Detected 5 persons
  ΓööΓöÇ Person 1/5
[EMBED] Image embedding: shape=(1, 512)
[HELMET] Pos_score: 2.0000, Neg_score: 3.6667
  Γ£ù NO HELMET (pos: 2.0000 <= neg: 3.6667)
[EMBED] Image embedding: shape=(1, 512)
[COVERALL] Pos_score: 3.6667, Neg_score: 3.0000
  Γ£ô COVERALL DETECTED (pos: 3.6667 > neg: 3.0000)
  ΓööΓöÇ Person 2/5
[EMBED] Image embedding: shape=(1, 512)
[HELMET] Pos_score: 2.6667, Neg_score: 2.3333
  Γ£ô HELMET DETECTED (pos: 2.6667 > neg: 2.3333)
[EMBED] Image embedding: shape=(1, 512)
[COVERALL] Pos_score: 3.6667, Neg_score: 2.3333
  Γ£ô COVERALL DETECTED (pos: 3.6667 > neg: 2.3333)
  ΓööΓöÇ Person 3/5
[EMBED] Image embedding: shape=(1, 512)
[HELMET] Pos_score: 2.0000, Neg_score: 3.6667
  Γ£ù NO HELMET (pos: 2.0000 <= neg: 3.6667)
[EMBED] Image embedding: shape=(1, 512)
[COVERALL] Pos_score: 4.3333, Neg_score: 2.3333
  Γ£ô COVERALL DETECTED (pos: 4.3333 > neg: 2.3333)
  ΓööΓöÇ Person 4/5
[EMBED] Image embedding: shape=(1, 512)
[HELMET] Pos_score: 2.3333, Neg_score: 3.3333
  Γ£ù NO HELMET (pos: 2.3333 <= neg: 3.3333)
[EMBED] Image embedding: shape=(1, 512)
[COVERALL] Pos_score: 2.0000, Neg_score: 3.0000
  Γ£ù NO COVERALL (pos: 2.0000 <= neg: 3.0000)
  ΓööΓöÇ Person 5/5
[EMBED] Image embedding: shape=(1, 512)
[HELMET] Pos_score: 2.6667, Neg_score: 3.6667
  Γ£ù NO HELMET (pos: 2.6667 <= neg: 3.6667)
[EMBED] Image embedding: shape=(1, 512)
[COVERALL] Pos_score: 3.0000, Neg_score: 2.3333
  Γ£ô COVERALL DETECTED (pos: 3.0000 > neg: 2.3333)
  Γ£à Saved: frame_062359_jpg.rf.24786ddbe24bc576562ee617960b7efb.jpg

[PROCESS] 188. frame_062360_jpg.rf.353a94a58ddb70e56b0917dac8350c93.jpg

0: 384x640 9 persons, 1 train, 194.5ms
Speed: 1.5ms preprocess, 194.5ms inference, 1.5ms postprocess per image at shape (1, 3, 384, 640)
[YOLO] Detected 4 persons
  ΓööΓöÇ Person 1/4
[EMBED] Image embedding: shape=(1, 512)
[HELMET] Pos_score: 2.0000, Neg_score: 3.6667
  Γ£ù NO HELMET (pos: 2.0000 <= neg: 3.6667)
[EMBED] Image embedding: shape=(1, 512)
[COVERALL] Pos_score: 3.6667, Neg_score: 3.0000
  Γ£ô COVERALL DETECTED (pos: 3.6667 > neg: 3.0000)
  ΓööΓöÇ Person 2/4
[EMBED] Image embedding: shape=(1, 512)
[HELMET] Pos_score: 2.6667, Neg_score: 2.3333
  Γ£ô HELMET DETECTED (pos: 2.6667 > neg: 2.3333)
[EMBED] Image embedding: shape=(1, 512)
[COVERALL] Pos_score: 1.3333, Neg_score: 2.3333
  Γ£ù NO COVERALL (pos: 1.3333 <= neg: 2.3333)
  ΓööΓöÇ Person 3/4
[EMBED] Image embedding: shape=(1, 512)
[HELMET] Pos_score: 2.0000, Neg_score: 3.6667
  Γ£ù NO HELMET (pos: 2.0000 <= neg: 3.6667)
[EMBED] Image embedding: shape=(1, 512)
[COVERALL] Pos_score: 4.3333, Neg_score: 2.3333
  Γ£ô COVERALL DETECTED (pos: 4.3333 > neg: 2.3333)
  ΓööΓöÇ Person 4/4
[EMBED] Image embedding: shape=(1, 512)
[HELMET] Pos_score: 3.0000, Neg_score: 3.3333
  Γ£ù NO HELMET (pos: 3.0000 <= neg: 3.3333)
[EMBED] Image embedding: shape=(1, 512)
[COVERALL] Pos_score: 3.6667, Neg_score: 3.0000
  Γ£ô COVERALL DETECTED (pos: 3.6667 > neg: 3.0000)
  Γ£à Saved: frame_062360_jpg.rf.353a94a58ddb70e56b0917dac8350c93.jpg

[PROCESS] 189. frame_062361_jpg.rf.c70a5e7ea8860cdf89aa51428ec53636.jpg

0: 384x640 9 persons, 1 train, 196.1ms
Speed: 1.4ms preprocess, 196.1ms inference, 1.3ms postprocess per image at shape (1, 3, 384, 640)
[YOLO] Detected 6 persons
  ΓööΓöÇ Person 1/6
[EMBED] Image embedding: shape=(1, 512)
[HELMET] Pos_score: 3.0000, Neg_score: 2.6667
  Γ£ô HELMET DETECTED (pos: 3.0000 > neg: 2.6667)
[EMBED] Image embedding: shape=(1, 512)
[COVERALL] Pos_score: 1.3333, Neg_score: 3.0000
  Γ£ù NO COVERALL (pos: 1.3333 <= neg: 3.0000)
  ΓööΓöÇ Person 2/6
[EMBED] Image embedding: shape=(1, 512)
[HELMET] Pos_score: 2.6667, Neg_score: 2.3333
  Γ£ô HELMET DETECTED (pos: 2.6667 > neg: 2.3333)
[EMBED] Image embedding: shape=(1, 512)
[COVERALL] Pos_score: 3.6667, Neg_score: 2.3333
  Γ£ô COVERALL DETECTED (pos: 3.6667 > neg: 2.3333)
  ΓööΓöÇ Person 3/6
[EMBED] Image embedding: shape=(1, 512)
[HELMET] Pos_score: 2.6667, Neg_score: 3.6667
  Γ£ù NO HELMET (pos: 2.6667 <= neg: 3.6667)
[EMBED] Image embedding: shape=(1, 512)
[COVERALL] Pos_score: 4.0000, Neg_score: 2.3333
  Γ£ô COVERALL DETECTED (pos: 4.0000 > neg: 2.3333)
  ΓööΓöÇ Person 4/6
[EMBED] Image embedding: shape=(1, 512)
[HELMET] Pos_score: 2.0000, Neg_score: 3.6667
  Γ£ù NO HELMET (pos: 2.0000 <= neg: 3.6667)
[EMBED] Image embedding: shape=(1, 512)
[COVERALL] Pos_score: 4.0000, Neg_score: 2.3333
  Γ£ô COVERALL DETECTED (pos: 4.0000 > neg: 2.3333)
  ΓööΓöÇ Person 5/6
[EMBED] Image embedding: shape=(1, 512)
[HELMET] Pos_score: 2.6667, Neg_score: 3.6667
  Γ£ù NO HELMET (pos: 2.6667 <= neg: 3.6667)
[EMBED] Image embedding: shape=(1, 512)
[COVERALL] Pos_score: 3.0000, Neg_score: 2.3333
  Γ£ô COVERALL DETECTED (pos: 3.0000 > neg: 2.3333)
  ΓööΓöÇ Person 6/6
[EMBED] Image embedding: shape=(1, 512)
[HELMET] Pos_score: 1.6667, Neg_score: 2.3333
  Γ£ù NO HELMET (pos: 1.6667 <= neg: 2.3333)
[EMBED] Image embedding: shape=(1, 512)
[COVERALL] Pos_score: 3.6667, Neg_score: 2.3333
  Γ£ô COVERALL DETECTED (pos: 3.6667 > neg: 2.3333)
  Γ£à Saved: frame_062361_jpg.rf.c70a5e7ea8860cdf89aa51428ec53636.jpg

[PROCESS] 190. frame_062362_jpg.rf.991e30acb3ccac527e20e4e55d13657c.jpg

0: 384x640 9 persons, 1 train, 312.5ms
Speed: 1.3ms preprocess, 312.5ms inference, 1.0ms postprocess per image at shape (1, 3, 384, 640)
[YOLO] Detected 6 persons
  ΓööΓöÇ Person 1/6
[EMBED] Image embedding: shape=(1, 512)
[HELMET] Pos_score: 2.0000, Neg_score: 2.6667
  Γ£ù NO HELMET (pos: 2.0000 <= neg: 2.6667)
[EMBED] Image embedding: shape=(1, 512)
[COVERALL] Pos_score: 3.3333, Neg_score: 3.0000
  Γ£ô COVERALL DETECTED (pos: 3.3333 > neg: 3.0000)
  ΓööΓöÇ Person 2/6
[EMBED] Image embedding: shape=(1, 512)
[HELMET] Pos_score: 2.0000, Neg_score: 3.3333
  Γ£ù NO HELMET (pos: 2.0000 <= neg: 3.3333)
[EMBED] Image embedding: shape=(1, 512)
[COVERALL] Pos_score: 3.6667, Neg_score: 3.0000
  Γ£ô COVERALL DETECTED (pos: 3.6667 > neg: 3.0000)
  ΓööΓöÇ Person 3/6
[EMBED] Image embedding: shape=(1, 512)
[HELMET] Pos_score: 2.6667, Neg_score: 2.3333
  Γ£ô HELMET DETECTED (pos: 2.6667 > neg: 2.3333)
[EMBED] Image embedding: shape=(1, 512)
[COVERALL] Pos_score: 3.0000, Neg_score: 2.3333
  Γ£ô COVERALL DETECTED (pos: 3.0000 > neg: 2.3333)
  ΓööΓöÇ Person 4/6
[EMBED] Image embedding: shape=(1, 512)
[HELMET] Pos_score: 2.6667, Neg_score: 3.6667
  Γ£ù NO HELMET (pos: 2.6667 <= neg: 3.6667)
[EMBED] Image embedding: shape=(1, 512)
[COVERALL] Pos_score: 4.0000, Neg_score: 2.3333
  Γ£ô COVERALL DETECTED (pos: 4.0000 > neg: 2.3333)
  ΓööΓöÇ Person 5/6
[EMBED] Image embedding: shape=(1, 512)
[HELMET] Pos_score: 1.6667, Neg_score: 2.0000
  Γ£ù NO HELMET (pos: 1.6667 <= neg: 2.0000)
[EMBED] Image embedding: shape=(1, 512)
[COVERALL] Pos_score: 3.6667, Neg_score: 2.3333
  Γ£ô COVERALL DETECTED (pos: 3.6667 > neg: 2.3333)
  ΓööΓöÇ Person 6/6
[EMBED] Image embedding: shape=(1, 512)
[HELMET] Pos_score: 3.3333, Neg_score: 3.6667
  Γ£ù NO HELMET (pos: 3.3333 <= neg: 3.6667)
[EMBED] Image embedding: shape=(1, 512)
[COVERALL] Pos_score: 3.0000, Neg_score: 2.3333
  Γ£ô COVERALL DETECTED (pos: 3.0000 > neg: 2.3333)
  Γ£à Saved: frame_062362_jpg.rf.991e30acb3ccac527e20e4e55d13657c.jpg

[PROCESS] 191. frame_062363_jpg.rf.f8325e40763a5c04a6e1668f4bca46ef.jpg

0: 384x640 8 persons, 1 train, 193.1ms
Speed: 1.3ms preprocess, 193.1ms inference, 1.1ms postprocess per image at shape (1, 3, 384, 640)
[YOLO] Detected 6 persons
  ΓööΓöÇ Person 1/6
[EMBED] Image embedding: shape=(1, 512)
[HELMET] Pos_score: 3.0000, Neg_score: 2.6667
  Γ£ô HELMET DETECTED (pos: 3.0000 > neg: 2.6667)
[EMBED] Image embedding: shape=(1, 512)
[COVERALL] Pos_score: 3.3333, Neg_score: 3.0000
  Γ£ô COVERALL DETECTED (pos: 3.3333 > neg: 3.0000)
  ΓööΓöÇ Person 2/6
[EMBED] Image embedding: shape=(1, 512)
[HELMET] Pos_score: 3.0000, Neg_score: 3.3333
  Γ£ù NO HELMET (pos: 3.0000 <= neg: 3.3333)
[EMBED] Image embedding: shape=(1, 512)
[COVERALL] Pos_score: 3.6667, Neg_score: 3.0000
  Γ£ô COVERALL DETECTED (pos: 3.6667 > neg: 3.0000)
  ΓööΓöÇ Person 3/6
[EMBED] Image embedding: shape=(1, 512)
[HELMET] Pos_score: 2.0000, Neg_score: 3.6667
  Γ£ù NO HELMET (pos: 2.0000 <= neg: 3.6667)
[EMBED] Image embedding: shape=(1, 512)
[COVERALL] Pos_score: 3.6667, Neg_score: 2.3333
  Γ£ô COVERALL DETECTED (pos: 3.6667 > neg: 2.3333)
  ΓööΓöÇ Person 4/6
[EMBED] Image embedding: shape=(1, 512)
[HELMET] Pos_score: 3.3333, Neg_score: 2.6667
  Γ£ô HELMET DETECTED (pos: 3.3333 > neg: 2.6667)
[EMBED] Image embedding: shape=(1, 512)
[COVERALL] Pos_score: 3.0000, Neg_score: 2.3333
  Γ£ô COVERALL DETECTED (pos: 3.0000 > neg: 2.3333)
  ΓööΓöÇ Person 5/6
[EMBED] Image embedding: shape=(1, 512)
[HELMET] Pos_score: 2.6667, Neg_score: 3.6667
  Γ£ù NO HELMET (pos: 2.6667 <= neg: 3.6667)
[EMBED] Image embedding: shape=(1, 512)
[COVERALL] Pos_score: 3.0000, Neg_score: 2.3333
  Γ£ô COVERALL DETECTED (pos: 3.0000 > neg: 2.3333)
  ΓööΓöÇ Person 6/6
[EMBED] Image embedding: shape=(1, 512)
[HELMET] Pos_score: 3.0000, Neg_score: 2.0000
  Γ£ô HELMET DETECTED (pos: 3.0000 > neg: 2.0000)
[EMBED] Image embedding: shape=(1, 512)
[COVERALL] Pos_score: 3.6667, Neg_score: 2.3333
  Γ£ô COVERALL DETECTED (pos: 3.6667 > neg: 2.3333)
  Γ£à Saved: frame_062363_jpg.rf.f8325e40763a5c04a6e1668f4bca46ef.jpg

[PROCESS] 192. frame_062364_jpg.rf.d64b9dcc5cc73d4cc6e5aeaf9f13be96.jpg

0: 384x640 7 persons, 1 train, 202.5ms
Speed: 1.3ms preprocess, 202.5ms inference, 1.3ms postprocess per image at shape (1, 3, 384, 640)
[YOLO] Detected 6 persons
  ΓööΓöÇ Person 1/6
[EMBED] Image embedding: shape=(1, 512)
[HELMET] Pos_score: 3.0000, Neg_score: 2.6667
  Γ£ô HELMET DETECTED (pos: 3.0000 > neg: 2.6667)
[EMBED] Image embedding: shape=(1, 512)
[COVERALL] Pos_score: 3.3333, Neg_score: 3.0000
  Γ£ô COVERALL DETECTED (pos: 3.3333 > neg: 3.0000)
  ΓööΓöÇ Person 2/6
[EMBED] Image embedding: shape=(1, 512)
[HELMET] Pos_score: 2.6667, Neg_score: 3.6667
  Γ£ù NO HELMET (pos: 2.6667 <= neg: 3.6667)
[EMBED] Image embedding: shape=(1, 512)
[COVERALL] Pos_score: 4.0000, Neg_score: 2.3333
  Γ£ô COVERALL DETECTED (pos: 4.0000 > neg: 2.3333)
  ΓööΓöÇ Person 3/6
[EMBED] Image embedding: shape=(1, 512)
[HELMET] Pos_score: 2.0000, Neg_score: 3.3333
  Γ£ù NO HELMET (pos: 2.0000 <= neg: 3.3333)
[EMBED] Image embedding: shape=(1, 512)
[COVERALL] Pos_score: 3.0000, Neg_score: 3.0000
  Γ£ù NO COVERALL (pos: 3.0000 <= neg: 3.0000)
  ΓööΓöÇ Person 4/6
[EMBED] Image embedding: shape=(1, 512)
[HELMET] Pos_score: 2.6667, Neg_score: 2.0000
  Γ£ô HELMET DETECTED (pos: 2.6667 > neg: 2.0000)
[EMBED] Image embedding: shape=(1, 512)
[COVERALL] Pos_score: 3.0000, Neg_score: 2.3333
  Γ£ô COVERALL DETECTED (pos: 3.0000 > neg: 2.3333)
  ΓööΓöÇ Person 5/6
[EMBED] Image embedding: shape=(1, 512)
[HELMET] Pos_score: 2.0000, Neg_score: 3.3333
  Γ£ù NO HELMET (pos: 2.0000 <= neg: 3.3333)
[EMBED] Image embedding: shape=(1, 512)
[COVERALL] Pos_score: 3.0000, Neg_score: 2.3333
  Γ£ô COVERALL DETECTED (pos: 3.0000 > neg: 2.3333)
  ΓööΓöÇ Person 6/6
[EMBED] Image embedding: shape=(1, 512)
[HELMET] Pos_score: 3.3333, Neg_score: 3.6667
  Γ£ù NO HELMET (pos: 3.3333 <= neg: 3.6667)
[EMBED] Image embedding: shape=(1, 512)
[COVERALL] Pos_score: 3.0000, Neg_score: 2.3333
  Γ£ô COVERALL DETECTED (pos: 3.0000 > neg: 2.3333)
  Γ£à Saved: frame_062364_jpg.rf.d64b9dcc5cc73d4cc6e5aeaf9f13be96.jpg

[PROCESS] 193. frame_062366_jpg.rf.97f69d66d2b3afa81187632e2977d71b.jpg

0: 384x640 8 persons, 1 train, 200.2ms
Speed: 1.5ms preprocess, 200.2ms inference, 1.4ms postprocess per image at shape (1, 3, 384, 640)
[YOLO] Detected 6 persons
  ΓööΓöÇ Person 1/6
[EMBED] Image embedding: shape=(1, 512)
[HELMET] Pos_score: 2.3333, Neg_score: 2.6667
  Γ£ù NO HELMET (pos: 2.3333 <= neg: 2.6667)
[EMBED] Image embedding: shape=(1, 512)
[COVERALL] Pos_score: 3.3333, Neg_score: 3.0000
  Γ£ô COVERALL DETECTED (pos: 3.3333 > neg: 3.0000)
  ΓööΓöÇ Person 2/6
[EMBED] Image embedding: shape=(1, 512)
[HELMET] Pos_score: 2.6667, Neg_score: 3.6667
  Γ£ù NO HELMET (pos: 2.6667 <= neg: 3.6667)
[EMBED] Image embedding: shape=(1, 512)
[COVERALL] Pos_score: 4.3333, Neg_score: 2.3333
  Γ£ô COVERALL DETECTED (pos: 4.3333 > neg: 2.3333)
  ΓööΓöÇ Person 3/6
[EMBED] Image embedding: shape=(1, 512)
[HELMET] Pos_score: 2.0000, Neg_score: 3.6667
  Γ£ù NO HELMET (pos: 2.0000 <= neg: 3.6667)
[EMBED] Image embedding: shape=(1, 512)
[COVERALL] Pos_score: 3.6667, Neg_score: 3.0000
  Γ£ô COVERALL DETECTED (pos: 3.6667 > neg: 3.0000)
  ΓööΓöÇ Person 4/6
[EMBED] Image embedding: shape=(1, 512)
[HELMET] Pos_score: 2.6667, Neg_score: 3.3333
  Γ£ù NO HELMET (pos: 2.6667 <= neg: 3.3333)
[EMBED] Image embedding: shape=(1, 512)
[COVERALL] Pos_score: 3.0000, Neg_score: 2.3333
  Γ£ô COVERALL DETECTED (pos: 3.0000 > neg: 2.3333)
  ΓööΓöÇ Person 5/6
[EMBED] Image embedding: shape=(1, 512)
[HELMET] Pos_score: 2.6667, Neg_score: 3.6667
  Γ£ù NO HELMET (pos: 2.6667 <= neg: 3.6667)
[EMBED] Image embedding: shape=(1, 512)
[COVERALL] Pos_score: 1.3333, Neg_score: 3.0000
  Γ£ù NO COVERALL (pos: 1.3333 <= neg: 3.0000)
  ΓööΓöÇ Person 6/6
[EMBED] Image embedding: shape=(1, 512)
[HELMET] Pos_score: 2.6667, Neg_score: 3.6667
  Γ£ù NO HELMET (pos: 2.6667 <= neg: 3.6667)
[EMBED] Image embedding: shape=(1, 512)
[COVERALL] Pos_score: 4.6667, Neg_score: 2.3333
  Γ£ô COVERALL DETECTED (pos: 4.6667 > neg: 2.3333)
  Γ£à Saved: frame_062366_jpg.rf.97f69d66d2b3afa81187632e2977d71b.jpg

[PROCESS] 194. frame_062367_jpg.rf.f8edeb25743fe17a462c72debe3ac5d6.jpg

0: 384x640 7 persons, 1 train, 197.2ms
Speed: 1.6ms preprocess, 197.2ms inference, 1.1ms postprocess per image at shape (1, 3, 384, 640)
[YOLO] Detected 5 persons
  ΓööΓöÇ Person 1/5
[EMBED] Image embedding: shape=(1, 512)
[HELMET] Pos_score: 4.0000, Neg_score: 2.6667
  Γ£ô HELMET DETECTED (pos: 4.0000 > neg: 2.6667)
[EMBED] Image embedding: shape=(1, 512)
[COVERALL] Pos_score: 3.3333, Neg_score: 3.0000
  Γ£ô COVERALL DETECTED (pos: 3.3333 > neg: 3.0000)
  ΓööΓöÇ Person 2/5
[EMBED] Image embedding: shape=(1, 512)
[HELMET] Pos_score: 2.6667, Neg_score: 3.6667
  Γ£ù NO HELMET (pos: 2.6667 <= neg: 3.6667)
[EMBED] Image embedding: shape=(1, 512)
[COVERALL] Pos_score: 4.3333, Neg_score: 2.3333
  Γ£ô COVERALL DETECTED (pos: 4.3333 > neg: 2.3333)
  ΓööΓöÇ Person 3/5
[EMBED] Image embedding: shape=(1, 512)
[HELMET] Pos_score: 3.0000, Neg_score: 3.6667
  Γ£ù NO HELMET (pos: 3.0000 <= neg: 3.6667)
[EMBED] Image embedding: shape=(1, 512)
[COVERALL] Pos_score: 3.6667, Neg_score: 2.3333
  Γ£ô COVERALL DETECTED (pos: 3.6667 > neg: 2.3333)
  ΓööΓöÇ Person 4/5
[EMBED] Image embedding: shape=(1, 512)
[HELMET] Pos_score: 3.3333, Neg_score: 3.3333
  Γ£ù NO HELMET (pos: 3.3333 <= neg: 3.3333)
[EMBED] Image embedding: shape=(1, 512)
[COVERALL] Pos_score: 3.0000, Neg_score: 2.3333
  Γ£ô COVERALL DETECTED (pos: 3.0000 > neg: 2.3333)
  ΓööΓöÇ Person 5/5
[EMBED] Image embedding: shape=(1, 512)
[HELMET] Pos_score: 2.6667, Neg_score: 3.6667
  Γ£ù NO HELMET (pos: 2.6667 <= neg: 3.6667)
[EMBED] Image embedding: shape=(1, 512)
[COVERALL] Pos_score: 1.3333, Neg_score: 3.0000
  Γ£ù NO COVERALL (pos: 1.3333 <= neg: 3.0000)
  Γ£à Saved: frame_062367_jpg.rf.f8edeb25743fe17a462c72debe3ac5d6.jpg

[PROCESS] 195. frame_062368_jpg.rf.42888fc4e7ea3c412743007fa1d51cee.jpg

0: 384x640 7 persons, 1 train, 196.0ms
Speed: 1.5ms preprocess, 196.0ms inference, 1.4ms postprocess per image at shape (1, 3, 384, 640)
[YOLO] Detected 7 persons
  ΓööΓöÇ Person 1/7
[EMBED] Image embedding: shape=(1, 512)
[HELMET] Pos_score: 3.0000, Neg_score: 2.6667
  Γ£ô HELMET DETECTED (pos: 3.0000 > neg: 2.6667)
[EMBED] Image embedding: shape=(1, 512)
[COVERALL] Pos_score: 3.3333, Neg_score: 3.0000
  Γ£ô COVERALL DETECTED (pos: 3.3333 > neg: 3.0000)
  ΓööΓöÇ Person 2/7
[EMBED] Image embedding: shape=(1, 512)
[HELMET] Pos_score: 1.6667, Neg_score: 3.3333
  Γ£ù NO HELMET (pos: 1.6667 <= neg: 3.3333)
[EMBED] Image embedding: shape=(1, 512)
[COVERALL] Pos_score: 3.6667, Neg_score: 3.0000
  Γ£ô COVERALL DETECTED (pos: 3.6667 > neg: 3.0000)
  ΓööΓöÇ Person 3/7
[EMBED] Image embedding: shape=(1, 512)
[HELMET] Pos_score: 2.6667, Neg_score: 3.6667
  Γ£ù NO HELMET (pos: 2.6667 <= neg: 3.6667)
[EMBED] Image embedding: shape=(1, 512)
[COVERALL] Pos_score: 4.0000, Neg_score: 2.3333
  Γ£ô COVERALL DETECTED (pos: 4.0000 > neg: 2.3333)
  ΓööΓöÇ Person 4/7
[EMBED] Image embedding: shape=(1, 512)
[HELMET] Pos_score: 4.0000, Neg_score: 2.6667
  Γ£ô HELMET DETECTED (pos: 4.0000 > neg: 2.6667)
[EMBED] Image embedding: shape=(1, 512)
[COVERALL] Pos_score: 3.0000, Neg_score: 2.3333
  Γ£ô COVERALL DETECTED (pos: 3.0000 > neg: 2.3333)
  ΓööΓöÇ Person 5/7
[EMBED] Image embedding: shape=(1, 512)
[HELMET] Pos_score: 2.0000, Neg_score: 3.6667
  Γ£ù NO HELMET (pos: 2.0000 <= neg: 3.6667)
[EMBED] Image embedding: shape=(1, 512)
[COVERALL] Pos_score: 3.0000, Neg_score: 2.3333
  Γ£ô COVERALL DETECTED (pos: 3.0000 > neg: 2.3333)
  ΓööΓöÇ Person 6/7
[EMBED] Image embedding: shape=(1, 512)
[HELMET] Pos_score: 2.6667, Neg_score: 3.6667
  Γ£ù NO HELMET (pos: 2.6667 <= neg: 3.6667)
[EMBED] Image embedding: shape=(1, 512)
[COVERALL] Pos_score: 3.0000, Neg_score: 4.0000
  Γ£ù NO COVERALL (pos: 3.0000 <= neg: 4.0000)
  ΓööΓöÇ Person 7/7
[EMBED] Image embedding: shape=(1, 512)
[HELMET] Pos_score: 2.6667, Neg_score: 2.0000
  Γ£ô HELMET DETECTED (pos: 2.6667 > neg: 2.0000)
[EMBED] Image embedding: shape=(1, 512)
[COVERALL] Pos_score: 5.0000, Neg_score: 2.3333
  Γ£ô COVERALL DETECTED (pos: 5.0000 > neg: 2.3333)
  Γ£à Saved: frame_062368_jpg.rf.42888fc4e7ea3c412743007fa1d51cee.jpg

[PROCESS] 196. frame_062369_jpg.rf.d1e6b21b2c06ae9a0910832fbc701364.jpg

0: 384x640 9 persons, 1 train, 193.8ms
Speed: 1.7ms preprocess, 193.8ms inference, 1.5ms postprocess per image at shape (1, 3, 384, 640)
[YOLO] Detected 5 persons
  ΓööΓöÇ Person 1/5
[EMBED] Image embedding: shape=(1, 512)
[HELMET] Pos_score: 2.0000, Neg_score: 2.6667
  Γ£ù NO HELMET (pos: 2.0000 <= neg: 2.6667)
[EMBED] Image embedding: shape=(1, 512)
[COVERALL] Pos_score: 3.3333, Neg_score: 3.0000
  Γ£ô COVERALL DETECTED (pos: 3.3333 > neg: 3.0000)
  ΓööΓöÇ Person 2/5
[EMBED] Image embedding: shape=(1, 512)
[HELMET] Pos_score: 2.3333, Neg_score: 3.3333
  Γ£ù NO HELMET (pos: 2.3333 <= neg: 3.3333)
[EMBED] Image embedding: shape=(1, 512)
[COVERALL] Pos_score: 4.6667, Neg_score: 2.3333
  Γ£ô COVERALL DETECTED (pos: 4.6667 > neg: 2.3333)
  ΓööΓöÇ Person 3/5
[EMBED] Image embedding: shape=(1, 512)
[HELMET] Pos_score: 2.6667, Neg_score: 3.6667
  Γ£ù NO HELMET (pos: 2.6667 <= neg: 3.6667)
[EMBED] Image embedding: shape=(1, 512)
[COVERALL] Pos_score: 3.6667, Neg_score: 2.3333
  Γ£ô COVERALL DETECTED (pos: 3.6667 > neg: 2.3333)
  ΓööΓöÇ Person 4/5
[EMBED] Image embedding: shape=(1, 512)
[HELMET] Pos_score: 1.0000, Neg_score: 3.6667
  Γ£ù NO HELMET (pos: 1.0000 <= neg: 3.6667)
[EMBED] Image embedding: shape=(1, 512)
[COVERALL] Pos_score: 3.0000, Neg_score: 2.3333
  Γ£ô COVERALL DETECTED (pos: 3.0000 > neg: 2.3333)
  ΓööΓöÇ Person 5/5
[EMBED] Image embedding: shape=(1, 512)
[HELMET] Pos_score: 2.6667, Neg_score: 3.6667
  Γ£ù NO HELMET (pos: 2.6667 <= neg: 3.6667)
[EMBED] Image embedding: shape=(1, 512)
[COVERALL] Pos_score: 3.0000, Neg_score: 2.3333
  Γ£ô COVERALL DETECTED (pos: 3.0000 > neg: 2.3333)
  Γ£à Saved: frame_062369_jpg.rf.d1e6b21b2c06ae9a0910832fbc701364.jpg

[PROCESS] 197. frame_062370_jpg.rf.c19313f9d038dd8bcaeae4dbd38cbc18.jpg

0: 384x640 8 persons, 1 train, 187.2ms
Speed: 1.2ms preprocess, 187.2ms inference, 1.6ms postprocess per image at shape (1, 3, 384, 640)
[YOLO] Detected 6 persons
  ΓööΓöÇ Person 1/6
[EMBED] Image embedding: shape=(1, 512)
[HELMET] Pos_score: 2.3333, Neg_score: 2.6667
  Γ£ù NO HELMET (pos: 2.3333 <= neg: 2.6667)
[EMBED] Image embedding: shape=(1, 512)
[COVERALL] Pos_score: 3.3333, Neg_score: 3.0000
  Γ£ô COVERALL DETECTED (pos: 3.3333 > neg: 3.0000)
  ΓööΓöÇ Person 2/6
[EMBED] Image embedding: shape=(1, 512)
[HELMET] Pos_score: 3.3333, Neg_score: 2.0000
  Γ£ô HELMET DETECTED (pos: 3.3333 > neg: 2.0000)
[EMBED] Image embedding: shape=(1, 512)
[COVERALL] Pos_score: 2.0000, Neg_score: 2.3333
  Γ£ù NO COVERALL (pos: 2.0000 <= neg: 2.3333)
  ΓööΓöÇ Person 3/6
[EMBED] Image embedding: shape=(1, 512)
[HELMET] Pos_score: 2.6667, Neg_score: 3.6667
  Γ£ù NO HELMET (pos: 2.6667 <= neg: 3.6667)
[EMBED] Image embedding: shape=(1, 512)
[COVERALL] Pos_score: 4.0000, Neg_score: 2.3333
  Γ£ô COVERALL DETECTED (pos: 4.0000 > neg: 2.3333)
  ΓööΓöÇ Person 4/6
[EMBED] Image embedding: shape=(1, 512)
[HELMET] Pos_score: 2.6667, Neg_score: 3.3333
  Γ£ù NO HELMET (pos: 2.6667 <= neg: 3.3333)
[EMBED] Image embedding: shape=(1, 512)
[COVERALL] Pos_score: 3.0000, Neg_score: 2.3333
  Γ£ô COVERALL DETECTED (pos: 3.0000 > neg: 2.3333)
  ΓööΓöÇ Person 5/6
[EMBED] Image embedding: shape=(1, 512)
[HELMET] Pos_score: 2.6667, Neg_score: 3.6667
  Γ£ù NO HELMET (pos: 2.6667 <= neg: 3.6667)
[EMBED] Image embedding: shape=(1, 512)
[COVERALL] Pos_score: 3.0000, Neg_score: 2.3333
  Γ£ô COVERALL DETECTED (pos: 3.0000 > neg: 2.3333)
  ΓööΓöÇ Person 6/6
[EMBED] Image embedding: shape=(1, 512)
[HELMET] Pos_score: 2.6667, Neg_score: 3.6667
  Γ£ù NO HELMET (pos: 2.6667 <= neg: 3.6667)
[EMBED] Image embedding: shape=(1, 512)
[COVERALL] Pos_score: 3.0000, Neg_score: 4.0000
  Γ£ù NO COVERALL (pos: 3.0000 <= neg: 4.0000)
  Γ£à Saved: frame_062370_jpg.rf.c19313f9d038dd8bcaeae4dbd38cbc18.jpg

[PROCESS] 198. frame_062372_jpg.rf.f85ec0c6bf2ecd45ab37f4e2a5daf062.jpg

0: 384x640 8 persons, 1 train, 196.9ms
Speed: 1.6ms preprocess, 196.9ms inference, 1.0ms postprocess per image at shape (1, 3, 384, 640)
[YOLO] Detected 4 persons
  ΓööΓöÇ Person 1/4
[EMBED] Image embedding: shape=(1, 512)
[HELMET] Pos_score: 3.0000, Neg_score: 2.6667
  Γ£ô HELMET DETECTED (pos: 3.0000 > neg: 2.6667)
[EMBED] Image embedding: shape=(1, 512)
[COVERALL] Pos_score: 3.3333, Neg_score: 3.0000
  Γ£ô COVERALL DETECTED (pos: 3.3333 > neg: 3.0000)
  ΓööΓöÇ Person 2/4
[EMBED] Image embedding: shape=(1, 512)
[HELMET] Pos_score: 2.0000, Neg_score: 3.6667
  Γ£ù NO HELMET (pos: 2.0000 <= neg: 3.6667)
[EMBED] Image embedding: shape=(1, 512)
[COVERALL] Pos_score: 3.6667, Neg_score: 2.3333
  Γ£ô COVERALL DETECTED (pos: 3.6667 > neg: 2.3333)
  ΓööΓöÇ Person 3/4
[EMBED] Image embedding: shape=(1, 512)
[HELMET] Pos_score: 3.0000, Neg_score: 3.3333
  Γ£ù NO HELMET (pos: 3.0000 <= neg: 3.3333)
[EMBED] Image embedding: shape=(1, 512)
[COVERALL] Pos_score: 3.3333, Neg_score: 2.3333
  Γ£ô COVERALL DETECTED (pos: 3.3333 > neg: 2.3333)
  ΓööΓöÇ Person 4/4
[EMBED] Image embedding: shape=(1, 512)
[HELMET] Pos_score: 1.0000, Neg_score: 3.6667
  Γ£ù NO HELMET (pos: 1.0000 <= neg: 3.6667)
[EMBED] Image embedding: shape=(1, 512)
[COVERALL] Pos_score: 2.6667, Neg_score: 2.3333
  Γ£ô COVERALL DETECTED (pos: 2.6667 > neg: 2.3333)
  Γ£à Saved: frame_062372_jpg.rf.f85ec0c6bf2ecd45ab37f4e2a5daf062.jpg

[PROCESS] 199. frame_062373_jpg.rf.4478fa1d11f850e8f9ed3392c0f3d1db.jpg

0: 384x640 7 persons, 1 train, 200.2ms
Speed: 1.4ms preprocess, 200.2ms inference, 0.9ms postprocess per image at shape (1, 3, 384, 640)
[YOLO] Detected 4 persons
  ΓööΓöÇ Person 1/4
[EMBED] Image embedding: shape=(1, 512)
[HELMET] Pos_score: 3.0000, Neg_score: 2.6667
  Γ£ô HELMET DETECTED (pos: 3.0000 > neg: 2.6667)
[EMBED] Image embedding: shape=(1, 512)
[COVERALL] Pos_score: 3.3333, Neg_score: 3.0000
  Γ£ô COVERALL DETECTED (pos: 3.3333 > neg: 3.0000)
  ΓööΓöÇ Person 2/4
[EMBED] Image embedding: shape=(1, 512)
[HELMET] Pos_score: 2.0000, Neg_score: 3.6667
  Γ£ù NO HELMET (pos: 2.0000 <= neg: 3.6667)
[EMBED] Image embedding: shape=(1, 512)
[COVERALL] Pos_score: 3.6667, Neg_score: 2.3333
  Γ£ô COVERALL DETECTED (pos: 3.6667 > neg: 2.3333)
  ΓööΓöÇ Person 3/4
[EMBED] Image embedding: shape=(1, 512)
[HELMET] Pos_score: 1.3333, Neg_score: 3.0000
  Γ£ù NO HELMET (pos: 1.3333 <= neg: 3.0000)
[EMBED] Image embedding: shape=(1, 512)
[COVERALL] Pos_score: 3.0000, Neg_score: 2.3333
  Γ£ô COVERALL DETECTED (pos: 3.0000 > neg: 2.3333)
  ΓööΓöÇ Person 4/4
[EMBED] Image embedding: shape=(1, 512)
[HELMET] Pos_score: 1.0000, Neg_score: 2.6667
  Γ£ù NO HELMET (pos: 1.0000 <= neg: 2.6667)
[EMBED] Image embedding: shape=(1, 512)
[COVERALL] Pos_score: 3.0000, Neg_score: 2.3333
  Γ£ô COVERALL DETECTED (pos: 3.0000 > neg: 2.3333)
  Γ£à Saved: frame_062373_jpg.rf.4478fa1d11f850e8f9ed3392c0f3d1db.jpg

[PROCESS] 200. frame_062416_jpg.rf.ff9e5ff6f526a1108b8831374f3a560a.jpg

0: 384x640 6 persons, 1 car, 1 train, 197.1ms
Speed: 1.3ms preprocess, 197.1ms inference, 1.1ms postprocess per image at shape (1, 3, 384, 640)
[YOLO] Detected 4 persons
  ΓööΓöÇ Person 1/4
[EMBED] Image embedding: shape=(1, 512)
[HELMET] Pos_score: 3.0000, Neg_score: 3.6667
  Γ£ù NO HELMET (pos: 3.0000 <= neg: 3.6667)
[EMBED] Image embedding: shape=(1, 512)
[COVERALL] Pos_score: 3.6667, Neg_score: 2.6667
  Γ£ô COVERALL DETECTED (pos: 3.6667 > neg: 2.6667)
  ΓööΓöÇ Person 2/4
[EMBED] Image embedding: shape=(1, 512)
[HELMET] Pos_score: 2.6667, Neg_score: 2.3333
  Γ£ô HELMET DETECTED (pos: 2.6667 > neg: 2.3333)
[EMBED] Image embedding: shape=(1, 512)
[COVERALL] Pos_score: 3.0000, Neg_score: 2.3333
  Γ£ô COVERALL DETECTED (pos: 3.0000 > neg: 2.3333)
  ΓööΓöÇ Person 3/4
[EMBED] Image embedding: shape=(1, 512)
[HELMET] Pos_score: 3.3333, Neg_score: 3.6667
  Γ£ù NO HELMET (pos: 3.3333 <= neg: 3.6667)
[EMBED] Image embedding: shape=(1, 512)
[COVERALL] Pos_score: 3.0000, Neg_score: 3.0000
  Γ£ù NO COVERALL (pos: 3.0000 <= neg: 3.0000)
  ΓööΓöÇ Person 4/4
[EMBED] Image embedding: shape=(1, 512)
[HELMET] Pos_score: 2.6667, Neg_score: 3.6667
  Γ£ù NO HELMET (pos: 2.6667 <= neg: 3.6667)
[EMBED] Image embedding: shape=(1, 512)
[COVERALL] Pos_score: 4.3333, Neg_score: 4.0000
  Γ£ô COVERALL DETECTED (pos: 4.3333 > neg: 4.0000)
  Γ£à Saved: frame_062416_jpg.rf.ff9e5ff6f526a1108b8831374f3a560a.jpg

[PROCESS] 201. frame_062417_jpg.rf.c12baebf146f326a17a4188839fabcde.jpg

0: 384x640 7 persons, 1 car, 1 train, 196.3ms
Speed: 1.3ms preprocess, 196.3ms inference, 1.3ms postprocess per image at shape (1, 3, 384, 640)
[YOLO] Detected 5 persons
  ΓööΓöÇ Person 1/5
[EMBED] Image embedding: shape=(1, 512)
[HELMET] Pos_score: 3.0000, Neg_score: 3.3333
  Γ£ù NO HELMET (pos: 3.0000 <= neg: 3.3333)
[EMBED] Image embedding: shape=(1, 512)
[COVERALL] Pos_score: 3.6667, Neg_score: 2.6667
  Γ£ô COVERALL DETECTED (pos: 3.6667 > neg: 2.6667)
  ΓööΓöÇ Person 2/5
[EMBED] Image embedding: shape=(1, 512)
[HELMET] Pos_score: 3.3333, Neg_score: 3.6667
  Γ£ù NO HELMET (pos: 3.3333 <= neg: 3.6667)
[EMBED] Image embedding: shape=(1, 512)
[COVERALL] Pos_score: 1.3333, Neg_score: 2.3333
  Γ£ù NO COVERALL (pos: 1.3333 <= neg: 2.3333)
  ΓööΓöÇ Person 3/5
[EMBED] Image embedding: shape=(1, 512)
[HELMET] Pos_score: 3.3333, Neg_score: 3.3333
  Γ£ù NO HELMET (pos: 3.3333 <= neg: 3.3333)
[EMBED] Image embedding: shape=(1, 512)
[COVERALL] Pos_score: 3.0000, Neg_score: 3.0000
  Γ£ù NO COVERALL (pos: 3.0000 <= neg: 3.0000)
  ΓööΓöÇ Person 4/5
[EMBED] Image embedding: shape=(1, 512)
[HELMET] Pos_score: 2.0000, Neg_score: 2.0000
  Γ£ù NO HELMET (pos: 2.0000 <= neg: 2.0000)
[EMBED] Image embedding: shape=(1, 512)
[COVERALL] Pos_score: 3.6667, Neg_score: 2.3333
  Γ£ô COVERALL DETECTED (pos: 3.6667 > neg: 2.3333)
  ΓööΓöÇ Person 5/5
[EMBED] Image embedding: shape=(1, 512)
[HELMET] Pos_score: 2.6667, Neg_score: 2.0000
  Γ£ô HELMET DETECTED (pos: 2.6667 > neg: 2.0000)
[EMBED] Image embedding: shape=(1, 512)
[COVERALL] Pos_score: 4.3333, Neg_score: 4.0000
  Γ£ô COVERALL DETECTED (pos: 4.3333 > neg: 4.0000)
  Γ£à Saved: frame_062417_jpg.rf.c12baebf146f326a17a4188839fabcde.jpg

[PROCESS] 202. frame_062418_jpg.rf.95984d0de1d7683f5d211413b3c5ffa2.jpg

0: 384x640 7 persons, 1 car, 1 train, 191.0ms
Speed: 1.1ms preprocess, 191.0ms inference, 1.1ms postprocess per image at shape (1, 3, 384, 640)
[YOLO] Detected 5 persons
  ΓööΓöÇ Person 1/5
[EMBED] Image embedding: shape=(1, 512)
[HELMET] Pos_score: 2.0000, Neg_score: 3.6667
  Γ£ù NO HELMET (pos: 2.0000 <= neg: 3.6667)
[EMBED] Image embedding: shape=(1, 512)
[COVERALL] Pos_score: 3.6667, Neg_score: 2.6667
  Γ£ô COVERALL DETECTED (pos: 3.6667 > neg: 2.6667)
  ΓööΓöÇ Person 2/5
[EMBED] Image embedding: shape=(1, 512)
[HELMET] Pos_score: 3.3333, Neg_score: 3.6667
  Γ£ù NO HELMET (pos: 3.3333 <= neg: 3.6667)
[EMBED] Image embedding: shape=(1, 512)
[COVERALL] Pos_score: 1.3333, Neg_score: 2.3333
  Γ£ù NO COVERALL (pos: 1.3333 <= neg: 2.3333)
  ΓööΓöÇ Person 3/5
[EMBED] Image embedding: shape=(1, 512)
[HELMET] Pos_score: 3.3333, Neg_score: 2.6667
  Γ£ô HELMET DETECTED (pos: 3.3333 > neg: 2.6667)
[EMBED] Image embedding: shape=(1, 512)
[COVERALL] Pos_score: 3.0000, Neg_score: 2.3333
  Γ£ô COVERALL DETECTED (pos: 3.0000 > neg: 2.3333)
  ΓööΓöÇ Person 4/5
[EMBED] Image embedding: shape=(1, 512)
[HELMET] Pos_score: 2.3333, Neg_score: 3.3333
  Γ£ù NO HELMET (pos: 2.3333 <= neg: 3.3333)
[EMBED] Image embedding: shape=(1, 512)
[COVERALL] Pos_score: 4.6667, Neg_score: 2.3333
  Γ£ô COVERALL DETECTED (pos: 4.6667 > neg: 2.3333)
  ΓööΓöÇ Person 5/5
[EMBED] Image embedding: shape=(1, 512)
[HELMET] Pos_score: 2.6667, Neg_score: 2.3333
  Γ£ô HELMET DETECTED (pos: 2.6667 > neg: 2.3333)
[EMBED] Image embedding: shape=(1, 512)
[COVERALL] Pos_score: 4.3333, Neg_score: 1.6667
  Γ£ô COVERALL DETECTED (pos: 4.3333 > neg: 1.6667)
  Γ£à Saved: frame_062418_jpg.rf.95984d0de1d7683f5d211413b3c5ffa2.jpg

[PROCESS] 203. frame_062419_jpg.rf.6890120b60cc8e632f5dc3d12c068e29.jpg

0: 384x640 7 persons, 1 train, 203.9ms
Speed: 1.1ms preprocess, 203.9ms inference, 1.6ms postprocess per image at shape (1, 3, 384, 640)
[YOLO] Detected 5 persons
  ΓööΓöÇ Person 1/5
[EMBED] Image embedding: shape=(1, 512)
[HELMET] Pos_score: 2.6667, Neg_score: 3.6667
  Γ£ù NO HELMET (pos: 2.6667 <= neg: 3.6667)
[EMBED] Image embedding: shape=(1, 512)
[COVERALL] Pos_score: 3.3333, Neg_score: 3.0000
  Γ£ô COVERALL DETECTED (pos: 3.3333 > neg: 3.0000)
  ΓööΓöÇ Person 2/5
[EMBED] Image embedding: shape=(1, 512)
[HELMET] Pos_score: 3.3333, Neg_score: 3.6667
  Γ£ù NO HELMET (pos: 3.3333 <= neg: 3.6667)
[EMBED] Image embedding: shape=(1, 512)
[COVERALL] Pos_score: 3.0000, Neg_score: 2.3333
  Γ£ô COVERALL DETECTED (pos: 3.0000 > neg: 2.3333)
  ΓööΓöÇ Person 3/5
[EMBED] Image embedding: shape=(1, 512)
[HELMET] Pos_score: 2.6667, Neg_score: 2.3333
  Γ£ô HELMET DETECTED (pos: 2.6667 > neg: 2.3333)
[EMBED] Image embedding: shape=(1, 512)
[COVERALL] Pos_score: 4.0000, Neg_score: 2.3333
  Γ£ô COVERALL DETECTED (pos: 4.0000 > neg: 2.3333)
  ΓööΓöÇ Person 4/5
[EMBED] Image embedding: shape=(1, 512)
[HELMET] Pos_score: 2.0000, Neg_score: 3.3333
  Γ£ù NO HELMET (pos: 2.0000 <= neg: 3.3333)
[EMBED] Image embedding: shape=(1, 512)
[COVERALL] Pos_score: 3.0000, Neg_score: 2.3333
  Γ£ô COVERALL DETECTED (pos: 3.0000 > neg: 2.3333)
  ΓööΓöÇ Person 5/5
[EMBED] Image embedding: shape=(1, 512)
[HELMET] Pos_score: 2.0000, Neg_score: 3.3333
  Γ£ù NO HELMET (pos: 2.0000 <= neg: 3.3333)
[EMBED] Image embedding: shape=(1, 512)
[COVERALL] Pos_score: 2.6667, Neg_score: 2.6667
  Γ£ù NO COVERALL (pos: 2.6667 <= neg: 2.6667)
  Γ£à Saved: frame_062419_jpg.rf.6890120b60cc8e632f5dc3d12c068e29.jpg

[PROCESS] 204. frame_062420_jpg.rf.eae56fe226bf0cd64acd044acf434639.jpg

0: 384x640 8 persons, 1 train, 188.6ms
Speed: 1.3ms preprocess, 188.6ms inference, 1.3ms postprocess per image at shape (1, 3, 384, 640)
[YOLO] Detected 6 persons
  ΓööΓöÇ Person 1/6
[EMBED] Image embedding: shape=(1, 512)
[HELMET] Pos_score: 2.6667, Neg_score: 3.6667
  Γ£ù NO HELMET (pos: 2.6667 <= neg: 3.6667)
[EMBED] Image embedding: shape=(1, 512)
[COVERALL] Pos_score: 1.3333, Neg_score: 3.0000
  Γ£ù NO COVERALL (pos: 1.3333 <= neg: 3.0000)
  ΓööΓöÇ Person 2/6
[EMBED] Image embedding: shape=(1, 512)
[HELMET] Pos_score: 3.0000, Neg_score: 2.6667
  Γ£ô HELMET DETECTED (pos: 3.0000 > neg: 2.6667)
[EMBED] Image embedding: shape=(1, 512)
[COVERALL] Pos_score: 3.0000, Neg_score: 2.3333
  Γ£ô COVERALL DETECTED (pos: 3.0000 > neg: 2.3333)
  ΓööΓöÇ Person 3/6
[EMBED] Image embedding: shape=(1, 512)
[HELMET] Pos_score: 1.3333, Neg_score: 3.3333
  Γ£ù NO HELMET (pos: 1.3333 <= neg: 3.3333)
[EMBED] Image embedding: shape=(1, 512)
[COVERALL] Pos_score: 3.0000, Neg_score: 2.3333
  Γ£ô COVERALL DETECTED (pos: 3.0000 > neg: 2.3333)
  ΓööΓöÇ Person 4/6
[EMBED] Image embedding: shape=(1, 512)
[HELMET] Pos_score: 2.6667, Neg_score: 2.3333
  Γ£ô HELMET DETECTED (pos: 2.6667 > neg: 2.3333)
[EMBED] Image embedding: shape=(1, 512)
[COVERALL] Pos_score: 4.6667, Neg_score: 2.3333
  Γ£ô COVERALL DETECTED (pos: 4.6667 > neg: 2.3333)
  ΓööΓöÇ Person 5/6
[EMBED] Image embedding: shape=(1, 512)
[HELMET] Pos_score: 2.6667, Neg_score: 3.6667
  Γ£ù NO HELMET (pos: 2.6667 <= neg: 3.6667)
[EMBED] Image embedding: shape=(1, 512)
[COVERALL] Pos_score: 3.0000, Neg_score: 3.0000
  Γ£ù NO COVERALL (pos: 3.0000 <= neg: 3.0000)
  ΓööΓöÇ Person 6/6
[EMBED] Image embedding: shape=(1, 512)
[HELMET] Pos_score: 3.0000, Neg_score: 3.3333
  Γ£ù NO HELMET (pos: 3.0000 <= neg: 3.3333)
[EMBED] Image embedding: shape=(1, 512)
[COVERALL] Pos_score: 1.3333, Neg_score: 2.6667
  Γ£ù NO COVERALL (pos: 1.3333 <= neg: 2.6667)
  Γ£à Saved: frame_062420_jpg.rf.eae56fe226bf0cd64acd044acf434639.jpg

[PROCESS] 205. frame_062421_jpg.rf.023aa3f706b4bbb853dc204e5c52f10d.jpg

0: 384x640 6 persons, 1 train, 203.3ms
Speed: 1.6ms preprocess, 203.3ms inference, 1.3ms postprocess per image at shape (1, 3, 384, 640)
[YOLO] Detected 5 persons
  ΓööΓöÇ Person 1/5
[EMBED] Image embedding: shape=(1, 512)
[HELMET] Pos_score: 2.6667, Neg_score: 3.6667
  Γ£ù NO HELMET (pos: 2.6667 <= neg: 3.6667)
[EMBED] Image embedding: shape=(1, 512)
[COVERALL] Pos_score: 1.3333, Neg_score: 3.0000
  Γ£ù NO COVERALL (pos: 1.3333 <= neg: 3.0000)
  ΓööΓöÇ Person 2/5
[EMBED] Image embedding: shape=(1, 512)
[HELMET] Pos_score: 3.0000, Neg_score: 3.6667
  Γ£ù NO HELMET (pos: 3.0000 <= neg: 3.6667)
[EMBED] Image embedding: shape=(1, 512)
[COVERALL] Pos_score: 1.3333, Neg_score: 2.3333
  Γ£ù NO COVERALL (pos: 1.3333 <= neg: 2.3333)
  ΓööΓöÇ Person 3/5
[EMBED] Image embedding: shape=(1, 512)
[HELMET] Pos_score: 2.6667, Neg_score: 2.3333
  Γ£ô HELMET DETECTED (pos: 2.6667 > neg: 2.3333)
[EMBED] Image embedding: shape=(1, 512)
[COVERALL] Pos_score: 2.6667, Neg_score: 2.3333
  Γ£ô COVERALL DETECTED (pos: 2.6667 > neg: 2.3333)
  ΓööΓöÇ Person 4/5
[EMBED] Image embedding: shape=(1, 512)
[HELMET] Pos_score: 2.0000, Neg_score: 3.3333
  Γ£ù NO HELMET (pos: 2.0000 <= neg: 3.3333)
[EMBED] Image embedding: shape=(1, 512)
[COVERALL] Pos_score: 2.3333, Neg_score: 2.3333
  Γ£ù NO COVERALL (pos: 2.3333 <= neg: 2.3333)
  ΓööΓöÇ Person 5/5
[EMBED] Image embedding: shape=(1, 512)
[HELMET] Pos_score: 2.6667, Neg_score: 3.6667
  Γ£ù NO HELMET (pos: 2.6667 <= neg: 3.6667)
[EMBED] Image embedding: shape=(1, 512)
[COVERALL] Pos_score: 3.0000, Neg_score: 3.0000
  Γ£ù NO COVERALL (pos: 3.0000 <= neg: 3.0000)
  Γ£à Saved: frame_062421_jpg.rf.023aa3f706b4bbb853dc204e5c52f10d.jpg

[PROCESS] 206. frame_062422_jpg.rf.a8c3751bc54d004fc1a6f0b3701e3424.jpg

0: 384x640 6 persons, 1 train, 193.2ms
Speed: 1.4ms preprocess, 193.2ms inference, 1.2ms postprocess per image at shape (1, 3, 384, 640)
[YOLO] Detected 5 persons
  ΓööΓöÇ Person 1/5
[EMBED] Image embedding: shape=(1, 512)
[HELMET] Pos_score: 2.6667, Neg_score: 3.6667
  Γ£ù NO HELMET (pos: 2.6667 <= neg: 3.6667)
[EMBED] Image embedding: shape=(1, 512)
[COVERALL] Pos_score: 3.3333, Neg_score: 3.0000
  Γ£ô COVERALL DETECTED (pos: 3.3333 > neg: 3.0000)
  ΓööΓöÇ Person 2/5
[EMBED] Image embedding: shape=(1, 512)
[HELMET] Pos_score: 3.0000, Neg_score: 2.6667
  Γ£ô HELMET DETECTED (pos: 3.0000 > neg: 2.6667)
[EMBED] Image embedding: shape=(1, 512)
[COVERALL] Pos_score: 3.0000, Neg_score: 2.3333
  Γ£ô COVERALL DETECTED (pos: 3.0000 > neg: 2.3333)
  ΓööΓöÇ Person 3/5
[EMBED] Image embedding: shape=(1, 512)
[HELMET] Pos_score: 2.6667, Neg_score: 3.6667
  Γ£ù NO HELMET (pos: 2.6667 <= neg: 3.6667)
[EMBED] Image embedding: shape=(1, 512)
[COVERALL] Pos_score: 2.6667, Neg_score: 2.3333
  Γ£ô COVERALL DETECTED (pos: 2.6667 > neg: 2.3333)
  ΓööΓöÇ Person 4/5
[EMBED] Image embedding: shape=(1, 512)
[HELMET] Pos_score: 2.0000, Neg_score: 3.3333
  Γ£ù NO HELMET (pos: 2.0000 <= neg: 3.3333)
[EMBED] Image embedding: shape=(1, 512)
[COVERALL] Pos_score: 3.0000, Neg_score: 2.3333
  Γ£ô COVERALL DETECTED (pos: 3.0000 > neg: 2.3333)
  ΓööΓöÇ Person 5/5
[EMBED] Image embedding: shape=(1, 512)
[HELMET] Pos_score: 2.6667, Neg_score: 3.6667
  Γ£ù NO HELMET (pos: 2.6667 <= neg: 3.6667)
[EMBED] Image embedding: shape=(1, 512)
[COVERALL] Pos_score: 1.3333, Neg_score: 2.6667
  Γ£ù NO COVERALL (pos: 1.3333 <= neg: 2.6667)
  Γ£à Saved: frame_062422_jpg.rf.a8c3751bc54d004fc1a6f0b3701e3424.jpg

[PROCESS] 207. frame_062423_jpg.rf.e41526fedcfe25cc980027c6530b6e00.jpg

0: 384x640 7 persons, 1 train, 206.3ms
Speed: 1.6ms preprocess, 206.3ms inference, 1.1ms postprocess per image at shape (1, 3, 384, 640)
[YOLO] Detected 5 persons
  ΓööΓöÇ Person 1/5
[EMBED] Image embedding: shape=(1, 512)
[HELMET] Pos_score: 3.0000, Neg_score: 3.6667
  Γ£ù NO HELMET (pos: 3.0000 <= neg: 3.6667)
[EMBED] Image embedding: shape=(1, 512)
[COVERALL] Pos_score: 3.3333, Neg_score: 3.0000
  Γ£ô COVERALL DETECTED (pos: 3.3333 > neg: 3.0000)
  ΓööΓöÇ Person 2/5
[EMBED] Image embedding: shape=(1, 512)
[HELMET] Pos_score: 3.0000, Neg_score: 2.6667
  Γ£ô HELMET DETECTED (pos: 3.0000 > neg: 2.6667)
[EMBED] Image embedding: shape=(1, 512)
[COVERALL] Pos_score: 3.0000, Neg_score: 2.3333
  Γ£ô COVERALL DETECTED (pos: 3.0000 > neg: 2.3333)
  ΓööΓöÇ Person 3/5
[EMBED] Image embedding: shape=(1, 512)
[HELMET] Pos_score: 2.6667, Neg_score: 3.6667
  Γ£ù NO HELMET (pos: 2.6667 <= neg: 3.6667)
[EMBED] Image embedding: shape=(1, 512)
[COVERALL] Pos_score: 3.6667, Neg_score: 2.3333
  Γ£ô COVERALL DETECTED (pos: 3.6667 > neg: 2.3333)
  ΓööΓöÇ Person 4/5
[EMBED] Image embedding: shape=(1, 512)
[HELMET] Pos_score: 1.3333, Neg_score: 3.6667
  Γ£ù NO HELMET (pos: 1.3333 <= neg: 3.6667)
[EMBED] Image embedding: shape=(1, 512)
[COVERALL] Pos_score: 2.6667, Neg_score: 2.3333
  Γ£ô COVERALL DETECTED (pos: 2.6667 > neg: 2.3333)
  ΓööΓöÇ Person 5/5
[EMBED] Image embedding: shape=(1, 512)
[HELMET] Pos_score: 4.6667, Neg_score: 2.6667
  Γ£ô HELMET DETECTED (pos: 4.6667 > neg: 2.6667)
[EMBED] Image embedding: shape=(1, 512)
[COVERALL] Pos_score: 3.0000, Neg_score: 2.6667
  Γ£ô COVERALL DETECTED (pos: 3.0000 > neg: 2.6667)
  Γ£à Saved: frame_062423_jpg.rf.e41526fedcfe25cc980027c6530b6e00.jpg

[PROCESS] 208. frame_062424_jpg.rf.64cf467e5ea80710fbe0517d00b2ec4d.jpg

0: 384x640 8 persons, 1 train, 199.3ms
Speed: 1.3ms preprocess, 199.3ms inference, 1.5ms postprocess per image at shape (1, 3, 384, 640)
[YOLO] Detected 5 persons
  ΓööΓöÇ Person 1/5
[EMBED] Image embedding: shape=(1, 512)
[HELMET] Pos_score: 2.6667, Neg_score: 3.6667
  Γ£ù NO HELMET (pos: 2.6667 <= neg: 3.6667)
[EMBED] Image embedding: shape=(1, 512)
[COVERALL] Pos_score: 1.3333, Neg_score: 3.0000
  Γ£ù NO COVERALL (pos: 1.3333 <= neg: 3.0000)
  ΓööΓöÇ Person 2/5
[EMBED] Image embedding: shape=(1, 512)
[HELMET] Pos_score: 1.0000, Neg_score: 2.6667
  Γ£ù NO HELMET (pos: 1.0000 <= neg: 2.6667)
[EMBED] Image embedding: shape=(1, 512)
[COVERALL] Pos_score: 1.3333, Neg_score: 2.3333
  Γ£ù NO COVERALL (pos: 1.3333 <= neg: 2.3333)
  ΓööΓöÇ Person 3/5
[EMBED] Image embedding: shape=(1, 512)
[HELMET] Pos_score: 2.6667, Neg_score: 3.0000
  Γ£ù NO HELMET (pos: 2.6667 <= neg: 3.0000)
[EMBED] Image embedding: shape=(1, 512)
[COVERALL] Pos_score: 3.0000, Neg_score: 2.3333
  Γ£ô COVERALL DETECTED (pos: 3.0000 > neg: 2.3333)
  ΓööΓöÇ Person 4/5
[EMBED] Image embedding: shape=(1, 512)
[HELMET] Pos_score: 2.6667, Neg_score: 2.3333
  Γ£ô HELMET DETECTED (pos: 2.6667 > neg: 2.3333)
[EMBED] Image embedding: shape=(1, 512)
[COVERALL] Pos_score: 3.0000, Neg_score: 2.3333
  Γ£ô COVERALL DETECTED (pos: 3.0000 > neg: 2.3333)
  ΓööΓöÇ Person 5/5
[EMBED] Image embedding: shape=(1, 512)
[HELMET] Pos_score: 2.0000, Neg_score: 3.3333
  Γ£ù NO HELMET (pos: 2.0000 <= neg: 3.3333)
[EMBED] Image embedding: shape=(1, 512)
[COVERALL] Pos_score: 4.0000, Neg_score: 4.0000
  Γ£ù NO COVERALL (pos: 4.0000 <= neg: 4.0000)
  Γ£à Saved: frame_062424_jpg.rf.64cf467e5ea80710fbe0517d00b2ec4d.jpg

[PROCESS] 209. frame_062425_jpg.rf.7b19d4a5a724d6ec1a6392be0defb9c5.jpg

0: 384x640 10 persons, 1 train, 197.0ms
Speed: 1.2ms preprocess, 197.0ms inference, 1.5ms postprocess per image at shape (1, 3, 384, 640)
[YOLO] Detected 5 persons
  ΓööΓöÇ Person 1/5
[EMBED] Image embedding: shape=(1, 512)
[HELMET] Pos_score: 2.6667, Neg_score: 3.6667
  Γ£ù NO HELMET (pos: 2.6667 <= neg: 3.6667)
[EMBED] Image embedding: shape=(1, 512)
[COVERALL] Pos_score: 1.3333, Neg_score: 3.0000
  Γ£ù NO COVERALL (pos: 1.3333 <= neg: 3.0000)
  ΓööΓöÇ Person 2/5
[EMBED] Image embedding: shape=(1, 512)
[HELMET] Pos_score: 1.0000, Neg_score: 2.6667
  Γ£ù NO HELMET (pos: 1.0000 <= neg: 2.6667)
[EMBED] Image embedding: shape=(1, 512)
[COVERALL] Pos_score: 1.3333, Neg_score: 2.3333
  Γ£ù NO COVERALL (pos: 1.3333 <= neg: 2.3333)
  ΓööΓöÇ Person 3/5
[EMBED] Image embedding: shape=(1, 512)
[HELMET] Pos_score: 2.6667, Neg_score: 3.6667
  Γ£ù NO HELMET (pos: 2.6667 <= neg: 3.6667)
[EMBED] Image embedding: shape=(1, 512)
[COVERALL] Pos_score: 3.0000, Neg_score: 2.3333
  Γ£ô COVERALL DETECTED (pos: 3.0000 > neg: 2.3333)
  ΓööΓöÇ Person 4/5
[EMBED] Image embedding: shape=(1, 512)
[HELMET] Pos_score: 2.0000, Neg_score: 3.3333
  Γ£ù NO HELMET (pos: 2.0000 <= neg: 3.3333)
[EMBED] Image embedding: shape=(1, 512)
[COVERALL] Pos_score: 3.6667, Neg_score: 4.0000
  Γ£ù NO COVERALL (pos: 3.6667 <= neg: 4.0000)
  ΓööΓöÇ Person 5/5
[EMBED] Image embedding: shape=(1, 512)
[HELMET] Pos_score: 3.3333, Neg_score: 3.3333
  Γ£ù NO HELMET (pos: 3.3333 <= neg: 3.3333)
[EMBED] Image embedding: shape=(1, 512)
[COVERALL] Pos_score: 3.0000, Neg_score: 2.3333
  Γ£ô COVERALL DETECTED (pos: 3.0000 > neg: 2.3333)
  Γ£à Saved: frame_062425_jpg.rf.7b19d4a5a724d6ec1a6392be0defb9c5.jpg

[PROCESS] 210. frame_062426_jpg.rf.e75d69a49f3ca1a36b59a40556f906bb.jpg

0: 384x640 9 persons, 1 train, 194.5ms
Speed: 1.5ms preprocess, 194.5ms inference, 1.1ms postprocess per image at shape (1, 3, 384, 640)
[YOLO] Detected 5 persons
  ΓööΓöÇ Person 1/5
[EMBED] Image embedding: shape=(1, 512)
[HELMET] Pos_score: 3.0000, Neg_score: 3.6667
  Γ£ù NO HELMET (pos: 3.0000 <= neg: 3.6667)
[EMBED] Image embedding: shape=(1, 512)
[COVERALL] Pos_score: 1.3333, Neg_score: 3.0000
  Γ£ù NO COVERALL (pos: 1.3333 <= neg: 3.0000)
  ΓööΓöÇ Person 2/5
[EMBED] Image embedding: shape=(1, 512)
[HELMET] Pos_score: 2.3333, Neg_score: 2.6667
  Γ£ù NO HELMET (pos: 2.3333 <= neg: 2.6667)
[EMBED] Image embedding: shape=(1, 512)
[COVERALL] Pos_score: 1.3333, Neg_score: 2.3333
  Γ£ù NO COVERALL (pos: 1.3333 <= neg: 2.3333)
  ΓööΓöÇ Person 3/5
[EMBED] Image embedding: shape=(1, 512)
[HELMET] Pos_score: 2.6667, Neg_score: 2.3333
  Γ£ô HELMET DETECTED (pos: 2.6667 > neg: 2.3333)
[EMBED] Image embedding: shape=(1, 512)
[COVERALL] Pos_score: 3.0000, Neg_score: 2.3333
  Γ£ô COVERALL DETECTED (pos: 3.0000 > neg: 2.3333)
  ΓööΓöÇ Person 4/5
[EMBED] Image embedding: shape=(1, 512)
[HELMET] Pos_score: 2.0000, Neg_score: 3.3333
  Γ£ù NO HELMET (pos: 2.0000 <= neg: 3.3333)
[EMBED] Image embedding: shape=(1, 512)
[COVERALL] Pos_score: 3.6667, Neg_score: 4.0000
  Γ£ù NO COVERALL (pos: 3.6667 <= neg: 4.0000)
  ΓööΓöÇ Person 5/5
[EMBED] Image embedding: shape=(1, 512)
[HELMET] Pos_score: 4.0000, Neg_score: 2.6667
  Γ£ô HELMET DETECTED (pos: 4.0000 > neg: 2.6667)
[EMBED] Image embedding: shape=(1, 512)
[COVERALL] Pos_score: 3.6667, Neg_score: 2.6667
  Γ£ô COVERALL DETECTED (pos: 3.6667 > neg: 2.6667)
  Γ£à Saved: frame_062426_jpg.rf.e75d69a49f3ca1a36b59a40556f906bb.jpg

[PROCESS] 211. frame_062427_jpg.rf.b602a4ccf51032d5a0515557d02f6cf5.jpg

0: 384x640 9 persons, 1 train, 200.7ms
Speed: 1.4ms preprocess, 200.7ms inference, 1.4ms postprocess per image at shape (1, 3, 384, 640)
[YOLO] Detected 6 persons
  ΓööΓöÇ Person 1/6
[EMBED] Image embedding: shape=(1, 512)
[HELMET] Pos_score: 2.6667, Neg_score: 3.6667
  Γ£ù NO HELMET (pos: 2.6667 <= neg: 3.6667)
[EMBED] Image embedding: shape=(1, 512)
[COVERALL] Pos_score: 3.3333, Neg_score: 3.0000
  Γ£ô COVERALL DETECTED (pos: 3.3333 > neg: 3.0000)
  ΓööΓöÇ Person 2/6
[EMBED] Image embedding: shape=(1, 512)
[HELMET] Pos_score: 2.6667, Neg_score: 2.6667
  Γ£ù NO HELMET (pos: 2.6667 <= neg: 2.6667)
[EMBED] Image embedding: shape=(1, 512)
[COVERALL] Pos_score: 3.0000, Neg_score: 2.3333
  Γ£ô COVERALL DETECTED (pos: 3.0000 > neg: 2.3333)
  ΓööΓöÇ Person 3/6
[EMBED] Image embedding: shape=(1, 512)
[HELMET] Pos_score: 2.6667, Neg_score: 2.3333
  Γ£ô HELMET DETECTED (pos: 2.6667 > neg: 2.3333)
[EMBED] Image embedding: shape=(1, 512)
[COVERALL] Pos_score: 3.6667, Neg_score: 2.3333
  Γ£ô COVERALL DETECTED (pos: 3.6667 > neg: 2.3333)
  ΓööΓöÇ Person 4/6
[EMBED] Image embedding: shape=(1, 512)
[HELMET] Pos_score: 2.0000, Neg_score: 3.3333
  Γ£ù NO HELMET (pos: 2.0000 <= neg: 3.3333)
[EMBED] Image embedding: shape=(1, 512)
[COVERALL] Pos_score: 2.3333, Neg_score: 4.0000
  Γ£ù NO COVERALL (pos: 2.3333 <= neg: 4.0000)
  ΓööΓöÇ Person 5/6
[EMBED] Image embedding: shape=(1, 512)
[HELMET] Pos_score: 2.6667, Neg_score: 3.6667
  Γ£ù NO HELMET (pos: 2.6667 <= neg: 3.6667)
[EMBED] Image embedding: shape=(1, 512)
[COVERALL] Pos_score: 3.6667, Neg_score: 4.0000
  Γ£ù NO COVERALL (pos: 3.6667 <= neg: 4.0000)
  ΓööΓöÇ Person 6/6
[EMBED] Image embedding: shape=(1, 512)
[HELMET] Pos_score: 3.0000, Neg_score: 3.3333
  Γ£ù NO HELMET (pos: 3.0000 <= neg: 3.3333)
[EMBED] Image embedding: shape=(1, 512)
[COVERALL] Pos_score: 3.0000, Neg_score: 2.3333
  Γ£ô COVERALL DETECTED (pos: 3.0000 > neg: 2.3333)
  Γ£à Saved: frame_062427_jpg.rf.b602a4ccf51032d5a0515557d02f6cf5.jpg

[PROCESS] 212. frame_062428_jpg.rf.df69908094f8feb6922ef796c1130474.jpg

0: 384x640 7 persons, 1 train, 200.4ms
Speed: 1.5ms preprocess, 200.4ms inference, 1.4ms postprocess per image at shape (1, 3, 384, 640)
[YOLO] Detected 6 persons
  ΓööΓöÇ Person 1/6
[EMBED] Image embedding: shape=(1, 512)
[HELMET] Pos_score: 2.6667, Neg_score: 3.6667
  Γ£ù NO HELMET (pos: 2.6667 <= neg: 3.6667)
[EMBED] Image embedding: shape=(1, 512)
[COVERALL] Pos_score: 3.3333, Neg_score: 3.0000
  Γ£ô COVERALL DETECTED (pos: 3.3333 > neg: 3.0000)
  ΓööΓöÇ Person 2/6
[EMBED] Image embedding: shape=(1, 512)
[HELMET] Pos_score: 2.6667, Neg_score: 2.6667
  Γ£ù NO HELMET (pos: 2.6667 <= neg: 2.6667)
[EMBED] Image embedding: shape=(1, 512)
[COVERALL] Pos_score: 3.0000, Neg_score: 2.3333
  Γ£ô COVERALL DETECTED (pos: 3.0000 > neg: 2.3333)
  ΓööΓöÇ Person 3/6
[EMBED] Image embedding: shape=(1, 512)
[HELMET] Pos_score: 2.6667, Neg_score: 2.3333
  Γ£ô HELMET DETECTED (pos: 2.6667 > neg: 2.3333)
[EMBED] Image embedding: shape=(1, 512)
[COVERALL] Pos_score: 4.0000, Neg_score: 2.3333
  Γ£ô COVERALL DETECTED (pos: 4.0000 > neg: 2.3333)
  ΓööΓöÇ Person 4/6
[EMBED] Image embedding: shape=(1, 512)
[HELMET] Pos_score: 2.6667, Neg_score: 3.6667
  Γ£ù NO HELMET (pos: 2.6667 <= neg: 3.6667)
[EMBED] Image embedding: shape=(1, 512)
[COVERALL] Pos_score: 5.0000, Neg_score: 4.0000
  Γ£ô COVERALL DETECTED (pos: 5.0000 > neg: 4.0000)
  ΓööΓöÇ Person 5/6
[EMBED] Image embedding: shape=(1, 512)
[HELMET] Pos_score: 4.0000, Neg_score: 3.6667
  Γ£ô HELMET DETECTED (pos: 4.0000 > neg: 3.6667)
[EMBED] Image embedding: shape=(1, 512)
[COVERALL] Pos_score: 2.6667, Neg_score: 2.3333
  Γ£ô COVERALL DETECTED (pos: 2.6667 > neg: 2.3333)
  ΓööΓöÇ Person 6/6
[EMBED] Image embedding: shape=(1, 512)
[HELMET] Pos_score: 2.6667, Neg_score: 3.3333
  Γ£ù NO HELMET (pos: 2.6667 <= neg: 3.3333)
[EMBED] Image embedding: shape=(1, 512)
[COVERALL] Pos_score: 2.3333, Neg_score: 4.0000
  Γ£ù NO COVERALL (pos: 2.3333 <= neg: 4.0000)
  Γ£à Saved: frame_062428_jpg.rf.df69908094f8feb6922ef796c1130474.jpg

[PROCESS] 213. frame_062429_jpg.rf.b92b6d865095fbb5dedfb10cf8b8702d.jpg

0: 384x640 8 persons, 1 train, 193.8ms
Speed: 1.2ms preprocess, 193.8ms inference, 1.3ms postprocess per image at shape (1, 3, 384, 640)
[YOLO] Detected 6 persons
  ΓööΓöÇ Person 1/6
[EMBED] Image embedding: shape=(1, 512)
[HELMET] Pos_score: 2.6667, Neg_score: 3.6667
  Γ£ù NO HELMET (pos: 2.6667 <= neg: 3.6667)
[EMBED] Image embedding: shape=(1, 512)
[COVERALL] Pos_score: 3.3333, Neg_score: 3.0000
  Γ£ô COVERALL DETECTED (pos: 3.3333 > neg: 3.0000)
  ΓööΓöÇ Person 2/6
[EMBED] Image embedding: shape=(1, 512)
[HELMET] Pos_score: 2.6667, Neg_score: 2.6667
  Γ£ù NO HELMET (pos: 2.6667 <= neg: 2.6667)
[EMBED] Image embedding: shape=(1, 512)
[COVERALL] Pos_score: 3.0000, Neg_score: 2.3333
  Γ£ô COVERALL DETECTED (pos: 3.0000 > neg: 2.3333)
  ΓööΓöÇ Person 3/6
[EMBED] Image embedding: shape=(1, 512)
[HELMET] Pos_score: 2.6667, Neg_score: 2.3333
  Γ£ô HELMET DETECTED (pos: 2.6667 > neg: 2.3333)
[EMBED] Image embedding: shape=(1, 512)
[COVERALL] Pos_score: 3.6667, Neg_score: 2.3333
  Γ£ô COVERALL DETECTED (pos: 3.6667 > neg: 2.3333)
  ΓööΓöÇ Person 4/6
[EMBED] Image embedding: shape=(1, 512)
[HELMET] Pos_score: 1.0000, Neg_score: 3.3333
  Γ£ù NO HELMET (pos: 1.0000 <= neg: 3.3333)
[EMBED] Image embedding: shape=(1, 512)
[COVERALL] Pos_score: 2.3333, Neg_score: 4.0000
  Γ£ù NO COVERALL (pos: 2.3333 <= neg: 4.0000)
  ΓööΓöÇ Person 5/6
[EMBED] Image embedding: shape=(1, 512)
[HELMET] Pos_score: 2.6667, Neg_score: 2.3333
  Γ£ô HELMET DETECTED (pos: 2.6667 > neg: 2.3333)
[EMBED] Image embedding: shape=(1, 512)
[COVERALL] Pos_score: 3.0000, Neg_score: 2.3333
  Γ£ô COVERALL DETECTED (pos: 3.0000 > neg: 2.3333)
  ΓööΓöÇ Person 6/6
[EMBED] Image embedding: shape=(1, 512)
[HELMET] Pos_score: 2.6667, Neg_score: 3.6667
  Γ£ù NO HELMET (pos: 2.6667 <= neg: 3.6667)
[EMBED] Image embedding: shape=(1, 512)
[COVERALL] Pos_score: 3.0000, Neg_score: 2.3333
  Γ£ô COVERALL DETECTED (pos: 3.0000 > neg: 2.3333)
  Γ£à Saved: frame_062429_jpg.rf.b92b6d865095fbb5dedfb10cf8b8702d.jpg

[PROCESS] 214. frame_062430_jpg.rf.13c06aceef6211171e0eb8dc24871916.jpg

0: 384x640 8 persons, 1 train, 201.1ms
Speed: 1.2ms preprocess, 201.1ms inference, 1.0ms postprocess per image at shape (1, 3, 384, 640)
[YOLO] Detected 4 persons
  ΓööΓöÇ Person 1/4
[EMBED] Image embedding: shape=(1, 512)
[HELMET] Pos_score: 2.6667, Neg_score: 3.6667
  Γ£ù NO HELMET (pos: 2.6667 <= neg: 3.6667)
[EMBED] Image embedding: shape=(1, 512)
[COVERALL] Pos_score: 3.3333, Neg_score: 3.0000
  Γ£ô COVERALL DETECTED (pos: 3.3333 > neg: 3.0000)
  ΓööΓöÇ Person 2/4
[EMBED] Image embedding: shape=(1, 512)
[HELMET] Pos_score: 2.6667, Neg_score: 2.3333
  Γ£ô HELMET DETECTED (pos: 2.6667 > neg: 2.3333)
[EMBED] Image embedding: shape=(1, 512)
[COVERALL] Pos_score: 3.6667, Neg_score: 2.3333
  Γ£ô COVERALL DETECTED (pos: 3.6667 > neg: 2.3333)
  ΓööΓöÇ Person 3/4
[EMBED] Image embedding: shape=(1, 512)
[HELMET] Pos_score: 2.6667, Neg_score: 2.6667
  Γ£ù NO HELMET (pos: 2.6667 <= neg: 2.6667)
[EMBED] Image embedding: shape=(1, 512)
[COVERALL] Pos_score: 3.0000, Neg_score: 2.3333
  Γ£ô COVERALL DETECTED (pos: 3.0000 > neg: 2.3333)
  ΓööΓöÇ Person 4/4
[EMBED] Image embedding: shape=(1, 512)
[HELMET] Pos_score: 2.0000, Neg_score: 3.3333
  Γ£ù NO HELMET (pos: 2.0000 <= neg: 3.3333)
[EMBED] Image embedding: shape=(1, 512)
[COVERALL] Pos_score: 2.3333, Neg_score: 2.6667
  Γ£ù NO COVERALL (pos: 2.3333 <= neg: 2.6667)
  Γ£à Saved: frame_062430_jpg.rf.13c06aceef6211171e0eb8dc24871916.jpg

[PROCESS] 215. frame_062432_jpg.rf.ecba1f23381a75c75c0b97180a5ea8b3.jpg

0: 384x640 9 persons, 1 train, 195.3ms
Speed: 1.3ms preprocess, 195.3ms inference, 1.6ms postprocess per image at shape (1, 3, 384, 640)
[YOLO] Detected 4 persons
  ΓööΓöÇ Person 1/4
[EMBED] Image embedding: shape=(1, 512)
[HELMET] Pos_score: 2.6667, Neg_score: 3.6667
  Γ£ù NO HELMET (pos: 2.6667 <= neg: 3.6667)
[EMBED] Image embedding: shape=(1, 512)
[COVERALL] Pos_score: 3.6667, Neg_score: 2.6667
  Γ£ô COVERALL DETECTED (pos: 3.6667 > neg: 2.6667)
  ΓööΓöÇ Person 2/4
[EMBED] Image embedding: shape=(1, 512)
[HELMET] Pos_score: 2.0000, Neg_score: 2.6667
  Γ£ù NO HELMET (pos: 2.0000 <= neg: 2.6667)
[EMBED] Image embedding: shape=(1, 512)
[COVERALL] Pos_score: 4.0000, Neg_score: 2.3333
  Γ£ô COVERALL DETECTED (pos: 4.0000 > neg: 2.3333)
  ΓööΓöÇ Person 3/4
[EMBED] Image embedding: shape=(1, 512)
[HELMET] Pos_score: 3.3333, Neg_score: 2.3333
  Γ£ô HELMET DETECTED (pos: 3.3333 > neg: 2.3333)
[EMBED] Image embedding: shape=(1, 512)
[COVERALL] Pos_score: 2.6667, Neg_score: 2.3333
  Γ£ô COVERALL DETECTED (pos: 2.6667 > neg: 2.3333)
  ΓööΓöÇ Person 4/4
[EMBED] Image embedding: shape=(1, 512)
[HELMET] Pos_score: 2.6667, Neg_score: 3.6667
  Γ£ù NO HELMET (pos: 2.6667 <= neg: 3.6667)
[EMBED] Image embedding: shape=(1, 512)
[COVERALL] Pos_score: 2.3333, Neg_score: 4.0000
  Γ£ù NO COVERALL (pos: 2.3333 <= neg: 4.0000)
  Γ£à Saved: frame_062432_jpg.rf.ecba1f23381a75c75c0b97180a5ea8b3.jpg

[PROCESS] 216. frame_062433_jpg.rf.3f41350e3776a77234a45c4fecb40628.jpg

0: 384x640 9 persons, 1 train, 197.5ms
Speed: 1.3ms preprocess, 197.5ms inference, 1.1ms postprocess per image at shape (1, 3, 384, 640)
[YOLO] Detected 6 persons
  ΓööΓöÇ Person 1/6
[EMBED] Image embedding: shape=(1, 512)
[HELMET] Pos_score: 2.6667, Neg_score: 3.6667
  Γ£ù NO HELMET (pos: 2.6667 <= neg: 3.6667)
[EMBED] Image embedding: shape=(1, 512)
[COVERALL] Pos_score: 3.6667, Neg_score: 2.6667
  Γ£ô COVERALL DETECTED (pos: 3.6667 > neg: 2.6667)
  ΓööΓöÇ Person 2/6
[EMBED] Image embedding: shape=(1, 512)
[HELMET] Pos_score: 2.0000, Neg_score: 2.6667
  Γ£ù NO HELMET (pos: 2.0000 <= neg: 2.6667)
[EMBED] Image embedding: shape=(1, 512)
[COVERALL] Pos_score: 4.0000, Neg_score: 2.3333
  Γ£ô COVERALL DETECTED (pos: 4.0000 > neg: 2.3333)
  ΓööΓöÇ Person 3/6
[EMBED] Image embedding: shape=(1, 512)
[HELMET] Pos_score: 3.3333, Neg_score: 2.3333
  Γ£ô HELMET DETECTED (pos: 3.3333 > neg: 2.3333)
[EMBED] Image embedding: shape=(1, 512)
[COVERALL] Pos_score: 1.3333, Neg_score: 2.3333
  Γ£ù NO COVERALL (pos: 1.3333 <= neg: 2.3333)
  ΓööΓöÇ Person 4/6
[EMBED] Image embedding: shape=(1, 512)
[HELMET] Pos_score: 2.3333, Neg_score: 3.3333
  Γ£ù NO HELMET (pos: 2.3333 <= neg: 3.3333)
[EMBED] Image embedding: shape=(1, 512)
[COVERALL] Pos_score: 2.3333, Neg_score: 2.3333
  Γ£ù NO COVERALL (pos: 2.3333 <= neg: 2.3333)
  ΓööΓöÇ Person 5/6
[EMBED] Image embedding: shape=(1, 512)
[HELMET] Pos_score: 2.6667, Neg_score: 3.6667
  Γ£ù NO HELMET (pos: 2.6667 <= neg: 3.6667)
[EMBED] Image embedding: shape=(1, 512)
[COVERALL] Pos_score: 3.0000, Neg_score: 2.3333
  Γ£ô COVERALL DETECTED (pos: 3.0000 > neg: 2.3333)
  ΓööΓöÇ Person 6/6
[EMBED] Image embedding: shape=(1, 512)
[HELMET] Pos_score: 3.0000, Neg_score: 3.3333
  Γ£ù NO HELMET (pos: 3.0000 <= neg: 3.3333)
[EMBED] Image embedding: shape=(1, 512)
[COVERALL] Pos_score: 2.6667, Neg_score: 2.6667
  Γ£ù NO COVERALL (pos: 2.6667 <= neg: 2.6667)
  Γ£à Saved: frame_062433_jpg.rf.3f41350e3776a77234a45c4fecb40628.jpg

[PROCESS] 217. frame_062434_jpg.rf.c58b66dc2d7f083b74b7d12b67364aef.jpg

0: 384x640 9 persons, 1 train, 201.3ms
Speed: 1.2ms preprocess, 201.3ms inference, 1.4ms postprocess per image at shape (1, 3, 384, 640)
[YOLO] Detected 6 persons
  ΓööΓöÇ Person 1/6
[EMBED] Image embedding: shape=(1, 512)
[HELMET] Pos_score: 2.6667, Neg_score: 3.6667
  Γ£ù NO HELMET (pos: 2.6667 <= neg: 3.6667)
[EMBED] Image embedding: shape=(1, 512)
[COVERALL] Pos_score: 3.6667, Neg_score: 3.0000
  Γ£ô COVERALL DETECTED (pos: 3.6667 > neg: 3.0000)
  ΓööΓöÇ Person 2/6
[EMBED] Image embedding: shape=(1, 512)
[HELMET] Pos_score: 3.3333, Neg_score: 2.3333
  Γ£ô HELMET DETECTED (pos: 3.3333 > neg: 2.3333)
[EMBED] Image embedding: shape=(1, 512)
[COVERALL] Pos_score: 1.3333, Neg_score: 2.3333
  Γ£ù NO COVERALL (pos: 1.3333 <= neg: 2.3333)
  ΓööΓöÇ Person 3/6
[EMBED] Image embedding: shape=(1, 512)
[HELMET] Pos_score: 2.0000, Neg_score: 3.6667
  Γ£ù NO HELMET (pos: 2.0000 <= neg: 3.6667)
[EMBED] Image embedding: shape=(1, 512)
[COVERALL] Pos_score: 4.0000, Neg_score: 2.3333
  Γ£ô COVERALL DETECTED (pos: 4.0000 > neg: 2.3333)
  ΓööΓöÇ Person 4/6
[EMBED] Image embedding: shape=(1, 512)
[HELMET] Pos_score: 2.0000, Neg_score: 2.3333
  Γ£ù NO HELMET (pos: 2.0000 <= neg: 2.3333)
[EMBED] Image embedding: shape=(1, 512)
[COVERALL] Pos_score: 2.3333, Neg_score: 2.3333
  Γ£ù NO COVERALL (pos: 2.3333 <= neg: 2.3333)
  ΓööΓöÇ Person 5/6
[EMBED] Image embedding: shape=(1, 512)
[HELMET] Pos_score: 3.3333, Neg_score: 3.6667
  Γ£ù NO HELMET (pos: 3.3333 <= neg: 3.6667)
[EMBED] Image embedding: shape=(1, 512)
[COVERALL] Pos_score: 5.0000, Neg_score: 4.0000
  Γ£ô COVERALL DETECTED (pos: 5.0000 > neg: 4.0000)
  ΓööΓöÇ Person 6/6
[EMBED] Image embedding: shape=(1, 512)
[HELMET] Pos_score: 3.0000, Neg_score: 3.3333
  Γ£ù NO HELMET (pos: 3.0000 <= neg: 3.3333)
[EMBED] Image embedding: shape=(1, 512)
[COVERALL] Pos_score: 2.6667, Neg_score: 2.6667
  Γ£ù NO COVERALL (pos: 2.6667 <= neg: 2.6667)
  Γ£à Saved: frame_062434_jpg.rf.c58b66dc2d7f083b74b7d12b67364aef.jpg

[PROCESS] 218. frame_062435_jpg.rf.7ab2f8958cea5e25b83dae1a06c18023.jpg

0: 384x640 7 persons, 1 train, 194.1ms
Speed: 1.4ms preprocess, 194.1ms inference, 1.1ms postprocess per image at shape (1, 3, 384, 640)
[YOLO] Detected 5 persons
  ΓööΓöÇ Person 1/5
[EMBED] Image embedding: shape=(1, 512)
[HELMET] Pos_score: 2.6667, Neg_score: 3.6667
  Γ£ù NO HELMET (pos: 2.6667 <= neg: 3.6667)
[EMBED] Image embedding: shape=(1, 512)
[COVERALL] Pos_score: 3.6667, Neg_score: 3.0000
  Γ£ô COVERALL DETECTED (pos: 3.6667 > neg: 3.0000)
  ΓööΓöÇ Person 2/5
[EMBED] Image embedding: shape=(1, 512)
[HELMET] Pos_score: 3.3333, Neg_score: 2.3333
  Γ£ô HELMET DETECTED (pos: 3.3333 > neg: 2.3333)
[EMBED] Image embedding: shape=(1, 512)
[COVERALL] Pos_score: 1.3333, Neg_score: 2.3333
  Γ£ù NO COVERALL (pos: 1.3333 <= neg: 2.3333)
  ΓööΓöÇ Person 3/5
[EMBED] Image embedding: shape=(1, 512)
[HELMET] Pos_score: 2.0000, Neg_score: 2.6667
  Γ£ù NO HELMET (pos: 2.0000 <= neg: 2.6667)
[EMBED] Image embedding: shape=(1, 512)
[COVERALL] Pos_score: 4.6667, Neg_score: 2.3333
  Γ£ô COVERALL DETECTED (pos: 4.6667 > neg: 2.3333)
  ΓööΓöÇ Person 4/5
[EMBED] Image embedding: shape=(1, 512)
[HELMET] Pos_score: 1.3333, Neg_score: 2.6667
  Γ£ù NO HELMET (pos: 1.3333 <= neg: 2.6667)
[EMBED] Image embedding: shape=(1, 512)
[COVERALL] Pos_score: 2.3333, Neg_score: 3.0000
  Γ£ù NO COVERALL (pos: 2.3333 <= neg: 3.0000)
  ΓööΓöÇ Person 5/5
[EMBED] Image embedding: shape=(1, 512)
[HELMET] Pos_score: 3.0000, Neg_score: 3.3333
  Γ£ù NO HELMET (pos: 3.0000 <= neg: 3.3333)
[EMBED] Image embedding: shape=(1, 512)
[COVERALL] Pos_score: 2.6667, Neg_score: 2.6667
  Γ£ù NO COVERALL (pos: 2.6667 <= neg: 2.6667)
  Γ£à Saved: frame_062435_jpg.rf.7ab2f8958cea5e25b83dae1a06c18023.jpg

[PROCESS] 219. frame_062436_jpg.rf.c34d8dff102a486bbb9fd259f6aa41be.jpg

0: 384x640 9 persons, 1 train, 193.5ms
Speed: 1.6ms preprocess, 193.5ms inference, 1.0ms postprocess per image at shape (1, 3, 384, 640)
[YOLO] Detected 5 persons
  ΓööΓöÇ Person 1/5
[EMBED] Image embedding: shape=(1, 512)
[HELMET] Pos_score: 2.6667, Neg_score: 3.6667
  Γ£ù NO HELMET (pos: 2.6667 <= neg: 3.6667)
[EMBED] Image embedding: shape=(1, 512)
[COVERALL] Pos_score: 3.3333, Neg_score: 3.0000
  Γ£ô COVERALL DETECTED (pos: 3.3333 > neg: 3.0000)
  ΓööΓöÇ Person 2/5
[EMBED] Image embedding: shape=(1, 512)
[HELMET] Pos_score: 3.3333, Neg_score: 2.3333
  Γ£ô HELMET DETECTED (pos: 3.3333 > neg: 2.3333)
[EMBED] Image embedding: shape=(1, 512)
[COVERALL] Pos_score: 1.3333, Neg_score: 2.3333
  Γ£ù NO COVERALL (pos: 1.3333 <= neg: 2.3333)
  ΓööΓöÇ Person 3/5
[EMBED] Image embedding: shape=(1, 512)
[HELMET] Pos_score: 2.6667, Neg_score: 3.6667
  Γ£ù NO HELMET (pos: 2.6667 <= neg: 3.6667)
[EMBED] Image embedding: shape=(1, 512)
[COVERALL] Pos_score: 3.6667, Neg_score: 2.3333
  Γ£ô COVERALL DETECTED (pos: 3.6667 > neg: 2.3333)
  ΓööΓöÇ Person 4/5
[EMBED] Image embedding: shape=(1, 512)
[HELMET] Pos_score: 1.3333, Neg_score: 2.6667
  Γ£ù NO HELMET (pos: 1.3333 <= neg: 2.6667)
[EMBED] Image embedding: shape=(1, 512)
[COVERALL] Pos_score: 3.0000, Neg_score: 4.0000
  Γ£ù NO COVERALL (pos: 3.0000 <= neg: 4.0000)
  ΓööΓöÇ Person 5/5
[EMBED] Image embedding: shape=(1, 512)
[HELMET] Pos_score: 3.0000, Neg_score: 3.3333
  Γ£ù NO HELMET (pos: 3.0000 <= neg: 3.3333)
[EMBED] Image embedding: shape=(1, 512)
[COVERALL] Pos_score: 2.6667, Neg_score: 2.6667
  Γ£ù NO COVERALL (pos: 2.6667 <= neg: 2.6667)
  Γ£à Saved: frame_062436_jpg.rf.c34d8dff102a486bbb9fd259f6aa41be.jpg

[PROCESS] 220. frame_062437_jpg.rf.051b32639464e2741c43c77fd07fffb8.jpg

0: 384x640 8 persons, 1 train, 203.3ms
Speed: 1.5ms preprocess, 203.3ms inference, 1.0ms postprocess per image at shape (1, 3, 384, 640)
[YOLO] Detected 6 persons
  ΓööΓöÇ Person 1/6
[EMBED] Image embedding: shape=(1, 512)
[HELMET] Pos_score: 2.6667, Neg_score: 2.3333
  Γ£ô HELMET DETECTED (pos: 2.6667 > neg: 2.3333)
[EMBED] Image embedding: shape=(1, 512)
[COVERALL] Pos_score: 3.3333, Neg_score: 3.0000
  Γ£ô COVERALL DETECTED (pos: 3.3333 > neg: 3.0000)
  ΓööΓöÇ Person 2/6
[EMBED] Image embedding: shape=(1, 512)
[HELMET] Pos_score: 3.3333, Neg_score: 2.3333
  Γ£ô HELMET DETECTED (pos: 3.3333 > neg: 2.3333)
[EMBED] Image embedding: shape=(1, 512)
[COVERALL] Pos_score: 1.3333, Neg_score: 2.3333
  Γ£ù NO COVERALL (pos: 1.3333 <= neg: 2.3333)
  ΓööΓöÇ Person 3/6
[EMBED] Image embedding: shape=(1, 512)
[HELMET] Pos_score: 2.6667, Neg_score: 3.6667
  Γ£ù NO HELMET (pos: 2.6667 <= neg: 3.6667)
[EMBED] Image embedding: shape=(1, 512)
[COVERALL] Pos_score: 3.0000, Neg_score: 2.3333
  Γ£ô COVERALL DETECTED (pos: 3.0000 > neg: 2.3333)
  ΓööΓöÇ Person 4/6
[EMBED] Image embedding: shape=(1, 512)
[HELMET] Pos_score: 2.6667, Neg_score: 3.0000
  Γ£ù NO HELMET (pos: 2.6667 <= neg: 3.0000)
[EMBED] Image embedding: shape=(1, 512)
[COVERALL] Pos_score: 3.0000, Neg_score: 2.3333
  Γ£ô COVERALL DETECTED (pos: 3.0000 > neg: 2.3333)
  ΓööΓöÇ Person 5/6
[EMBED] Image embedding: shape=(1, 512)
[HELMET] Pos_score: 1.3333, Neg_score: 2.0000
  Γ£ù NO HELMET (pos: 1.3333 <= neg: 2.0000)
[EMBED] Image embedding: shape=(1, 512)
[COVERALL] Pos_score: 2.0000, Neg_score: 3.0000
  Γ£ù NO COVERALL (pos: 2.0000 <= neg: 3.0000)
  ΓööΓöÇ Person 6/6
[EMBED] Image embedding: shape=(1, 512)
[HELMET] Pos_score: 3.0000, Neg_score: 3.3333
  Γ£ù NO HELMET (pos: 3.0000 <= neg: 3.3333)
[EMBED] Image embedding: shape=(1, 512)
[COVERALL] Pos_score: 2.6667, Neg_score: 2.6667
  Γ£ù NO COVERALL (pos: 2.6667 <= neg: 2.6667)
  Γ£à Saved: frame_062437_jpg.rf.051b32639464e2741c43c77fd07fffb8.jpg

[PROCESS] 221. frame_062438_jpg.rf.9532df0c92468bb59ae497789162417f.jpg

0: 384x640 7 persons, 1 train, 193.5ms
Speed: 1.4ms preprocess, 193.5ms inference, 1.0ms postprocess per image at shape (1, 3, 384, 640)
[YOLO] Detected 5 persons
  ΓööΓöÇ Person 1/5
[EMBED] Image embedding: shape=(1, 512)
[HELMET] Pos_score: 2.6667, Neg_score: 2.3333
  Γ£ô HELMET DETECTED (pos: 2.6667 > neg: 2.3333)
[EMBED] Image embedding: shape=(1, 512)
[COVERALL] Pos_score: 3.3333, Neg_score: 3.0000
  Γ£ô COVERALL DETECTED (pos: 3.3333 > neg: 3.0000)
  ΓööΓöÇ Person 2/5
[EMBED] Image embedding: shape=(1, 512)
[HELMET] Pos_score: 3.3333, Neg_score: 2.3333
  Γ£ô HELMET DETECTED (pos: 3.3333 > neg: 2.3333)
[EMBED] Image embedding: shape=(1, 512)
[COVERALL] Pos_score: 1.3333, Neg_score: 2.3333
  Γ£ù NO COVERALL (pos: 1.3333 <= neg: 2.3333)
  ΓööΓöÇ Person 3/5
[EMBED] Image embedding: shape=(1, 512)
[HELMET] Pos_score: 2.6667, Neg_score: 3.6667
  Γ£ù NO HELMET (pos: 2.6667 <= neg: 3.6667)
[EMBED] Image embedding: shape=(1, 512)
[COVERALL] Pos_score: 3.0000, Neg_score: 2.3333
  Γ£ô COVERALL DETECTED (pos: 3.0000 > neg: 2.3333)
  ΓööΓöÇ Person 4/5
[EMBED] Image embedding: shape=(1, 512)
[HELMET] Pos_score: 1.3333, Neg_score: 2.0000
  Γ£ù NO HELMET (pos: 1.3333 <= neg: 2.0000)
[EMBED] Image embedding: shape=(1, 512)
[COVERALL] Pos_score: 3.6667, Neg_score: 2.3333
  Γ£ô COVERALL DETECTED (pos: 3.6667 > neg: 2.3333)
  ΓööΓöÇ Person 5/5
[EMBED] Image embedding: shape=(1, 512)
[HELMET] Pos_score: 3.3333, Neg_score: 3.3333
  Γ£ù NO HELMET (pos: 3.3333 <= neg: 3.3333)
[EMBED] Image embedding: shape=(1, 512)
[COVERALL] Pos_score: 4.6667, Neg_score: 2.3333
  Γ£ô COVERALL DETECTED (pos: 4.6667 > neg: 2.3333)
  Γ£à Saved: frame_062438_jpg.rf.9532df0c92468bb59ae497789162417f.jpg

[PROCESS] 222. frame_062439_jpg.rf.325f4f997c664308ea96aa3b6f60a4d9.jpg

0: 384x640 8 persons, 2 trains, 199.9ms
Speed: 1.4ms preprocess, 199.9ms inference, 1.4ms postprocess per image at shape (1, 3, 384, 640)
[YOLO] Detected 5 persons
  ΓööΓöÇ Person 1/5
[EMBED] Image embedding: shape=(1, 512)
[HELMET] Pos_score: 2.6667, Neg_score: 3.6667
  Γ£ù NO HELMET (pos: 2.6667 <= neg: 3.6667)
[EMBED] Image embedding: shape=(1, 512)
[COVERALL] Pos_score: 3.6667, Neg_score: 3.0000
  Γ£ô COVERALL DETECTED (pos: 3.6667 > neg: 3.0000)
  ΓööΓöÇ Person 2/5
[EMBED] Image embedding: shape=(1, 512)
[HELMET] Pos_score: 3.3333, Neg_score: 2.3333
  Γ£ô HELMET DETECTED (pos: 3.3333 > neg: 2.3333)
[EMBED] Image embedding: shape=(1, 512)
[COVERALL] Pos_score: 1.3333, Neg_score: 2.3333
  Γ£ù NO COVERALL (pos: 1.3333 <= neg: 2.3333)
  ΓööΓöÇ Person 3/5
[EMBED] Image embedding: shape=(1, 512)
[HELMET] Pos_score: 1.3333, Neg_score: 2.0000
  Γ£ù NO HELMET (pos: 1.3333 <= neg: 2.0000)
[EMBED] Image embedding: shape=(1, 512)
[COVERALL] Pos_score: 3.6667, Neg_score: 4.0000
  Γ£ù NO COVERALL (pos: 3.6667 <= neg: 4.0000)
  ΓööΓöÇ Person 4/5
[EMBED] Image embedding: shape=(1, 512)
[HELMET] Pos_score: 2.0000, Neg_score: 2.6667
  Γ£ù NO HELMET (pos: 2.0000 <= neg: 2.6667)
[EMBED] Image embedding: shape=(1, 512)
[COVERALL] Pos_score: 3.0000, Neg_score: 2.3333
  Γ£ô COVERALL DETECTED (pos: 3.0000 > neg: 2.3333)
  ΓööΓöÇ Person 5/5
[EMBED] Image embedding: shape=(1, 512)
[HELMET] Pos_score: 3.3333, Neg_score: 3.3333
  Γ£ù NO HELMET (pos: 3.3333 <= neg: 3.3333)
[EMBED] Image embedding: shape=(1, 512)
[COVERALL] Pos_score: 3.0000, Neg_score: 2.3333
  Γ£ô COVERALL DETECTED (pos: 3.0000 > neg: 2.3333)
  Γ£à Saved: frame_062439_jpg.rf.325f4f997c664308ea96aa3b6f60a4d9.jpg

[PROCESS] 223. frame_062440_jpg.rf.a73c391651ba52e1a6dc88822ca1574d.jpg

0: 384x640 8 persons, 1 train, 201.6ms
Speed: 1.2ms preprocess, 201.6ms inference, 1.5ms postprocess per image at shape (1, 3, 384, 640)
[YOLO] Detected 5 persons
  ΓööΓöÇ Person 1/5
[EMBED] Image embedding: shape=(1, 512)
[HELMET] Pos_score: 2.6667, Neg_score: 3.6667
  Γ£ù NO HELMET (pos: 2.6667 <= neg: 3.6667)
[EMBED] Image embedding: shape=(1, 512)
[COVERALL] Pos_score: 3.6667, Neg_score: 3.0000
  Γ£ô COVERALL DETECTED (pos: 3.6667 > neg: 3.0000)
  ΓööΓöÇ Person 2/5
[EMBED] Image embedding: shape=(1, 512)
[HELMET] Pos_score: 3.3333, Neg_score: 2.6667
  Γ£ô HELMET DETECTED (pos: 3.3333 > neg: 2.6667)
[EMBED] Image embedding: shape=(1, 512)
[COVERALL] Pos_score: 2.6667, Neg_score: 2.3333
  Γ£ô COVERALL DETECTED (pos: 2.6667 > neg: 2.3333)
  ΓööΓöÇ Person 3/5
[EMBED] Image embedding: shape=(1, 512)
[HELMET] Pos_score: 1.3333, Neg_score: 3.0000
  Γ£ù NO HELMET (pos: 1.3333 <= neg: 3.0000)
[EMBED] Image embedding: shape=(1, 512)
[COVERALL] Pos_score: 4.3333, Neg_score: 4.0000
  Γ£ô COVERALL DETECTED (pos: 4.3333 > neg: 4.0000)
  ΓööΓöÇ Person 4/5
[EMBED] Image embedding: shape=(1, 512)
[HELMET] Pos_score: 2.6667, Neg_score: 3.6667
  Γ£ù NO HELMET (pos: 2.6667 <= neg: 3.6667)
[EMBED] Image embedding: shape=(1, 512)
[COVERALL] Pos_score: 3.6667, Neg_score: 2.3333
  Γ£ô COVERALL DETECTED (pos: 3.6667 > neg: 2.3333)
  ΓööΓöÇ Person 5/5
[EMBED] Image embedding: shape=(1, 512)
[HELMET] Pos_score: 3.0000, Neg_score: 3.3333
  Γ£ù NO HELMET (pos: 3.0000 <= neg: 3.3333)
[EMBED] Image embedding: shape=(1, 512)
[COVERALL] Pos_score: 3.0000, Neg_score: 3.0000
  Γ£ù NO COVERALL (pos: 3.0000 <= neg: 3.0000)
  Γ£à Saved: frame_062440_jpg.rf.a73c391651ba52e1a6dc88822ca1574d.jpg

[PROCESS] 224. frame_062441_jpg.rf.7c6b17ab9d393e17f8853a10d0a997df.jpg

0: 384x640 7 persons, 1 train, 196.7ms
Speed: 1.4ms preprocess, 196.7ms inference, 1.3ms postprocess per image at shape (1, 3, 384, 640)
[YOLO] Detected 5 persons
  ΓööΓöÇ Person 1/5
[EMBED] Image embedding: shape=(1, 512)
[HELMET] Pos_score: 2.6667, Neg_score: 3.6667
  Γ£ù NO HELMET (pos: 2.6667 <= neg: 3.6667)
[EMBED] Image embedding: shape=(1, 512)
[COVERALL] Pos_score: 3.6667, Neg_score: 3.0000
  Γ£ô COVERALL DETECTED (pos: 3.6667 > neg: 3.0000)
  ΓööΓöÇ Person 2/5
[EMBED] Image embedding: shape=(1, 512)
[HELMET] Pos_score: 3.3333, Neg_score: 2.6667
  Γ£ô HELMET DETECTED (pos: 3.3333 > neg: 2.6667)
[EMBED] Image embedding: shape=(1, 512)
[COVERALL] Pos_score: 2.6667, Neg_score: 2.3333
  Γ£ô COVERALL DETECTED (pos: 2.6667 > neg: 2.3333)
  ΓööΓöÇ Person 3/5
[EMBED] Image embedding: shape=(1, 512)
[HELMET] Pos_score: 1.3333, Neg_score: 3.6667
  Γ£ù NO HELMET (pos: 1.3333 <= neg: 3.6667)
[EMBED] Image embedding: shape=(1, 512)
[COVERALL] Pos_score: 4.0000, Neg_score: 4.0000
  Γ£ù NO COVERALL (pos: 4.0000 <= neg: 4.0000)
  ΓööΓöÇ Person 4/5
[EMBED] Image embedding: shape=(1, 512)
[HELMET] Pos_score: 2.0000, Neg_score: 3.3333
  Γ£ù NO HELMET (pos: 2.0000 <= neg: 3.3333)
[EMBED] Image embedding: shape=(1, 512)
[COVERALL] Pos_score: 4.0000, Neg_score: 4.0000
  Γ£ù NO COVERALL (pos: 4.0000 <= neg: 4.0000)
  ΓööΓöÇ Person 5/5
[EMBED] Image embedding: shape=(1, 512)
[HELMET] Pos_score: 3.3333, Neg_score: 3.3333
  Γ£ù NO HELMET (pos: 3.3333 <= neg: 3.3333)
[EMBED] Image embedding: shape=(1, 512)
[COVERALL] Pos_score: 3.6667, Neg_score: 2.3333
  Γ£ô COVERALL DETECTED (pos: 3.6667 > neg: 2.3333)
  Γ£à Saved: frame_062441_jpg.rf.7c6b17ab9d393e17f8853a10d0a997df.jpg

[PROCESS] 225. frame_062442_jpg.rf.bb90f4235cee8f376d19721d4e73b027.jpg

0: 384x640 7 persons, 1 train, 199.2ms
Speed: 1.4ms preprocess, 199.2ms inference, 1.2ms postprocess per image at shape (1, 3, 384, 640)
[YOLO] Detected 6 persons
  ΓööΓöÇ Person 1/6
[EMBED] Image embedding: shape=(1, 512)
[HELMET] Pos_score: 2.6667, Neg_score: 3.6667
  Γ£ù NO HELMET (pos: 2.6667 <= neg: 3.6667)
[EMBED] Image embedding: shape=(1, 512)
[COVERALL] Pos_score: 3.6667, Neg_score: 3.0000
  Γ£ô COVERALL DETECTED (pos: 3.6667 > neg: 3.0000)
  ΓööΓöÇ Person 2/6
[EMBED] Image embedding: shape=(1, 512)
[HELMET] Pos_score: 3.3333, Neg_score: 2.6667
  Γ£ô HELMET DETECTED (pos: 3.3333 > neg: 2.6667)
[EMBED] Image embedding: shape=(1, 512)
[COVERALL] Pos_score: 2.6667, Neg_score: 2.3333
  Γ£ô COVERALL DETECTED (pos: 2.6667 > neg: 2.3333)
  ΓööΓöÇ Person 3/6
[EMBED] Image embedding: shape=(1, 512)
[HELMET] Pos_score: 2.0000, Neg_score: 3.6667
  Γ£ù NO HELMET (pos: 2.0000 <= neg: 3.6667)
[EMBED] Image embedding: shape=(1, 512)
[COVERALL] Pos_score: 2.6667, Neg_score: 4.0000
  Γ£ù NO COVERALL (pos: 2.6667 <= neg: 4.0000)
  ΓööΓöÇ Person 4/6
[EMBED] Image embedding: shape=(1, 512)
[HELMET] Pos_score: 2.0000, Neg_score: 3.6667
  Γ£ù NO HELMET (pos: 2.0000 <= neg: 3.6667)
[EMBED] Image embedding: shape=(1, 512)
[COVERALL] Pos_score: 3.0000, Neg_score: 2.3333
  Γ£ô COVERALL DETECTED (pos: 3.0000 > neg: 2.3333)
  ΓööΓöÇ Person 5/6
[EMBED] Image embedding: shape=(1, 512)
[HELMET] Pos_score: 3.3333, Neg_score: 3.3333
  Γ£ù NO HELMET (pos: 3.3333 <= neg: 3.3333)
[EMBED] Image embedding: shape=(1, 512)
[COVERALL] Pos_score: 3.6667, Neg_score: 2.6667
  Γ£ô COVERALL DETECTED (pos: 3.6667 > neg: 2.6667)
  ΓööΓöÇ Person 6/6
[EMBED] Image embedding: shape=(1, 512)
[HELMET] Pos_score: 2.6667, Neg_score: 3.3333
  Γ£ù NO HELMET (pos: 2.6667 <= neg: 3.3333)
[EMBED] Image embedding: shape=(1, 512)
[COVERALL] Pos_score: 5.3333, Neg_score: 4.0000
  Γ£ô COVERALL DETECTED (pos: 5.3333 > neg: 4.0000)
  Γ£à Saved: frame_062442_jpg.rf.bb90f4235cee8f376d19721d4e73b027.jpg

[PROCESS] 226. frame_062443_jpg.rf.04e8d8defc140e96d5397cd33d1b04d2.jpg

0: 384x640 7 persons, 1 train, 190.0ms
Speed: 1.4ms preprocess, 190.0ms inference, 1.1ms postprocess per image at shape (1, 3, 384, 640)
[YOLO] Detected 5 persons
  ΓööΓöÇ Person 1/5
[EMBED] Image embedding: shape=(1, 512)
[HELMET] Pos_score: 2.6667, Neg_score: 3.6667
  Γ£ù NO HELMET (pos: 2.6667 <= neg: 3.6667)
[EMBED] Image embedding: shape=(1, 512)
[COVERALL] Pos_score: 3.6667, Neg_score: 3.0000
  Γ£ô COVERALL DETECTED (pos: 3.6667 > neg: 3.0000)
  ΓööΓöÇ Person 2/5
[EMBED] Image embedding: shape=(1, 512)
[HELMET] Pos_score: 3.3333, Neg_score: 2.6667
  Γ£ô HELMET DETECTED (pos: 3.3333 > neg: 2.6667)
[EMBED] Image embedding: shape=(1, 512)
[COVERALL] Pos_score: 1.3333, Neg_score: 2.3333
  Γ£ù NO COVERALL (pos: 1.3333 <= neg: 2.3333)
  ΓööΓöÇ Person 3/5
[EMBED] Image embedding: shape=(1, 512)
[HELMET] Pos_score: 1.3333, Neg_score: 3.3333
  Γ£ù NO HELMET (pos: 1.3333 <= neg: 3.3333)
[EMBED] Image embedding: shape=(1, 512)
[COVERALL] Pos_score: 2.6667, Neg_score: 4.0000
  Γ£ù NO COVERALL (pos: 2.6667 <= neg: 4.0000)
  ΓööΓöÇ Person 4/5
[EMBED] Image embedding: shape=(1, 512)
[HELMET] Pos_score: 2.0000, Neg_score: 3.6667
  Γ£ù NO HELMET (pos: 2.0000 <= neg: 3.6667)
[EMBED] Image embedding: shape=(1, 512)
[COVERALL] Pos_score: 3.6667, Neg_score: 2.6667
  Γ£ô COVERALL DETECTED (pos: 3.6667 > neg: 2.6667)
  ΓööΓöÇ Person 5/5
[EMBED] Image embedding: shape=(1, 512)
[HELMET] Pos_score: 2.6667, Neg_score: 3.3333
  Γ£ù NO HELMET (pos: 2.6667 <= neg: 3.3333)
[EMBED] Image embedding: shape=(1, 512)
[COVERALL] Pos_score: 3.0000, Neg_score: 2.6667
  Γ£ô COVERALL DETECTED (pos: 3.0000 > neg: 2.6667)
  Γ£à Saved: frame_062443_jpg.rf.04e8d8defc140e96d5397cd33d1b04d2.jpg

[PROCESS] 227. frame_062444_jpg.rf.33dce978b210f2648183a7078ed519bf.jpg

0: 384x640 7 persons, 1 train, 193.8ms
Speed: 1.2ms preprocess, 193.8ms inference, 1.3ms postprocess per image at shape (1, 3, 384, 640)
[YOLO] Detected 6 persons
  ΓööΓöÇ Person 1/6
[EMBED] Image embedding: shape=(1, 512)
[HELMET] Pos_score: 2.6667, Neg_score: 3.3333
  Γ£ù NO HELMET (pos: 2.6667 <= neg: 3.3333)
[EMBED] Image embedding: shape=(1, 512)
[COVERALL] Pos_score: 3.6667, Neg_score: 3.0000
  Γ£ô COVERALL DETECTED (pos: 3.6667 > neg: 3.0000)
  ΓööΓöÇ Person 2/6
[EMBED] Image embedding: shape=(1, 512)
[HELMET] Pos_score: 3.3333, Neg_score: 2.6667
  Γ£ô HELMET DETECTED (pos: 3.3333 > neg: 2.6667)
[EMBED] Image embedding: shape=(1, 512)
[COVERALL] Pos_score: 1.3333, Neg_score: 2.3333
  Γ£ù NO COVERALL (pos: 1.3333 <= neg: 2.3333)
  ΓööΓöÇ Person 3/6
[EMBED] Image embedding: shape=(1, 512)
[HELMET] Pos_score: 1.0000, Neg_score: 3.6667
  Γ£ù NO HELMET (pos: 1.0000 <= neg: 3.6667)
[EMBED] Image embedding: shape=(1, 512)
[COVERALL] Pos_score: 3.6667, Neg_score: 4.0000
  Γ£ù NO COVERALL (pos: 3.6667 <= neg: 4.0000)
  ΓööΓöÇ Person 4/6
[EMBED] Image embedding: shape=(1, 512)
[HELMET] Pos_score: 2.0000, Neg_score: 3.6667
  Γ£ù NO HELMET (pos: 2.0000 <= neg: 3.6667)
[EMBED] Image embedding: shape=(1, 512)
[COVERALL] Pos_score: 3.6667, Neg_score: 3.0000
  Γ£ô COVERALL DETECTED (pos: 3.6667 > neg: 3.0000)
  ΓööΓöÇ Person 5/6
[EMBED] Image embedding: shape=(1, 512)
[HELMET] Pos_score: 2.6667, Neg_score: 3.3333
  Γ£ù NO HELMET (pos: 2.6667 <= neg: 3.3333)
[EMBED] Image embedding: shape=(1, 512)
[COVERALL] Pos_score: 5.0000, Neg_score: 4.0000
  Γ£ô COVERALL DETECTED (pos: 5.0000 > neg: 4.0000)
  ΓööΓöÇ Person 6/6
[EMBED] Image embedding: shape=(1, 512)
[HELMET] Pos_score: 2.3333, Neg_score: 3.3333
  Γ£ù NO HELMET (pos: 2.3333 <= neg: 3.3333)
[EMBED] Image embedding: shape=(1, 512)
[COVERALL] Pos_score: 3.0000, Neg_score: 2.3333
  Γ£ô COVERALL DETECTED (pos: 3.0000 > neg: 2.3333)
  Γ£à Saved: frame_062444_jpg.rf.33dce978b210f2648183a7078ed519bf.jpg

[PROCESS] 228. frame_062445_jpg.rf.052e2ed0b55f7d2f768f6ded4d44edb8.jpg

0: 384x640 8 persons, 1 train, 191.6ms
Speed: 1.3ms preprocess, 191.6ms inference, 1.1ms postprocess per image at shape (1, 3, 384, 640)
[YOLO] Detected 5 persons
  ΓööΓöÇ Person 1/5
[EMBED] Image embedding: shape=(1, 512)
[HELMET] Pos_score: 2.6667, Neg_score: 3.6667
  Γ£ù NO HELMET (pos: 2.6667 <= neg: 3.6667)
[EMBED] Image embedding: shape=(1, 512)
[COVERALL] Pos_score: 3.6667, Neg_score: 3.0000
  Γ£ô COVERALL DETECTED (pos: 3.6667 > neg: 3.0000)
  ΓööΓöÇ Person 2/5
[EMBED] Image embedding: shape=(1, 512)
[HELMET] Pos_score: 3.3333, Neg_score: 2.6667
  Γ£ô HELMET DETECTED (pos: 3.3333 > neg: 2.6667)
[EMBED] Image embedding: shape=(1, 512)
[COVERALL] Pos_score: 1.3333, Neg_score: 2.3333
  Γ£ù NO COVERALL (pos: 1.3333 <= neg: 2.3333)
  ΓööΓöÇ Person 3/5
[EMBED] Image embedding: shape=(1, 512)
[HELMET] Pos_score: 1.3333, Neg_score: 3.3333
  Γ£ù NO HELMET (pos: 1.3333 <= neg: 3.3333)
[EMBED] Image embedding: shape=(1, 512)
[COVERALL] Pos_score: 2.6667, Neg_score: 2.3333
  Γ£ô COVERALL DETECTED (pos: 2.6667 > neg: 2.3333)
  ΓööΓöÇ Person 4/5
[EMBED] Image embedding: shape=(1, 512)
[HELMET] Pos_score: 2.0000, Neg_score: 3.6667
  Γ£ù NO HELMET (pos: 2.0000 <= neg: 3.6667)
[EMBED] Image embedding: shape=(1, 512)
[COVERALL] Pos_score: 5.0000, Neg_score: 2.3333
  Γ£ô COVERALL DETECTED (pos: 5.0000 > neg: 2.3333)
  ΓööΓöÇ Person 5/5
[EMBED] Image embedding: shape=(1, 512)
[HELMET] Pos_score: 3.0000, Neg_score: 3.3333
  Γ£ù NO HELMET (pos: 3.0000 <= neg: 3.3333)
[EMBED] Image embedding: shape=(1, 512)
[COVERALL] Pos_score: 3.0000, Neg_score: 2.3333
  Γ£ô COVERALL DETECTED (pos: 3.0000 > neg: 2.3333)
  Γ£à Saved: frame_062445_jpg.rf.052e2ed0b55f7d2f768f6ded4d44edb8.jpg

[PROCESS] 229. frame_062446_jpg.rf.0205f4534c83d6e51974a29a8bc3a333.jpg

0: 384x640 7 persons, 1 train, 200.9ms
Speed: 1.4ms preprocess, 200.9ms inference, 1.3ms postprocess per image at shape (1, 3, 384, 640)
[YOLO] Detected 4 persons
  ΓööΓöÇ Person 1/4
[EMBED] Image embedding: shape=(1, 512)
[HELMET] Pos_score: 2.6667, Neg_score: 3.3333
  Γ£ù NO HELMET (pos: 2.6667 <= neg: 3.3333)
[EMBED] Image embedding: shape=(1, 512)
[COVERALL] Pos_score: 3.6667, Neg_score: 2.6667
  Γ£ô COVERALL DETECTED (pos: 3.6667 > neg: 2.6667)
  ΓööΓöÇ Person 2/4
[EMBED] Image embedding: shape=(1, 512)
[HELMET] Pos_score: 3.3333, Neg_score: 2.3333
  Γ£ô HELMET DETECTED (pos: 3.3333 > neg: 2.3333)
[EMBED] Image embedding: shape=(1, 512)
[COVERALL] Pos_score: 1.3333, Neg_score: 2.3333
  Γ£ù NO COVERALL (pos: 1.3333 <= neg: 2.3333)
  ΓööΓöÇ Person 3/4
[EMBED] Image embedding: shape=(1, 512)
[HELMET] Pos_score: 1.0000, Neg_score: 3.3333
  Γ£ù NO HELMET (pos: 1.0000 <= neg: 3.3333)
[EMBED] Image embedding: shape=(1, 512)
[COVERALL] Pos_score: 3.0000, Neg_score: 4.0000
  Γ£ù NO COVERALL (pos: 3.0000 <= neg: 4.0000)
  ΓööΓöÇ Person 4/4
[EMBED] Image embedding: shape=(1, 512)
[HELMET] Pos_score: 2.0000, Neg_score: 3.3333
  Γ£ù NO HELMET (pos: 2.0000 <= neg: 3.3333)
[EMBED] Image embedding: shape=(1, 512)
[COVERALL] Pos_score: 3.0000, Neg_score: 2.3333
  Γ£ô COVERALL DETECTED (pos: 3.0000 > neg: 2.3333)
  Γ£à Saved: frame_062446_jpg.rf.0205f4534c83d6e51974a29a8bc3a333.jpg

[PROCESS] 230. frame_062447_jpg.rf.6994b04f4ff609d0eda89c14b41276b3.jpg

0: 384x640 8 persons, 1 train, 195.1ms
Speed: 1.3ms preprocess, 195.1ms inference, 1.0ms postprocess per image at shape (1, 3, 384, 640)
[YOLO] Detected 4 persons
  ΓööΓöÇ Person 1/4
[EMBED] Image embedding: shape=(1, 512)
[HELMET] Pos_score: 2.6667, Neg_score: 3.6667
  Γ£ù NO HELMET (pos: 2.6667 <= neg: 3.6667)
[EMBED] Image embedding: shape=(1, 512)
[COVERALL] Pos_score: 3.6667, Neg_score: 3.0000
  Γ£ô COVERALL DETECTED (pos: 3.6667 > neg: 3.0000)
  ΓööΓöÇ Person 2/4
[EMBED] Image embedding: shape=(1, 512)
[HELMET] Pos_score: 3.3333, Neg_score: 2.6667
  Γ£ô HELMET DETECTED (pos: 3.3333 > neg: 2.6667)
[EMBED] Image embedding: shape=(1, 512)
[COVERALL] Pos_score: 1.3333, Neg_score: 2.3333
  Γ£ù NO COVERALL (pos: 1.3333 <= neg: 2.3333)
  ΓööΓöÇ Person 3/4
[EMBED] Image embedding: shape=(1, 512)
[HELMET] Pos_score: 2.6667, Neg_score: 3.6667
  Γ£ù NO HELMET (pos: 2.6667 <= neg: 3.6667)
[EMBED] Image embedding: shape=(1, 512)
[COVERALL] Pos_score: 2.0000, Neg_score: 4.0000
  Γ£ù NO COVERALL (pos: 2.0000 <= neg: 4.0000)
  ΓööΓöÇ Person 4/4
[EMBED] Image embedding: shape=(1, 512)
[HELMET] Pos_score: 2.6667, Neg_score: 2.3333
  Γ£ô HELMET DETECTED (pos: 2.6667 > neg: 2.3333)
[EMBED] Image embedding: shape=(1, 512)
[COVERALL] Pos_score: 3.0000, Neg_score: 1.6667
  Γ£ô COVERALL DETECTED (pos: 3.0000 > neg: 1.6667)
  Γ£à Saved: frame_062447_jpg.rf.6994b04f4ff609d0eda89c14b41276b3.jpg

[PROCESS] 231. frame_062448_jpg.rf.6e570b5fb905e1d811d849f70104c289.jpg

0: 384x640 7 persons, 1 train, 195.4ms
Speed: 1.6ms preprocess, 195.4ms inference, 1.4ms postprocess per image at shape (1, 3, 384, 640)
[YOLO] Detected 4 persons
  ΓööΓöÇ Person 1/4
[EMBED] Image embedding: shape=(1, 512)
[HELMET] Pos_score: 2.6667, Neg_score: 2.3333
  Γ£ô HELMET DETECTED (pos: 2.6667 > neg: 2.3333)
[EMBED] Image embedding: shape=(1, 512)
[COVERALL] Pos_score: 3.6667, Neg_score: 3.0000
  Γ£ô COVERALL DETECTED (pos: 3.6667 > neg: 3.0000)
  ΓööΓöÇ Person 2/4
[EMBED] Image embedding: shape=(1, 512)
[HELMET] Pos_score: 3.3333, Neg_score: 2.6667
  Γ£ô HELMET DETECTED (pos: 3.3333 > neg: 2.6667)
[EMBED] Image embedding: shape=(1, 512)
[COVERALL] Pos_score: 1.3333, Neg_score: 2.3333
  Γ£ù NO COVERALL (pos: 1.3333 <= neg: 2.3333)
  ΓööΓöÇ Person 3/4
[EMBED] Image embedding: shape=(1, 512)
[HELMET] Pos_score: 2.6667, Neg_score: 2.3333
  Γ£ô HELMET DETECTED (pos: 2.6667 > neg: 2.3333)
[EMBED] Image embedding: shape=(1, 512)
[COVERALL] Pos_score: 3.0000, Neg_score: 2.3333
  Γ£ô COVERALL DETECTED (pos: 3.0000 > neg: 2.3333)
  ΓööΓöÇ Person 4/4
[EMBED] Image embedding: shape=(1, 512)
[HELMET] Pos_score: 2.0000, Neg_score: 3.6667
  Γ£ù NO HELMET (pos: 2.0000 <= neg: 3.6667)
[EMBED] Image embedding: shape=(1, 512)
[COVERALL] Pos_score: 3.0000, Neg_score: 4.0000
  Γ£ù NO COVERALL (pos: 3.0000 <= neg: 4.0000)
  Γ£à Saved: frame_062448_jpg.rf.6e570b5fb905e1d811d849f70104c289.jpg

[PROCESS] 232. frame_062449_jpg.rf.bcb9cf8712f2f4cb2cbeeb882258bc29.jpg

0: 384x640 7 persons, 3 trains, 196.1ms
Speed: 1.3ms preprocess, 196.1ms inference, 1.2ms postprocess per image at shape (1, 3, 384, 640)
[YOLO] Detected 4 persons
  ΓööΓöÇ Person 1/4
[EMBED] Image embedding: shape=(1, 512)
[HELMET] Pos_score: 2.6667, Neg_score: 3.6667
  Γ£ù NO HELMET (pos: 2.6667 <= neg: 3.6667)
[EMBED] Image embedding: shape=(1, 512)
[COVERALL] Pos_score: 3.6667, Neg_score: 3.0000
  Γ£ô COVERALL DETECTED (pos: 3.6667 > neg: 3.0000)
  ΓööΓöÇ Person 2/4
[EMBED] Image embedding: shape=(1, 512)
[HELMET] Pos_score: 2.0000, Neg_score: 3.3333
  Γ£ù NO HELMET (pos: 2.0000 <= neg: 3.3333)
[EMBED] Image embedding: shape=(1, 512)
[COVERALL] Pos_score: 2.3333, Neg_score: 3.0000
  Γ£ù NO COVERALL (pos: 2.3333 <= neg: 3.0000)
  ΓööΓöÇ Person 3/4
[EMBED] Image embedding: shape=(1, 512)
[HELMET] Pos_score: 2.6667, Neg_score: 2.3333
  Γ£ô HELMET DETECTED (pos: 2.6667 > neg: 2.3333)
[EMBED] Image embedding: shape=(1, 512)
[COVERALL] Pos_score: 3.0000, Neg_score: 2.3333
  Γ£ô COVERALL DETECTED (pos: 3.0000 > neg: 2.3333)
  ΓööΓöÇ Person 4/4
[EMBED] Image embedding: shape=(1, 512)
[HELMET] Pos_score: 2.6667, Neg_score: 2.3333
  Γ£ô HELMET DETECTED (pos: 2.6667 > neg: 2.3333)
[EMBED] Image embedding: shape=(1, 512)
[COVERALL] Pos_score: 3.0000, Neg_score: 2.3333
  Γ£ô COVERALL DETECTED (pos: 3.0000 > neg: 2.3333)
  Γ£à Saved: frame_062449_jpg.rf.bcb9cf8712f2f4cb2cbeeb882258bc29.jpg

[PROCESS] 233. frame_062450_jpg.rf.c61e97112400bf48429e27e78aabbbe6.jpg

0: 384x640 6 persons, 3 trains, 200.1ms
Speed: 1.4ms preprocess, 200.1ms inference, 1.2ms postprocess per image at shape (1, 3, 384, 640)
[YOLO] Detected 4 persons
  ΓööΓöÇ Person 1/4
[EMBED] Image embedding: shape=(1, 512)
[HELMET] Pos_score: 2.6667, Neg_score: 3.6667
  Γ£ù NO HELMET (pos: 2.6667 <= neg: 3.6667)
[EMBED] Image embedding: shape=(1, 512)
[COVERALL] Pos_score: 3.6667, Neg_score: 3.0000
  Γ£ô COVERALL DETECTED (pos: 3.6667 > neg: 3.0000)
  ΓööΓöÇ Person 2/4
[EMBED] Image embedding: shape=(1, 512)
[HELMET] Pos_score: 3.0000, Neg_score: 3.6667
  Γ£ù NO HELMET (pos: 3.0000 <= neg: 3.6667)
[EMBED] Image embedding: shape=(1, 512)
[COVERALL] Pos_score: 3.3333, Neg_score: 3.0000
  Γ£ô COVERALL DETECTED (pos: 3.3333 > neg: 3.0000)
  ΓööΓöÇ Person 3/4
[EMBED] Image embedding: shape=(1, 512)
[HELMET] Pos_score: 2.6667, Neg_score: 2.3333
  Γ£ô HELMET DETECTED (pos: 2.6667 > neg: 2.3333)
[EMBED] Image embedding: shape=(1, 512)
[COVERALL] Pos_score: 3.0000, Neg_score: 2.3333
  Γ£ô COVERALL DETECTED (pos: 3.0000 > neg: 2.3333)
  ΓööΓöÇ Person 4/4
[EMBED] Image embedding: shape=(1, 512)
[HELMET] Pos_score: 2.6667, Neg_score: 2.3333
  Γ£ô HELMET DETECTED (pos: 2.6667 > neg: 2.3333)
[EMBED] Image embedding: shape=(1, 512)
[COVERALL] Pos_score: 3.6667, Neg_score: 2.3333
  Γ£ô COVERALL DETECTED (pos: 3.6667 > neg: 2.3333)
  Γ£à Saved: frame_062450_jpg.rf.c61e97112400bf48429e27e78aabbbe6.jpg

[PROCESS] 234. frame_062451_jpg.rf.b836d1f42cadd7eaf8e04b4e7b14452d.jpg

0: 384x640 6 persons, 2 trains, 203.8ms
Speed: 1.2ms preprocess, 203.8ms inference, 1.2ms postprocess per image at shape (1, 3, 384, 640)
[YOLO] Detected 5 persons
  ΓööΓöÇ Person 1/5
[EMBED] Image embedding: shape=(1, 512)
[HELMET] Pos_score: 2.6667, Neg_score: 3.6667
  Γ£ù NO HELMET (pos: 2.6667 <= neg: 3.6667)
[EMBED] Image embedding: shape=(1, 512)
[COVERALL] Pos_score: 3.6667, Neg_score: 3.0000
  Γ£ô COVERALL DETECTED (pos: 3.6667 > neg: 3.0000)
  ΓööΓöÇ Person 2/5
[EMBED] Image embedding: shape=(1, 512)
[HELMET] Pos_score: 2.6667, Neg_score: 2.3333
  Γ£ô HELMET DETECTED (pos: 2.6667 > neg: 2.3333)
[EMBED] Image embedding: shape=(1, 512)
[COVERALL] Pos_score: 3.0000, Neg_score: 3.0000
  Γ£ù NO COVERALL (pos: 3.0000 <= neg: 3.0000)
  ΓööΓöÇ Person 3/5
[EMBED] Image embedding: shape=(1, 512)
[HELMET] Pos_score: 2.6667, Neg_score: 2.3333
  Γ£ô HELMET DETECTED (pos: 2.6667 > neg: 2.3333)
[EMBED] Image embedding: shape=(1, 512)
[COVERALL] Pos_score: 3.0000, Neg_score: 2.3333
  Γ£ô COVERALL DETECTED (pos: 3.0000 > neg: 2.3333)
  ΓööΓöÇ Person 4/5
[EMBED] Image embedding: shape=(1, 512)
[HELMET] Pos_score: 1.3333, Neg_score: 3.3333
  Γ£ù NO HELMET (pos: 1.3333 <= neg: 3.3333)
[EMBED] Image embedding: shape=(1, 512)
[COVERALL] Pos_score: 2.3333, Neg_score: 3.0000
  Γ£ù NO COVERALL (pos: 2.3333 <= neg: 3.0000)
  ΓööΓöÇ Person 5/5
[EMBED] Image embedding: shape=(1, 512)
[HELMET] Pos_score: 3.3333, Neg_score: 3.6667
  Γ£ù NO HELMET (pos: 3.3333 <= neg: 3.6667)
[EMBED] Image embedding: shape=(1, 512)
[COVERALL] Pos_score: 3.0000, Neg_score: 2.3333
  Γ£ô COVERALL DETECTED (pos: 3.0000 > neg: 2.3333)
  Γ£à Saved: frame_062451_jpg.rf.b836d1f42cadd7eaf8e04b4e7b14452d.jpg

[PROCESS] 235. frame_062608_jpg.rf.a932e3d9a45719a53c020e2efaaa3440.jpg

0: 384x640 5 persons, 1 train, 213.2ms
Speed: 6.5ms preprocess, 213.2ms inference, 1.4ms postprocess per image at shape (1, 3, 384, 640)
[YOLO] Detected 4 persons
  ΓööΓöÇ Person 1/4
[EMBED] Image embedding: shape=(1, 512)
[HELMET] Pos_score: 2.6667, Neg_score: 3.6667
  Γ£ù NO HELMET (pos: 2.6667 <= neg: 3.6667)
[EMBED] Image embedding: shape=(1, 512)
[COVERALL] Pos_score: 1.3333, Neg_score: 3.0000
  Γ£ù NO COVERALL (pos: 1.3333 <= neg: 3.0000)
  ΓööΓöÇ Person 2/4
[EMBED] Image embedding: shape=(1, 512)
[HELMET] Pos_score: 4.6667, Neg_score: 2.0000
  Γ£ô HELMET DETECTED (pos: 4.6667 > neg: 2.0000)
[EMBED] Image embedding: shape=(1, 512)
[COVERALL] Pos_score: 3.0000, Neg_score: 2.3333
  Γ£ô COVERALL DETECTED (pos: 3.0000 > neg: 2.3333)
  ΓööΓöÇ Person 3/4
[EMBED] Image embedding: shape=(1, 512)
[HELMET] Pos_score: 1.3333, Neg_score: 3.6667
  Γ£ù NO HELMET (pos: 1.3333 <= neg: 3.6667)
[EMBED] Image embedding: shape=(1, 512)
[COVERALL] Pos_score: 5.0000, Neg_score: 2.3333
  Γ£ô COVERALL DETECTED (pos: 5.0000 > neg: 2.3333)
  ΓööΓöÇ Person 4/4
[EMBED] Image embedding: shape=(1, 512)
[HELMET] Pos_score: 2.6667, Neg_score: 1.6667
  Γ£ô HELMET DETECTED (pos: 2.6667 > neg: 1.6667)
[EMBED] Image embedding: shape=(1, 512)
[COVERALL] Pos_score: 3.0000, Neg_score: 3.0000
  Γ£ù NO COVERALL (pos: 3.0000 <= neg: 3.0000)
  Γ£à Saved: frame_062608_jpg.rf.a932e3d9a45719a53c020e2efaaa3440.jpg

[PROCESS] 236. frame_062609_jpg.rf.a5e607162b7aeb11a15593f6836151a4.jpg

0: 384x640 5 persons, 1 train, 195.7ms
Speed: 1.2ms preprocess, 195.7ms inference, 1.3ms postprocess per image at shape (1, 3, 384, 640)
[YOLO] Detected 3 persons
  ΓööΓöÇ Person 1/3
[EMBED] Image embedding: shape=(1, 512)
[HELMET] Pos_score: 2.6667, Neg_score: 3.6667
  Γ£ù NO HELMET (pos: 2.6667 <= neg: 3.6667)
[EMBED] Image embedding: shape=(1, 512)
[COVERALL] Pos_score: 1.3333, Neg_score: 3.0000
  Γ£ù NO COVERALL (pos: 1.3333 <= neg: 3.0000)
  ΓööΓöÇ Person 2/3
[EMBED] Image embedding: shape=(1, 512)
[HELMET] Pos_score: 4.6667, Neg_score: 2.0000
  Γ£ô HELMET DETECTED (pos: 4.6667 > neg: 2.0000)
[EMBED] Image embedding: shape=(1, 512)
[COVERALL] Pos_score: 3.0000, Neg_score: 2.3333
  Γ£ô COVERALL DETECTED (pos: 3.0000 > neg: 2.3333)
  ΓööΓöÇ Person 3/3
[EMBED] Image embedding: shape=(1, 512)
[HELMET] Pos_score: 1.3333, Neg_score: 3.6667
  Γ£ù NO HELMET (pos: 1.3333 <= neg: 3.6667)
[EMBED] Image embedding: shape=(1, 512)
[COVERALL] Pos_score: 4.3333, Neg_score: 2.3333
  Γ£ô COVERALL DETECTED (pos: 4.3333 > neg: 2.3333)
  Γ£à Saved: frame_062609_jpg.rf.a5e607162b7aeb11a15593f6836151a4.jpg

[PROCESS] 237. frame_062610_jpg.rf.9bf148830024ae477634ee71a7563594.jpg

0: 384x640 5 persons, 1 train, 204.5ms
Speed: 1.4ms preprocess, 204.5ms inference, 1.2ms postprocess per image at shape (1, 3, 384, 640)
[YOLO] Detected 3 persons
  ΓööΓöÇ Person 1/3
[EMBED] Image embedding: shape=(1, 512)
[HELMET] Pos_score: 3.6667, Neg_score: 3.6667
  Γ£ù NO HELMET (pos: 3.6667 <= neg: 3.6667)
[EMBED] Image embedding: shape=(1, 512)
[COVERALL] Pos_score: 1.3333, Neg_score: 3.0000
  Γ£ù NO COVERALL (pos: 1.3333 <= neg: 3.0000)
  ΓööΓöÇ Person 2/3
[EMBED] Image embedding: shape=(1, 512)
[HELMET] Pos_score: 4.6667, Neg_score: 2.0000
  Γ£ô HELMET DETECTED (pos: 4.6667 > neg: 2.0000)
[EMBED] Image embedding: shape=(1, 512)
[COVERALL] Pos_score: 3.0000, Neg_score: 2.3333
  Γ£ô COVERALL DETECTED (pos: 3.0000 > neg: 2.3333)
  ΓööΓöÇ Person 3/3
[EMBED] Image embedding: shape=(1, 512)
[HELMET] Pos_score: 1.3333, Neg_score: 3.3333
  Γ£ù NO HELMET (pos: 1.3333 <= neg: 3.3333)
[EMBED] Image embedding: shape=(1, 512)
[COVERALL] Pos_score: 4.3333, Neg_score: 2.3333
  Γ£ô COVERALL DETECTED (pos: 4.3333 > neg: 2.3333)
  Γ£à Saved: frame_062610_jpg.rf.9bf148830024ae477634ee71a7563594.jpg

[PROCESS] 238. frame_062612_jpg.rf.fdab7e1f06a391420e0231dc187171df.jpg

0: 384x640 5 persons, 1 train, 204.5ms
Speed: 1.3ms preprocess, 204.5ms inference, 1.1ms postprocess per image at shape (1, 3, 384, 640)
[YOLO] Detected 3 persons
  ΓööΓöÇ Person 1/3
[EMBED] Image embedding: shape=(1, 512)
[HELMET] Pos_score: 3.6667, Neg_score: 2.6667
  Γ£ô HELMET DETECTED (pos: 3.6667 > neg: 2.6667)
[EMBED] Image embedding: shape=(1, 512)
[COVERALL] Pos_score: 1.3333, Neg_score: 3.0000
  Γ£ù NO COVERALL (pos: 1.3333 <= neg: 3.0000)
  ΓööΓöÇ Person 2/3
[EMBED] Image embedding: shape=(1, 512)
[HELMET] Pos_score: 3.0000, Neg_score: 3.3333
  Γ£ù NO HELMET (pos: 3.0000 <= neg: 3.3333)
[EMBED] Image embedding: shape=(1, 512)
[COVERALL] Pos_score: 3.0000, Neg_score: 2.3333
  Γ£ô COVERALL DETECTED (pos: 3.0000 > neg: 2.3333)
  ΓööΓöÇ Person 3/3
[EMBED] Image embedding: shape=(1, 512)
[HELMET] Pos_score: 1.3333, Neg_score: 3.6667
  Γ£ù NO HELMET (pos: 1.3333 <= neg: 3.6667)
[EMBED] Image embedding: shape=(1, 512)
[COVERALL] Pos_score: 3.6667, Neg_score: 2.3333
  Γ£ô COVERALL DETECTED (pos: 3.6667 > neg: 2.3333)
  Γ£à Saved: frame_062612_jpg.rf.fdab7e1f06a391420e0231dc187171df.jpg

[PROCESS] 239. frame_062613_jpg.rf.26f30a27d27c040cd69c7f80b734fdde.jpg

0: 384x640 5 persons, 1 train, 192.4ms
Speed: 1.2ms preprocess, 192.4ms inference, 1.6ms postprocess per image at shape (1, 3, 384, 640)
[YOLO] Detected 3 persons
  ΓööΓöÇ Person 1/3
[EMBED] Image embedding: shape=(1, 512)
[HELMET] Pos_score: 3.6667, Neg_score: 2.6667
  Γ£ô HELMET DETECTED (pos: 3.6667 > neg: 2.6667)
[EMBED] Image embedding: shape=(1, 512)
[COVERALL] Pos_score: 1.3333, Neg_score: 3.0000
  Γ£ù NO COVERALL (pos: 1.3333 <= neg: 3.0000)
  ΓööΓöÇ Person 2/3
[EMBED] Image embedding: shape=(1, 512)
[HELMET] Pos_score: 3.0000, Neg_score: 3.3333
  Γ£ù NO HELMET (pos: 3.0000 <= neg: 3.3333)
[EMBED] Image embedding: shape=(1, 512)
[COVERALL] Pos_score: 3.0000, Neg_score: 2.3333
  Γ£ô COVERALL DETECTED (pos: 3.0000 > neg: 2.3333)
  ΓööΓöÇ Person 3/3
[EMBED] Image embedding: shape=(1, 512)
[HELMET] Pos_score: 1.3333, Neg_score: 3.6667
  Γ£ù NO HELMET (pos: 1.3333 <= neg: 3.6667)
[EMBED] Image embedding: shape=(1, 512)
[COVERALL] Pos_score: 4.3333, Neg_score: 2.3333
  Γ£ô COVERALL DETECTED (pos: 4.3333 > neg: 2.3333)
  Γ£à Saved: frame_062613_jpg.rf.26f30a27d27c040cd69c7f80b734fdde.jpg

[PROCESS] 240. frame_062614_jpg.rf.58ed4fd14298fda1d9e19d6ddb185895.jpg

0: 384x640 5 persons, 1 train, 198.3ms
Speed: 1.2ms preprocess, 198.3ms inference, 1.2ms postprocess per image at shape (1, 3, 384, 640)
[YOLO] Detected 3 persons
  ΓööΓöÇ Person 1/3
[EMBED] Image embedding: shape=(1, 512)
[HELMET] Pos_score: 3.6667, Neg_score: 3.6667
  Γ£ù NO HELMET (pos: 3.6667 <= neg: 3.6667)
[EMBED] Image embedding: shape=(1, 512)
[COVERALL] Pos_score: 1.3333, Neg_score: 3.0000
  Γ£ù NO COVERALL (pos: 1.3333 <= neg: 3.0000)
  ΓööΓöÇ Person 2/3
[EMBED] Image embedding: shape=(1, 512)
[HELMET] Pos_score: 3.0000, Neg_score: 2.6667
  Γ£ô HELMET DETECTED (pos: 3.0000 > neg: 2.6667)
[EMBED] Image embedding: shape=(1, 512)
[COVERALL] Pos_score: 3.0000, Neg_score: 2.3333
  Γ£ô COVERALL DETECTED (pos: 3.0000 > neg: 2.3333)
  ΓööΓöÇ Person 3/3
[EMBED] Image embedding: shape=(1, 512)
[HELMET] Pos_score: 3.0000, Neg_score: 3.6667
  Γ£ù NO HELMET (pos: 3.0000 <= neg: 3.6667)
[EMBED] Image embedding: shape=(1, 512)
[COVERALL] Pos_score: 5.0000, Neg_score: 2.3333
  Γ£ô COVERALL DETECTED (pos: 5.0000 > neg: 2.3333)
  Γ£à Saved: frame_062614_jpg.rf.58ed4fd14298fda1d9e19d6ddb185895.jpg

[PROCESS] 241. frame_062615_jpg.rf.d2d07afcaaef6d68f445e8025ef85138.jpg

0: 384x640 5 persons, 1 train, 203.1ms
Speed: 1.2ms preprocess, 203.1ms inference, 1.2ms postprocess per image at shape (1, 3, 384, 640)
[YOLO] Detected 3 persons
  ΓööΓöÇ Person 1/3
[EMBED] Image embedding: shape=(1, 512)
[HELMET] Pos_score: 3.3333, Neg_score: 3.6667
  Γ£ù NO HELMET (pos: 3.3333 <= neg: 3.6667)
[EMBED] Image embedding: shape=(1, 512)
[COVERALL] Pos_score: 1.3333, Neg_score: 3.0000
  Γ£ù NO COVERALL (pos: 1.3333 <= neg: 3.0000)
  ΓööΓöÇ Person 2/3
[EMBED] Image embedding: shape=(1, 512)
[HELMET] Pos_score: 3.0000, Neg_score: 2.6667
  Γ£ô HELMET DETECTED (pos: 3.0000 > neg: 2.6667)
[EMBED] Image embedding: shape=(1, 512)
[COVERALL] Pos_score: 3.0000, Neg_score: 2.3333
  Γ£ô COVERALL DETECTED (pos: 3.0000 > neg: 2.3333)
  ΓööΓöÇ Person 3/3
[EMBED] Image embedding: shape=(1, 512)
[HELMET] Pos_score: 3.0000, Neg_score: 3.6667
  Γ£ù NO HELMET (pos: 3.0000 <= neg: 3.6667)
[EMBED] Image embedding: shape=(1, 512)
[COVERALL] Pos_score: 4.3333, Neg_score: 2.3333
  Γ£ô COVERALL DETECTED (pos: 4.3333 > neg: 2.3333)
  Γ£à Saved: frame_062615_jpg.rf.d2d07afcaaef6d68f445e8025ef85138.jpg

[PROCESS] 242. frame_062616_jpg.rf.9914df4c76991d0929dba099fa7024cd.jpg

0: 384x640 5 persons, 1 train, 202.6ms
Speed: 1.4ms preprocess, 202.6ms inference, 1.3ms postprocess per image at shape (1, 3, 384, 640)
[YOLO] Detected 3 persons
  ΓööΓöÇ Person 1/3
[EMBED] Image embedding: shape=(1, 512)
[HELMET] Pos_score: 3.3333, Neg_score: 3.6667
  Γ£ù NO HELMET (pos: 3.3333 <= neg: 3.6667)
[EMBED] Image embedding: shape=(1, 512)
[COVERALL] Pos_score: 1.3333, Neg_score: 3.0000
  Γ£ù NO COVERALL (pos: 1.3333 <= neg: 3.0000)
  ΓööΓöÇ Person 2/3
[EMBED] Image embedding: shape=(1, 512)
[HELMET] Pos_score: 1.6667, Neg_score: 3.3333
  Γ£ù NO HELMET (pos: 1.6667 <= neg: 3.3333)
[EMBED] Image embedding: shape=(1, 512)
[COVERALL] Pos_score: 3.0000, Neg_score: 2.3333
  Γ£ô COVERALL DETECTED (pos: 3.0000 > neg: 2.3333)
  ΓööΓöÇ Person 3/3
[EMBED] Image embedding: shape=(1, 512)
[HELMET] Pos_score: 3.0000, Neg_score: 3.6667
  Γ£ù NO HELMET (pos: 3.0000 <= neg: 3.6667)
[EMBED] Image embedding: shape=(1, 512)
[COVERALL] Pos_score: 4.3333, Neg_score: 2.3333
  Γ£ô COVERALL DETECTED (pos: 4.3333 > neg: 2.3333)
  Γ£à Saved: frame_062616_jpg.rf.9914df4c76991d0929dba099fa7024cd.jpg

[PROCESS] 243. frame_062617_jpg.rf.b58798ed6ad6d496ebd16591e553b7db.jpg

0: 384x640 5 persons, 1 train, 203.6ms
Speed: 1.1ms preprocess, 203.6ms inference, 1.1ms postprocess per image at shape (1, 3, 384, 640)
[YOLO] Detected 3 persons
  ΓööΓöÇ Person 1/3
[EMBED] Image embedding: shape=(1, 512)
[HELMET] Pos_score: 3.3333, Neg_score: 3.6667
  Γ£ù NO HELMET (pos: 3.3333 <= neg: 3.6667)
[EMBED] Image embedding: shape=(1, 512)
[COVERALL] Pos_score: 1.3333, Neg_score: 3.0000
  Γ£ù NO COVERALL (pos: 1.3333 <= neg: 3.0000)
  ΓööΓöÇ Person 2/3
[EMBED] Image embedding: shape=(1, 512)
[HELMET] Pos_score: 4.0000, Neg_score: 3.3333
  Γ£ô HELMET DETECTED (pos: 4.0000 > neg: 3.3333)
[EMBED] Image embedding: shape=(1, 512)
[COVERALL] Pos_score: 3.0000, Neg_score: 2.3333
  Γ£ô COVERALL DETECTED (pos: 3.0000 > neg: 2.3333)
  ΓööΓöÇ Person 3/3
[EMBED] Image embedding: shape=(1, 512)
[HELMET] Pos_score: 3.0000, Neg_score: 3.6667
  Γ£ù NO HELMET (pos: 3.0000 <= neg: 3.6667)
[EMBED] Image embedding: shape=(1, 512)
[COVERALL] Pos_score: 4.0000, Neg_score: 3.0000
  Γ£ô COVERALL DETECTED (pos: 4.0000 > neg: 3.0000)
  Γ£à Saved: frame_062617_jpg.rf.b58798ed6ad6d496ebd16591e553b7db.jpg

[PROCESS] 244. frame_062618_jpg.rf.3b9365d6c9a7d9ab6e3def7f0b882ef9.jpg

0: 384x640 5 persons, 1 train, 206.1ms
Speed: 1.6ms preprocess, 206.1ms inference, 1.2ms postprocess per image at shape (1, 3, 384, 640)
[YOLO] Detected 3 persons
  ΓööΓöÇ Person 1/3
[EMBED] Image embedding: shape=(1, 512)
[HELMET] Pos_score: 3.3333, Neg_score: 3.6667
  Γ£ù NO HELMET (pos: 3.3333 <= neg: 3.6667)
[EMBED] Image embedding: shape=(1, 512)
[COVERALL] Pos_score: 1.3333, Neg_score: 3.0000
  Γ£ù NO COVERALL (pos: 1.3333 <= neg: 3.0000)
  ΓööΓöÇ Person 2/3
[EMBED] Image embedding: shape=(1, 512)
[HELMET] Pos_score: 4.0000, Neg_score: 3.3333
  Γ£ô HELMET DETECTED (pos: 4.0000 > neg: 3.3333)
[EMBED] Image embedding: shape=(1, 512)
[COVERALL] Pos_score: 3.0000, Neg_score: 2.3333
  Γ£ô COVERALL DETECTED (pos: 3.0000 > neg: 2.3333)
  ΓööΓöÇ Person 3/3
[EMBED] Image embedding: shape=(1, 512)
[HELMET] Pos_score: 1.3333, Neg_score: 3.6667
  Γ£ù NO HELMET (pos: 1.3333 <= neg: 3.6667)
[EMBED] Image embedding: shape=(1, 512)
[COVERALL] Pos_score: 4.3333, Neg_score: 2.3333
  Γ£ô COVERALL DETECTED (pos: 4.3333 > neg: 2.3333)
  Γ£à Saved: frame_062618_jpg.rf.3b9365d6c9a7d9ab6e3def7f0b882ef9.jpg

[PROCESS] 245. frame_062619_jpg.rf.27da4b1b80eaa56af07b3a39c0ab4a0c.jpg

0: 384x640 5 persons, 1 train, 198.6ms
Speed: 1.4ms preprocess, 198.6ms inference, 1.0ms postprocess per image at shape (1, 3, 384, 640)
[YOLO] Detected 3 persons
  ΓööΓöÇ Person 1/3
[EMBED] Image embedding: shape=(1, 512)
[HELMET] Pos_score: 2.6667, Neg_score: 3.6667
  Γ£ù NO HELMET (pos: 2.6667 <= neg: 3.6667)
[EMBED] Image embedding: shape=(1, 512)
[COVERALL] Pos_score: 1.3333, Neg_score: 3.0000
  Γ£ù NO COVERALL (pos: 1.3333 <= neg: 3.0000)
  ΓööΓöÇ Person 2/3
[EMBED] Image embedding: shape=(1, 512)
[HELMET] Pos_score: 4.6667, Neg_score: 2.3333
  Γ£ô HELMET DETECTED (pos: 4.6667 > neg: 2.3333)
[EMBED] Image embedding: shape=(1, 512)
[COVERALL] Pos_score: 3.0000, Neg_score: 2.3333
  Γ£ô COVERALL DETECTED (pos: 3.0000 > neg: 2.3333)
  ΓööΓöÇ Person 3/3
[EMBED] Image embedding: shape=(1, 512)
[HELMET] Pos_score: 1.3333, Neg_score: 3.6667
  Γ£ù NO HELMET (pos: 1.3333 <= neg: 3.6667)
[EMBED] Image embedding: shape=(1, 512)
[COVERALL] Pos_score: 3.3333, Neg_score: 2.3333
  Γ£ô COVERALL DETECTED (pos: 3.3333 > neg: 2.3333)
  Γ£à Saved: frame_062619_jpg.rf.27da4b1b80eaa56af07b3a39c0ab4a0c.jpg

[PROCESS] 246. frame_062620_jpg.rf.765a6610a689548978680d5036078f0a.jpg

0: 384x640 5 persons, 1 train, 195.1ms
Speed: 1.2ms preprocess, 195.1ms inference, 1.3ms postprocess per image at shape (1, 3, 384, 640)
[YOLO] Detected 4 persons
  ΓööΓöÇ Person 1/4
[EMBED] Image embedding: shape=(1, 512)
[HELMET] Pos_score: 3.3333, Neg_score: 3.6667
  Γ£ù NO HELMET (pos: 3.3333 <= neg: 3.6667)
[EMBED] Image embedding: shape=(1, 512)
[COVERALL] Pos_score: 1.3333, Neg_score: 3.0000
  Γ£ù NO COVERALL (pos: 1.3333 <= neg: 3.0000)
  ΓööΓöÇ Person 2/4
[EMBED] Image embedding: shape=(1, 512)
[HELMET] Pos_score: 1.6667, Neg_score: 3.3333
  Γ£ù NO HELMET (pos: 1.6667 <= neg: 3.3333)
[EMBED] Image embedding: shape=(1, 512)
[COVERALL] Pos_score: 3.0000, Neg_score: 2.3333
  Γ£ô COVERALL DETECTED (pos: 3.0000 > neg: 2.3333)
  ΓööΓöÇ Person 3/4
[EMBED] Image embedding: shape=(1, 512)
[HELMET] Pos_score: 1.3333, Neg_score: 3.3333
  Γ£ù NO HELMET (pos: 1.3333 <= neg: 3.3333)
[EMBED] Image embedding: shape=(1, 512)
[COVERALL] Pos_score: 4.6667, Neg_score: 2.3333
  Γ£ô COVERALL DETECTED (pos: 4.6667 > neg: 2.3333)
  ΓööΓöÇ Person 4/4
[EMBED] Image embedding: shape=(1, 512)
[HELMET] Pos_score: 2.6667, Neg_score: 2.3333
  Γ£ô HELMET DETECTED (pos: 2.6667 > neg: 2.3333)
[EMBED] Image embedding: shape=(1, 512)
[COVERALL] Pos_score: 2.0000, Neg_score: 2.3333
  Γ£ù NO COVERALL (pos: 2.0000 <= neg: 2.3333)
  Γ£à Saved: frame_062620_jpg.rf.765a6610a689548978680d5036078f0a.jpg

[PROCESS] 247. frame_062621_jpg.rf.c2846ee3860a84649f0d356108aa385e.jpg

0: 384x640 5 persons, 1 train, 198.6ms
Speed: 1.2ms preprocess, 198.6ms inference, 1.1ms postprocess per image at shape (1, 3, 384, 640)
[YOLO] Detected 4 persons
  ΓööΓöÇ Person 1/4
[EMBED] Image embedding: shape=(1, 512)
[HELMET] Pos_score: 3.3333, Neg_score: 3.6667
  Γ£ù NO HELMET (pos: 3.3333 <= neg: 3.6667)
[EMBED] Image embedding: shape=(1, 512)
[COVERALL] Pos_score: 1.3333, Neg_score: 3.0000
  Γ£ù NO COVERALL (pos: 1.3333 <= neg: 3.0000)
  ΓööΓöÇ Person 2/4
[EMBED] Image embedding: shape=(1, 512)
[HELMET] Pos_score: 2.6667, Neg_score: 2.3333
  Γ£ô HELMET DETECTED (pos: 2.6667 > neg: 2.3333)
[EMBED] Image embedding: shape=(1, 512)
[COVERALL] Pos_score: 3.0000, Neg_score: 2.3333
  Γ£ô COVERALL DETECTED (pos: 3.0000 > neg: 2.3333)
  ΓööΓöÇ Person 3/4
[EMBED] Image embedding: shape=(1, 512)
[HELMET] Pos_score: 1.3333, Neg_score: 3.6667
  Γ£ù NO HELMET (pos: 1.3333 <= neg: 3.6667)
[EMBED] Image embedding: shape=(1, 512)
[COVERALL] Pos_score: 4.3333, Neg_score: 2.3333
  Γ£ô COVERALL DETECTED (pos: 4.3333 > neg: 2.3333)
  ΓööΓöÇ Person 4/4
[EMBED] Image embedding: shape=(1, 512)
[HELMET] Pos_score: 2.6667, Neg_score: 2.3333
  Γ£ô HELMET DETECTED (pos: 2.6667 > neg: 2.3333)
[EMBED] Image embedding: shape=(1, 512)
[COVERALL] Pos_score: 2.6667, Neg_score: 2.3333
  Γ£ô COVERALL DETECTED (pos: 2.6667 > neg: 2.3333)
  Γ£à Saved: frame_062621_jpg.rf.c2846ee3860a84649f0d356108aa385e.jpg

[PROCESS] 248. frame_062623_jpg.rf.ee7595a4a43a3e029081bf8a17f185d5.jpg

0: 384x640 5 persons, 1 train, 202.2ms
Speed: 1.9ms preprocess, 202.2ms inference, 1.1ms postprocess per image at shape (1, 3, 384, 640)
[YOLO] Detected 4 persons
  ΓööΓöÇ Person 1/4
[EMBED] Image embedding: shape=(1, 512)
[HELMET] Pos_score: 3.3333, Neg_score: 3.6667
  Γ£ù NO HELMET (pos: 3.3333 <= neg: 3.6667)
[EMBED] Image embedding: shape=(1, 512)
[COVERALL] Pos_score: 1.3333, Neg_score: 3.0000
  Γ£ù NO COVERALL (pos: 1.3333 <= neg: 3.0000)
  ΓööΓöÇ Person 2/4
[EMBED] Image embedding: shape=(1, 512)
[HELMET] Pos_score: 4.3333, Neg_score: 2.3333
  Γ£ô HELMET DETECTED (pos: 4.3333 > neg: 2.3333)
[EMBED] Image embedding: shape=(1, 512)
[COVERALL] Pos_score: 3.0000, Neg_score: 2.3333
  Γ£ô COVERALL DETECTED (pos: 3.0000 > neg: 2.3333)
  ΓööΓöÇ Person 3/4
[EMBED] Image embedding: shape=(1, 512)
[HELMET] Pos_score: 1.3333, Neg_score: 3.6667
  Γ£ù NO HELMET (pos: 1.3333 <= neg: 3.6667)
[EMBED] Image embedding: shape=(1, 512)
[COVERALL] Pos_score: 4.3333, Neg_score: 2.3333
  Γ£ô COVERALL DETECTED (pos: 4.3333 > neg: 2.3333)
  ΓööΓöÇ Person 4/4
[EMBED] Image embedding: shape=(1, 512)
[HELMET] Pos_score: 2.6667, Neg_score: 2.3333
  Γ£ô HELMET DETECTED (pos: 2.6667 > neg: 2.3333)
[EMBED] Image embedding: shape=(1, 512)
[COVERALL] Pos_score: 4.0000, Neg_score: 3.0000
  Γ£ô COVERALL DETECTED (pos: 4.0000 > neg: 3.0000)
  Γ£à Saved: frame_062623_jpg.rf.ee7595a4a43a3e029081bf8a17f185d5.jpg

[PROCESS] 249. frame_062624_jpg.rf.b00443a1fd846fad232d33c5cc00ad21.jpg

0: 384x640 5 persons, 1 train, 207.6ms
Speed: 1.2ms preprocess, 207.6ms inference, 1.3ms postprocess per image at shape (1, 3, 384, 640)
[YOLO] Detected 4 persons
  ΓööΓöÇ Person 1/4
[EMBED] Image embedding: shape=(1, 512)
[HELMET] Pos_score: 3.3333, Neg_score: 3.3333
  Γ£ù NO HELMET (pos: 3.3333 <= neg: 3.3333)
[EMBED] Image embedding: shape=(1, 512)
[COVERALL] Pos_score: 1.3333, Neg_score: 3.0000
  Γ£ù NO COVERALL (pos: 1.3333 <= neg: 3.0000)
  ΓööΓöÇ Person 2/4
[EMBED] Image embedding: shape=(1, 512)
[HELMET] Pos_score: 4.3333, Neg_score: 2.3333
  Γ£ô HELMET DETECTED (pos: 4.3333 > neg: 2.3333)
[EMBED] Image embedding: shape=(1, 512)
[COVERALL] Pos_score: 3.0000, Neg_score: 2.3333
  Γ£ô COVERALL DETECTED (pos: 3.0000 > neg: 2.3333)
  ΓööΓöÇ Person 3/4
[EMBED] Image embedding: shape=(1, 512)
[HELMET] Pos_score: 2.6667, Neg_score: 2.3333
  Γ£ô HELMET DETECTED (pos: 2.6667 > neg: 2.3333)
[EMBED] Image embedding: shape=(1, 512)
[COVERALL] Pos_score: 2.6667, Neg_score: 3.0000
  Γ£ù NO COVERALL (pos: 2.6667 <= neg: 3.0000)
  ΓööΓöÇ Person 4/4
[EMBED] Image embedding: shape=(1, 512)
[HELMET] Pos_score: 1.3333, Neg_score: 3.6667
  Γ£ù NO HELMET (pos: 1.3333 <= neg: 3.6667)
[EMBED] Image embedding: shape=(1, 512)
[COVERALL] Pos_score: 5.0000, Neg_score: 4.0000
  Γ£ô COVERALL DETECTED (pos: 5.0000 > neg: 4.0000)
  Γ£à Saved: frame_062624_jpg.rf.b00443a1fd846fad232d33c5cc00ad21.jpg

[PROCESS] 250. frame_062625_jpg.rf.226ec423806737831f7f9abdd1bc3d17.jpg

0: 384x640 5 persons, 1 train, 202.5ms
Speed: 1.4ms preprocess, 202.5ms inference, 1.3ms postprocess per image at shape (1, 3, 384, 640)
[YOLO] Detected 4 persons
  ΓööΓöÇ Person 1/4
[EMBED] Image embedding: shape=(1, 512)
[HELMET] Pos_score: 2.6667, Neg_score: 3.3333
  Γ£ù NO HELMET (pos: 2.6667 <= neg: 3.3333)
[EMBED] Image embedding: shape=(1, 512)
[COVERALL] Pos_score: 1.3333, Neg_score: 3.0000
  Γ£ù NO COVERALL (pos: 1.3333 <= neg: 3.0000)
  ΓööΓöÇ Person 2/4
[EMBED] Image embedding: shape=(1, 512)
[HELMET] Pos_score: 4.3333, Neg_score: 2.3333
  Γ£ô HELMET DETECTED (pos: 4.3333 > neg: 2.3333)
[EMBED] Image embedding: shape=(1, 512)
[COVERALL] Pos_score: 3.0000, Neg_score: 2.3333
  Γ£ô COVERALL DETECTED (pos: 3.0000 > neg: 2.3333)
  ΓööΓöÇ Person 3/4
[EMBED] Image embedding: shape=(1, 512)
[HELMET] Pos_score: 2.6667, Neg_score: 2.3333
  Γ£ô HELMET DETECTED (pos: 2.6667 > neg: 2.3333)
[EMBED] Image embedding: shape=(1, 512)
[COVERALL] Pos_score: 3.0000, Neg_score: 2.3333
  Γ£ô COVERALL DETECTED (pos: 3.0000 > neg: 2.3333)
  ΓööΓöÇ Person 4/4
[EMBED] Image embedding: shape=(1, 512)
[HELMET] Pos_score: 3.0000, Neg_score: 3.6667
  Γ£ù NO HELMET (pos: 3.0000 <= neg: 3.6667)
[EMBED] Image embedding: shape=(1, 512)
[COVERALL] Pos_score: 5.0000, Neg_score: 3.0000
  Γ£ô COVERALL DETECTED (pos: 5.0000 > neg: 3.0000)
  Γ£à Saved: frame_062625_jpg.rf.226ec423806737831f7f9abdd1bc3d17.jpg

[PROCESS] 251. frame_062626_jpg.rf.e1030e533d8c0b81447fb263327d6d76.jpg

0: 384x640 5 persons, 1 train, 221.0ms
Speed: 1.3ms preprocess, 221.0ms inference, 1.3ms postprocess per image at shape (1, 3, 384, 640)
[YOLO] Detected 3 persons
  ΓööΓöÇ Person 1/3
[EMBED] Image embedding: shape=(1, 512)
[HELMET] Pos_score: 2.6667, Neg_score: 2.3333
  Γ£ô HELMET DETECTED (pos: 2.6667 > neg: 2.3333)
[EMBED] Image embedding: shape=(1, 512)
[COVERALL] Pos_score: 1.3333, Neg_score: 3.0000
  Γ£ù NO COVERALL (pos: 1.3333 <= neg: 3.0000)
  ΓööΓöÇ Person 2/3
[EMBED] Image embedding: shape=(1, 512)
[HELMET] Pos_score: 3.3333, Neg_score: 2.3333
  Γ£ô HELMET DETECTED (pos: 3.3333 > neg: 2.3333)
[EMBED] Image embedding: shape=(1, 512)
[COVERALL] Pos_score: 3.0000, Neg_score: 2.3333
  Γ£ô COVERALL DETECTED (pos: 3.0000 > neg: 2.3333)
  ΓööΓöÇ Person 3/3
[EMBED] Image embedding: shape=(1, 512)
[HELMET] Pos_score: 2.6667, Neg_score: 3.6667
  Γ£ù NO HELMET (pos: 2.6667 <= neg: 3.6667)
[EMBED] Image embedding: shape=(1, 512)
[COVERALL] Pos_score: 5.0000, Neg_score: 3.0000
  Γ£ô COVERALL DETECTED (pos: 5.0000 > neg: 3.0000)
  Γ£à Saved: frame_062626_jpg.rf.e1030e533d8c0b81447fb263327d6d76.jpg

[PROCESS] 252. frame_062627_jpg.rf.c00b10b436bf5b6af35822e2a88c9b6a.jpg

0: 384x640 5 persons, 1 train, 211.3ms
Speed: 1.2ms preprocess, 211.3ms inference, 1.3ms postprocess per image at shape (1, 3, 384, 640)
[YOLO] Detected 3 persons
  ΓööΓöÇ Person 1/3
[EMBED] Image embedding: shape=(1, 512)
[HELMET] Pos_score: 2.6667, Neg_score: 3.6667
  Γ£ù NO HELMET (pos: 2.6667 <= neg: 3.6667)
[EMBED] Image embedding: shape=(1, 512)
[COVERALL] Pos_score: 1.3333, Neg_score: 3.0000
  Γ£ù NO COVERALL (pos: 1.3333 <= neg: 3.0000)
  ΓööΓöÇ Person 2/3
[EMBED] Image embedding: shape=(1, 512)
[HELMET] Pos_score: 3.3333, Neg_score: 2.3333
  Γ£ô HELMET DETECTED (pos: 3.3333 > neg: 2.3333)
[EMBED] Image embedding: shape=(1, 512)
[COVERALL] Pos_score: 3.0000, Neg_score: 2.3333
  Γ£ô COVERALL DETECTED (pos: 3.0000 > neg: 2.3333)
  ΓööΓöÇ Person 3/3
[EMBED] Image embedding: shape=(1, 512)
[HELMET] Pos_score: 2.6667, Neg_score: 3.6667
  Γ£ù NO HELMET (pos: 2.6667 <= neg: 3.6667)
[EMBED] Image embedding: shape=(1, 512)
[COVERALL] Pos_score: 4.3333, Neg_score: 2.3333
  Γ£ô COVERALL DETECTED (pos: 4.3333 > neg: 2.3333)
  Γ£à Saved: frame_062627_jpg.rf.c00b10b436bf5b6af35822e2a88c9b6a.jpg

[PROCESS] 253. frame_062628_jpg.rf.eb03b6365d4077f56efadbdd535837e0.jpg

0: 384x640 4 persons, 1 train, 203.4ms
Speed: 1.4ms preprocess, 203.4ms inference, 1.2ms postprocess per image at shape (1, 3, 384, 640)
[YOLO] Detected 3 persons
  ΓööΓöÇ Person 1/3
[EMBED] Image embedding: shape=(1, 512)
[HELMET] Pos_score: 2.6667, Neg_score: 2.3333
  Γ£ô HELMET DETECTED (pos: 2.6667 > neg: 2.3333)
[EMBED] Image embedding: shape=(1, 512)
[COVERALL] Pos_score: 1.3333, Neg_score: 3.0000
  Γ£ù NO COVERALL (pos: 1.3333 <= neg: 3.0000)
  ΓööΓöÇ Person 2/3
[EMBED] Image embedding: shape=(1, 512)
[HELMET] Pos_score: 2.6667, Neg_score: 3.0000
  Γ£ù NO HELMET (pos: 2.6667 <= neg: 3.0000)
[EMBED] Image embedding: shape=(1, 512)
[COVERALL] Pos_score: 3.0000, Neg_score: 2.3333
  Γ£ô COVERALL DETECTED (pos: 3.0000 > neg: 2.3333)
  ΓööΓöÇ Person 3/3
[EMBED] Image embedding: shape=(1, 512)
[HELMET] Pos_score: 3.0000, Neg_score: 3.6667
  Γ£ù NO HELMET (pos: 3.0000 <= neg: 3.6667)
[EMBED] Image embedding: shape=(1, 512)
[COVERALL] Pos_score: 4.3333, Neg_score: 2.6667
  Γ£ô COVERALL DETECTED (pos: 4.3333 > neg: 2.6667)
  Γ£à Saved: frame_062628_jpg.rf.eb03b6365d4077f56efadbdd535837e0.jpg

[PROCESS] 254. frame_062629_jpg.rf.e664bfe2a52c294ef672188a8dde6904.jpg

0: 384x640 5 persons, 1 train, 210.3ms
Speed: 1.1ms preprocess, 210.3ms inference, 1.2ms postprocess per image at shape (1, 3, 384, 640)
[YOLO] Detected 3 persons
  ΓööΓöÇ Person 1/3
[EMBED] Image embedding: shape=(1, 512)
[HELMET] Pos_score: 2.6667, Neg_score: 2.3333
  Γ£ô HELMET DETECTED (pos: 2.6667 > neg: 2.3333)
[EMBED] Image embedding: shape=(1, 512)
[COVERALL] Pos_score: 1.3333, Neg_score: 3.0000
  Γ£ù NO COVERALL (pos: 1.3333 <= neg: 3.0000)
  ΓööΓöÇ Person 2/3
[EMBED] Image embedding: shape=(1, 512)
[HELMET] Pos_score: 2.6667, Neg_score: 3.0000
  Γ£ù NO HELMET (pos: 2.6667 <= neg: 3.0000)
[EMBED] Image embedding: shape=(1, 512)
[COVERALL] Pos_score: 3.0000, Neg_score: 2.3333
  Γ£ô COVERALL DETECTED (pos: 3.0000 > neg: 2.3333)
  ΓööΓöÇ Person 3/3
[EMBED] Image embedding: shape=(1, 512)
[HELMET] Pos_score: 3.0000, Neg_score: 3.6667
  Γ£ù NO HELMET (pos: 3.0000 <= neg: 3.6667)
[EMBED] Image embedding: shape=(1, 512)
[COVERALL] Pos_score: 5.0000, Neg_score: 3.0000
  Γ£ô COVERALL DETECTED (pos: 5.0000 > neg: 3.0000)
  Γ£à Saved: frame_062629_jpg.rf.e664bfe2a52c294ef672188a8dde6904.jpg

[PROCESS] 255. frame_062630_jpg.rf.fc2d63985190353fc16f0c95d8d504e7.jpg

0: 384x640 5 persons, 1 train, 200.8ms
Speed: 1.1ms preprocess, 200.8ms inference, 1.2ms postprocess per image at shape (1, 3, 384, 640)
[YOLO] Detected 3 persons
  ΓööΓöÇ Person 1/3
[EMBED] Image embedding: shape=(1, 512)
[HELMET] Pos_score: 2.6667, Neg_score: 2.3333
  Γ£ô HELMET DETECTED (pos: 2.6667 > neg: 2.3333)
[EMBED] Image embedding: shape=(1, 512)
[COVERALL] Pos_score: 1.3333, Neg_score: 3.0000
  Γ£ù NO COVERALL (pos: 1.3333 <= neg: 3.0000)
  ΓööΓöÇ Person 2/3
[EMBED] Image embedding: shape=(1, 512)
[HELMET] Pos_score: 4.6667, Neg_score: 2.3333
  Γ£ô HELMET DETECTED (pos: 4.6667 > neg: 2.3333)
[EMBED] Image embedding: shape=(1, 512)
[COVERALL] Pos_score: 3.0000, Neg_score: 2.3333
  Γ£ô COVERALL DETECTED (pos: 3.0000 > neg: 2.3333)
  ΓööΓöÇ Person 3/3
[EMBED] Image embedding: shape=(1, 512)
[HELMET] Pos_score: 3.0000, Neg_score: 3.6667
  Γ£ù NO HELMET (pos: 3.0000 <= neg: 3.6667)
[EMBED] Image embedding: shape=(1, 512)
[COVERALL] Pos_score: 4.3333, Neg_score: 2.3333
  Γ£ô COVERALL DETECTED (pos: 4.3333 > neg: 2.3333)
  Γ£à Saved: frame_062630_jpg.rf.fc2d63985190353fc16f0c95d8d504e7.jpg

[PROCESS] 256. frame_062631_jpg.rf.4af46f7e3a8c50acfb43e772d5e60a4a.jpg

0: 384x640 5 persons, 1 train, 206.1ms
Speed: 1.3ms preprocess, 206.1ms inference, 1.2ms postprocess per image at shape (1, 3, 384, 640)
[YOLO] Detected 5 persons
  ΓööΓöÇ Person 1/5
[EMBED] Image embedding: shape=(1, 512)
[HELMET] Pos_score: 2.0000, Neg_score: 2.3333
  Γ£ù NO HELMET (pos: 2.0000 <= neg: 2.3333)
[EMBED] Image embedding: shape=(1, 512)
[COVERALL] Pos_score: 1.3333, Neg_score: 3.0000
  Γ£ù NO COVERALL (pos: 1.3333 <= neg: 3.0000)
  ΓööΓöÇ Person 2/5
[EMBED] Image embedding: shape=(1, 512)
[HELMET] Pos_score: 2.6667, Neg_score: 2.3333
  Γ£ô HELMET DETECTED (pos: 2.6667 > neg: 2.3333)
[EMBED] Image embedding: shape=(1, 512)
[COVERALL] Pos_score: 3.0000, Neg_score: 2.3333
  Γ£ô COVERALL DETECTED (pos: 3.0000 > neg: 2.3333)
  ΓööΓöÇ Person 3/5
[EMBED] Image embedding: shape=(1, 512)
[HELMET] Pos_score: 2.6667, Neg_score: 3.6667
  Γ£ù NO HELMET (pos: 2.6667 <= neg: 3.6667)
[EMBED] Image embedding: shape=(1, 512)
[COVERALL] Pos_score: 3.0000, Neg_score: 4.0000
  Γ£ù NO COVERALL (pos: 3.0000 <= neg: 4.0000)
  ΓööΓöÇ Person 4/5
[EMBED] Image embedding: shape=(1, 512)
[HELMET] Pos_score: 2.6667, Neg_score: 2.3333
  Γ£ô HELMET DETECTED (pos: 2.6667 > neg: 2.3333)
[EMBED] Image embedding: shape=(1, 512)
[COVERALL] Pos_score: 2.6667, Neg_score: 3.0000
  Γ£ù NO COVERALL (pos: 2.6667 <= neg: 3.0000)
  ΓööΓöÇ Person 5/5
[EMBED] Image embedding: shape=(1, 512)
[HELMET] Pos_score: 2.6667, Neg_score: 3.6667
  Γ£ù NO HELMET (pos: 2.6667 <= neg: 3.6667)
[EMBED] Image embedding: shape=(1, 512)
[COVERALL] Pos_score: 1.3333, Neg_score: 3.0000
  Γ£ù NO COVERALL (pos: 1.3333 <= neg: 3.0000)
  Γ£à Saved: frame_062631_jpg.rf.4af46f7e3a8c50acfb43e772d5e60a4a.jpg

[PROCESS] 257. frame_062632_jpg.rf.6d0fe2f447ea590de5b63a1dc8d1ce6b.jpg

0: 384x640 5 persons, 1 train, 207.8ms
Speed: 1.1ms preprocess, 207.8ms inference, 1.6ms postprocess per image at shape (1, 3, 384, 640)
[YOLO] Detected 5 persons
  ΓööΓöÇ Person 1/5
[EMBED] Image embedding: shape=(1, 512)
[HELMET] Pos_score: 3.0000, Neg_score: 3.6667
  Γ£ù NO HELMET (pos: 3.0000 <= neg: 3.6667)
[EMBED] Image embedding: shape=(1, 512)
[COVERALL] Pos_score: 1.3333, Neg_score: 2.3333
  Γ£ù NO COVERALL (pos: 1.3333 <= neg: 2.3333)
  ΓööΓöÇ Person 2/5
[EMBED] Image embedding: shape=(1, 512)
[HELMET] Pos_score: 2.6667, Neg_score: 2.3333
  Γ£ô HELMET DETECTED (pos: 2.6667 > neg: 2.3333)
[EMBED] Image embedding: shape=(1, 512)
[COVERALL] Pos_score: 3.0000, Neg_score: 2.3333
  Γ£ô COVERALL DETECTED (pos: 3.0000 > neg: 2.3333)
  ΓööΓöÇ Person 3/5
[EMBED] Image embedding: shape=(1, 512)
[HELMET] Pos_score: 3.0000, Neg_score: 2.3333
  Γ£ô HELMET DETECTED (pos: 3.0000 > neg: 2.3333)
[EMBED] Image embedding: shape=(1, 512)
[COVERALL] Pos_score: 2.3333, Neg_score: 3.0000
  Γ£ù NO COVERALL (pos: 2.3333 <= neg: 3.0000)
  ΓööΓöÇ Person 4/5
[EMBED] Image embedding: shape=(1, 512)
[HELMET] Pos_score: 3.3333, Neg_score: 3.6667
  Γ£ù NO HELMET (pos: 3.3333 <= neg: 3.6667)
[EMBED] Image embedding: shape=(1, 512)
[COVERALL] Pos_score: 2.6667, Neg_score: 4.0000
  Γ£ù NO COVERALL (pos: 2.6667 <= neg: 4.0000)
  ΓööΓöÇ Person 5/5
[EMBED] Image embedding: shape=(1, 512)
[HELMET] Pos_score: 2.6667, Neg_score: 3.6667
  Γ£ù NO HELMET (pos: 2.6667 <= neg: 3.6667)
[EMBED] Image embedding: shape=(1, 512)
[COVERALL] Pos_score: 1.3333, Neg_score: 2.6667
  Γ£ù NO COVERALL (pos: 1.3333 <= neg: 2.6667)
  Γ£à Saved: frame_062632_jpg.rf.6d0fe2f447ea590de5b63a1dc8d1ce6b.jpg

[PROCESS] 258. frame_062633_jpg.rf.614643956e75a80d6bf0039f95b01371.jpg

0: 384x640 5 persons, 1 train, 207.0ms
Speed: 1.2ms preprocess, 207.0ms inference, 1.1ms postprocess per image at shape (1, 3, 384, 640)
[YOLO] Detected 5 persons
  ΓööΓöÇ Person 1/5
[EMBED] Image embedding: shape=(1, 512)
[HELMET] Pos_score: 3.0000, Neg_score: 3.6667
  Γ£ù NO HELMET (pos: 3.0000 <= neg: 3.6667)
[EMBED] Image embedding: shape=(1, 512)
[COVERALL] Pos_score: 1.3333, Neg_score: 3.0000
  Γ£ù NO COVERALL (pos: 1.3333 <= neg: 3.0000)
  ΓööΓöÇ Person 2/5
[EMBED] Image embedding: shape=(1, 512)
[HELMET] Pos_score: 4.3333, Neg_score: 2.3333
  Γ£ô HELMET DETECTED (pos: 4.3333 > neg: 2.3333)
[EMBED] Image embedding: shape=(1, 512)
[COVERALL] Pos_score: 3.0000, Neg_score: 2.3333
  Γ£ô COVERALL DETECTED (pos: 3.0000 > neg: 2.3333)
  ΓööΓöÇ Person 3/5
[EMBED] Image embedding: shape=(1, 512)
[HELMET] Pos_score: 1.0000, Neg_score: 2.3333
  Γ£ù NO HELMET (pos: 1.0000 <= neg: 2.3333)
[EMBED] Image embedding: shape=(1, 512)
[COVERALL] Pos_score: 3.3333, Neg_score: 3.0000
  Γ£ô COVERALL DETECTED (pos: 3.3333 > neg: 3.0000)
  ΓööΓöÇ Person 4/5
[EMBED] Image embedding: shape=(1, 512)
[HELMET] Pos_score: 3.0000, Neg_score: 3.0000
  Γ£ù NO HELMET (pos: 3.0000 <= neg: 3.0000)
[EMBED] Image embedding: shape=(1, 512)
[COVERALL] Pos_score: 3.0000, Neg_score: 2.3333
  Γ£ô COVERALL DETECTED (pos: 3.0000 > neg: 2.3333)
  ΓööΓöÇ Person 5/5
[EMBED] Image embedding: shape=(1, 512)
[HELMET] Pos_score: 2.6667, Neg_score: 3.6667
  Γ£ù NO HELMET (pos: 2.6667 <= neg: 3.6667)
[EMBED] Image embedding: shape=(1, 512)
[COVERALL] Pos_score: 1.3333, Neg_score: 3.0000
  Γ£ù NO COVERALL (pos: 1.3333 <= neg: 3.0000)
  Γ£à Saved: frame_062633_jpg.rf.614643956e75a80d6bf0039f95b01371.jpg

[PROCESS] 259. frame_062634_jpg.rf.3c39c1647bb24ab455ff4f74f6921e2b.jpg

0: 384x640 5 persons, 1 train, 206.2ms
Speed: 1.4ms preprocess, 206.2ms inference, 1.1ms postprocess per image at shape (1, 3, 384, 640)
[YOLO] Detected 5 persons
  ΓööΓöÇ Person 1/5
[EMBED] Image embedding: shape=(1, 512)
[HELMET] Pos_score: 2.6667, Neg_score: 2.3333
  Γ£ô HELMET DETECTED (pos: 2.6667 > neg: 2.3333)
[EMBED] Image embedding: shape=(1, 512)
[COVERALL] Pos_score: 1.3333, Neg_score: 3.0000
  Γ£ù NO COVERALL (pos: 1.3333 <= neg: 3.0000)
  ΓööΓöÇ Person 2/5
[EMBED] Image embedding: shape=(1, 512)
[HELMET] Pos_score: 2.6667, Neg_score: 2.3333
  Γ£ô HELMET DETECTED (pos: 2.6667 > neg: 2.3333)
[EMBED] Image embedding: shape=(1, 512)
[COVERALL] Pos_score: 3.0000, Neg_score: 2.3333
  Γ£ô COVERALL DETECTED (pos: 3.0000 > neg: 2.3333)
  ΓööΓöÇ Person 3/5
[EMBED] Image embedding: shape=(1, 512)
[HELMET] Pos_score: 3.3333, Neg_score: 2.3333
  Γ£ô HELMET DETECTED (pos: 3.3333 > neg: 2.3333)
[EMBED] Image embedding: shape=(1, 512)
[COVERALL] Pos_score: 3.0000, Neg_score: 3.0000
  Γ£ù NO COVERALL (pos: 3.0000 <= neg: 3.0000)
  ΓööΓöÇ Person 4/5
[EMBED] Image embedding: shape=(1, 512)
[HELMET] Pos_score: 3.0000, Neg_score: 3.6667
  Γ£ù NO HELMET (pos: 3.0000 <= neg: 3.6667)
[EMBED] Image embedding: shape=(1, 512)
[COVERALL] Pos_score: 5.0000, Neg_score: 3.0000
  Γ£ô COVERALL DETECTED (pos: 5.0000 > neg: 3.0000)
  ΓööΓöÇ Person 5/5
[EMBED] Image embedding: shape=(1, 512)
[HELMET] Pos_score: 2.6667, Neg_score: 3.0000
  Γ£ù NO HELMET (pos: 2.6667 <= neg: 3.0000)
[EMBED] Image embedding: shape=(1, 512)
[COVERALL] Pos_score: 1.3333, Neg_score: 2.6667
  Γ£ù NO COVERALL (pos: 1.3333 <= neg: 2.6667)
  Γ£à Saved: frame_062634_jpg.rf.3c39c1647bb24ab455ff4f74f6921e2b.jpg

[PROCESS] 260. frame_062635_jpg.rf.938272b792231307648b975bd6b5c4fe.jpg

0: 384x640 5 persons, 1 train, 204.5ms
Speed: 1.2ms preprocess, 204.5ms inference, 1.4ms postprocess per image at shape (1, 3, 384, 640)
[YOLO] Detected 5 persons
  ΓööΓöÇ Person 1/5
[EMBED] Image embedding: shape=(1, 512)
[HELMET] Pos_score: 2.0000, Neg_score: 2.3333
  Γ£ù NO HELMET (pos: 2.0000 <= neg: 2.3333)
[EMBED] Image embedding: shape=(1, 512)
[COVERALL] Pos_score: 1.3333, Neg_score: 3.0000
  Γ£ù NO COVERALL (pos: 1.3333 <= neg: 3.0000)
  ΓööΓöÇ Person 2/5
[EMBED] Image embedding: shape=(1, 512)
[HELMET] Pos_score: 2.6667, Neg_score: 2.3333
  Γ£ô HELMET DETECTED (pos: 2.6667 > neg: 2.3333)
[EMBED] Image embedding: shape=(1, 512)
[COVERALL] Pos_score: 3.0000, Neg_score: 2.3333
  Γ£ô COVERALL DETECTED (pos: 3.0000 > neg: 2.3333)
  ΓööΓöÇ Person 3/5
[EMBED] Image embedding: shape=(1, 512)
[HELMET] Pos_score: 3.0000, Neg_score: 3.6667
  Γ£ù NO HELMET (pos: 3.0000 <= neg: 3.6667)
[EMBED] Image embedding: shape=(1, 512)
[COVERALL] Pos_score: 5.0000, Neg_score: 4.0000
  Γ£ô COVERALL DETECTED (pos: 5.0000 > neg: 4.0000)
  ΓööΓöÇ Person 4/5
[EMBED] Image embedding: shape=(1, 512)
[HELMET] Pos_score: 2.6667, Neg_score: 2.3333
  Γ£ô HELMET DETECTED (pos: 2.6667 > neg: 2.3333)
[EMBED] Image embedding: shape=(1, 512)
[COVERALL] Pos_score: 3.3333, Neg_score: 2.3333
  Γ£ô COVERALL DETECTED (pos: 3.3333 > neg: 2.3333)
  ΓööΓöÇ Person 5/5
[EMBED] Image embedding: shape=(1, 512)
[HELMET] Pos_score: 2.6667, Neg_score: 3.0000
  Γ£ù NO HELMET (pos: 2.6667 <= neg: 3.0000)
[EMBED] Image embedding: shape=(1, 512)
[COVERALL] Pos_score: 1.3333, Neg_score: 2.6667
  Γ£ù NO COVERALL (pos: 1.3333 <= neg: 2.6667)
  Γ£à Saved: frame_062635_jpg.rf.938272b792231307648b975bd6b5c4fe.jpg

[PROCESS] 261. frame_062636_jpg.rf.1a7c349e5fb8f6cbec9a190a54b28575.jpg

0: 384x640 5 persons, 1 train, 198.5ms
Speed: 1.2ms preprocess, 198.5ms inference, 1.3ms postprocess per image at shape (1, 3, 384, 640)
[YOLO] Detected 5 persons
  ΓööΓöÇ Person 1/5
[EMBED] Image embedding: shape=(1, 512)
[HELMET] Pos_score: 3.3333, Neg_score: 2.3333
  Γ£ô HELMET DETECTED (pos: 3.3333 > neg: 2.3333)
[EMBED] Image embedding: shape=(1, 512)
[COVERALL] Pos_score: 1.3333, Neg_score: 3.0000
  Γ£ù NO COVERALL (pos: 1.3333 <= neg: 3.0000)
  ΓööΓöÇ Person 2/5
[EMBED] Image embedding: shape=(1, 512)
[HELMET] Pos_score: 2.6667, Neg_score: 2.3333
  Γ£ô HELMET DETECTED (pos: 2.6667 > neg: 2.3333)
[EMBED] Image embedding: shape=(1, 512)
[COVERALL] Pos_score: 3.0000, Neg_score: 2.3333
  Γ£ô COVERALL DETECTED (pos: 3.0000 > neg: 2.3333)
  ΓööΓöÇ Person 3/5
[EMBED] Image embedding: shape=(1, 512)
[HELMET] Pos_score: 2.6667, Neg_score: 3.6667
  Γ£ù NO HELMET (pos: 2.6667 <= neg: 3.6667)
[EMBED] Image embedding: shape=(1, 512)
[COVERALL] Pos_score: 5.0000, Neg_score: 4.0000
  Γ£ô COVERALL DETECTED (pos: 5.0000 > neg: 4.0000)
  ΓööΓöÇ Person 4/5
[EMBED] Image embedding: shape=(1, 512)
[HELMET] Pos_score: 3.3333, Neg_score: 2.6667
  Γ£ô HELMET DETECTED (pos: 3.3333 > neg: 2.6667)
[EMBED] Image embedding: shape=(1, 512)
[COVERALL] Pos_score: 2.6667, Neg_score: 4.0000
  Γ£ù NO COVERALL (pos: 2.6667 <= neg: 4.0000)
  ΓööΓöÇ Person 5/5
[EMBED] Image embedding: shape=(1, 512)
[HELMET] Pos_score: 2.6667, Neg_score: 3.0000
  Γ£ù NO HELMET (pos: 2.6667 <= neg: 3.0000)
[EMBED] Image embedding: shape=(1, 512)
[COVERALL] Pos_score: 1.3333, Neg_score: 3.0000
  Γ£ù NO COVERALL (pos: 1.3333 <= neg: 3.0000)
  Γ£à Saved: frame_062636_jpg.rf.1a7c349e5fb8f6cbec9a190a54b28575.jpg

[PROCESS] 262. frame_062637_jpg.rf.44cc9698984aaca3fdca7a9024c4c13f.jpg

0: 384x640 5 persons, 1 train, 199.3ms
Speed: 1.2ms preprocess, 199.3ms inference, 1.1ms postprocess per image at shape (1, 3, 384, 640)
[YOLO] Detected 5 persons
  ΓööΓöÇ Person 1/5
[EMBED] Image embedding: shape=(1, 512)
[HELMET] Pos_score: 2.6667, Neg_score: 2.3333
  Γ£ô HELMET DETECTED (pos: 2.6667 > neg: 2.3333)
[EMBED] Image embedding: shape=(1, 512)
[COVERALL] Pos_score: 1.3333, Neg_score: 3.0000
  Γ£ù NO COVERALL (pos: 1.3333 <= neg: 3.0000)
  ΓööΓöÇ Person 2/5
[EMBED] Image embedding: shape=(1, 512)
[HELMET] Pos_score: 2.6667, Neg_score: 2.3333
  Γ£ô HELMET DETECTED (pos: 2.6667 > neg: 2.3333)
[EMBED] Image embedding: shape=(1, 512)
[COVERALL] Pos_score: 3.0000, Neg_score: 2.3333
  Γ£ô COVERALL DETECTED (pos: 3.0000 > neg: 2.3333)
  ΓööΓöÇ Person 3/5
[EMBED] Image embedding: shape=(1, 512)
[HELMET] Pos_score: 2.6667, Neg_score: 2.3333
  Γ£ô HELMET DETECTED (pos: 2.6667 > neg: 2.3333)
[EMBED] Image embedding: shape=(1, 512)
[COVERALL] Pos_score: 2.6667, Neg_score: 3.0000
  Γ£ù NO COVERALL (pos: 2.6667 <= neg: 3.0000)
  ΓööΓöÇ Person 4/5
[EMBED] Image embedding: shape=(1, 512)
[HELMET] Pos_score: 2.6667, Neg_score: 3.6667
  Γ£ù NO HELMET (pos: 2.6667 <= neg: 3.6667)
[EMBED] Image embedding: shape=(1, 512)
[COVERALL] Pos_score: 5.0000, Neg_score: 4.0000
  Γ£ô COVERALL DETECTED (pos: 5.0000 > neg: 4.0000)
  ΓööΓöÇ Person 5/5
[EMBED] Image embedding: shape=(1, 512)
[HELMET] Pos_score: 2.6667, Neg_score: 3.0000
  Γ£ù NO HELMET (pos: 2.6667 <= neg: 3.0000)
[EMBED] Image embedding: shape=(1, 512)
[COVERALL] Pos_score: 1.3333, Neg_score: 3.0000
  Γ£ù NO COVERALL (pos: 1.3333 <= neg: 3.0000)
  Γ£à Saved: frame_062637_jpg.rf.44cc9698984aaca3fdca7a9024c4c13f.jpg

[PROCESS] 263. frame_062638_jpg.rf.f56c5eddc0b4bef9aba30e47c959415e.jpg

0: 384x640 5 persons, 1 train, 206.1ms
Speed: 1.4ms preprocess, 206.1ms inference, 1.2ms postprocess per image at shape (1, 3, 384, 640)
[YOLO] Detected 5 persons
  ΓööΓöÇ Person 1/5
[EMBED] Image embedding: shape=(1, 512)
[HELMET] Pos_score: 2.6667, Neg_score: 2.3333
  Γ£ô HELMET DETECTED (pos: 2.6667 > neg: 2.3333)
[EMBED] Image embedding: shape=(1, 512)
[COVERALL] Pos_score: 1.3333, Neg_score: 3.0000
  Γ£ù NO COVERALL (pos: 1.3333 <= neg: 3.0000)
  ΓööΓöÇ Person 2/5
[EMBED] Image embedding: shape=(1, 512)
[HELMET] Pos_score: 2.6667, Neg_score: 2.3333
  Γ£ô HELMET DETECTED (pos: 2.6667 > neg: 2.3333)
[EMBED] Image embedding: shape=(1, 512)
[COVERALL] Pos_score: 3.0000, Neg_score: 2.3333
  Γ£ô COVERALL DETECTED (pos: 3.0000 > neg: 2.3333)
  ΓööΓöÇ Person 3/5
[EMBED] Image embedding: shape=(1, 512)
[HELMET] Pos_score: 4.3333, Neg_score: 2.3333
  Γ£ô HELMET DETECTED (pos: 4.3333 > neg: 2.3333)
[EMBED] Image embedding: shape=(1, 512)
[COVERALL] Pos_score: 2.6667, Neg_score: 3.0000
  Γ£ù NO COVERALL (pos: 2.6667 <= neg: 3.0000)
  ΓööΓöÇ Person 4/5
[EMBED] Image embedding: shape=(1, 512)
[HELMET] Pos_score: 3.0000, Neg_score: 3.6667
  Γ£ù NO HELMET (pos: 3.0000 <= neg: 3.6667)
[EMBED] Image embedding: shape=(1, 512)
[COVERALL] Pos_score: 5.0000, Neg_score: 3.0000
  Γ£ô COVERALL DETECTED (pos: 5.0000 > neg: 3.0000)
  ΓööΓöÇ Person 5/5
[EMBED] Image embedding: shape=(1, 512)
[HELMET] Pos_score: 2.6667, Neg_score: 3.0000
  Γ£ù NO HELMET (pos: 2.6667 <= neg: 3.0000)
[EMBED] Image embedding: shape=(1, 512)
[COVERALL] Pos_score: 1.3333, Neg_score: 3.0000
  Γ£ù NO COVERALL (pos: 1.3333 <= neg: 3.0000)
  Γ£à Saved: frame_062638_jpg.rf.f56c5eddc0b4bef9aba30e47c959415e.jpg

[PROCESS] 264. frame_062639_jpg.rf.31e79d41e2cc6562268bd3e994996808.jpg

0: 384x640 5 persons, 1 train, 206.3ms
Speed: 1.4ms preprocess, 206.3ms inference, 1.3ms postprocess per image at shape (1, 3, 384, 640)
[YOLO] Detected 4 persons
  ΓööΓöÇ Person 1/4
[EMBED] Image embedding: shape=(1, 512)
[HELMET] Pos_score: 2.6667, Neg_score: 2.3333
  Γ£ô HELMET DETECTED (pos: 2.6667 > neg: 2.3333)
[EMBED] Image embedding: shape=(1, 512)
[COVERALL] Pos_score: 1.3333, Neg_score: 3.0000
  Γ£ù NO COVERALL (pos: 1.3333 <= neg: 3.0000)
  ΓööΓöÇ Person 2/4
[EMBED] Image embedding: shape=(1, 512)
[HELMET] Pos_score: 2.6667, Neg_score: 2.3333
  Γ£ô HELMET DETECTED (pos: 2.6667 > neg: 2.3333)
[EMBED] Image embedding: shape=(1, 512)
[COVERALL] Pos_score: 3.0000, Neg_score: 2.3333
  Γ£ô COVERALL DETECTED (pos: 3.0000 > neg: 2.3333)
  ΓööΓöÇ Person 3/4
[EMBED] Image embedding: shape=(1, 512)
[HELMET] Pos_score: 2.6667, Neg_score: 3.6667
  Γ£ù NO HELMET (pos: 2.6667 <= neg: 3.6667)
[EMBED] Image embedding: shape=(1, 512)
[COVERALL] Pos_score: 5.0000, Neg_score: 4.0000
  Γ£ô COVERALL DETECTED (pos: 5.0000 > neg: 4.0000)
  ΓööΓöÇ Person 4/4
[EMBED] Image embedding: shape=(1, 512)
[HELMET] Pos_score: 2.6667, Neg_score: 3.6667
  Γ£ù NO HELMET (pos: 2.6667 <= neg: 3.6667)
[EMBED] Image embedding: shape=(1, 512)
[COVERALL] Pos_score: 1.3333, Neg_score: 2.6667
  Γ£ù NO COVERALL (pos: 1.3333 <= neg: 2.6667)
  Γ£à Saved: frame_062639_jpg.rf.31e79d41e2cc6562268bd3e994996808.jpg

[PROCESS] 265. frame_062640_jpg.rf.d462a725784656334531e1703032a7af.jpg

0: 384x640 6 persons, 1 train, 217.2ms
Speed: 1.7ms preprocess, 217.2ms inference, 1.2ms postprocess per image at shape (1, 3, 384, 640)
[YOLO] Detected 4 persons
  ΓööΓöÇ Person 1/4
[EMBED] Image embedding: shape=(1, 512)
[HELMET] Pos_score: 2.6667, Neg_score: 1.6667
  Γ£ô HELMET DETECTED (pos: 2.6667 > neg: 1.6667)
[EMBED] Image embedding: shape=(1, 512)
[COVERALL] Pos_score: 3.3333, Neg_score: 3.0000
  Γ£ô COVERALL DETECTED (pos: 3.3333 > neg: 3.0000)
  ΓööΓöÇ Person 2/4
[EMBED] Image embedding: shape=(1, 512)
[HELMET] Pos_score: 4.3333, Neg_score: 2.3333
  Γ£ô HELMET DETECTED (pos: 4.3333 > neg: 2.3333)
[EMBED] Image embedding: shape=(1, 512)
[COVERALL] Pos_score: 3.0000, Neg_score: 2.3333
  Γ£ô COVERALL DETECTED (pos: 3.0000 > neg: 2.3333)
  ΓööΓöÇ Person 3/4
[EMBED] Image embedding: shape=(1, 512)
[HELMET] Pos_score: 3.0000, Neg_score: 3.6667
  Γ£ù NO HELMET (pos: 3.0000 <= neg: 3.6667)
[EMBED] Image embedding: shape=(1, 512)
[COVERALL] Pos_score: 5.0000, Neg_score: 2.3333
  Γ£ô COVERALL DETECTED (pos: 5.0000 > neg: 2.3333)
  ΓööΓöÇ Person 4/4
[EMBED] Image embedding: shape=(1, 512)
[HELMET] Pos_score: 2.6667, Neg_score: 3.6667
  Γ£ù NO HELMET (pos: 2.6667 <= neg: 3.6667)
[EMBED] Image embedding: shape=(1, 512)
[COVERALL] Pos_score: 1.3333, Neg_score: 2.6667
  Γ£ù NO COVERALL (pos: 1.3333 <= neg: 2.6667)
  Γ£à Saved: frame_062640_jpg.rf.d462a725784656334531e1703032a7af.jpg

[PROCESS] 266. frame_062641_jpg.rf.1d96d8458690b61c620a00d3d9e5274c.jpg

0: 384x640 6 persons, 1 train, 203.7ms
Speed: 1.5ms preprocess, 203.7ms inference, 1.2ms postprocess per image at shape (1, 3, 384, 640)
[YOLO] Detected 4 persons
  ΓööΓöÇ Person 1/4
[EMBED] Image embedding: shape=(1, 512)
[HELMET] Pos_score: 2.6667, Neg_score: 1.6667
  Γ£ô HELMET DETECTED (pos: 2.6667 > neg: 1.6667)
[EMBED] Image embedding: shape=(1, 512)
[COVERALL] Pos_score: 3.3333, Neg_score: 3.0000
  Γ£ô COVERALL DETECTED (pos: 3.3333 > neg: 3.0000)
  ΓööΓöÇ Person 2/4
[EMBED] Image embedding: shape=(1, 512)
[HELMET] Pos_score: 4.3333, Neg_score: 2.3333
  Γ£ô HELMET DETECTED (pos: 4.3333 > neg: 2.3333)
[EMBED] Image embedding: shape=(1, 512)
[COVERALL] Pos_score: 3.0000, Neg_score: 2.3333
  Γ£ô COVERALL DETECTED (pos: 3.0000 > neg: 2.3333)
  ΓööΓöÇ Person 3/4
[EMBED] Image embedding: shape=(1, 512)
[HELMET] Pos_score: 2.0000, Neg_score: 3.6667
  Γ£ù NO HELMET (pos: 2.0000 <= neg: 3.6667)
[EMBED] Image embedding: shape=(1, 512)
[COVERALL] Pos_score: 5.0000, Neg_score: 4.0000
  Γ£ô COVERALL DETECTED (pos: 5.0000 > neg: 4.0000)
  ΓööΓöÇ Person 4/4
[EMBED] Image embedding: shape=(1, 512)
[HELMET] Pos_score: 2.6667, Neg_score: 3.6667
  Γ£ù NO HELMET (pos: 2.6667 <= neg: 3.6667)
[EMBED] Image embedding: shape=(1, 512)
[COVERALL] Pos_score: 1.3333, Neg_score: 2.6667
  Γ£ù NO COVERALL (pos: 1.3333 <= neg: 2.6667)
  Γ£à Saved: frame_062641_jpg.rf.1d96d8458690b61c620a00d3d9e5274c.jpg

[PROCESS] 267. frame_062642_jpg.rf.261a27b1b90413b6b8d2b331ac7786fc.jpg

0: 384x640 6 persons, 1 train, 209.0ms
Speed: 1.4ms preprocess, 209.0ms inference, 1.0ms postprocess per image at shape (1, 3, 384, 640)
[YOLO] Detected 4 persons
  ΓööΓöÇ Person 1/4
[EMBED] Image embedding: shape=(1, 512)
[HELMET] Pos_score: 2.6667, Neg_score: 2.3333
  Γ£ô HELMET DETECTED (pos: 2.6667 > neg: 2.3333)
[EMBED] Image embedding: shape=(1, 512)
[COVERALL] Pos_score: 3.3333, Neg_score: 3.0000
  Γ£ô COVERALL DETECTED (pos: 3.3333 > neg: 3.0000)
  ΓööΓöÇ Person 2/4
[EMBED] Image embedding: shape=(1, 512)
[HELMET] Pos_score: 4.3333, Neg_score: 2.3333
  Γ£ô HELMET DETECTED (pos: 4.3333 > neg: 2.3333)
[EMBED] Image embedding: shape=(1, 512)
[COVERALL] Pos_score: 3.0000, Neg_score: 2.3333
  Γ£ô COVERALL DETECTED (pos: 3.0000 > neg: 2.3333)
  ΓööΓöÇ Person 3/4
[EMBED] Image embedding: shape=(1, 512)
[HELMET] Pos_score: 2.6667, Neg_score: 2.3333
  Γ£ô HELMET DETECTED (pos: 2.6667 > neg: 2.3333)
[EMBED] Image embedding: shape=(1, 512)
[COVERALL] Pos_score: 4.3333, Neg_score: 4.0000
  Γ£ô COVERALL DETECTED (pos: 4.3333 > neg: 4.0000)
  ΓööΓöÇ Person 4/4
[EMBED] Image embedding: shape=(1, 512)
[HELMET] Pos_score: 2.6667, Neg_score: 3.6667
  Γ£ù NO HELMET (pos: 2.6667 <= neg: 3.6667)
[EMBED] Image embedding: shape=(1, 512)
[COVERALL] Pos_score: 1.3333, Neg_score: 2.6667
  Γ£ù NO COVERALL (pos: 1.3333 <= neg: 2.6667)
  Γ£à Saved: frame_062642_jpg.rf.261a27b1b90413b6b8d2b331ac7786fc.jpg

[PROCESS] 268. frame_062643_jpg.rf.5eba11d74684d738a30906d4f6edc8fc.jpg

0: 384x640 5 persons, 1 train, 206.0ms
Speed: 1.4ms preprocess, 206.0ms inference, 1.3ms postprocess per image at shape (1, 3, 384, 640)
[YOLO] Detected 4 persons
  ΓööΓöÇ Person 1/4
[EMBED] Image embedding: shape=(1, 512)
[HELMET] Pos_score: 2.6667, Neg_score: 2.3333
  Γ£ô HELMET DETECTED (pos: 2.6667 > neg: 2.3333)
[EMBED] Image embedding: shape=(1, 512)
[COVERALL] Pos_score: 1.3333, Neg_score: 3.0000
  Γ£ù NO COVERALL (pos: 1.3333 <= neg: 3.0000)
  ΓööΓöÇ Person 2/4
[EMBED] Image embedding: shape=(1, 512)
[HELMET] Pos_score: 4.3333, Neg_score: 2.3333
  Γ£ô HELMET DETECTED (pos: 4.3333 > neg: 2.3333)
[EMBED] Image embedding: shape=(1, 512)
[COVERALL] Pos_score: 3.0000, Neg_score: 2.3333
  Γ£ô COVERALL DETECTED (pos: 3.0000 > neg: 2.3333)
  ΓööΓöÇ Person 3/4
[EMBED] Image embedding: shape=(1, 512)
[HELMET] Pos_score: 3.3333, Neg_score: 2.3333
  Γ£ô HELMET DETECTED (pos: 3.3333 > neg: 2.3333)
[EMBED] Image embedding: shape=(1, 512)
[COVERALL] Pos_score: 5.0000, Neg_score: 2.3333
  Γ£ô COVERALL DETECTED (pos: 5.0000 > neg: 2.3333)
  ΓööΓöÇ Person 4/4
[EMBED] Image embedding: shape=(1, 512)
[HELMET] Pos_score: 2.6667, Neg_score: 3.6667
  Γ£ù NO HELMET (pos: 2.6667 <= neg: 3.6667)
[EMBED] Image embedding: shape=(1, 512)
[COVERALL] Pos_score: 1.3333, Neg_score: 3.0000
  Γ£ù NO COVERALL (pos: 1.3333 <= neg: 3.0000)
  Γ£à Saved: frame_062643_jpg.rf.5eba11d74684d738a30906d4f6edc8fc.jpg

[PROCESS] 269. frame_062644_jpg.rf.d52f7ecaf020c66d7c1ba900a9dc066f.jpg

0: 384x640 5 persons, 1 train, 203.5ms
Speed: 1.3ms preprocess, 203.5ms inference, 1.2ms postprocess per image at shape (1, 3, 384, 640)
[YOLO] Detected 4 persons
  ΓööΓöÇ Person 1/4
[EMBED] Image embedding: shape=(1, 512)
[HELMET] Pos_score: 2.6667, Neg_score: 2.3333
  Γ£ô HELMET DETECTED (pos: 2.6667 > neg: 2.3333)
[EMBED] Image embedding: shape=(1, 512)
[COVERALL] Pos_score: 1.3333, Neg_score: 3.0000
  Γ£ù NO COVERALL (pos: 1.3333 <= neg: 3.0000)
  ΓööΓöÇ Person 2/4
[EMBED] Image embedding: shape=(1, 512)
[HELMET] Pos_score: 4.3333, Neg_score: 2.3333
  Γ£ô HELMET DETECTED (pos: 4.3333 > neg: 2.3333)
[EMBED] Image embedding: shape=(1, 512)
[COVERALL] Pos_score: 3.0000, Neg_score: 2.3333
  Γ£ô COVERALL DETECTED (pos: 3.0000 > neg: 2.3333)
  ΓööΓöÇ Person 3/4
[EMBED] Image embedding: shape=(1, 512)
[HELMET] Pos_score: 2.6667, Neg_score: 3.6667
  Γ£ù NO HELMET (pos: 2.6667 <= neg: 3.6667)
[EMBED] Image embedding: shape=(1, 512)
[COVERALL] Pos_score: 5.0000, Neg_score: 2.3333
  Γ£ô COVERALL DETECTED (pos: 5.0000 > neg: 2.3333)
  ΓööΓöÇ Person 4/4
[EMBED] Image embedding: shape=(1, 512)
[HELMET] Pos_score: 2.6667, Neg_score: 3.6667
  Γ£ù NO HELMET (pos: 2.6667 <= neg: 3.6667)
[EMBED] Image embedding: shape=(1, 512)
[COVERALL] Pos_score: 1.3333, Neg_score: 2.6667
  Γ£ù NO COVERALL (pos: 1.3333 <= neg: 2.6667)
  Γ£à Saved: frame_062644_jpg.rf.d52f7ecaf020c66d7c1ba900a9dc066f.jpg

[PROCESS] 270. frame_062645_jpg.rf.be34ed15b57d6fd2d08512e36163da51.jpg

0: 384x640 5 persons, 1 train, 207.2ms
Speed: 1.4ms preprocess, 207.2ms inference, 1.3ms postprocess per image at shape (1, 3, 384, 640)
[YOLO] Detected 4 persons
  ΓööΓöÇ Person 1/4
[EMBED] Image embedding: shape=(1, 512)
[HELMET] Pos_score: 2.6667, Neg_score: 2.3333
  Γ£ô HELMET DETECTED (pos: 2.6667 > neg: 2.3333)
[EMBED] Image embedding: shape=(1, 512)
[COVERALL] Pos_score: 1.3333, Neg_score: 3.0000
  Γ£ù NO COVERALL (pos: 1.3333 <= neg: 3.0000)
  ΓööΓöÇ Person 2/4
[EMBED] Image embedding: shape=(1, 512)
[HELMET] Pos_score: 4.3333, Neg_score: 2.3333
  Γ£ô HELMET DETECTED (pos: 4.3333 > neg: 2.3333)
[EMBED] Image embedding: shape=(1, 512)
[COVERALL] Pos_score: 3.0000, Neg_score: 2.3333
  Γ£ô COVERALL DETECTED (pos: 3.0000 > neg: 2.3333)
  ΓööΓöÇ Person 3/4
[EMBED] Image embedding: shape=(1, 512)
[HELMET] Pos_score: 2.6667, Neg_score: 3.6667
  Γ£ù NO HELMET (pos: 2.6667 <= neg: 3.6667)
[EMBED] Image embedding: shape=(1, 512)
[COVERALL] Pos_score: 5.0000, Neg_score: 4.0000
  Γ£ô COVERALL DETECTED (pos: 5.0000 > neg: 4.0000)
  ΓööΓöÇ Person 4/4
[EMBED] Image embedding: shape=(1, 512)
[HELMET] Pos_score: 2.6667, Neg_score: 3.6667
  Γ£ù NO HELMET (pos: 2.6667 <= neg: 3.6667)
[EMBED] Image embedding: shape=(1, 512)
[COVERALL] Pos_score: 1.3333, Neg_score: 2.6667
  Γ£ù NO COVERALL (pos: 1.3333 <= neg: 2.6667)
  Γ£à Saved: frame_062645_jpg.rf.be34ed15b57d6fd2d08512e36163da51.jpg

[PROCESS] 271. frame_062646_jpg.rf.18a1e67bbc6b6488387a762639d79d3b.jpg

0: 384x640 4 persons, 1 train, 210.5ms
Speed: 1.9ms preprocess, 210.5ms inference, 1.1ms postprocess per image at shape (1, 3, 384, 640)
[YOLO] Detected 4 persons
  ΓööΓöÇ Person 1/4
[EMBED] Image embedding: shape=(1, 512)
[HELMET] Pos_score: 2.6667, Neg_score: 2.3333
  Γ£ô HELMET DETECTED (pos: 2.6667 > neg: 2.3333)
[EMBED] Image embedding: shape=(1, 512)
[COVERALL] Pos_score: 1.3333, Neg_score: 3.0000
  Γ£ù NO COVERALL (pos: 1.3333 <= neg: 3.0000)
  ΓööΓöÇ Person 2/4
[EMBED] Image embedding: shape=(1, 512)
[HELMET] Pos_score: 2.6667, Neg_score: 2.3333
  Γ£ô HELMET DETECTED (pos: 2.6667 > neg: 2.3333)
[EMBED] Image embedding: shape=(1, 512)
[COVERALL] Pos_score: 3.0000, Neg_score: 2.3333
  Γ£ô COVERALL DETECTED (pos: 3.0000 > neg: 2.3333)
  ΓööΓöÇ Person 3/4
[EMBED] Image embedding: shape=(1, 512)
[HELMET] Pos_score: 2.6667, Neg_score: 2.3333
  Γ£ô HELMET DETECTED (pos: 2.6667 > neg: 2.3333)
[EMBED] Image embedding: shape=(1, 512)
[COVERALL] Pos_score: 4.3333, Neg_score: 2.3333
  Γ£ô COVERALL DETECTED (pos: 4.3333 > neg: 2.3333)
  ΓööΓöÇ Person 4/4
[EMBED] Image embedding: shape=(1, 512)
[HELMET] Pos_score: 2.6667, Neg_score: 3.6667
  Γ£ù NO HELMET (pos: 2.6667 <= neg: 3.6667)
[EMBED] Image embedding: shape=(1, 512)
[COVERALL] Pos_score: 1.3333, Neg_score: 3.0000
  Γ£ù NO COVERALL (pos: 1.3333 <= neg: 3.0000)
  Γ£à Saved: frame_062646_jpg.rf.18a1e67bbc6b6488387a762639d79d3b.jpg

[PROCESS] 272. frame_062648_jpg.rf.dbb526ab4a55602a24ff0a3725b554fc.jpg

0: 384x640 5 persons, 1 train, 209.1ms
Speed: 1.7ms preprocess, 209.1ms inference, 1.1ms postprocess per image at shape (1, 3, 384, 640)
[YOLO] Detected 4 persons
  ΓööΓöÇ Person 1/4
[EMBED] Image embedding: shape=(1, 512)
[HELMET] Pos_score: 2.6667, Neg_score: 2.3333
  Γ£ô HELMET DETECTED (pos: 2.6667 > neg: 2.3333)
[EMBED] Image embedding: shape=(1, 512)
[COVERALL] Pos_score: 3.3333, Neg_score: 3.0000
  Γ£ô COVERALL DETECTED (pos: 3.3333 > neg: 3.0000)
  ΓööΓöÇ Person 2/4
[EMBED] Image embedding: shape=(1, 512)
[HELMET] Pos_score: 2.6667, Neg_score: 2.3333
  Γ£ô HELMET DETECTED (pos: 2.6667 > neg: 2.3333)
[EMBED] Image embedding: shape=(1, 512)
[COVERALL] Pos_score: 3.0000, Neg_score: 2.3333
  Γ£ô COVERALL DETECTED (pos: 3.0000 > neg: 2.3333)
  ΓööΓöÇ Person 3/4
[EMBED] Image embedding: shape=(1, 512)
[HELMET] Pos_score: 2.0000, Neg_score: 2.3333
  Γ£ù NO HELMET (pos: 2.0000 <= neg: 2.3333)
[EMBED] Image embedding: shape=(1, 512)
[COVERALL] Pos_score: 4.0000, Neg_score: 4.0000
  Γ£ù NO COVERALL (pos: 4.0000 <= neg: 4.0000)
  ΓööΓöÇ Person 4/4
[EMBED] Image embedding: shape=(1, 512)
[HELMET] Pos_score: 2.6667, Neg_score: 3.6667
  Γ£ù NO HELMET (pos: 2.6667 <= neg: 3.6667)
[EMBED] Image embedding: shape=(1, 512)
[COVERALL] Pos_score: 1.3333, Neg_score: 3.0000
  Γ£ù NO COVERALL (pos: 1.3333 <= neg: 3.0000)
  Γ£à Saved: frame_062648_jpg.rf.dbb526ab4a55602a24ff0a3725b554fc.jpg

[PROCESS] 273. frame_062649_jpg.rf.d03940224b9697cca004a23234cb0159.jpg

0: 384x640 4 persons, 1 train, 200.1ms
Speed: 1.3ms preprocess, 200.1ms inference, 1.0ms postprocess per image at shape (1, 3, 384, 640)
[YOLO] Detected 4 persons
  ΓööΓöÇ Person 1/4
[EMBED] Image embedding: shape=(1, 512)
[HELMET] Pos_score: 2.6667, Neg_score: 2.3333
  Γ£ô HELMET DETECTED (pos: 2.6667 > neg: 2.3333)
[EMBED] Image embedding: shape=(1, 512)
[COVERALL] Pos_score: 3.3333, Neg_score: 3.0000
  Γ£ô COVERALL DETECTED (pos: 3.3333 > neg: 3.0000)
  ΓööΓöÇ Person 2/4
[EMBED] Image embedding: shape=(1, 512)
[HELMET] Pos_score: 2.6667, Neg_score: 2.3333
  Γ£ô HELMET DETECTED (pos: 2.6667 > neg: 2.3333)
[EMBED] Image embedding: shape=(1, 512)
[COVERALL] Pos_score: 3.0000, Neg_score: 2.3333
  Γ£ô COVERALL DETECTED (pos: 3.0000 > neg: 2.3333)
  ΓööΓöÇ Person 3/4
[EMBED] Image embedding: shape=(1, 512)
[HELMET] Pos_score: 3.0000, Neg_score: 2.3333
  Γ£ô HELMET DETECTED (pos: 3.0000 > neg: 2.3333)
[EMBED] Image embedding: shape=(1, 512)
[COVERALL] Pos_score: 4.0000, Neg_score: 4.0000
  Γ£ù NO COVERALL (pos: 4.0000 <= neg: 4.0000)
  ΓööΓöÇ Person 4/4
[EMBED] Image embedding: shape=(1, 512)
[HELMET] Pos_score: 2.6667, Neg_score: 3.6667
  Γ£ù NO HELMET (pos: 2.6667 <= neg: 3.6667)
[EMBED] Image embedding: shape=(1, 512)
[COVERALL] Pos_score: 1.3333, Neg_score: 3.0000
  Γ£ù NO COVERALL (pos: 1.3333 <= neg: 3.0000)
  Γ£à Saved: frame_062649_jpg.rf.d03940224b9697cca004a23234cb0159.jpg

[PROCESS] 274. frame_062650_jpg.rf.404b253f46e8c85db70df37110ec2f7a.jpg

0: 384x640 4 persons, 1 train, 204.2ms
Speed: 1.4ms preprocess, 204.2ms inference, 1.1ms postprocess per image at shape (1, 3, 384, 640)
[YOLO] Detected 4 persons
  ΓööΓöÇ Person 1/4
[EMBED] Image embedding: shape=(1, 512)
[HELMET] Pos_score: 3.0000, Neg_score: 2.3333
  Γ£ô HELMET DETECTED (pos: 3.0000 > neg: 2.3333)
[EMBED] Image embedding: shape=(1, 512)
[COVERALL] Pos_score: 3.3333, Neg_score: 3.0000
  Γ£ô COVERALL DETECTED (pos: 3.3333 > neg: 3.0000)
  ΓööΓöÇ Person 2/4
[EMBED] Image embedding: shape=(1, 512)
[HELMET] Pos_score: 2.6667, Neg_score: 2.3333
  Γ£ô HELMET DETECTED (pos: 2.6667 > neg: 2.3333)
[EMBED] Image embedding: shape=(1, 512)
[COVERALL] Pos_score: 3.0000, Neg_score: 2.3333
  Γ£ô COVERALL DETECTED (pos: 3.0000 > neg: 2.3333)
  ΓööΓöÇ Person 3/4
[EMBED] Image embedding: shape=(1, 512)
[HELMET] Pos_score: 2.3333, Neg_score: 3.3333
  Γ£ù NO HELMET (pos: 2.3333 <= neg: 3.3333)
[EMBED] Image embedding: shape=(1, 512)
[COVERALL] Pos_score: 4.0000, Neg_score: 4.0000
  Γ£ù NO COVERALL (pos: 4.0000 <= neg: 4.0000)
  ΓööΓöÇ Person 4/4
[EMBED] Image embedding: shape=(1, 512)
[HELMET] Pos_score: 2.6667, Neg_score: 3.6667
  Γ£ù NO HELMET (pos: 2.6667 <= neg: 3.6667)
[EMBED] Image embedding: shape=(1, 512)
[COVERALL] Pos_score: 1.3333, Neg_score: 3.0000
  Γ£ù NO COVERALL (pos: 1.3333 <= neg: 3.0000)
  Γ£à Saved: frame_062650_jpg.rf.404b253f46e8c85db70df37110ec2f7a.jpg

[PROCESS] 275. frame_062651_jpg.rf.075d8514501b393790afe4a0c63857be.jpg

0: 384x640 4 persons, 1 train, 203.6ms
Speed: 1.3ms preprocess, 203.6ms inference, 1.3ms postprocess per image at shape (1, 3, 384, 640)
[YOLO] Detected 4 persons
  ΓööΓöÇ Person 1/4
[EMBED] Image embedding: shape=(1, 512)
[HELMET] Pos_score: 2.6667, Neg_score: 2.3333
  Γ£ô HELMET DETECTED (pos: 2.6667 > neg: 2.3333)
[EMBED] Image embedding: shape=(1, 512)
[COVERALL] Pos_score: 3.3333, Neg_score: 3.0000
  Γ£ô COVERALL DETECTED (pos: 3.3333 > neg: 3.0000)
  ΓööΓöÇ Person 2/4
[EMBED] Image embedding: shape=(1, 512)
[HELMET] Pos_score: 2.6667, Neg_score: 2.3333
  Γ£ô HELMET DETECTED (pos: 2.6667 > neg: 2.3333)
[EMBED] Image embedding: shape=(1, 512)
[COVERALL] Pos_score: 3.0000, Neg_score: 2.3333
  Γ£ô COVERALL DETECTED (pos: 3.0000 > neg: 2.3333)
  ΓööΓöÇ Person 3/4
[EMBED] Image embedding: shape=(1, 512)
[HELMET] Pos_score: 2.6667, Neg_score: 3.6667
  Γ£ù NO HELMET (pos: 2.6667 <= neg: 3.6667)
[EMBED] Image embedding: shape=(1, 512)
[COVERALL] Pos_score: 4.0000, Neg_score: 4.0000
  Γ£ù NO COVERALL (pos: 4.0000 <= neg: 4.0000)
  ΓööΓöÇ Person 4/4
[EMBED] Image embedding: shape=(1, 512)
[HELMET] Pos_score: 2.6667, Neg_score: 3.6667
  Γ£ù NO HELMET (pos: 2.6667 <= neg: 3.6667)
[EMBED] Image embedding: shape=(1, 512)
[COVERALL] Pos_score: 1.3333, Neg_score: 3.0000
  Γ£ù NO COVERALL (pos: 1.3333 <= neg: 3.0000)
  Γ£à Saved: frame_062651_jpg.rf.075d8514501b393790afe4a0c63857be.jpg

[PROCESS] 276. frame_062652_jpg.rf.777aaccb37f6f06fdf787a91eea2ea3a.jpg

0: 384x640 4 persons, 1 train, 201.3ms
Speed: 1.4ms preprocess, 201.3ms inference, 1.2ms postprocess per image at shape (1, 3, 384, 640)
[YOLO] Detected 4 persons
  ΓööΓöÇ Person 1/4
[EMBED] Image embedding: shape=(1, 512)
[HELMET] Pos_score: 3.0000, Neg_score: 2.3333
  Γ£ô HELMET DETECTED (pos: 3.0000 > neg: 2.3333)
[EMBED] Image embedding: shape=(1, 512)
[COVERALL] Pos_score: 1.3333, Neg_score: 3.0000
  Γ£ù NO COVERALL (pos: 1.3333 <= neg: 3.0000)
  ΓööΓöÇ Person 2/4
[EMBED] Image embedding: shape=(1, 512)
[HELMET] Pos_score: 2.6667, Neg_score: 2.3333
  Γ£ô HELMET DETECTED (pos: 2.6667 > neg: 2.3333)
[EMBED] Image embedding: shape=(1, 512)
[COVERALL] Pos_score: 3.0000, Neg_score: 2.3333
  Γ£ô COVERALL DETECTED (pos: 3.0000 > neg: 2.3333)
  ΓööΓöÇ Person 3/4
[EMBED] Image embedding: shape=(1, 512)
[HELMET] Pos_score: 2.0000, Neg_score: 3.0000
  Γ£ù NO HELMET (pos: 2.0000 <= neg: 3.0000)
[EMBED] Image embedding: shape=(1, 512)
[COVERALL] Pos_score: 3.3333, Neg_score: 2.6667
  Γ£ô COVERALL DETECTED (pos: 3.3333 > neg: 2.6667)
  ΓööΓöÇ Person 4/4
[EMBED] Image embedding: shape=(1, 512)
[HELMET] Pos_score: 2.6667, Neg_score: 3.6667
  Γ£ù NO HELMET (pos: 2.6667 <= neg: 3.6667)
[EMBED] Image embedding: shape=(1, 512)
[COVERALL] Pos_score: 1.3333, Neg_score: 3.0000
  Γ£ù NO COVERALL (pos: 1.3333 <= neg: 3.0000)
  Γ£à Saved: frame_062652_jpg.rf.777aaccb37f6f06fdf787a91eea2ea3a.jpg

[PROCESS] 277. frame_062653_jpg.rf.a3fcdda2cdb6bd4f245729d736b68383.jpg

0: 384x640 4 persons, 1 train, 200.1ms
Speed: 2.5ms preprocess, 200.1ms inference, 1.2ms postprocess per image at shape (1, 3, 384, 640)
[YOLO] Detected 4 persons
  ΓööΓöÇ Person 1/4
[EMBED] Image embedding: shape=(1, 512)
[HELMET] Pos_score: 3.0000, Neg_score: 1.6667
  Γ£ô HELMET DETECTED (pos: 3.0000 > neg: 1.6667)
[EMBED] Image embedding: shape=(1, 512)
[COVERALL] Pos_score: 3.3333, Neg_score: 3.0000
  Γ£ô COVERALL DETECTED (pos: 3.3333 > neg: 3.0000)
  ΓööΓöÇ Person 2/4
[EMBED] Image embedding: shape=(1, 512)
[HELMET] Pos_score: 2.6667, Neg_score: 2.3333
  Γ£ô HELMET DETECTED (pos: 2.6667 > neg: 2.3333)
[EMBED] Image embedding: shape=(1, 512)
[COVERALL] Pos_score: 3.0000, Neg_score: 2.3333
  Γ£ô COVERALL DETECTED (pos: 3.0000 > neg: 2.3333)
  ΓööΓöÇ Person 3/4
[EMBED] Image embedding: shape=(1, 512)
[HELMET] Pos_score: 2.6667, Neg_score: 3.6667
  Γ£ù NO HELMET (pos: 2.6667 <= neg: 3.6667)
[EMBED] Image embedding: shape=(1, 512)
[COVERALL] Pos_score: 3.0000, Neg_score: 2.6667
  Γ£ô COVERALL DETECTED (pos: 3.0000 > neg: 2.6667)
  ΓööΓöÇ Person 4/4
[EMBED] Image embedding: shape=(1, 512)
[HELMET] Pos_score: 2.6667, Neg_score: 3.6667
  Γ£ù NO HELMET (pos: 2.6667 <= neg: 3.6667)
[EMBED] Image embedding: shape=(1, 512)
[COVERALL] Pos_score: 1.3333, Neg_score: 3.0000
  Γ£ù NO COVERALL (pos: 1.3333 <= neg: 3.0000)
  Γ£à Saved: frame_062653_jpg.rf.a3fcdda2cdb6bd4f245729d736b68383.jpg

[PROCESS] 278. frame_062655_jpg.rf.1ece1812c9511d88df3cbc8e0fd66fb2.jpg

0: 384x640 4 persons, 1 train, 206.8ms
Speed: 1.5ms preprocess, 206.8ms inference, 1.0ms postprocess per image at shape (1, 3, 384, 640)
[YOLO] Detected 4 persons
  ΓööΓöÇ Person 1/4
[EMBED] Image embedding: shape=(1, 512)
[HELMET] Pos_score: 3.0000, Neg_score: 2.3333
  Γ£ô HELMET DETECTED (pos: 3.0000 > neg: 2.3333)
[EMBED] Image embedding: shape=(1, 512)
[COVERALL] Pos_score: 3.3333, Neg_score: 3.0000
  Γ£ô COVERALL DETECTED (pos: 3.3333 > neg: 3.0000)
  ΓööΓöÇ Person 2/4
[EMBED] Image embedding: shape=(1, 512)
[HELMET] Pos_score: 2.6667, Neg_score: 2.3333
  Γ£ô HELMET DETECTED (pos: 2.6667 > neg: 2.3333)
[EMBED] Image embedding: shape=(1, 512)
[COVERALL] Pos_score: 3.0000, Neg_score: 2.3333
  Γ£ô COVERALL DETECTED (pos: 3.0000 > neg: 2.3333)
  ΓööΓöÇ Person 3/4
[EMBED] Image embedding: shape=(1, 512)
[HELMET] Pos_score: 1.0000, Neg_score: 3.3333
  Γ£ù NO HELMET (pos: 1.0000 <= neg: 3.3333)
[EMBED] Image embedding: shape=(1, 512)
[COVERALL] Pos_score: 3.3333, Neg_score: 2.3333
  Γ£ô COVERALL DETECTED (pos: 3.3333 > neg: 2.3333)
  ΓööΓöÇ Person 4/4
[EMBED] Image embedding: shape=(1, 512)
[HELMET] Pos_score: 2.6667, Neg_score: 3.6667
  Γ£ù NO HELMET (pos: 2.6667 <= neg: 3.6667)
[EMBED] Image embedding: shape=(1, 512)
[COVERALL] Pos_score: 1.3333, Neg_score: 3.0000
  Γ£ù NO COVERALL (pos: 1.3333 <= neg: 3.0000)
  Γ£à Saved: frame_062655_jpg.rf.1ece1812c9511d88df3cbc8e0fd66fb2.jpg

[PROCESS] 279. frame_062656_jpg.rf.762f1cc36472d5e8df588785aea535f4.jpg

0: 384x640 4 persons, 1 train, 212.0ms
Speed: 1.3ms preprocess, 212.0ms inference, 1.4ms postprocess per image at shape (1, 3, 384, 640)
[YOLO] Detected 4 persons
  ΓööΓöÇ Person 1/4
[EMBED] Image embedding: shape=(1, 512)
[HELMET] Pos_score: 3.0000, Neg_score: 3.6667
  Γ£ù NO HELMET (pos: 3.0000 <= neg: 3.6667)
[EMBED] Image embedding: shape=(1, 512)
[COVERALL] Pos_score: 3.3333, Neg_score: 3.0000
  Γ£ô COVERALL DETECTED (pos: 3.3333 > neg: 3.0000)
  ΓööΓöÇ Person 2/4
[EMBED] Image embedding: shape=(1, 512)
[HELMET] Pos_score: 2.6667, Neg_score: 2.3333
  Γ£ô HELMET DETECTED (pos: 2.6667 > neg: 2.3333)
[EMBED] Image embedding: shape=(1, 512)
[COVERALL] Pos_score: 3.0000, Neg_score: 2.3333
  Γ£ô COVERALL DETECTED (pos: 3.0000 > neg: 2.3333)
  ΓööΓöÇ Person 3/4
[EMBED] Image embedding: shape=(1, 512)
[HELMET] Pos_score: 2.6667, Neg_score: 3.6667
  Γ£ù NO HELMET (pos: 2.6667 <= neg: 3.6667)
[EMBED] Image embedding: shape=(1, 512)
[COVERALL] Pos_score: 5.0000, Neg_score: 2.3333
  Γ£ô COVERALL DETECTED (pos: 5.0000 > neg: 2.3333)
  ΓööΓöÇ Person 4/4
[EMBED] Image embedding: shape=(1, 512)
[HELMET] Pos_score: 2.6667, Neg_score: 3.6667
  Γ£ù NO HELMET (pos: 2.6667 <= neg: 3.6667)
[EMBED] Image embedding: shape=(1, 512)
[COVERALL] Pos_score: 1.3333, Neg_score: 3.0000
  Γ£ù NO COVERALL (pos: 1.3333 <= neg: 3.0000)
  Γ£à Saved: frame_062656_jpg.rf.762f1cc36472d5e8df588785aea535f4.jpg

[PROCESS] 280. frame_062657_jpg.rf.3390b348e00d2b3c630a7bd057622de5.jpg

0: 384x640 4 persons, 1 train, 202.0ms
Speed: 1.3ms preprocess, 202.0ms inference, 1.3ms postprocess per image at shape (1, 3, 384, 640)
[YOLO] Detected 4 persons
  ΓööΓöÇ Person 1/4
[EMBED] Image embedding: shape=(1, 512)
[HELMET] Pos_score: 3.0000, Neg_score: 2.3333
  Γ£ô HELMET DETECTED (pos: 3.0000 > neg: 2.3333)
[EMBED] Image embedding: shape=(1, 512)
[COVERALL] Pos_score: 3.3333, Neg_score: 3.0000
  Γ£ô COVERALL DETECTED (pos: 3.3333 > neg: 3.0000)
  ΓööΓöÇ Person 2/4
[EMBED] Image embedding: shape=(1, 512)
[HELMET] Pos_score: 2.6667, Neg_score: 2.3333
  Γ£ô HELMET DETECTED (pos: 2.6667 > neg: 2.3333)
[EMBED] Image embedding: shape=(1, 512)
[COVERALL] Pos_score: 3.0000, Neg_score: 2.3333
  Γ£ô COVERALL DETECTED (pos: 3.0000 > neg: 2.3333)
  ΓööΓöÇ Person 3/4
[EMBED] Image embedding: shape=(1, 512)
[HELMET] Pos_score: 2.6667, Neg_score: 3.6667
  Γ£ù NO HELMET (pos: 2.6667 <= neg: 3.6667)
[EMBED] Image embedding: shape=(1, 512)
[COVERALL] Pos_score: 5.0000, Neg_score: 2.3333
  Γ£ô COVERALL DETECTED (pos: 5.0000 > neg: 2.3333)
  ΓööΓöÇ Person 4/4
[EMBED] Image embedding: shape=(1, 512)
[HELMET] Pos_score: 2.6667, Neg_score: 3.6667
  Γ£ù NO HELMET (pos: 2.6667 <= neg: 3.6667)
[EMBED] Image embedding: shape=(1, 512)
[COVERALL] Pos_score: 1.3333, Neg_score: 3.0000
  Γ£ù NO COVERALL (pos: 1.3333 <= neg: 3.0000)
  Γ£à Saved: frame_062657_jpg.rf.3390b348e00d2b3c630a7bd057622de5.jpg

[PROCESS] 281. frame_062658_jpg.rf.c6257b67faf2685d94a37fc0d13160b2.jpg

0: 384x640 4 persons, 1 train, 193.7ms
Speed: 1.2ms preprocess, 193.7ms inference, 1.1ms postprocess per image at shape (1, 3, 384, 640)
[YOLO] Detected 4 persons
  ΓööΓöÇ Person 1/4
[EMBED] Image embedding: shape=(1, 512)
[HELMET] Pos_score: 2.6667, Neg_score: 2.3333
  Γ£ô HELMET DETECTED (pos: 2.6667 > neg: 2.3333)
[EMBED] Image embedding: shape=(1, 512)
[COVERALL] Pos_score: 1.3333, Neg_score: 3.0000
  Γ£ù NO COVERALL (pos: 1.3333 <= neg: 3.0000)
  ΓööΓöÇ Person 2/4
[EMBED] Image embedding: shape=(1, 512)
[HELMET] Pos_score: 2.6667, Neg_score: 2.3333
  Γ£ô HELMET DETECTED (pos: 2.6667 > neg: 2.3333)
[EMBED] Image embedding: shape=(1, 512)
[COVERALL] Pos_score: 3.0000, Neg_score: 2.3333
  Γ£ô COVERALL DETECTED (pos: 3.0000 > neg: 2.3333)
  ΓööΓöÇ Person 3/4
[EMBED] Image embedding: shape=(1, 512)
[HELMET] Pos_score: 2.6667, Neg_score: 2.3333
  Γ£ô HELMET DETECTED (pos: 2.6667 > neg: 2.3333)
[EMBED] Image embedding: shape=(1, 512)
[COVERALL] Pos_score: 5.0000, Neg_score: 4.0000
  Γ£ô COVERALL DETECTED (pos: 5.0000 > neg: 4.0000)
  ΓööΓöÇ Person 4/4
[EMBED] Image embedding: shape=(1, 512)
[HELMET] Pos_score: 2.6667, Neg_score: 3.6667
  Γ£ù NO HELMET (pos: 2.6667 <= neg: 3.6667)
[EMBED] Image embedding: shape=(1, 512)
[COVERALL] Pos_score: 1.3333, Neg_score: 2.3333
  Γ£ù NO COVERALL (pos: 1.3333 <= neg: 2.3333)
  Γ£à Saved: frame_062658_jpg.rf.c6257b67faf2685d94a37fc0d13160b2.jpg

[PROCESS] 282. frame_062659_jpg.rf.2028b4f6f47413b4cadc585a224feead.jpg

0: 384x640 5 persons, 1 train, 212.8ms
Speed: 1.8ms preprocess, 212.8ms inference, 1.2ms postprocess per image at shape (1, 3, 384, 640)
[YOLO] Detected 4 persons
  ΓööΓöÇ Person 1/4
[EMBED] Image embedding: shape=(1, 512)
[HELMET] Pos_score: 2.6667, Neg_score: 2.3333
  Γ£ô HELMET DETECTED (pos: 2.6667 > neg: 2.3333)
[EMBED] Image embedding: shape=(1, 512)
[COVERALL] Pos_score: 3.3333, Neg_score: 3.0000
  Γ£ô COVERALL DETECTED (pos: 3.3333 > neg: 3.0000)
  ΓööΓöÇ Person 2/4
[EMBED] Image embedding: shape=(1, 512)
[HELMET] Pos_score: 2.6667, Neg_score: 2.3333
  Γ£ô HELMET DETECTED (pos: 2.6667 > neg: 2.3333)
[EMBED] Image embedding: shape=(1, 512)
[COVERALL] Pos_score: 3.0000, Neg_score: 2.3333
  Γ£ô COVERALL DETECTED (pos: 3.0000 > neg: 2.3333)
  ΓööΓöÇ Person 3/4
[EMBED] Image embedding: shape=(1, 512)
[HELMET] Pos_score: 2.6667, Neg_score: 3.6667
  Γ£ù NO HELMET (pos: 2.6667 <= neg: 3.6667)
[EMBED] Image embedding: shape=(1, 512)
[COVERALL] Pos_score: 4.3333, Neg_score: 2.3333
  Γ£ô COVERALL DETECTED (pos: 4.3333 > neg: 2.3333)
  ΓööΓöÇ Person 4/4
[EMBED] Image embedding: shape=(1, 512)
[HELMET] Pos_score: 2.6667, Neg_score: 3.6667
  Γ£ù NO HELMET (pos: 2.6667 <= neg: 3.6667)
[EMBED] Image embedding: shape=(1, 512)
[COVERALL] Pos_score: 1.3333, Neg_score: 2.6667
  Γ£ù NO COVERALL (pos: 1.3333 <= neg: 2.6667)
  Γ£à Saved: frame_062659_jpg.rf.2028b4f6f47413b4cadc585a224feead.jpg

[PROCESS] 283. frame_062660_jpg.rf.a033a348c26f8e41119c94b5e9a18a6a.jpg

0: 384x640 5 persons, 1 train, 204.3ms
Speed: 1.4ms preprocess, 204.3ms inference, 1.2ms postprocess per image at shape (1, 3, 384, 640)
[YOLO] Detected 4 persons
  ΓööΓöÇ Person 1/4
[EMBED] Image embedding: shape=(1, 512)
[HELMET] Pos_score: 2.6667, Neg_score: 2.3333
  Γ£ô HELMET DETECTED (pos: 2.6667 > neg: 2.3333)
[EMBED] Image embedding: shape=(1, 512)
[COVERALL] Pos_score: 3.3333, Neg_score: 3.0000
  Γ£ô COVERALL DETECTED (pos: 3.3333 > neg: 3.0000)
  ΓööΓöÇ Person 2/4
[EMBED] Image embedding: shape=(1, 512)
[HELMET] Pos_score: 4.3333, Neg_score: 2.3333
  Γ£ô HELMET DETECTED (pos: 4.3333 > neg: 2.3333)
[EMBED] Image embedding: shape=(1, 512)
[COVERALL] Pos_score: 3.0000, Neg_score: 2.3333
  Γ£ô COVERALL DETECTED (pos: 3.0000 > neg: 2.3333)
  ΓööΓöÇ Person 3/4
[EMBED] Image embedding: shape=(1, 512)
[HELMET] Pos_score: 4.3333, Neg_score: 2.3333
  Γ£ô HELMET DETECTED (pos: 4.3333 > neg: 2.3333)
[EMBED] Image embedding: shape=(1, 512)
[COVERALL] Pos_score: 2.6667, Neg_score: 4.0000
  Γ£ù NO COVERALL (pos: 2.6667 <= neg: 4.0000)
  ΓööΓöÇ Person 4/4
[EMBED] Image embedding: shape=(1, 512)
[HELMET] Pos_score: 2.6667, Neg_score: 3.6667
  Γ£ù NO HELMET (pos: 2.6667 <= neg: 3.6667)
[EMBED] Image embedding: shape=(1, 512)
[COVERALL] Pos_score: 1.3333, Neg_score: 2.6667
  Γ£ù NO COVERALL (pos: 1.3333 <= neg: 2.6667)
  Γ£à Saved: frame_062660_jpg.rf.a033a348c26f8e41119c94b5e9a18a6a.jpg

[PROCESS] 284. frame_062661_jpg.rf.98b2f1b19b6c108e49ef5d3fffe798c2.jpg

0: 384x640 4 persons, 1 train, 204.0ms
Speed: 1.2ms preprocess, 204.0ms inference, 1.1ms postprocess per image at shape (1, 3, 384, 640)
[YOLO] Detected 3 persons
  ΓööΓöÇ Person 1/3
[EMBED] Image embedding: shape=(1, 512)
[HELMET] Pos_score: 2.6667, Neg_score: 2.3333
  Γ£ô HELMET DETECTED (pos: 2.6667 > neg: 2.3333)
[EMBED] Image embedding: shape=(1, 512)
[COVERALL] Pos_score: 1.3333, Neg_score: 3.0000
  Γ£ù NO COVERALL (pos: 1.3333 <= neg: 3.0000)
  ΓööΓöÇ Person 2/3
[EMBED] Image embedding: shape=(1, 512)
[HELMET] Pos_score: 2.6667, Neg_score: 2.3333
  Γ£ô HELMET DETECTED (pos: 2.6667 > neg: 2.3333)
[EMBED] Image embedding: shape=(1, 512)
[COVERALL] Pos_score: 3.6667, Neg_score: 2.3333
  Γ£ô COVERALL DETECTED (pos: 3.6667 > neg: 2.3333)
  ΓööΓöÇ Person 3/3
[EMBED] Image embedding: shape=(1, 512)
[HELMET] Pos_score: 2.6667, Neg_score: 2.3333
  Γ£ô HELMET DETECTED (pos: 2.6667 > neg: 2.3333)
[EMBED] Image embedding: shape=(1, 512)
[COVERALL] Pos_score: 2.6667, Neg_score: 2.3333
  Γ£ô COVERALL DETECTED (pos: 2.6667 > neg: 2.3333)
  Γ£à Saved: frame_062661_jpg.rf.98b2f1b19b6c108e49ef5d3fffe798c2.jpg

[PROCESS] 285. frame_062662_jpg.rf.38566f108fd6303bf2380486d4b78dae.jpg

0: 384x640 4 persons, 1 train, 209.2ms
Speed: 1.3ms preprocess, 209.2ms inference, 1.1ms postprocess per image at shape (1, 3, 384, 640)
[YOLO] Detected 3 persons
  ΓööΓöÇ Person 1/3
[EMBED] Image embedding: shape=(1, 512)
[HELMET] Pos_score: 2.6667, Neg_score: 2.3333
  Γ£ô HELMET DETECTED (pos: 2.6667 > neg: 2.3333)
[EMBED] Image embedding: shape=(1, 512)
[COVERALL] Pos_score: 1.3333, Neg_score: 3.0000
  Γ£ù NO COVERALL (pos: 1.3333 <= neg: 3.0000)
  ΓööΓöÇ Person 2/3
[EMBED] Image embedding: shape=(1, 512)
[HELMET] Pos_score: 2.6667, Neg_score: 2.3333
  Γ£ô HELMET DETECTED (pos: 2.6667 > neg: 2.3333)
[EMBED] Image embedding: shape=(1, 512)
[COVERALL] Pos_score: 3.6667, Neg_score: 2.3333
  Γ£ô COVERALL DETECTED (pos: 3.6667 > neg: 2.3333)
  ΓööΓöÇ Person 3/3
[EMBED] Image embedding: shape=(1, 512)
[HELMET] Pos_score: 2.6667, Neg_score: 2.3333
  Γ£ô HELMET DETECTED (pos: 2.6667 > neg: 2.3333)
[EMBED] Image embedding: shape=(1, 512)
[COVERALL] Pos_score: 2.6667, Neg_score: 2.3333
  Γ£ô COVERALL DETECTED (pos: 2.6667 > neg: 2.3333)
  Γ£à Saved: frame_062662_jpg.rf.38566f108fd6303bf2380486d4b78dae.jpg

[PROCESS] 286. frame_062663_jpg.rf.654ba5fd591cd0bed5925d69c05ac1e1.jpg

0: 384x640 5 persons, 1 train, 199.0ms
Speed: 1.5ms preprocess, 199.0ms inference, 1.0ms postprocess per image at shape (1, 3, 384, 640)
[YOLO] Detected 3 persons
  ΓööΓöÇ Person 1/3
[EMBED] Image embedding: shape=(1, 512)
[HELMET] Pos_score: 2.6667, Neg_score: 2.3333
  Γ£ô HELMET DETECTED (pos: 2.6667 > neg: 2.3333)
[EMBED] Image embedding: shape=(1, 512)
[COVERALL] Pos_score: 1.3333, Neg_score: 3.0000
  Γ£ù NO COVERALL (pos: 1.3333 <= neg: 3.0000)
  ΓööΓöÇ Person 2/3
[EMBED] Image embedding: shape=(1, 512)
[HELMET] Pos_score: 2.6667, Neg_score: 2.3333
  Γ£ô HELMET DETECTED (pos: 2.6667 > neg: 2.3333)
[EMBED] Image embedding: shape=(1, 512)
[COVERALL] Pos_score: 3.6667, Neg_score: 2.3333
  Γ£ô COVERALL DETECTED (pos: 3.6667 > neg: 2.3333)
  ΓööΓöÇ Person 3/3
[EMBED] Image embedding: shape=(1, 512)
[HELMET] Pos_score: 2.6667, Neg_score: 2.3333
  Γ£ô HELMET DETECTED (pos: 2.6667 > neg: 2.3333)
[EMBED] Image embedding: shape=(1, 512)
[COVERALL] Pos_score: 2.6667, Neg_score: 2.3333
  Γ£ô COVERALL DETECTED (pos: 2.6667 > neg: 2.3333)
  Γ£à Saved: frame_062663_jpg.rf.654ba5fd591cd0bed5925d69c05ac1e1.jpg

[PROCESS] 287. frame_062664_jpg.rf.0c49e0415d384c550ee19c51565be1dc.jpg

0: 384x640 5 persons, 1 train, 192.3ms
Speed: 1.5ms preprocess, 192.3ms inference, 1.4ms postprocess per image at shape (1, 3, 384, 640)
[YOLO] Detected 3 persons
  ΓööΓöÇ Person 1/3
[EMBED] Image embedding: shape=(1, 512)
[HELMET] Pos_score: 2.6667, Neg_score: 2.3333
  Γ£ô HELMET DETECTED (pos: 2.6667 > neg: 2.3333)
[EMBED] Image embedding: shape=(1, 512)
[COVERALL] Pos_score: 1.3333, Neg_score: 3.0000
  Γ£ù NO COVERALL (pos: 1.3333 <= neg: 3.0000)
  ΓööΓöÇ Person 2/3
[EMBED] Image embedding: shape=(1, 512)
[HELMET] Pos_score: 2.6667, Neg_score: 2.3333
  Γ£ô HELMET DETECTED (pos: 2.6667 > neg: 2.3333)
[EMBED] Image embedding: shape=(1, 512)
[COVERALL] Pos_score: 3.6667, Neg_score: 2.3333
  Γ£ô COVERALL DETECTED (pos: 3.6667 > neg: 2.3333)
  ΓööΓöÇ Person 3/3
[EMBED] Image embedding: shape=(1, 512)
[HELMET] Pos_score: 2.6667, Neg_score: 3.6667
  Γ£ù NO HELMET (pos: 2.6667 <= neg: 3.6667)
[EMBED] Image embedding: shape=(1, 512)
[COVERALL] Pos_score: 4.3333, Neg_score: 2.3333
  Γ£ô COVERALL DETECTED (pos: 4.3333 > neg: 2.3333)
  Γ£à Saved: frame_062664_jpg.rf.0c49e0415d384c550ee19c51565be1dc.jpg

[PROCESS] 288. frame_062665_jpg.rf.9483ea7af3e8af234530ca3d2e7c2e16.jpg

0: 384x640 5 persons, 1 train, 203.2ms
Speed: 1.4ms preprocess, 203.2ms inference, 1.5ms postprocess per image at shape (1, 3, 384, 640)
[YOLO] Detected 3 persons
  ΓööΓöÇ Person 1/3
[EMBED] Image embedding: shape=(1, 512)
[HELMET] Pos_score: 2.6667, Neg_score: 2.3333
  Γ£ô HELMET DETECTED (pos: 2.6667 > neg: 2.3333)
[EMBED] Image embedding: shape=(1, 512)
[COVERALL] Pos_score: 1.3333, Neg_score: 3.0000
  Γ£ù NO COVERALL (pos: 1.3333 <= neg: 3.0000)
  ΓööΓöÇ Person 2/3
[EMBED] Image embedding: shape=(1, 512)
[HELMET] Pos_score: 2.6667, Neg_score: 2.3333
  Γ£ô HELMET DETECTED (pos: 2.6667 > neg: 2.3333)
[EMBED] Image embedding: shape=(1, 512)
[COVERALL] Pos_score: 3.6667, Neg_score: 2.3333
  Γ£ô COVERALL DETECTED (pos: 3.6667 > neg: 2.3333)
  ΓööΓöÇ Person 3/3
[EMBED] Image embedding: shape=(1, 512)
[HELMET] Pos_score: 2.6667, Neg_score: 3.6667
  Γ£ù NO HELMET (pos: 2.6667 <= neg: 3.6667)
[EMBED] Image embedding: shape=(1, 512)
[COVERALL] Pos_score: 5.0000, Neg_score: 2.3333
  Γ£ô COVERALL DETECTED (pos: 5.0000 > neg: 2.3333)
  Γ£à Saved: frame_062665_jpg.rf.9483ea7af3e8af234530ca3d2e7c2e16.jpg

[PROCESS] 289. frame_062666_jpg.rf.4a185044c509f713a41ee082bee75adf.jpg

0: 384x640 5 persons, 1 train, 209.2ms
Speed: 1.2ms preprocess, 209.2ms inference, 1.3ms postprocess per image at shape (1, 3, 384, 640)
[YOLO] Detected 3 persons
  ΓööΓöÇ Person 1/3
[EMBED] Image embedding: shape=(1, 512)
[HELMET] Pos_score: 2.6667, Neg_score: 2.3333
  Γ£ô HELMET DETECTED (pos: 2.6667 > neg: 2.3333)
[EMBED] Image embedding: shape=(1, 512)
[COVERALL] Pos_score: 1.3333, Neg_score: 3.0000
  Γ£ù NO COVERALL (pos: 1.3333 <= neg: 3.0000)
  ΓööΓöÇ Person 2/3
[EMBED] Image embedding: shape=(1, 512)
[HELMET] Pos_score: 2.6667, Neg_score: 2.3333
  Γ£ô HELMET DETECTED (pos: 2.6667 > neg: 2.3333)
[EMBED] Image embedding: shape=(1, 512)
[COVERALL] Pos_score: 3.6667, Neg_score: 2.3333
  Γ£ô COVERALL DETECTED (pos: 3.6667 > neg: 2.3333)
  ΓööΓöÇ Person 3/3
[EMBED] Image embedding: shape=(1, 512)
[HELMET] Pos_score: 2.6667, Neg_score: 3.6667
  Γ£ù NO HELMET (pos: 2.6667 <= neg: 3.6667)
[EMBED] Image embedding: shape=(1, 512)
[COVERALL] Pos_score: 3.0000, Neg_score: 2.3333
  Γ£ô COVERALL DETECTED (pos: 3.0000 > neg: 2.3333)
  Γ£à Saved: frame_062666_jpg.rf.4a185044c509f713a41ee082bee75adf.jpg

[PROCESS] 290. frame_062667_jpg.rf.89070427fbdd21c28acf38a6f5bd4b03.jpg

0: 384x640 4 persons, 1 train, 197.1ms
Speed: 1.3ms preprocess, 197.1ms inference, 1.2ms postprocess per image at shape (1, 3, 384, 640)
[YOLO] Detected 3 persons
  ΓööΓöÇ Person 1/3
[EMBED] Image embedding: shape=(1, 512)
[HELMET] Pos_score: 2.6667, Neg_score: 2.3333
  Γ£ô HELMET DETECTED (pos: 2.6667 > neg: 2.3333)
[EMBED] Image embedding: shape=(1, 512)
[COVERALL] Pos_score: 1.3333, Neg_score: 3.0000
  Γ£ù NO COVERALL (pos: 1.3333 <= neg: 3.0000)
  ΓööΓöÇ Person 2/3
[EMBED] Image embedding: shape=(1, 512)
[HELMET] Pos_score: 2.6667, Neg_score: 2.3333
  Γ£ô HELMET DETECTED (pos: 2.6667 > neg: 2.3333)
[EMBED] Image embedding: shape=(1, 512)
[COVERALL] Pos_score: 3.6667, Neg_score: 2.3333
  Γ£ô COVERALL DETECTED (pos: 3.6667 > neg: 2.3333)
  ΓööΓöÇ Person 3/3
[EMBED] Image embedding: shape=(1, 512)
[HELMET] Pos_score: 3.0000, Neg_score: 3.6667
  Γ£ù NO HELMET (pos: 3.0000 <= neg: 3.6667)
[EMBED] Image embedding: shape=(1, 512)
[COVERALL] Pos_score: 4.3333, Neg_score: 4.0000
  Γ£ô COVERALL DETECTED (pos: 4.3333 > neg: 4.0000)
  Γ£à Saved: frame_062667_jpg.rf.89070427fbdd21c28acf38a6f5bd4b03.jpg

[PROCESS] 291. frame_062668_jpg.rf.425bbb9559f97907d7533b97781e28e0.jpg

0: 384x640 4 persons, 1 train, 204.8ms
Speed: 1.2ms preprocess, 204.8ms inference, 1.0ms postprocess per image at shape (1, 3, 384, 640)
[YOLO] Detected 3 persons
  ΓööΓöÇ Person 1/3
[EMBED] Image embedding: shape=(1, 512)
[HELMET] Pos_score: 2.6667, Neg_score: 2.3333
  Γ£ô HELMET DETECTED (pos: 2.6667 > neg: 2.3333)
[EMBED] Image embedding: shape=(1, 512)
[COVERALL] Pos_score: 1.3333, Neg_score: 3.0000
  Γ£ù NO COVERALL (pos: 1.3333 <= neg: 3.0000)
  ΓööΓöÇ Person 2/3
[EMBED] Image embedding: shape=(1, 512)
[HELMET] Pos_score: 2.6667, Neg_score: 2.3333
  Γ£ô HELMET DETECTED (pos: 2.6667 > neg: 2.3333)
[EMBED] Image embedding: shape=(1, 512)
[COVERALL] Pos_score: 3.6667, Neg_score: 2.3333
  Γ£ô COVERALL DETECTED (pos: 3.6667 > neg: 2.3333)
  ΓööΓöÇ Person 3/3
[EMBED] Image embedding: shape=(1, 512)
[HELMET] Pos_score: 2.6667, Neg_score: 2.3333
  Γ£ô HELMET DETECTED (pos: 2.6667 > neg: 2.3333)
[EMBED] Image embedding: shape=(1, 512)
[COVERALL] Pos_score: 4.3333, Neg_score: 4.0000
  Γ£ô COVERALL DETECTED (pos: 4.3333 > neg: 4.0000)
  Γ£à Saved: frame_062668_jpg.rf.425bbb9559f97907d7533b97781e28e0.jpg

[PROCESS] 292. frame_062669_jpg.rf.8f0bba46f235030a07fa60e685d54230.jpg

0: 384x640 4 persons, 1 train, 196.0ms
Speed: 1.3ms preprocess, 196.0ms inference, 1.2ms postprocess per image at shape (1, 3, 384, 640)
[YOLO] Detected 3 persons
  ΓööΓöÇ Person 1/3
[EMBED] Image embedding: shape=(1, 512)
[HELMET] Pos_score: 2.6667, Neg_score: 2.3333
  Γ£ô HELMET DETECTED (pos: 2.6667 > neg: 2.3333)
[EMBED] Image embedding: shape=(1, 512)
[COVERALL] Pos_score: 1.3333, Neg_score: 3.0000
  Γ£ù NO COVERALL (pos: 1.3333 <= neg: 3.0000)
  ΓööΓöÇ Person 2/3
[EMBED] Image embedding: shape=(1, 512)
[HELMET] Pos_score: 2.6667, Neg_score: 2.3333
  Γ£ô HELMET DETECTED (pos: 2.6667 > neg: 2.3333)
[EMBED] Image embedding: shape=(1, 512)
[COVERALL] Pos_score: 3.6667, Neg_score: 2.3333
  Γ£ô COVERALL DETECTED (pos: 3.6667 > neg: 2.3333)
  ΓööΓöÇ Person 3/3
[EMBED] Image embedding: shape=(1, 512)
[HELMET] Pos_score: 3.0000, Neg_score: 2.3333
  Γ£ô HELMET DETECTED (pos: 3.0000 > neg: 2.3333)
[EMBED] Image embedding: shape=(1, 512)
[COVERALL] Pos_score: 4.3333, Neg_score: 2.3333
  Γ£ô COVERALL DETECTED (pos: 4.3333 > neg: 2.3333)
  Γ£à Saved: frame_062669_jpg.rf.8f0bba46f235030a07fa60e685d54230.jpg

[PROCESS] 293. frame_062670_jpg.rf.dca278d3b638f99aa71da7da1387b572.jpg

0: 384x640 4 persons, 1 train, 198.2ms
Speed: 1.4ms preprocess, 198.2ms inference, 1.3ms postprocess per image at shape (1, 3, 384, 640)
[YOLO] Detected 3 persons
  ΓööΓöÇ Person 1/3
[EMBED] Image embedding: shape=(1, 512)
[HELMET] Pos_score: 2.6667, Neg_score: 2.3333
  Γ£ô HELMET DETECTED (pos: 2.6667 > neg: 2.3333)
[EMBED] Image embedding: shape=(1, 512)
[COVERALL] Pos_score: 1.3333, Neg_score: 3.0000
  Γ£ù NO COVERALL (pos: 1.3333 <= neg: 3.0000)
  ΓööΓöÇ Person 2/3
[EMBED] Image embedding: shape=(1, 512)
[HELMET] Pos_score: 2.6667, Neg_score: 2.3333
  Γ£ô HELMET DETECTED (pos: 2.6667 > neg: 2.3333)
[EMBED] Image embedding: shape=(1, 512)
[COVERALL] Pos_score: 3.6667, Neg_score: 2.3333
  Γ£ô COVERALL DETECTED (pos: 3.6667 > neg: 2.3333)
  ΓööΓöÇ Person 3/3
[EMBED] Image embedding: shape=(1, 512)
[HELMET] Pos_score: 2.6667, Neg_score: 2.3333
  Γ£ô HELMET DETECTED (pos: 2.6667 > neg: 2.3333)
[EMBED] Image embedding: shape=(1, 512)
[COVERALL] Pos_score: 4.3333, Neg_score: 4.0000
  Γ£ô COVERALL DETECTED (pos: 4.3333 > neg: 4.0000)
  Γ£à Saved: frame_062670_jpg.rf.dca278d3b638f99aa71da7da1387b572.jpg

[PROCESS] 294. frame_062671_jpg.rf.6c792e9a916ab099daa5efd554cd8a44.jpg

0: 384x640 4 persons, 1 train, 198.4ms
Speed: 1.0ms preprocess, 198.4ms inference, 1.4ms postprocess per image at shape (1, 3, 384, 640)
[YOLO] Detected 3 persons
  ΓööΓöÇ Person 1/3
[EMBED] Image embedding: shape=(1, 512)
[HELMET] Pos_score: 2.6667, Neg_score: 2.3333
  Γ£ô HELMET DETECTED (pos: 2.6667 > neg: 2.3333)
[EMBED] Image embedding: shape=(1, 512)
[COVERALL] Pos_score: 1.3333, Neg_score: 3.0000
  Γ£ù NO COVERALL (pos: 1.3333 <= neg: 3.0000)
  ΓööΓöÇ Person 2/3
[EMBED] Image embedding: shape=(1, 512)
[HELMET] Pos_score: 2.6667, Neg_score: 2.3333
  Γ£ô HELMET DETECTED (pos: 2.6667 > neg: 2.3333)
[EMBED] Image embedding: shape=(1, 512)
[COVERALL] Pos_score: 3.6667, Neg_score: 2.3333
  Γ£ô COVERALL DETECTED (pos: 3.6667 > neg: 2.3333)
  ΓööΓöÇ Person 3/3
[EMBED] Image embedding: shape=(1, 512)
[HELMET] Pos_score: 3.3333, Neg_score: 3.3333
  Γ£ù NO HELMET (pos: 3.3333 <= neg: 3.3333)
[EMBED] Image embedding: shape=(1, 512)
[COVERALL] Pos_score: 4.0000, Neg_score: 4.0000
  Γ£ù NO COVERALL (pos: 4.0000 <= neg: 4.0000)
  Γ£à Saved: frame_062671_jpg.rf.6c792e9a916ab099daa5efd554cd8a44.jpg

[PROCESS] 295. frame_062672_jpg.rf.78635e3bbd444828d255b9cf99740232.jpg

0: 384x640 4 persons, 1 train, 201.9ms
Speed: 1.2ms preprocess, 201.9ms inference, 1.3ms postprocess per image at shape (1, 3, 384, 640)
[YOLO] Detected 3 persons
  ΓööΓöÇ Person 1/3
[EMBED] Image embedding: shape=(1, 512)
[HELMET] Pos_score: 2.6667, Neg_score: 2.3333
  Γ£ô HELMET DETECTED (pos: 2.6667 > neg: 2.3333)
[EMBED] Image embedding: shape=(1, 512)
[COVERALL] Pos_score: 1.3333, Neg_score: 3.0000
  Γ£ù NO COVERALL (pos: 1.3333 <= neg: 3.0000)
  ΓööΓöÇ Person 2/3
[EMBED] Image embedding: shape=(1, 512)
[HELMET] Pos_score: 4.6667, Neg_score: 2.3333
  Γ£ô HELMET DETECTED (pos: 4.6667 > neg: 2.3333)
[EMBED] Image embedding: shape=(1, 512)
[COVERALL] Pos_score: 3.6667, Neg_score: 2.3333
  Γ£ô COVERALL DETECTED (pos: 3.6667 > neg: 2.3333)
  ΓööΓöÇ Person 3/3
[EMBED] Image embedding: shape=(1, 512)
[HELMET] Pos_score: 2.6667, Neg_score: 3.3333
  Γ£ù NO HELMET (pos: 2.6667 <= neg: 3.3333)
[EMBED] Image embedding: shape=(1, 512)
[COVERALL] Pos_score: 4.3333, Neg_score: 3.3333
  Γ£ô COVERALL DETECTED (pos: 4.3333 > neg: 3.3333)
  Γ£à Saved: frame_062672_jpg.rf.78635e3bbd444828d255b9cf99740232.jpg

======================================================================
≡ƒÄë Processing complete! 295 images processed.
≡ƒôü Results saved to: C:\Users\iqsha\Downloads\YOLO_CNN\output_improved
======================================================================
